04-15 11:33:32.836 25605 25634 W tomator2.serve: Accessing hidden method Landroid/view/MotionEvent;->setDisplayId(I)V (blocked,test-api, reflection, allowed)
04-15 11:33:32.861 25605 25634 W tomator2.serve: Accessing hidden field Landroid/view/accessibility/AccessibilityNodeInfo;->mSourceNodeId:J (unsupported, reflection, allowed)
04-15 11:33:32.864 25605 25634 I appium  : AppiumResponse: {"sessionId":"cb96fe09-f70f-445b-9c62-c68553061af1","value":{"ELEMENT":"00000000-0000-0ceb-ffff-ffff0000000f","element-6066-11e4-a52e-4f735466cecf":"00000000-0000-0ceb-ffff-ffff0000000f"}}
04-15 11:33:32.875 25605 25634 I appium  : channel read: GET /session/cb96fe09-f70f-445b-9c62-c68553061af1/element/00000000-0000-0ceb-ffff-ffff0000000f/attribute/displayed
04-15 11:33:32.875 25605 25634 I appium  : GetElementAttribute command
04-15 11:33:32.882 25605 25634 I appium  : AppiumResponse: {"sessionId":"cb96fe09-f70f-445b-9c62-c68553061af1","value":"true"}
04-15 11:33:32.895 25605 25634 I appium  : channel read: POST /session/cb96fe09-f70f-445b-9c62-c68553061af1/element
04-15 11:33:32.896 25605 25634 I appium  : FindElement command
04-15 11:33:32.896 25605 25634 I appium  : method: 'id', selector: 'ru.otus.wishlist:id/username_text_input'
04-15 11:33:32.896 25605 25634 I appium  : Waiting up to 10000ms for the device to idle
04-15 11:33:32.909 25605 25634 I appium  : AppiumResponse: {"sessionId":"cb96fe09-f70f-445b-9c62-c68553061af1","value":{"ELEMENT":"00000000-0000-0ceb-ffff-ffff0000000f","element-6066-11e4-a52e-4f735466cecf":"00000000-0000-0ceb-ffff-ffff0000000f"}}
04-15 11:33:32.919 25605 25634 I appium  : channel read: POST /session/cb96fe09-f70f-445b-9c62-c68553061af1/element/00000000-0000-0ceb-ffff-ffff0000000f/value
04-15 11:33:32.920 25605 25634 I appium  : SendKeysToElement command
04-15 11:33:32.927 25605 25634 D UiObject2: Setting text to ''.
04-15 11:33:33.439 13314 13314 I ShortcutsDataManager: ShortcutsDataManager.onContentChanged():73 onContentChanged()
04-15 11:33:33.441 12660 12660 D AutofillInlineSuggestionsRequestSession: onCreateInlineSuggestionsRequestLocked called: 1073741824@1855744073
04-15 11:33:33.442 12660 14401 I AutofillManagerServiceImpl: Prune session 584896714 (Token{4e5a2ae ActivityRecord{8047bdc u0 ru.otus.wishlist/.MainActivity t-1 f}}})
04-15 11:33:33.442 12660 14401 D AutofillInlineSuggestionsRequestSession: onInlineSuggestionsResponseLocked called for:1073741824@584896714
04-15 11:33:33.442 12660 14401 W AutofillInlineSuggestionsRequestSession: Never received an InlineSuggestionsRequest from the IME for 1073741824@584896714
04-15 11:33:33.442 12660 12683 D AutofillUI: destroySaveUiUiThread(): already destroyed
04-15 11:33:33.443 12660 16367 D AutofillInlineSuggestionsRequestSession: onInlineSuggestionsSessionInvalidated() called.
04-15 11:33:33.443 25605 25634 I appium  : AppiumResponse: {"sessionId":"cb96fe09-f70f-445b-9c62-c68553061af1","value":null}
04-15 11:33:33.446 13028 13028 V InlineSuggestionRenderService: handleDestroySuggestionViews called for 0:584896714
04-15 11:33:33.451 25646 25646 D CompatibilityChangeReporter: Compat change id reported: 163400105; UID 10151; state: ENABLED
04-15 11:33:33.456 25646 25646 I AssistStructure: Flattened final assist data: 3340 bytes, containing 1 windows, 24 views
04-15 11:33:33.463 25605 25634 I appium  : channel read: POST /session/cb96fe09-f70f-445b-9c62-c68553061af1/element
04-15 11:33:33.463 25605 25634 I appium  : FindElement command
04-15 11:33:33.464 25605 25634 I appium  : method: 'id', selector: 'ru.otus.wishlist:id/password_text_input'
04-15 11:33:33.465 25605 25634 I appium  : Waiting up to 10000ms for the device to idle
04-15 11:33:33.466 25646 25664 D EGL_emulation: app_time_stats: avg=96.47ms min=2.90ms max=566.78ms count=12
04-15 11:33:33.976 25605 25634 I appium  : AppiumResponse: {"sessionId":"cb96fe09-f70f-445b-9c62-c68553061af1","value":{"ELEMENT":"00000000-0000-0ceb-ffff-ffff0000001d","element-6066-11e4-a52e-4f735466cecf":"00000000-0000-0ceb-ffff-ffff0000001d"}}
04-15 11:33:33.985 25605 25634 I appium  : channel read: GET /session/cb96fe09-f70f-445b-9c62-c68553061af1/element/00000000-0000-0ceb-ffff-ffff0000001d/attribute/displayed
04-15 11:33:33.986 25605 25634 I appium  : GetElementAttribute command
04-15 11:33:33.990 25605 25634 I appium  : AppiumResponse: {"sessionId":"cb96fe09-f70f-445b-9c62-c68553061af1","value":"true"}
04-15 11:33:33.999 25605 25634 I appium  : channel read: POST /session/cb96fe09-f70f-445b-9c62-c68553061af1/element
04-15 11:33:34.000 25605 25634 I appium  : FindElement command
04-15 11:33:34.000 25605 25634 I appium  : method: 'id', selector: 'ru.otus.wishlist:id/password_text_input'
04-15 11:33:34.001 25605 25634 I appium  : Waiting up to 10000ms for the device to idle
04-15 11:33:34.013 25605 25634 I appium  : AppiumResponse: {"sessionId":"cb96fe09-f70f-445b-9c62-c68553061af1","value":{"ELEMENT":"00000000-0000-0ceb-ffff-ffff0000001d","element-6066-11e4-a52e-4f735466cecf":"00000000-0000-0ceb-ffff-ffff0000001d"}}
04-15 11:33:34.022 25605 25634 I appium  : channel read: POST /session/cb96fe09-f70f-445b-9c62-c68553061af1/element/00000000-0000-0ceb-ffff-ffff0000001d/value
04-15 11:33:34.023 25605 25634 I appium  : SendKeysToElement command
04-15 11:33:34.029 25605 25634 D UiObject2: Setting text to ''.
04-15 11:33:34.539 25605 25634 I appium  : AppiumResponse: {"sessionId":"cb96fe09-f70f-445b-9c62-c68553061af1","value":null}
04-15 11:33:34.550 25605 25634 I appium  : channel read: POST /session/cb96fe09-f70f-445b-9c62-c68553061af1/element
04-15 11:33:34.552 25646 25664 D EGL_emulation: app_time_stats: avg=41.74ms min=9.17ms max=511.97ms count=26
04-15 11:33:34.554 25605 25634 I appium  : FindElement command
04-15 11:33:34.555 25605 25634 I appium  : method: 'id', selector: 'ru.otus.wishlist:id/log_in_button'
04-15 11:33:34.556 25605 25634 I appium  : Waiting up to 10000ms for the device to idle
04-15 11:33:35.052 25605 25634 I appium  : AppiumResponse: {"sessionId":"cb96fe09-f70f-445b-9c62-c68553061af1","value":{"ELEMENT":"00000000-0000-0ceb-ffff-ffff0000002a","element-6066-11e4-a52e-4f735466cecf":"00000000-0000-0ceb-ffff-ffff0000002a"}}
04-15 11:33:35.062 25605 25634 I appium  : channel read: GET /session/cb96fe09-f70f-445b-9c62-c68553061af1/element/00000000-0000-0ceb-ffff-ffff0000002a/attribute/displayed
04-15 11:33:35.063 25605 25634 I appium  : GetElementAttribute command
04-15 11:33:35.067 25605 25634 I appium  : AppiumResponse: {"sessionId":"cb96fe09-f70f-445b-9c62-c68553061af1","value":"true"}
04-15 11:33:35.075 25605 25634 I appium  : channel read: POST /session/cb96fe09-f70f-445b-9c62-c68553061af1/element
04-15 11:33:35.076 25605 25634 I appium  : FindElement command
04-15 11:33:35.077 25605 25634 I appium  : method: 'id', selector: 'ru.otus.wishlist:id/log_in_button'
04-15 11:33:35.077 25605 25634 I appium  : Waiting up to 10000ms for the device to idle
04-15 11:33:35.087 25605 25634 I appium  : AppiumResponse: {"sessionId":"cb96fe09-f70f-445b-9c62-c68553061af1","value":{"ELEMENT":"00000000-0000-0ceb-ffff-ffff0000002a","element-6066-11e4-a52e-4f735466cecf":"00000000-0000-0ceb-ffff-ffff0000002a"}}
04-15 11:33:35.095 25605 25634 I appium  : channel read: GET /session/cb96fe09-f70f-445b-9c62-c68553061af1/element/00000000-0000-0ceb-ffff-ffff0000002a/attribute/displayed
04-15 11:33:35.096 25605 25634 I appium  : GetElementAttribute command
04-15 11:33:35.100 25605 25634 I appium  : AppiumResponse: {"sessionId":"cb96fe09-f70f-445b-9c62-c68553061af1","value":"true"}
04-15 11:33:35.109 25605 25634 I appium  : channel read: POST /session/cb96fe09-f70f-445b-9c62-c68553061af1/element/00000000-0000-0ceb-ffff-ffff0000002a/click
04-15 11:33:35.109 25605 25634 I appium  : Click command
04-15 11:33:35.149 25605 25634 W GestureController: Gestures took longer than expected (33ms >> 16ms), device might be in a busy state.
04-15 11:33:35.151 25605 25634 I appium  : Waiting up to 10000ms for the device to idle
04-15 11:33:35.155 25605 25634 I appium  : AppiumResponse: {"sessionId":"cb96fe09-f70f-445b-9c62-c68553061af1","value":null}
04-15 11:33:35.213 12592 25682 D resolv  : GetAddrInfoHandler::run: {103 103 103 983143 10151 0}
04-15 11:33:35.214 12592 25682 D resolv  : resolv_getaddrinfo: explore_fqdn(): ai_family=0 ai_socktype=1 ai_protocol=6
04-15 11:33:35.215 12592 25684 D resolv  : doQuery: (1, 1)
04-15 11:33:35.215 12592 25684 D resolv  : res_nmkquery: (QUERY, IN, A)
04-15 11:33:35.215 12592 25684 D resolv  : res_nsend
04-15 11:33:35.215 12592 25684 I resolv  : resolv_cache_lookup: lookup
04-15 11:33:35.215 12592 25684 I resolv  : resolv_cache_lookup: FOUND IN CACHE entry=0x790027b561d0
04-15 11:33:35.215 12592 25684 D resolv  : doQuery: rcode=0, ancount=1
04-15 11:33:35.216 12592 25683 D resolv  : doQuery: (1, 28)
04-15 11:33:35.216 12592 25683 D resolv  : res_nmkquery: (QUERY, IN, AAAA)
04-15 11:33:35.216 12592 25683 D resolv  : res_nsend
04-15 11:33:35.216 12592 25683 I resolv  : resolv_cache_lookup: lookup
04-15 11:33:35.216 12592 25683 I resolv  : resolv_cache_lookup: FOUND IN CACHE entry=0x790037b51b50
04-15 11:33:35.217 12592 25683 D resolv  : doQuery: rcode=0, ancount=0
04-15 11:33:35.217 12592 25682 I ResolverController: No valid NAT64 prefix (103, <unspecified>/0)
04-15 11:33:35.863 25605 25634 I appium  : channel read: POST /session/cb96fe09-f70f-445b-9c62-c68553061af1/element
04-15 11:33:35.864 25605 25634 I appium  : FindElement command
04-15 11:33:35.865 25605 25634 I appium  : method: 'id', selector: 'ru.otus.wishlist:id/bottom_navigation'
04-15 11:33:35.866 25605 25634 I appium  : Waiting up to 10000ms for the device to idle
04-15 11:33:35.885 25605 25634 I appium  : AppiumResponse: {"sessionId":"cb96fe09-f70f-445b-9c62-c68553061af1","value":{"error":"no such element","message":"An element could not be located on the page using the given search parameters","stacktrace":"io.appium.uiautomator2.common.exceptions.ElementNotFoundException: An element could not be located on the page using the given search parameters\n\tat io.appium.uiautomator2.handler.FindElement.safeHandle(FindElement.java:63)\n\tat io.appium.uiautomator2.handler.request.SafeRequestHandler.handle(SafeRequestHandler.java:59)\n\tat io.appium.uiautomator2.server.AppiumServlet.handleRequest(AppiumServlet.java:267)\n\tat io.appium.uiautomator2.server.AppiumServlet.handleHttpRequest(AppiumServlet.java:261)\n\tat io.appium.uiautomator2.http.ServerHandler.channelRead(ServerHandler.java:77)\n\tat io.netty.channel.AbstractChannelHandlerContext.fireChannelRead(AbstractChannelHandlerContext.java:356)\n\tat io.netty.handler.codec.MessageToMessageDecoder.channelRead(MessageToMessageDecoder.java:107)\n\tat io.netty.channel.AbstractChannelHandlerContext.fireChannelRead(AbstractChannelHandlerContext.java:356)\n\tat io.netty.channel.CombinedChannelDuplexHandler$DelegatingChannelHandlerContext.fireChannelRead(CombinedChannelDuplexHandler.java:434)\n\tat io.netty.handler.codec.ByteToMessageDecoder.fireChannelRead(ByteToMessageDecoder.java:361)\n\tat io.netty.handler.codec.ByteToMessageDecoder.channelRead(ByteToMessageDecoder.java:325)\n\tat io.netty.channel.CombinedChannelDuplexHandler.channelRead(CombinedChannelDuplexHandler.java:249)\n\tat io.netty.channel.AbstractChannelHandlerContext.fireChannelRead(AbstractChannelHandlerContext.java:354)\n\tat io.netty.handler.timeout.IdleStateHandler.channelRead(IdleStateHandler.java:293)\n\tat io.netty.channel.AbstractChannelHandlerContext.fireChannelRead(AbstractChannelHandlerContext.java:354)\n\tat io.netty.channel.DefaultChannelPipeline$HeadContext.channelRead(DefaultChannelPipeline.java:1429)\n\tat io.netty.channel.DefaultChannelPipeline.fireChannelRead(DefaultChannelPipeline.java:918)\n\tat io.netty.channel.nio.AbstractNioByteChannel$NioByteUnsafe.read(AbstractNioByteChannel.java:172)\n\tat io.netty.channel.nio.AbstractNioChannel$AbstractNioUnsafe.handle(AbstractNioChannel.java:445)\n\tat io.netty.channel.nio.NioIoHandler$DefaultNioRegistration.handle(NioIoHandler.java:388)\n\tat io.netty.channel.nio.NioIoHandler.processSelectedKey(NioIoHandler.java:596)\n\tat io.netty.channel.nio.NioIoHandler.processSelectedKeysOptimized(NioIoHandler.java:571)\n\tat io.netty.channel.nio.NioIoHandler.processSelectedKeys(NioIoHandler.java:512)\n\tat io.netty.channel.nio.NioIoHandler.run(NioIoHandler.java:484)\n\tat io.netty.channel.SingleThreadIoEventLoop.runIo(SingleThreadIoEventLoop.java:225)\n\tat io.netty.channel.SingleThreadIoEventLoop.run(SingleThreadIoEventLoop.java:196)\n\tat io.netty.util.concurrent.SingleThreadEventExecutor$5.run(SingleThreadEventExecutor.java:1195)\n\tat io.netty.util.internal.ThreadExecutorMap$2.run(ThreadExecutorMap.java:74)\n\tat io.netty.util.concurrent.FastThreadLocalRunnable.run(FastThreadLocalRunnable.java:30)\n\tat java.lang.Thread.run(Thread.java:920)\n"}}
04-15 11:33:36.400 25605 25634 I appium  : channel read: POST /session/cb96fe09-f70f-445b-9c62-c68553061af1/element
04-15 11:33:36.401 25605 25634 I appium  : FindElement command
04-15 11:33:36.401 25605 25634 I appium  : method: 'id', selector: 'ru.otus.wishlist:id/bottom_navigation'
04-15 11:33:36.401 25605 25634 I appium  : Waiting up to 10000ms for the device to idle
04-15 11:33:36.489 25646 25664 D EGL_emulation: app_time_stats: avg=56.93ms min=11.11ms max=1193.19ms count=34
04-15 11:33:37.119 25605 25634 I appium  : AppiumResponse: {"sessionId":"cb96fe09-f70f-445b-9c62-c68553061af1","value":{"ELEMENT":"00000000-0000-0ceb-ffff-ffff00000033","element-6066-11e4-a52e-4f735466cecf":"00000000-0000-0ceb-ffff-ffff00000033"}}
04-15 11:33:37.130 25605 25634 I appium  : channel read: POST /session/cb96fe09-f70f-445b-9c62-c68553061af1/element
04-15 11:33:37.131 25605 25634 I appium  : FindElement command
04-15 11:33:37.133 25605 25634 I appium  : method: 'id', selector: 'ru.otus.wishlist:id/users_menu', contextId: '00000000-0000-0ceb-ffff-ffff00000033'
04-15 11:33:37.135 25605 25634 D UiObject2: Retrieving node with selector: BySelector [RES='\Qru.otus.wishlist:id/users_menu\E'].
04-15 11:33:37.139 25605 25634 I appium  : AppiumResponse: {"sessionId":"cb96fe09-f70f-445b-9c62-c68553061af1","value":{"ELEMENT":"00000000-0000-0ceb-ffff-ffff0000003e","element-6066-11e4-a52e-4f735466cecf":"00000000-0000-0ceb-ffff-ffff0000003e"}}
04-15 11:33:37.147 25605 25634 I appium  : channel read: GET /session/cb96fe09-f70f-445b-9c62-c68553061af1/element/00000000-0000-0ceb-ffff-ffff0000003e/attribute/displayed
04-15 11:33:37.148 25605 25634 I appium  : GetElementAttribute command
04-15 11:33:37.152 25605 25634 I appium  : AppiumResponse: {"sessionId":"cb96fe09-f70f-445b-9c62-c68553061af1","value":"true"}
04-15 11:33:37.160 25605 25634 I appium  : channel read: POST /session/cb96fe09-f70f-445b-9c62-c68553061af1/element
04-15 11:33:37.161 25605 25634 I appium  : FindElement command
04-15 11:33:37.162 25605 25634 I appium  : method: 'id', selector: 'ru.otus.wishlist:id/bottom_navigation'
04-15 11:33:37.163 25605 25634 I appium  : Waiting up to 10000ms for the device to idle
04-15 11:33:37.177 25605 25634 I appium  : AppiumResponse: {"sessionId":"cb96fe09-f70f-445b-9c62-c68553061af1","value":{"ELEMENT":"00000000-0000-0ceb-ffff-ffff00000033","element-6066-11e4-a52e-4f735466cecf":"00000000-0000-0ceb-ffff-ffff00000033"}}
04-15 11:33:37.186 25605 25634 I appium  : channel read: POST /session/cb96fe09-f70f-445b-9c62-c68553061af1/element
04-15 11:33:37.187 25605 25634 I appium  : FindElement command
04-15 11:33:37.187 25605 25634 I appium  : method: 'id', selector: 'ru.otus.wishlist:id/users_menu', contextId: '00000000-0000-0ceb-ffff-ffff00000033'
04-15 11:33:37.189 25605 25634 D UiObject2: Retrieving node with selector: BySelector [RES='\Qru.otus.wishlist:id/users_menu\E'].
04-15 11:33:37.193 25605 25634 I appium  : AppiumResponse: {"sessionId":"cb96fe09-f70f-445b-9c62-c68553061af1","value":{"ELEMENT":"00000000-0000-0ceb-ffff-ffff0000003e","element-6066-11e4-a52e-4f735466cecf":"00000000-0000-0ceb-ffff-ffff0000003e"}}
04-15 11:33:37.201 25605 25634 I appium  : channel read: GET /session/cb96fe09-f70f-445b-9c62-c68553061af1/element/00000000-0000-0ceb-ffff-ffff0000003e/attribute/displayed
04-15 11:33:37.201 25605 25634 I appium  : GetElementAttribute command
04-15 11:33:37.217 25605 25634 I appium  : AppiumResponse: {"sessionId":"cb96fe09-f70f-445b-9c62-c68553061af1","value":"true"}
04-15 11:33:37.228 25605 25634 I appium  : channel read: POST /session/cb96fe09-f70f-445b-9c62-c68553061af1/element/00000000-0000-0ceb-ffff-ffff0000003e/click
04-15 11:33:37.229 25605 25634 I appium  : Click command
04-15 11:33:37.239 25646 25686 D ProfileInstaller: Installing profile for ru.otus.wishlist
04-15 11:33:37.265 25605 25634 W GestureController: Gestures took longer than expected (32ms >> 16ms), device might be in a busy state.
04-15 11:33:37.265 25605 25634 I appium  : Waiting up to 10000ms for the device to idle
04-15 11:33:37.267 25605 25634 I appium  : AppiumResponse: {"sessionId":"cb96fe09-f70f-445b-9c62-c68553061af1","value":null}
04-15 11:33:37.279 25605 25634 I appium  : channel read: POST /session/cb96fe09-f70f-445b-9c62-c68553061af1/element
04-15 11:33:37.279 25605 25634 I appium  : FindElement command
04-15 11:33:37.280 12589 12645 D AudioFlinger: mixer(0x7a33667bfa70) throttle end: throttle time(37)
04-15 11:33:37.280 25605 25634 I appium  : method: 'id', selector: 'ru.otus.wishlist:id/top_app_bar_layout'
04-15 11:33:37.280 25605 25634 I appium  : Waiting up to 10000ms for the device to idle
04-15 11:33:37.337 25646 25654 I u.otus.wishlis: JIT allocated 77KB for compiled code of void android.view.View.<init>(android.content.Context, android.util.AttributeSet, int, int)
04-15 11:33:37.494 25646 25664 D EGL_emulation: app_time_stats: avg=44.37ms min=2.10ms max=670.50ms count=21
04-15 11:33:37.760 12833 12920 D EGL_emulation: app_time_stats: avg=916.42ms min=6.81ms max=8120.71ms count=9
04-15 11:33:38.372 25605 25634 I appium  : AppiumResponse: {"sessionId":"cb96fe09-f70f-445b-9c62-c68553061af1","value":{"ELEMENT":"00000000-0000-0ceb-ffff-ffff0000006a","element-6066-11e4-a52e-4f735466cecf":"00000000-0000-0ceb-ffff-ffff0000006a"}}
04-15 11:33:38.384 25605 25634 I appium  : channel read: POST /session/cb96fe09-f70f-445b-9c62-c68553061af1/element
04-15 11:33:38.385 25605 25634 I appium  : FindElement command
04-15 11:33:38.391 25605 25634 I appium  : method: 'id', selector: 'ru.otus.wishlist:id/filter', contextId: '00000000-0000-0ceb-ffff-ffff0000006a'
04-15 11:33:38.395 25605 25634 D UiObject2: Retrieving node with selector: BySelector [RES='\Qru.otus.wishlist:id/filter\E'].
04-15 11:33:38.401 25605 25634 I appium  : AppiumResponse: {"sessionId":"cb96fe09-f70f-445b-9c62-c68553061af1","value":{"ELEMENT":"00000000-0000-0ceb-ffff-ffff0000006e","element-6066-11e4-a52e-4f735466cecf":"00000000-0000-0ceb-ffff-ffff0000006e"}}
04-15 11:33:38.414 25605 25634 I appium  : channel read: GET /session/cb96fe09-f70f-445b-9c62-c68553061af1/element/00000000-0000-0ceb-ffff-ffff0000006e/attribute/displayed
04-15 11:33:38.414 25605 25634 I appium  : GetElementAttribute command
04-15 11:33:38.418 25605 25634 I appium  : AppiumResponse: {"sessionId":"cb96fe09-f70f-445b-9c62-c68553061af1","value":"true"}
04-15 11:33:38.427 25605 25634 I appium  : channel read: POST /session/cb96fe09-f70f-445b-9c62-c68553061af1/element
04-15 11:33:38.428 25605 25634 I appium  : FindElement command
04-15 11:33:38.429 25605 25634 I appium  : method: 'id', selector: 'ru.otus.wishlist:id/top_app_bar_layout'
04-15 11:33:38.429 25605 25634 I appium  : Waiting up to 10000ms for the device to idle
04-15 11:33:38.436 25605 25634 I appium  : AppiumResponse: {"sessionId":"cb96fe09-f70f-445b-9c62-c68553061af1","value":{"ELEMENT":"00000000-0000-0ceb-ffff-ffff0000006a","element-6066-11e4-a52e-4f735466cecf":"00000000-0000-0ceb-ffff-ffff0000006a"}}
04-15 11:33:38.445 25605 25634 I appium  : channel read: POST /session/cb96fe09-f70f-445b-9c62-c68553061af1/element
04-15 11:33:38.446 25605 25634 I appium  : FindElement command
04-15 11:33:38.447 25605 25634 I appium  : method: 'id', selector: 'ru.otus.wishlist:id/filter', contextId: '00000000-0000-0ceb-ffff-ffff0000006a'
04-15 11:33:38.449 25605 25634 D UiObject2: Retrieving node with selector: BySelector [RES='\Qru.otus.wishlist:id/filter\E'].
04-15 11:33:38.451 25605 25634 I appium  : AppiumResponse: {"sessionId":"cb96fe09-f70f-445b-9c62-c68553061af1","value":{"ELEMENT":"00000000-0000-0ceb-ffff-ffff0000006e","element-6066-11e4-a52e-4f735466cecf":"00000000-0000-0ceb-ffff-ffff0000006e"}}
04-15 11:33:38.459 25605 25634 I appium  : channel read: GET /session/cb96fe09-f70f-445b-9c62-c68553061af1/element/00000000-0000-0ceb-ffff-ffff0000006e/attribute/displayed
04-15 11:33:38.459 25605 25634 I appium  : GetElementAttribute command
04-15 11:33:38.463 25605 25634 I appium  : AppiumResponse: {"sessionId":"cb96fe09-f70f-445b-9c62-c68553061af1","value":"true"}
04-15 11:33:38.471 25605 25634 I appium  : channel read: POST /session/cb96fe09-f70f-445b-9c62-c68553061af1/element/00000000-0000-0ceb-ffff-ffff0000006e/click
04-15 11:33:38.472 25605 25634 I appium  : Click command
04-15 11:33:38.514 25646 25664 D EGL_emulation: app_time_stats: avg=26.79ms min=9.87ms max=391.52ms count=38
04-15 11:33:38.515 25605 25634 W GestureController: Gestures took longer than expected (40ms >> 16ms), device might be in a busy state.
04-15 11:33:38.515 25605 25634 I appium  : Waiting up to 10000ms for the device to idle
04-15 11:33:38.517 25605 25634 I appium  : AppiumResponse: {"sessionId":"cb96fe09-f70f-445b-9c62-c68553061af1","value":null}
04-15 11:33:38.529 25605 25634 I appium  : channel read: POST /session/cb96fe09-f70f-445b-9c62-c68553061af1/element
04-15 11:33:38.530 25605 25634 I appium  : FindElement command
04-15 11:33:38.532 25605 25634 I appium  : method: 'id', selector: 'ru.otus.wishlist:id/filter_title'
04-15 11:33:38.532 25605 25634 I appium  : Waiting up to 10000ms for the device to idle
04-15 11:33:38.597   371   371 D goldfish-address-space: claimShared: Ask to claim region [0x3f4fc3000 0x3f5bd2000]
04-15 11:33:38.623   371   371 D goldfish-address-space: claimShared: Ask to claim region [0x3f5bd2000 0x3f67e1000]
04-15 11:33:38.663   371   371 D goldfish-address-space: claimShared: Ask to claim region [0x3f8000000 0x3f8c0f000]
04-15 11:33:38.663 12833 12920 D EGL_emulation: app_time_stats: avg=200.07ms min=1.51ms max=5524.11ms count=28
04-15 11:33:38.712 25605 25634 W ByMatcher: Node returned null child: android.view.accessibility.AccessibilityNodeInfo@20793; boundsInParent: Rect(0, 0 - 1080, 1832); boundsInScreen: Rect(0, 145 - 1080, 1977); packageName: ru.otus.wishlist; className: android.widget.FrameLayout; text: null; error: null; maxTextLength: -1; stateDescription: null; contentDescription: null; tooltipText: null; viewIdResName: ru.otus.wishlist:id/users_tab_container; checkable: false; checked: false; focusable: false; focused: false; selected: false; clickable: false; longClickable: false; contextClickable: false; enabled: true; password: false; scrollable: false; importantForAccessibility: false; visible: true; actions: [AccessibilityAction: ACTION_SELECT - null, AccessibilityAction: ACTION_CLEAR_SELECTION - null, AccessibilityAction: ACTION_ACCESSIBILITY_FOCUS - null, AccessibilityAction: ACTION_SHOW_ON_SCREEN - null]
04-15 11:33:38.712 25605 25634 W ByMatcher: Skipping null child (0 of 1)
04-15 11:33:38.716 25605 25634 W ByMatcher: Node returned null child: android.view.accessibility.AccessibilityNodeInfo@1391c; boundsInParent: Rect(0, 0 - 1080, 2063); boundsInScreen: Rect(0, 145 - 1080, 2208); packageName: ru.otus.wishlist; className: android.view.ViewGroup; text: null; error: null; maxTextLength: -1; stateDescription: null; contentDescription: null; tooltipText: null; viewIdResName: ru.otus.wishlist:id/main; checkable: false; checked: false; focusable: false; focused: false; selected: false; clickable: false; longClickable: false; contextClickable: false; enabled: true; password: false; scrollable: false; importantForAccessibility: false; visible: true; actions: [AccessibilityAction: ACTION_SELECT - null, AccessibilityAction: ACTION_CLEAR_SELECTION - null, AccessibilityAction: ACTION_ACCESSIBILITY_FOCUS - null, AccessibilityAction: ACTION_SHOW_ON_SCREEN - null]
04-15 11:33:38.716 25605 25634 W ByMatcher: Skipping null child (1 of 2)
04-15 11:33:38.718 25605 25634 W ByMatcher: Node returned null child: android.view.accessibility.AccessibilityNodeInfo@800079a9; boundsInParent: Rect(0, 0 - 1080, 2340); boundsInScreen: Rect(0, 0 - 1080, 2340); packageName: ru.otus.wishlist; className: android.widget.FrameLayout; text: null; error: null; maxTextLength: -1; stateDescription: null; contentDescription: null; tooltipText: null; viewIdResName: null; checkable: false; checked: false; focusable: false; focused: false; selected: false; clickable: false; longClickable: false; contextClickable: false; enabled: true; password: false; scrollable: false; importantForAccessibility: true; visible: true; actions: [AccessibilityAction: ACTION_SELECT - null, AccessibilityAction: ACTION_CLEAR_SELECTION - null, AccessibilityAction: ACTION_ACCESSIBILITY_FOCUS - null, AccessibilityAction: ACTION_SHOW_ON_SCREEN - null]
04-15 11:33:38.718 25605 25634 W ByMatcher: Skipping null child (1 of 2)
04-15 11:33:38.719 25605 25634 W ByMatcher: Node returned null child: android.view.accessibility.AccessibilityNodeInfo@800079a9; boundsInParent: Rect(0, 0 - 1080, 2340); boundsInScreen: Rect(0, 0 - 1080, 2340); packageName: ru.otus.wishlist; className: android.widget.FrameLayout; text: null; error: null; maxTextLength: -1; stateDescription: null; contentDescription: null; tooltipText: null; viewIdResName: null; checkable: false; checked: false; focusable: false; focused: false; selected: false; clickable: false; longClickable: false; contextClickable: false; enabled: true; password: false; scrollable: false; importantForAccessibility: true; visible: true; actions: [AccessibilityAction: ACTION_SELECT - null, AccessibilityAction: ACTION_CLEAR_SELECTION - null, AccessibilityAction: ACTION_ACCESSIBILITY_FOCUS - null, AccessibilityAction: ACTION_SHOW_ON_SCREEN - null]
04-15 11:33:38.719 25605 25634 W ByMatcher: Skipping null child (0 of 2)
04-15 11:33:38.720 25605 25634 W ByMatcher: Skipping null child (1 of 2)
04-15 11:33:38.721 25605 25634 I appium  : AppiumResponse: {"sessionId":"cb96fe09-f70f-445b-9c62-c68553061af1","value":{"error":"no such element","message":"An element could not be located on the page using the given search parameters","stacktrace":"io.appium.uiautomator2.common.exceptions.ElementNotFoundException: An element could not be located on the page using the given search parameters\n\tat io.appium.uiautomator2.handler.FindElement.safeHandle(FindElement.java:63)\n\tat io.appium.uiautomator2.handler.request.SafeRequestHandler.handle(SafeRequestHandler.java:59)\n\tat io.appium.uiautomator2.server.AppiumServlet.handleRequest(AppiumServlet.java:267)\n\tat io.appium.uiautomator2.server.AppiumServlet.handleHttpRequest(AppiumServlet.java:261)\n\tat io.appium.uiautomator2.http.ServerHandler.channelRead(ServerHandler.java:77)\n\tat io.netty.channel.AbstractChannelHandlerContext.fireChannelRead(AbstractChannelHandlerContext.java:356)\n\tat io.netty.handler.codec.MessageToMessageDecoder.channelRead(MessageToMessageDecoder.java:107)\n\tat io.netty.channel.AbstractChannelHandlerContext.fireChannelRead(AbstractChannelHandlerContext.java:356)\n\tat io.netty.channel.CombinedChannelDuplexHandler$DelegatingChannelHandlerContext.fireChannelRead(CombinedChannelDuplexHandler.java:434)\n\tat io.netty.handler.codec.ByteToMessageDecoder.fireChannelRead(ByteToMessageDecoder.java:361)\n\tat io.netty.handler.codec.ByteToMessageDecoder.channelRead(ByteToMessageDecoder.java:325)\n\tat io.netty.channel.CombinedChannelDuplexHandler.channelRead(CombinedChannelDuplexHandler.java:249)\n\tat io.netty.channel.AbstractChannelHandlerContext.fireChannelRead(AbstractChannelHandlerContext.java:354)\n\tat io.netty.handler.timeout.IdleStateHandler.channelRead(IdleStateHandler.java:293)\n\tat io.netty.channel.AbstractChannelHandlerContext.fireChannelRead(AbstractChannelHandlerContext.java:354)\n\tat io.netty.channel.DefaultChannelPipeline$HeadContext.channelRead(DefaultChannelPipeline.java:1429)\n\tat io.netty.channel.DefaultChannelPipeline.fireChannelRead(DefaultChannelPipeline.java:918)\n\tat io.netty.channel.nio.AbstractNioByteChannel$NioByteUnsafe.read(AbstractNioByteChannel.java:172)\n\tat io.netty.channel.nio.AbstractNioChannel$AbstractNioUnsafe.handle(AbstractNioChannel.java:445)\n\tat io.netty.channel.nio.NioIoHandler$DefaultNioRegistration.handle(NioIoHandler.java:388)\n\tat io.netty.channel.nio.NioIoHandler.processSelectedKey(NioIoHandler.java:596)\n\tat io.netty.channel.nio.NioIoHandler.processSelectedKeysOptimized(NioIoHandler.java:571)\n\tat io.netty.channel.nio.NioIoHandler.processSelectedKeys(NioIoHandler.java:512)\n\tat io.netty.channel.nio.NioIoHandler.run(NioIoHandler.java:484)\n\tat io.netty.channel.SingleThreadIoEventLoop.runIo(SingleThreadIoEventLoop.java:225)\n\tat io.netty.channel.SingleThreadIoEventLoop.run(SingleThreadIoEventLoop.java:196)\n\tat io.netty.util.concurrent.SingleThreadEventExecutor$5.run(SingleThreadEventExecutor.java:1195)\n\tat io.netty.util.internal.ThreadExecutorMap$2.run(ThreadExecutorMap.java:74)\n\tat io.netty.util.concurrent.FastThreadLocalRunnable.run(FastThreadLocalRunnable.java:30)\n\tat java.lang.Thread.run(Thread.java:920)\n"}}
04-15 11:33:38.735 13314 13314 I GoogleInputMethodService: GoogleInputMethodService.onFinishInput():3420 
04-15 11:33:38.735 13314 13314 W KeyboardViewController: KeyboardViewController.show():477 Requesting to show sub view with id 2131428268(#0x7f0b03ac) when keyboard HEADER view is not ready to show
04-15 11:33:38.735 13314 13314 I GoogleInputMethodService: GoogleInputMethodService.onStartInput():2002 
04-15 11:33:38.737 13314 13314 I DeviceUnlockedTag: DeviceUnlockedTag.notifyDeviceLockStatusChanged():31 Notify device unlocked.
04-15 11:33:38.738 13314 13314 I ShortcutsDataManager: AbstractContentDataManager.startImportContentTask():235 startImportContentTask()
04-15 11:33:38.738 13314 13602 I ShortcutsDataManager: AbstractContentDataManager$ImportContentTask.doInBackground():249 doInBackground()
04-15 11:33:38.738 13314 13602 I PersonalDictionaryDataHandler: PersonalDictionaryDataHandler.beginProcess():111 LanguageTags = [en-US]
04-15 11:33:38.750 13314 13602 I ShortcutsDataManager: AbstractContentDataManager.importRecords():339 importRecords() : Success : Count = 0
04-15 11:33:38.751 13314 13602 I ShortcutsDataManager: AbstractContentDataManager.importContentData():289 importContentData() : Ending import process
04-15 11:33:38.751 13314 15962 I Delight5Decoder: Delight5DecoderWrapper.unloadLanguageModel():820 unloadLanguageModel() : 4, version [n/a]
04-15 11:33:38.762 13314 13602 I PersonalLanguageModelUpdater: PersonalLanguageModelUpdater$UpdateOperation.performInternal():162 run() : Added 0 words and 0 shortcuts
04-15 11:33:38.762 13314 13602 I DynamicLanguageModelOperation: DynamicLanguageModelOperation.perform():38 perform() : 4 : cny : Completed
04-15 11:33:38.763 13314 13314 I ShortcutsDataManager: AbstractContentDataManager$ImportContentTask.onPostExecute():260 onPostExecute() : Result = [2,0]
04-15 11:33:38.763 13314 13314 I ShortcutsDataManager: ShortcutsDataManager.onImportFinished():83 onImportFinished() : Result = 2 : Count = 0
04-15 11:33:38.763 13314 15962 I Delight5Decoder: Delight5DecoderWrapper.loadLanguageModel():614 loadLanguageModel() : 4, version [n/a]
04-15 11:33:38.763 13314 15962 I Delight5Decoder: Delight5DecoderWrapper.loadLanguageModel():652 Loaded dynamic LM 4.en
04-15 11:33:39.242 25605 25634 I appium  : channel read: POST /session/cb96fe09-f70f-445b-9c62-c68553061af1/element
04-15 11:33:39.243 25605 25634 I appium  : FindElement command
04-15 11:33:39.244 25605 25634 I appium  : method: 'id', selector: 'ru.otus.wishlist:id/filter_title'
04-15 11:33:39.244 25605 25634 I appium  : Waiting up to 10000ms for the device to idle
04-15 11:33:39.339 25605 25634 I appium  : AppiumResponse: {"sessionId":"cb96fe09-f70f-445b-9c62-c68553061af1","value":{"ELEMENT":"00000000-0000-0cec-ffff-ffff00000095","element-6066-11e4-a52e-4f735466cecf":"00000000-0000-0cec-ffff-ffff00000095"}}
04-15 11:33:39.348 25605 25634 I appium  : channel read: GET /session/cb96fe09-f70f-445b-9c62-c68553061af1/element/00000000-0000-0cec-ffff-ffff00000095/attribute/displayed
04-15 11:33:39.348 25605 25634 I appium  : GetElementAttribute command
04-15 11:33:39.352 25605 25634 I appium  : AppiumResponse: {"sessionId":"cb96fe09-f70f-445b-9c62-c68553061af1","value":"true"}
04-15 11:33:39.363 25605 25634 I appium  : channel read: POST /session/cb96fe09-f70f-445b-9c62-c68553061af1/element
04-15 11:33:39.363 25605 25634 I appium  : FindElement command
04-15 11:33:39.364 25605 25634 I appium  : method: 'id', selector: 'ru.otus.wishlist:id/filter_title'
04-15 11:33:39.364 25605 25634 I appium  : Waiting up to 10000ms for the device to idle
04-15 11:33:39.377 25605 25634 I appium  : AppiumResponse: {"sessionId":"cb96fe09-f70f-445b-9c62-c68553061af1","value":{"ELEMENT":"00000000-0000-0cec-ffff-ffff00000095","element-6066-11e4-a52e-4f735466cecf":"00000000-0000-0cec-ffff-ffff00000095"}}
04-15 11:33:39.387 25605 25634 I appium  : channel read: GET /session/cb96fe09-f70f-445b-9c62-c68553061af1/element/00000000-0000-0cec-ffff-ffff00000095/name
04-15 11:33:39.387 25605 25634 I appium  : GetName command
04-15 11:33:39.393 25605 25634 I appium  : AppiumResponse: {"sessionId":"cb96fe09-f70f-445b-9c62-c68553061af1","value":null}
04-15 11:33:39.406 25605 25634 I appium  : channel read: GET /session/cb96fe09-f70f-445b-9c62-c68553061af1/element/00000000-0000-0cec-ffff-ffff00000095/text
04-15 11:33:39.406 25605 25634 I appium  : GetText command
04-15 11:33:39.410 25605 25634 I appium  : AppiumResponse: {"sessionId":"cb96fe09-f70f-445b-9c62-c68553061af1","value":"Фильтры"}
04-15 11:33:39.425 25605 25634 I appium  : channel read: POST /session/cb96fe09-f70f-445b-9c62-c68553061af1/element
04-15 11:33:39.426 25605 25634 I appium  : FindElement command
04-15 11:33:39.427 25605 25634 I appium  : method: 'id', selector: 'ru.otus.wishlist:id/username_input'
04-15 11:33:39.428 25605 25634 I appium  : Waiting up to 10000ms for the device to idle
04-15 11:33:39.433 25605 25634 I appium  : AppiumResponse: {"sessionId":"cb96fe09-f70f-445b-9c62-c68553061af1","value":{"ELEMENT":"00000000-0000-0cec-ffff-ffff00000098","element-6066-11e4-a52e-4f735466cecf":"00000000-0000-0cec-ffff-ffff00000098"}}
04-15 11:33:39.442 25605 25634 I appium  : channel read: GET /session/cb96fe09-f70f-445b-9c62-c68553061af1/element/00000000-0000-0cec-ffff-ffff00000098/attribute/displayed
04-15 11:33:39.442 25605 25634 I appium  : GetElementAttribute command
04-15 11:33:39.446 25605 25634 I appium  : AppiumResponse: {"sessionId":"cb96fe09-f70f-445b-9c62-c68553061af1","value":"true"}
04-15 11:33:39.454 25605 25634 I appium  : channel read: POST /session/cb96fe09-f70f-445b-9c62-c68553061af1/element
04-15 11:33:39.455 25605 25634 I appium  : FindElement command
04-15 11:33:39.456 25605 25634 I appium  : method: 'id', selector: 'ru.otus.wishlist:id/username_input'
04-15 11:33:39.457 25605 25634 I appium  : Waiting up to 10000ms for the device to idle
04-15 11:33:39.462 25605 25634 I appium  : AppiumResponse: {"sessionId":"cb96fe09-f70f-445b-9c62-c68553061af1","value":{"ELEMENT":"00000000-0000-0cec-ffff-ffff00000098","element-6066-11e4-a52e-4f735466cecf":"00000000-0000-0cec-ffff-ffff00000098"}}
04-15 11:33:39.470 25605 25634 I appium  : channel read: GET /session/cb96fe09-f70f-445b-9c62-c68553061af1/element/00000000-0000-0cec-ffff-ffff00000098/attribute/displayed
04-15 11:33:39.471 25605 25634 I appium  : GetElementAttribute command
04-15 11:33:39.474 25605 25634 I appium  : AppiumResponse: {"sessionId":"cb96fe09-f70f-445b-9c62-c68553061af1","value":"true"}
04-15 11:33:39.483 25605 25634 I appium  : channel read: POST /session/cb96fe09-f70f-445b-9c62-c68553061af1/element/00000000-0000-0cec-ffff-ffff00000098/clear
04-15 11:33:39.484 25605 25634 I appium  : Clear command
04-15 11:33:39.487 25605 25634 D UiObject2: Setting text to ''.
04-15 11:33:39.491 25605 25634 I appium  : AppiumResponse: {"sessionId":"cb96fe09-f70f-445b-9c62-c68553061af1","value":null}
04-15 11:33:39.500 25605 25634 I appium  : channel read: POST /session/cb96fe09-f70f-445b-9c62-c68553061af1/element
04-15 11:33:39.500 25605 25634 I appium  : FindElement command
04-15 11:33:39.502 25605 25634 I appium  : method: 'id', selector: 'ru.otus.wishlist:id/username_input'
04-15 11:33:39.502 25605 25634 I appium  : Waiting up to 10000ms for the device to idle
04-15 11:33:39.509 25605 25634 I appium  : AppiumResponse: {"sessionId":"cb96fe09-f70f-445b-9c62-c68553061af1","value":{"ELEMENT":"00000000-0000-0cec-ffff-ffff00000098","element-6066-11e4-a52e-4f735466cecf":"00000000-0000-0cec-ffff-ffff00000098"}}
04-15 11:33:39.520 25605 25634 I appium  : channel read: POST /session/cb96fe09-f70f-445b-9c62-c68553061af1/element/00000000-0000-0cec-ffff-ffff00000098/value
04-15 11:33:39.520 25605 25634 I appium  : SendKeysToElement command
04-15 11:33:39.920   211 25345 I keystore2: keystore2::watchdog: Watchdog thread idle -> terminating. Have a great day.
04-15 11:33:39.999 25605 25634 D UiObject2: Setting text to ''.
04-15 11:33:40.024 25646 25664 D EGL_emulation: app_time_stats: avg=114.55ms min=1.05ms max=633.46ms count=11
04-15 11:33:40.033 25605 25634 I appium  : AppiumResponse: {"sessionId":"cb96fe09-f70f-445b-9c62-c68553061af1","value":null}
04-15 11:33:40.038 13314 13314 I ShortcutsDataManager: ShortcutsDataManager.onContentChanged():73 onContentChanged()
04-15 11:33:40.050 25605 25634 I appium  : channel read: POST /session/cb96fe09-f70f-445b-9c62-c68553061af1/element
04-15 11:33:40.050 25605 25634 I appium  : FindElement command
04-15 11:33:40.051 25605 25634 I appium  : method: 'id', selector: 'ru.otus.wishlist:id/apply_button'
04-15 11:33:40.051 25605 25634 I appium  : Waiting up to 10000ms for the device to idle
04-15 11:33:40.534 25605 25634 I appium  : AppiumResponse: {"sessionId":"cb96fe09-f70f-445b-9c62-c68553061af1","value":{"ELEMENT":"00000000-0000-0cec-ffff-ffff000000a1","element-6066-11e4-a52e-4f735466cecf":"00000000-0000-0cec-ffff-ffff000000a1"}}
04-15 11:33:40.543 25605 25634 I appium  : channel read: GET /session/cb96fe09-f70f-445b-9c62-c68553061af1/element/00000000-0000-0cec-ffff-ffff000000a1/attribute/displayed
04-15 11:33:40.544 25605 25634 I appium  : GetElementAttribute command
04-15 11:33:40.548 25605 25634 I appium  : AppiumResponse: {"sessionId":"cb96fe09-f70f-445b-9c62-c68553061af1","value":"true"}
04-15 11:33:40.558 25605 25634 I appium  : channel read: POST /session/cb96fe09-f70f-445b-9c62-c68553061af1/element
04-15 11:33:40.558 25605 25634 I appium  : FindElement command
04-15 11:33:40.560 25605 25634 I appium  : method: 'id', selector: 'ru.otus.wishlist:id/apply_button'
04-15 11:33:40.560 25605 25634 I appium  : Waiting up to 10000ms for the device to idle
04-15 11:33:40.564 25605 25634 I appium  : AppiumResponse: {"sessionId":"cb96fe09-f70f-445b-9c62-c68553061af1","value":{"ELEMENT":"00000000-0000-0cec-ffff-ffff000000a1","element-6066-11e4-a52e-4f735466cecf":"00000000-0000-0cec-ffff-ffff000000a1"}}
04-15 11:33:40.572 25605 25634 I appium  : channel read: GET /session/cb96fe09-f70f-445b-9c62-c68553061af1/element/00000000-0000-0cec-ffff-ffff000000a1/attribute/displayed
04-15 11:33:40.573 25605 25634 I appium  : GetElementAttribute command
04-15 11:33:40.576 25605 25634 I appium  : AppiumResponse: {"sessionId":"cb96fe09-f70f-445b-9c62-c68553061af1","value":"true"}
04-15 11:33:40.585 25605 25634 I appium  : channel read: POST /session/cb96fe09-f70f-445b-9c62-c68553061af1/element/00000000-0000-0cec-ffff-ffff000000a1/click
04-15 11:33:40.585 25605 25634 I appium  : Click command
04-15 11:33:40.602 12814 12814 I wpa_supplicant: wlan0: CTRL-EVENT-BEACON-LOSS 
04-15 11:33:40.631 25646 25664 D OpenGLRenderer: endAllActiveAnimators on 0x7dab03ec2b50 (RippleDrawable) with handle 0x7daa13eaa650
04-15 11:33:40.633 12660 13861 W InputManager-JNI: Input channel object '36bfd73 ru.otus.wishlist/ru.otus.wishlist.MainActivity (client)' was disposed without first being removed with the input manager!
04-15 11:33:40.633 25605 25634 W GestureController: Gestures took longer than expected (44ms >> 16ms), device might be in a busy state.
04-15 11:33:40.633 25605 25634 I appium  : Waiting up to 10000ms for the device to idle
04-15 11:33:40.634 25605 25634 I appium  : AppiumResponse: {"sessionId":"cb96fe09-f70f-445b-9c62-c68553061af1","value":null}
04-15 11:33:40.640 25646 25646 D CompatibilityChangeReporter: Compat change id reported: 147798919; UID 10151; state: ENABLED
04-15 11:33:40.647 25605 25634 I appium  : channel read: POST /session/cb96fe09-f70f-445b-9c62-c68553061af1/element
04-15 11:33:40.648 25605 25634 I appium  : FindElement command
04-15 11:33:40.649 25605 25634 I appium  : method: 'id', selector: 'ru.otus.wishlist:id/users'
04-15 11:33:40.650 12833 12833 W ziparchive: Unable to open '/data/app/~~E7HUVOVE1_qGCqO9F55iMw==/ru.otus.wishlist-KvzObjiROZidZodhEA4kDA==/base.apk': No such file or directory
04-15 11:33:40.650 12833 12833 E ndroid.systemu: Failed to open APK '/data/app/~~E7HUVOVE1_qGCqO9F55iMw==/ru.otus.wishlist-KvzObjiROZidZodhEA4kDA==/base.apk': I/O error
04-15 11:33:40.650 25605 25634 I appium  : Waiting up to 10000ms for the device to idle
04-15 11:33:40.650 12833 12833 W ResourcesManager: failed to preload asset path '/data/app/~~E7HUVOVE1_qGCqO9F55iMw==/ru.otus.wishlist-KvzObjiROZidZodhEA4kDA==/base.apk'
04-15 11:33:40.650 12833 12833 W ResourcesManager: java.io.IOException: Failed to load asset path /data/app/~~E7HUVOVE1_qGCqO9F55iMw==/ru.otus.wishlist-KvzObjiROZidZodhEA4kDA==/base.apk
04-15 11:33:40.650 12833 12833 W ResourcesManager: 	at android.content.res.ApkAssets.nativeLoad(Native Method)
04-15 11:33:40.650 12833 12833 W ResourcesManager: 	at android.content.res.ApkAssets.<init>(ApkAssets.java:295)
04-15 11:33:40.650 12833 12833 W ResourcesManager: 	at android.content.res.ApkAssets.loadFromPath(ApkAssets.java:144)
04-15 11:33:40.650 12833 12833 W ResourcesManager: 	at android.app.ResourcesManager.loadApkAssets(ResourcesManager.java:454)
04-15 11:33:40.650 12833 12833 W ResourcesManager: 	at android.app.ResourcesManager.access$000(ResourcesManager.java:72)
04-15 11:33:40.650 12833 12833 W ResourcesManager: 	at android.app.ResourcesManager$ApkAssetsSupplier.load(ResourcesManager.java:168)
04-15 11:33:40.650 12833 12833 W ResourcesManager: 	at android.app.ResourcesManager.createApkAssetsSupplierNotLocked(ResourcesManager.java:980)
04-15 11:33:40.650 12833 12833 W ResourcesManager: 	at android.app.ResourcesManager.getResources(ResourcesManager.java:1101)
04-15 11:33:40.650 12833 12833 W ResourcesManager: 	at android.app.ActivityThread.getTopLevelResources(ActivityThread.java:2372)
04-15 11:33:40.650 12833 12833 W ResourcesManager: 	at android.app.ApplicationPackageManager.getResourcesForApplication(ApplicationPackageManager.java:1751)
04-15 11:33:40.650 12833 12833 W ResourcesManager: 	at android.app.ApplicationPackageManager.getResourcesForApplication(ApplicationPackageManager.java:1737)
04-15 11:33:40.650 12833 12833 W ResourcesManager: 	at android.app.ApplicationPackageManager.getDrawable(ApplicationPackageManager.java:1506)
04-15 11:33:40.650 12833 12833 W ResourcesManager: 	at android.app.ApplicationPackageManager.loadUnbadgedItemIcon(ApplicationPackageManager.java:3029)
04-15 11:33:40.650 12833 12833 W ResourcesManager: 	at android.content.pm.PackageItemInfo.loadUnbadgedIcon(PackageItemInfo.java:290)
04-15 11:33:40.650 12833 12833 W ResourcesManager: 	at com.android.systemui.toast.SystemUIToast.getBadgedIcon(SystemUIToast.java:284)
04-15 11:33:40.650 12833 12833 W ResourcesManager: 	at com.android.systemui.toast.SystemUIToast.inflateToastView(SystemUIToast.java:198)
04-15 11:33:40.650 12833 12833 W ResourcesManager: 	at com.android.systemui.toast.SystemUIToast.<init>(SystemUIToast.java:90)
04-15 11:33:40.650 12833 12833 W ResourcesManager: 	at com.android.systemui.toast.SystemUIToast.<init>(SystemUIToast.java:77)
04-15 11:33:40.650 12833 12833 W ResourcesManager: 	at com.android.systemui.toast.ToastFactory.createToast(ToastFactory.java:78)
04-15 11:33:40.650 12833 12833 W ResourcesManager: 	at com.android.systemui.toast.ToastUI.lambda$showToast$0(ToastUI.java:113)
04-15 11:33:40.650 12833 12833 W ResourcesManager: 	at com.android.systemui.toast.ToastUI.$r8$lambda$w_gPCh3F8Xxn1jN4lkQZoUci71c(Unknown Source:0)
04-15 11:33:40.650 12833 12833 W ResourcesManager: 	at com.android.systemui.toast.ToastUI$$ExternalSyntheticLambda0.run(Unknown Source:16)
04-15 11:33:40.650 12833 12833 W ResourcesManager: 	at com.android.systemui.toast.ToastUI.showToast(ToastUI.java:140)
04-15 11:33:40.650 12833 12833 W ResourcesManager: 	at com.android.systemui.statusbar.CommandQueue$H.handleMessage(CommandQueue.java:1431)
04-15 11:33:40.650 12833 12833 W ResourcesManager: 	at android.os.Handler.dispatchMessage(Handler.java:106)
04-15 11:33:40.650 12833 12833 W ResourcesManager: 	at android.os.Looper.loopOnce(Looper.java:201)
04-15 11:33:40.650 12833 12833 W ResourcesManager: 	at android.os.Looper.loop(Looper.java:288)
04-15 11:33:40.650 12833 12833 W ResourcesManager: 	at android.app.ActivityThread.main(ActivityThread.java:7839)
04-15 11:33:40.650 12833 12833 W ResourcesManager: 	at java.lang.reflect.Method.invoke(Native Method)
04-15 11:33:40.650 12833 12833 W ResourcesManager: 	at com.android.internal.os.RuntimeInit$MethodAndArgsCaller.run(RuntimeInit.java:548)
04-15 11:33:40.650 12833 12833 W ResourcesManager: 	at com.android.internal.os.ZygoteInit.main(ZygoteInit.java:1003)
04-15 11:33:40.650 12833 12833 W ziparchive: Unable to open '/data/app/~~E7HUVOVE1_qGCqO9F55iMw==/ru.otus.wishlist-KvzObjiROZidZodhEA4kDA==/base.apk': No such file or directory
04-15 11:33:40.650 12833 12833 E ndroid.systemu: Failed to open APK '/data/app/~~E7HUVOVE1_qGCqO9F55iMw==/ru.otus.wishlist-KvzObjiROZidZodhEA4kDA==/base.apk': I/O error
04-15 11:33:40.651 12833 12833 E ResourcesManager: failed to add asset path '/data/app/~~E7HUVOVE1_qGCqO9F55iMw==/ru.otus.wishlist-KvzObjiROZidZodhEA4kDA==/base.apk'
04-15 11:33:40.651 12833 12833 E ResourcesManager: java.io.IOException: Failed to load asset path /data/app/~~E7HUVOVE1_qGCqO9F55iMw==/ru.otus.wishlist-KvzObjiROZidZodhEA4kDA==/base.apk
04-15 11:33:40.651 12833 12833 E ResourcesManager: 	at android.content.res.ApkAssets.nativeLoad(Native Method)
04-15 11:33:40.651 12833 12833 E ResourcesManager: 	at android.content.res.ApkAssets.<init>(ApkAssets.java:295)
04-15 11:33:40.651 12833 12833 E ResourcesManager: 	at android.content.res.ApkAssets.loadFromPath(ApkAssets.java:144)
04-15 11:33:40.651 12833 12833 E ResourcesManager: 	at android.app.ResourcesManager.loadApkAssets(ResourcesManager.java:454)
04-15 11:33:40.651 12833 12833 E ResourcesManager: 	at android.app.ResourcesManager.access$000(ResourcesManager.java:72)
04-15 11:33:40.651 12833 12833 E ResourcesManager: 	at android.app.ResourcesManager$ApkAssetsSupplier.load(ResourcesManager.java:168)
04-15 11:33:40.651 12833 12833 E ResourcesManager: 	at android.app.ResourcesManager.createAssetManager(ResourcesManager.java:530)
04-15 11:33:40.651 12833 12833 E ResourcesManager: 	at android.app.ResourcesManager.createResourcesImpl(ResourcesManager.java:612)
04-15 11:33:40.651 12833 12833 E ResourcesManager: 	at android.app.ResourcesManager.findOrCreateResourcesImplForKeyLocked(ResourcesManager.java:664)
04-15 11:33:40.651 12833 12833 E ResourcesManager: 	at android.app.ResourcesManager.createResources(ResourcesManager.java:1011)
04-15 11:33:40.651 12833 12833 E ResourcesManager: 	at android.app.ResourcesManager.getResources(ResourcesManager.java:1114)
04-15 11:33:40.651 12833 12833 E ResourcesManager: 	at android.app.ActivityThread.getTopLevelResources(ActivityThread.java:2372)
04-15 11:33:40.651 12833 12833 E ResourcesManager: 	at android.app.ApplicationPackageManager.getResourcesForApplication(ApplicationPackageManager.java:1751)
04-15 11:33:40.651 12833 12833 E ResourcesManager: 	at android.app.ApplicationPackageManager.getResourcesForApplication(ApplicationPackageManager.java:1737)
04-15 11:33:40.651 12833 12833 E ResourcesManager: 	at android.app.ApplicationPackageManager.getDrawable(ApplicationPackageManager.java:1506)
04-15 11:33:40.651 12833 12833 E ResourcesManager: 	at android.app.ApplicationPackageManager.loadUnbadgedItemIcon(ApplicationPackageManager.java:3029)
04-15 11:33:40.651 12833 12833 E ResourcesManager: 	at android.content.pm.PackageItemInfo.loadUnbadgedIcon(PackageItemInfo.java:290)
04-15 11:33:40.651 12833 12833 E ResourcesManager: 	at com.android.systemui.toast.SystemUIToast.getBadgedIcon(SystemUIToast.java:284)
04-15 11:33:40.651 12833 12833 E ResourcesManager: 	at com.android.systemui.toast.SystemUIToast.inflateToastView(SystemUIToast.java:198)
04-15 11:33:40.651 12833 12833 E ResourcesManager: 	at com.android.systemui.toast.SystemUIToast.<init>(SystemUIToast.java:90)
04-15 11:33:40.651 12833 12833 E ResourcesManager: 	at com.android.systemui.toast.SystemUIToast.<init>(SystemUIToast.java:77)
04-15 11:33:40.651 12833 12833 E ResourcesManager: 	at com.android.systemui.toast.ToastFactory.createToast(ToastFactory.java:78)
04-15 11:33:40.651 12833 12833 E ResourcesManager: 	at com.android.systemui.toast.ToastUI.lambda$showToast$0(ToastUI.java:113)
04-15 11:33:40.651 12833 12833 E ResourcesManager: 	at com.android.systemui.toast.ToastUI.$r8$lambda$w_gPCh3F8Xxn1jN4lkQZoUci71c(Unknown Source:0)
04-15 11:33:40.651 12833 12833 E ResourcesManager: 	at com.android.systemui.toast.ToastUI$$ExternalSyntheticLambda0.run(Unknown Source:16)
