04-15 11:33:40.651 12833 12833 E ResourcesManager: 	at com.android.systemui.toast.ToastUI.showToast(ToastUI.java:140)
04-15 11:33:40.651 12833 12833 E ResourcesManager: 	at com.android.systemui.statusbar.CommandQueue$H.handleMessage(CommandQueue.java:1431)
04-15 11:33:40.651 12833 12833 E ResourcesManager: 	at android.os.Handler.dispatchMessage(Handler.java:106)
04-15 11:33:40.651 12833 12833 E ResourcesManager: 	at android.os.Looper.loopOnce(Looper.java:201)
04-15 11:33:40.651 12833 12833 E ResourcesManager: 	at android.os.Looper.loop(Looper.java:288)
04-15 11:33:40.651 12833 12833 E ResourcesManager: 	at android.app.ActivityThread.main(ActivityThread.java:7839)
04-15 11:33:40.651 12833 12833 E ResourcesManager: 	at java.lang.reflect.Method.invoke(Native Method)
04-15 11:33:40.651 12833 12833 E ResourcesManager: 	at com.android.internal.os.RuntimeInit$MethodAndArgsCaller.run(RuntimeInit.java:548)
04-15 11:33:40.651 12833 12833 E ResourcesManager: 	at com.android.internal.os.ZygoteInit.main(ZygoteInit.java:1003)
04-15 11:33:40.651 12833 12833 W PackageManager: Failure retrieving resources for ru.otus.wishlist
04-15 11:33:40.673 25646 25664 D EGL_emulation: app_time_stats: avg=46.82ms min=10.76ms max=1282.05ms count=46
04-15 11:33:40.675   371   371 D goldfish-address-space: claimShared: Ask to claim region [0x3f3efc000 0x3f3f49000]
04-15 11:33:40.682   371   371 D goldfish-address-space: claimShared: Ask to claim region [0x3f2690000 0x3f26dd000]
04-15 11:33:40.687   371   371 D goldfish-address-space: claimShared: Ask to claim region [0x3f26dd000 0x3f272a000]
04-15 11:33:40.702 13314 13314 I GoogleInputMethodService: GoogleInputMethodService.onFinishInput():3420 
04-15 11:33:40.702 13314 13314 I GoogleInputMethodService: GoogleInputMethodService.onStartInput():2002 
04-15 11:33:40.702 13314 13314 I DeviceUnlockedTag: DeviceUnlockedTag.notifyDeviceLockStatusChanged():31 Notify device unlocked.
04-15 11:33:40.703 13314 13314 I ShortcutsDataManager: AbstractContentDataManager.startImportContentTask():235 startImportContentTask()
04-15 11:33:40.703 13314 13602 I ShortcutsDataManager: AbstractContentDataManager$ImportContentTask.doInBackground():249 doInBackground()
04-15 11:33:40.703 13314 13602 I PersonalDictionaryDataHandler: PersonalDictionaryDataHandler.beginProcess():111 LanguageTags = [en-US]
04-15 11:33:40.712 13314 13602 I ShortcutsDataManager: AbstractContentDataManager.importRecords():339 importRecords() : Success : Count = 0
04-15 11:33:40.713 13314 13602 I ShortcutsDataManager: AbstractContentDataManager.importContentData():289 importContentData() : Ending import process
04-15 11:33:40.713 13314 15962 I Delight5Decoder: Delight5DecoderWrapper.unloadLanguageModel():820 unloadLanguageModel() : 4, version [n/a]
04-15 11:33:40.723 13314 13602 I PersonalLanguageModelUpdater: PersonalLanguageModelUpdater$UpdateOperation.performInternal():162 run() : Added 0 words and 0 shortcuts
04-15 11:33:40.723 13314 13602 I DynamicLanguageModelOperation: DynamicLanguageModelOperation.perform():38 perform() : 4 : cny : Completed
04-15 11:33:40.724 13314 15962 I Delight5Decoder: Delight5DecoderWrapper.loadLanguageModel():614 loadLanguageModel() : 4, version [n/a]
04-15 11:33:40.724 13314 15962 I Delight5Decoder: Delight5DecoderWrapper.loadLanguageModel():652 Loaded dynamic LM 4.en
04-15 11:33:40.725 13314 13314 I ShortcutsDataManager: AbstractContentDataManager$ImportContentTask.onPostExecute():260 onPostExecute() : Result = [2,0]
04-15 11:33:40.725 13314 13314 I ShortcutsDataManager: ShortcutsDataManager.onImportFinished():83 onImportFinished() : Result = 2 : Count = 0
04-15 11:33:41.012 12833 12920 D EGL_emulation: app_time_stats: avg=329.12ms min=1.94ms max=2255.47ms count=7
04-15 11:33:41.477 25605 25634 I appium  : AppiumResponse: {"sessionId":"cb96fe09-f70f-445b-9c62-c68553061af1","value":{"ELEMENT":"00000000-0000-0ceb-ffff-ffff00000075","element-6066-11e4-a52e-4f735466cecf":"00000000-0000-0ceb-ffff-ffff00000075"}}
04-15 11:33:41.487 25605 25634 I appium  : channel read: POST /session/cb96fe09-f70f-445b-9c62-c68553061af1/element
04-15 11:33:41.488 25605 25634 I appium  : FindElement command
04-15 11:33:41.490 25605 25634 I appium  : method: 'id', selector: 'ru.otus.wishlist:id/user_item', contextId: '00000000-0000-0ceb-ffff-ffff00000075'
04-15 11:33:41.493 25605 25634 D UiObject2: Retrieving node with selector: BySelector [RES='\Qru.otus.wishlist:id/user_item\E'].
04-15 11:33:41.496 25605 25634 I appium  : AppiumResponse: {"sessionId":"cb96fe09-f70f-445b-9c62-c68553061af1","value":{"ELEMENT":"00000000-0000-0ceb-ffff-ffff000000a4","element-6066-11e4-a52e-4f735466cecf":"00000000-0000-0ceb-ffff-ffff000000a4"}}
04-15 11:33:41.506 25605 25634 I appium  : channel read: POST /session/cb96fe09-f70f-445b-9c62-c68553061af1/element
04-15 11:33:41.508 25605 25634 I appium  : FindElement command
04-15 11:33:41.509 25605 25634 I appium  : method: 'id', selector: 'ru.otus.wishlist:id/username', contextId: '00000000-0000-0ceb-ffff-ffff000000a4'
04-15 11:33:41.511 25605 25634 D UiObject2: Retrieving node with selector: BySelector [RES='\Qru.otus.wishlist:id/username\E'].
04-15 11:33:41.513 25605 25634 I appium  : AppiumResponse: {"sessionId":"cb96fe09-f70f-445b-9c62-c68553061af1","value":{"ELEMENT":"00000000-0000-0ceb-ffff-ffff000000a5","element-6066-11e4-a52e-4f735466cecf":"00000000-0000-0ceb-ffff-ffff000000a5"}}
04-15 11:33:41.521 25605 25634 I appium  : channel read: GET /session/cb96fe09-f70f-445b-9c62-c68553061af1/element/00000000-0000-0ceb-ffff-ffff000000a5/attribute/displayed
04-15 11:33:41.522 25605 25634 I appium  : GetElementAttribute command
04-15 11:33:41.525 25605 25634 I appium  : AppiumResponse: {"sessionId":"cb96fe09-f70f-445b-9c62-c68553061af1","value":"true"}
04-15 11:33:41.534 25605 25634 I appium  : channel read: POST /session/cb96fe09-f70f-445b-9c62-c68553061af1/element
04-15 11:33:41.535 25605 25634 I appium  : FindElement command
04-15 11:33:41.536 25605 25634 I appium  : method: 'id', selector: 'ru.otus.wishlist:id/users'
04-15 11:33:41.537 25605 25634 I appium  : Waiting up to 10000ms for the device to idle
04-15 11:33:41.546 25605 25634 I appium  : AppiumResponse: {"sessionId":"cb96fe09-f70f-445b-9c62-c68553061af1","value":{"ELEMENT":"00000000-0000-0ceb-ffff-ffff00000075","element-6066-11e4-a52e-4f735466cecf":"00000000-0000-0ceb-ffff-ffff00000075"}}
04-15 11:33:41.554 25605 25634 I appium  : channel read: POST /session/cb96fe09-f70f-445b-9c62-c68553061af1/element
04-15 11:33:41.555 25605 25634 I appium  : FindElement command
04-15 11:33:41.556 25605 25634 I appium  : method: 'id', selector: 'ru.otus.wishlist:id/user_item', contextId: '00000000-0000-0ceb-ffff-ffff00000075'
04-15 11:33:41.558 25605 25634 D UiObject2: Retrieving node with selector: BySelector [RES='\Qru.otus.wishlist:id/user_item\E'].
04-15 11:33:41.561 25605 25634 I appium  : AppiumResponse: {"sessionId":"cb96fe09-f70f-445b-9c62-c68553061af1","value":{"ELEMENT":"00000000-0000-0ceb-ffff-ffff000000a4","element-6066-11e4-a52e-4f735466cecf":"00000000-0000-0ceb-ffff-ffff000000a4"}}
04-15 11:33:41.569 25605 25634 I appium  : channel read: POST /session/cb96fe09-f70f-445b-9c62-c68553061af1/element
04-15 11:33:41.570 25605 25634 I appium  : FindElement command
04-15 11:33:41.572 25605 25634 I appium  : method: 'id', selector: 'ru.otus.wishlist:id/username', contextId: '00000000-0000-0ceb-ffff-ffff000000a4'
04-15 11:33:41.573 25605 25634 D UiObject2: Retrieving node with selector: BySelector [RES='\Qru.otus.wishlist:id/username\E'].
04-15 11:33:41.576 25605 25634 I appium  : AppiumResponse: {"sessionId":"cb96fe09-f70f-445b-9c62-c68553061af1","value":{"ELEMENT":"00000000-0000-0ceb-ffff-ffff000000a5","element-6066-11e4-a52e-4f735466cecf":"00000000-0000-0ceb-ffff-ffff000000a5"}}
04-15 11:33:41.584 25605 25634 I appium  : channel read: GET /session/cb96fe09-f70f-445b-9c62-c68553061af1/element/00000000-0000-0ceb-ffff-ffff000000a5/attribute/displayed
04-15 11:33:41.585 25605 25634 I appium  : GetElementAttribute command
04-15 11:33:41.588 25605 25634 I appium  : AppiumResponse: {"sessionId":"cb96fe09-f70f-445b-9c62-c68553061af1","value":"true"}
04-15 11:33:41.600 25605 25634 I appium  : channel read: POST /session/cb96fe09-f70f-445b-9c62-c68553061af1/element/00000000-0000-0ceb-ffff-ffff000000a5/click
04-15 11:33:41.601 25605 25634 I appium  : Click command
04-15 11:33:41.647 25605 25634 W GestureController: Gestures took longer than expected (43ms >> 16ms), device might be in a busy state.
04-15 11:33:41.647 25605 25634 I appium  : Waiting up to 10000ms for the device to idle
04-15 11:33:41.649 25605 25634 I appium  : AppiumResponse: {"sessionId":"cb96fe09-f70f-445b-9c62-c68553061af1","value":null}
04-15 11:33:41.660 25605 25634 I appium  : channel read: POST /session/cb96fe09-f70f-445b-9c62-c68553061af1/element
04-15 11:33:41.661 25605 25634 I appium  : FindElement command
04-15 11:33:41.662 25605 25634 I appium  : method: 'id', selector: 'ru.otus.wishlist:id/wishlists'
04-15 11:33:41.662 25605 25634 I appium  : Waiting up to 10000ms for the device to idle
04-15 11:33:41.674 25646 25664 D EGL_emulation: app_time_stats: avg=38.37ms min=1.04ms max=681.53ms count=21
04-15 11:33:42.352 25605 25634 I appium  : AppiumResponse: {"sessionId":"cb96fe09-f70f-445b-9c62-c68553061af1","value":{"ELEMENT":"00000000-0000-0ceb-ffff-ffff000000b0","element-6066-11e4-a52e-4f735466cecf":"00000000-0000-0ceb-ffff-ffff000000b0"}}
04-15 11:33:42.361 25605 25634 I appium  : channel read: POST /session/cb96fe09-f70f-445b-9c62-c68553061af1/element
04-15 11:33:42.361 25605 25634 I appium  : FindElement command
04-15 11:33:42.362 25605 25634 I appium  : method: 'id', selector: 'ru.otus.wishlist:id/wishlist_item', contextId: '00000000-0000-0ceb-ffff-ffff000000b0'
04-15 11:33:42.365 25605 25634 D UiObject2: Retrieving node with selector: BySelector [RES='\Qru.otus.wishlist:id/wishlist_item\E'].
04-15 11:33:42.368 25605 25634 I appium  : AppiumResponse: {"sessionId":"cb96fe09-f70f-445b-9c62-c68553061af1","value":{"ELEMENT":"00000000-0000-0ceb-ffff-ffff000000b8","element-6066-11e4-a52e-4f735466cecf":"00000000-0000-0ceb-ffff-ffff000000b8"}}
04-15 11:33:42.376 25605 25634 I appium  : channel read: GET /session/cb96fe09-f70f-445b-9c62-c68553061af1/element/00000000-0000-0ceb-ffff-ffff000000b8/attribute/displayed
04-15 11:33:42.376 25605 25634 I appium  : GetElementAttribute command
04-15 11:33:42.380 25605 25634 I appium  : AppiumResponse: {"sessionId":"cb96fe09-f70f-445b-9c62-c68553061af1","value":"true"}
04-15 11:33:42.389 25605 25634 I appium  : channel read: POST /session/cb96fe09-f70f-445b-9c62-c68553061af1/element
04-15 11:33:42.389 25605 25634 I appium  : FindElement command
04-15 11:33:42.390 25605 25634 I appium  : method: 'id', selector: 'ru.otus.wishlist:id/wishlists'
04-15 11:33:42.390 25605 25634 I appium  : Waiting up to 10000ms for the device to idle
04-15 11:33:42.399 25605 25634 I appium  : AppiumResponse: {"sessionId":"cb96fe09-f70f-445b-9c62-c68553061af1","value":{"ELEMENT":"00000000-0000-0ceb-ffff-ffff000000b0","element-6066-11e4-a52e-4f735466cecf":"00000000-0000-0ceb-ffff-ffff000000b0"}}
04-15 11:33:42.407 25605 25634 I appium  : channel read: POST /session/cb96fe09-f70f-445b-9c62-c68553061af1/element
04-15 11:33:42.407 25605 25634 I appium  : FindElement command
04-15 11:33:42.408 25605 25634 I appium  : method: 'id', selector: 'ru.otus.wishlist:id/wishlist_item', contextId: '00000000-0000-0ceb-ffff-ffff000000b0'
04-15 11:33:42.410 25605 25634 D UiObject2: Retrieving node with selector: BySelector [RES='\Qru.otus.wishlist:id/wishlist_item\E'].
04-15 11:33:42.412 25605 25634 I appium  : AppiumResponse: {"sessionId":"cb96fe09-f70f-445b-9c62-c68553061af1","value":{"ELEMENT":"00000000-0000-0ceb-ffff-ffff000000b8","element-6066-11e4-a52e-4f735466cecf":"00000000-0000-0ceb-ffff-ffff000000b8"}}
04-15 11:33:42.420 25605 25634 I appium  : channel read: POST /session/cb96fe09-f70f-445b-9c62-c68553061af1/element
04-15 11:33:42.420 25605 25634 I appium  : FindElement command
04-15 11:33:42.421 25605 25634 I appium  : method: 'id', selector: 'ru.otus.wishlist:id/title', contextId: '00000000-0000-0ceb-ffff-ffff000000b8'
04-15 11:33:42.423 25605 25634 D UiObject2: Retrieving node with selector: BySelector [RES='\Qru.otus.wishlist:id/title\E'].
04-15 11:33:42.425 25605 25634 I appium  : AppiumResponse: {"sessionId":"cb96fe09-f70f-445b-9c62-c68553061af1","value":{"ELEMENT":"00000000-0000-0ceb-ffff-ffff000000b9","element-6066-11e4-a52e-4f735466cecf":"00000000-0000-0ceb-ffff-ffff000000b9"}}
04-15 11:33:42.433 25605 25634 I appium  : channel read: GET /session/cb96fe09-f70f-445b-9c62-c68553061af1/element/00000000-0000-0ceb-ffff-ffff000000b9/attribute/displayed
04-15 11:33:42.434 25605 25634 I appium  : GetElementAttribute command
04-15 11:33:42.437 25605 25634 I appium  : AppiumResponse: {"sessionId":"cb96fe09-f70f-445b-9c62-c68553061af1","value":"true"}
04-15 11:33:42.446 25605 25634 I appium  : channel read: POST /session/cb96fe09-f70f-445b-9c62-c68553061af1/element
04-15 11:33:42.446 25605 25634 I appium  : FindElement command
04-15 11:33:42.447 25605 25634 I appium  : method: 'id', selector: 'ru.otus.wishlist:id/wishlists'
04-15 11:33:42.447 25605 25634 I appium  : Waiting up to 10000ms for the device to idle
04-15 11:33:42.454 25605 25634 I appium  : AppiumResponse: {"sessionId":"cb96fe09-f70f-445b-9c62-c68553061af1","value":{"ELEMENT":"00000000-0000-0ceb-ffff-ffff000000b0","element-6066-11e4-a52e-4f735466cecf":"00000000-0000-0ceb-ffff-ffff000000b0"}}
04-15 11:33:42.464 25605 25634 I appium  : channel read: POST /session/cb96fe09-f70f-445b-9c62-c68553061af1/element
04-15 11:33:42.465 25605 25634 I appium  : FindElement command
04-15 11:33:42.465 25605 25634 I appium  : method: 'id', selector: 'ru.otus.wishlist:id/wishlist_item', contextId: '00000000-0000-0ceb-ffff-ffff000000b0'
04-15 11:33:42.467 25605 25634 D UiObject2: Retrieving node with selector: BySelector [RES='\Qru.otus.wishlist:id/wishlist_item\E'].
04-15 11:33:42.469 25605 25634 I appium  : AppiumResponse: {"sessionId":"cb96fe09-f70f-445b-9c62-c68553061af1","value":{"ELEMENT":"00000000-0000-0ceb-ffff-ffff000000b8","element-6066-11e4-a52e-4f735466cecf":"00000000-0000-0ceb-ffff-ffff000000b8"}}
04-15 11:33:42.478 25605 25634 I appium  : channel read: POST /session/cb96fe09-f70f-445b-9c62-c68553061af1/element
04-15 11:33:42.479 25605 25634 I appium  : FindElement command
04-15 11:33:42.479 25605 25634 I appium  : method: 'id', selector: 'ru.otus.wishlist:id/title', contextId: '00000000-0000-0ceb-ffff-ffff000000b8'
04-15 11:33:42.481 25605 25634 D UiObject2: Retrieving node with selector: BySelector [RES='\Qru.otus.wishlist:id/title\E'].
04-15 11:33:42.483 25605 25634 I appium  : AppiumResponse: {"sessionId":"cb96fe09-f70f-445b-9c62-c68553061af1","value":{"ELEMENT":"00000000-0000-0ceb-ffff-ffff000000b9","element-6066-11e4-a52e-4f735466cecf":"00000000-0000-0ceb-ffff-ffff000000b9"}}
04-15 11:33:42.491 25605 25634 I appium  : channel read: GET /session/cb96fe09-f70f-445b-9c62-c68553061af1/element/00000000-0000-0ceb-ffff-ffff000000b9/attribute/displayed
04-15 11:33:42.491 25605 25634 I appium  : GetElementAttribute command
04-15 11:33:42.494 25605 25634 I appium  : AppiumResponse: {"sessionId":"cb96fe09-f70f-445b-9c62-c68553061af1","value":"true"}
04-15 11:33:42.502 25605 25634 I appium  : channel read: POST /session/cb96fe09-f70f-445b-9c62-c68553061af1/element/00000000-0000-0ceb-ffff-ffff000000b9/click
04-15 11:33:42.503 25605 25634 I appium  : Click command
04-15 11:33:42.534 12592 12592 I netd    : trafficSwapActiveStatsMap() <26.07ms>
04-15 11:33:42.537 12592 12592 I netd    : tetherGetStats() -> {[]} <1.18ms>
04-15 11:33:42.542 12592 12592 I netd    : bandwidthSetGlobalAlert(2097152) <0.10ms>
04-15 11:33:42.546 12592 12592 I netd    : bandwidthRemoveInterfaceQuota(eth0) <1.18ms>
04-15 11:33:42.548 12592 12592 I netd    : bandwidthSetInterfaceQuota(eth0, 9223372036854775807) <0.60ms>
04-15 11:33:42.549 25605 25634 W GestureController: Gestures took longer than expected (43ms >> 16ms), device might be in a busy state.
04-15 11:33:42.549 25605 25634 I appium  : Waiting up to 10000ms for the device to idle
04-15 11:33:42.551 25605 25634 I appium  : AppiumResponse: {"sessionId":"cb96fe09-f70f-445b-9c62-c68553061af1","value":null}
04-15 11:33:42.560 25605 25634 I appium  : channel read: POST /session/cb96fe09-f70f-445b-9c62-c68553061af1/element
04-15 11:33:42.561 25605 25634 I appium  : FindElement command
04-15 11:33:42.563 25605 25634 I appium  : method: 'id', selector: 'ru.otus.wishlist:id/gifts'
04-15 11:33:42.563 25605 25634 I appium  : Waiting up to 10000ms for the device to idle
04-15 11:33:42.594 12592 12592 I netd    : trafficSwapActiveStatsMap() <34.28ms>
04-15 11:33:42.596 12592 12592 I netd    : tetherGetStats() -> {[]} <0.84ms>
04-15 11:33:42.600 12592 12592 I netd    : bandwidthRemoveInterfaceQuota(eth0) <0.34ms>
04-15 11:33:42.602 12592 12592 I netd    : bandwidthSetInterfaceQuota(eth0, 9223372036854775807) <1.04ms>
04-15 11:33:42.622 25605 25634 I appium  : AppiumResponse: {"sessionId":"cb96fe09-f70f-445b-9c62-c68553061af1","value":{"ELEMENT":"00000000-0000-0ceb-ffff-ffff000000ca","element-6066-11e4-a52e-4f735466cecf":"00000000-0000-0ceb-ffff-ffff000000ca"}}
04-15 11:33:42.632 25605 25634 I appium  : channel read: POST /session/cb96fe09-f70f-445b-9c62-c68553061af1/element
04-15 11:33:42.632 25605 25634 I appium  : FindElement command
04-15 11:33:42.633 25605 25634 I appium  : method: 'id', selector: 'ru.otus.wishlist:id/gift_item', contextId: '00000000-0000-0ceb-ffff-ffff000000ca'
04-15 11:33:42.679 25646 25664 D EGL_emulation: app_time_stats: avg=114.75ms min=1.83ms max=876.63ms count=8
04-15 11:33:43.007 12833 12920 D EGL_emulation: app_time_stats: avg=99.72ms min=2.25ms max=1984.31ms count=21
04-15 11:33:43.219 25605 25634 D UiObject2: Retrieving node with selector: BySelector [RES='\Qru.otus.wishlist:id/gift_item\E'].
04-15 11:33:43.225 25605 25634 I appium  : AppiumResponse: {"sessionId":"cb96fe09-f70f-445b-9c62-c68553061af1","value":{"ELEMENT":"00000000-0000-0ceb-ffff-ffff000000d2","element-6066-11e4-a52e-4f735466cecf":"00000000-0000-0ceb-ffff-ffff000000d2"}}
04-15 11:33:43.234 25605 25634 I appium  : channel read: GET /session/cb96fe09-f70f-445b-9c62-c68553061af1/element/00000000-0000-0ceb-ffff-ffff000000d2/attribute/displayed
04-15 11:33:43.234 25605 25634 I appium  : GetElementAttribute command
04-15 11:33:43.241 25605 25634 I appium  : AppiumResponse: {"sessionId":"cb96fe09-f70f-445b-9c62-c68553061af1","value":"true"}
04-15 11:33:43.245 12660 13861 W InputManager-JNI: Input channel object '1e1afbc Toast (client)' was disposed without first being removed with the input manager!
04-15 11:33:43.248 12660 13861 W NotificationService: Toast already killed. pkg=ru.otus.wishlist token=android.os.BinderProxy@31e9bb
04-15 11:33:43.251 25605 25634 I appium  : channel read: POST /session/cb96fe09-f70f-445b-9c62-c68553061af1/element
04-15 11:33:43.251 25605 25634 I appium  : FindElement command
04-15 11:33:43.252 25605 25634 I appium  : method: 'id', selector: 'ru.otus.wishlist:id/gifts'
04-15 11:33:43.253 25605 25634 I appium  : Waiting up to 10000ms for the device to idle
04-15 11:33:43.267 25605 25634 I appium  : AppiumResponse: {"sessionId":"cb96fe09-f70f-445b-9c62-c68553061af1","value":{"ELEMENT":"00000000-0000-0ceb-ffff-ffff000000ca","element-6066-11e4-a52e-4f735466cecf":"00000000-0000-0ceb-ffff-ffff000000ca"}}
04-15 11:33:43.276 25605 25634 I appium  : channel read: POST /session/cb96fe09-f70f-445b-9c62-c68553061af1/element
04-15 11:33:43.276 25605 25634 I appium  : FindElement command
04-15 11:33:43.278 25605 25634 I appium  : method: 'id', selector: 'ru.otus.wishlist:id/gift_item', contextId: '00000000-0000-0ceb-ffff-ffff000000ca'
04-15 11:33:43.280 25605 25634 D UiObject2: Retrieving node with selector: BySelector [RES='\Qru.otus.wishlist:id/gift_item\E'].
04-15 11:33:43.282 25605 25634 I appium  : AppiumResponse: {"sessionId":"cb96fe09-f70f-445b-9c62-c68553061af1","value":{"ELEMENT":"00000000-0000-0ceb-ffff-ffff000000d2","element-6066-11e4-a52e-4f735466cecf":"00000000-0000-0ceb-ffff-ffff000000d2"}}
04-15 11:33:43.291 25605 25634 I appium  : channel read: POST /session/cb96fe09-f70f-445b-9c62-c68553061af1/element
04-15 11:33:43.292 25605 25634 I appium  : FindElement command
04-15 11:33:43.293 25605 25634 I appium  : method: 'id', selector: 'ru.otus.wishlist:id/reserved', contextId: '00000000-0000-0ceb-ffff-ffff000000d2'
04-15 11:33:43.295 25605 25634 D UiObject2: Retrieving node with selector: BySelector [RES='\Qru.otus.wishlist:id/reserved\E'].
04-15 11:33:43.296 25605 25634 I appium  : AppiumResponse: {"sessionId":"cb96fe09-f70f-445b-9c62-c68553061af1","value":{"ELEMENT":"00000000-0000-0ceb-ffff-ffff000000de","element-6066-11e4-a52e-4f735466cecf":"00000000-0000-0ceb-ffff-ffff000000de"}}
04-15 11:33:43.304 25605 25634 I appium  : channel read: GET /session/cb96fe09-f70f-445b-9c62-c68553061af1/element/00000000-0000-0ceb-ffff-ffff000000de/attribute/displayed
04-15 11:33:43.304 25605 25634 I appium  : GetElementAttribute command
04-15 11:33:43.307 25605 25634 I appium  : AppiumResponse: {"sessionId":"cb96fe09-f70f-445b-9c62-c68553061af1","value":"true"}
04-15 11:33:43.315 25605 25634 I appium  : channel read: POST /session/cb96fe09-f70f-445b-9c62-c68553061af1/element
04-15 11:33:43.316 25605 25634 I appium  : FindElement command
04-15 11:33:43.318 25605 25634 I appium  : method: 'id', selector: 'ru.otus.wishlist:id/gifts'
04-15 11:33:43.319 25605 25634 I appium  : Waiting up to 10000ms for the device to idle
04-15 11:33:43.331 25605 25634 I appium  : AppiumResponse: {"sessionId":"cb96fe09-f70f-445b-9c62-c68553061af1","value":{"ELEMENT":"00000000-0000-0ceb-ffff-ffff000000ca","element-6066-11e4-a52e-4f735466cecf":"00000000-0000-0ceb-ffff-ffff000000ca"}}
04-15 11:33:43.343 25605 25634 I appium  : channel read: POST /session/cb96fe09-f70f-445b-9c62-c68553061af1/element
04-15 11:33:43.346 25605 25634 I appium  : FindElement command
04-15 11:33:43.348 25605 25634 I appium  : method: 'id', selector: 'ru.otus.wishlist:id/gift_item', contextId: '00000000-0000-0ceb-ffff-ffff000000ca'
04-15 11:33:43.351 25605 25634 D UiObject2: Retrieving node with selector: BySelector [RES='\Qru.otus.wishlist:id/gift_item\E'].
04-15 11:33:43.354 25605 25634 I appium  : AppiumResponse: {"sessionId":"cb96fe09-f70f-445b-9c62-c68553061af1","value":{"ELEMENT":"00000000-0000-0ceb-ffff-ffff000000d2","element-6066-11e4-a52e-4f735466cecf":"00000000-0000-0ceb-ffff-ffff000000d2"}}
04-15 11:33:43.364 25605 25634 I appium  : channel read: POST /session/cb96fe09-f70f-445b-9c62-c68553061af1/element
04-15 11:33:43.365 25605 25634 I appium  : FindElement command
04-15 11:33:43.366 25605 25634 I appium  : method: 'id', selector: 'ru.otus.wishlist:id/reserved', contextId: '00000000-0000-0ceb-ffff-ffff000000d2'
04-15 11:33:43.368 25605 25634 D UiObject2: Retrieving node with selector: BySelector [RES='\Qru.otus.wishlist:id/reserved\E'].
04-15 11:33:43.371 25605 25634 I appium  : AppiumResponse: {"sessionId":"cb96fe09-f70f-445b-9c62-c68553061af1","value":{"ELEMENT":"00000000-0000-0ceb-ffff-ffff000000de","element-6066-11e4-a52e-4f735466cecf":"00000000-0000-0ceb-ffff-ffff000000de"}}
04-15 11:33:43.378 25605 25634 I appium  : channel read: GET /session/cb96fe09-f70f-445b-9c62-c68553061af1/element/00000000-0000-0ceb-ffff-ffff000000de/attribute/displayed
04-15 11:33:43.378 25605 25634 I appium  : GetElementAttribute command
04-15 11:33:43.381 25605 25634 I appium  : AppiumResponse: {"sessionId":"cb96fe09-f70f-445b-9c62-c68553061af1","value":"true"}
04-15 11:33:43.389 25605 25634 I appium  : channel read: POST /session/cb96fe09-f70f-445b-9c62-c68553061af1/element/00000000-0000-0ceb-ffff-ffff000000de/click
04-15 11:33:43.390 25605 25634 I appium  : Click command
04-15 11:33:43.431 25605 25634 W GestureController: Gestures took longer than expected (39ms >> 16ms), device might be in a busy state.
04-15 11:33:43.432 25605 25634 I appium  : Waiting up to 10000ms for the device to idle
04-15 11:33:43.498 12833 12833 W ziparchive: Unable to open '/data/app/~~E7HUVOVE1_qGCqO9F55iMw==/ru.otus.wishlist-KvzObjiROZidZodhEA4kDA==/base.apk': No such file or directory
04-15 11:33:43.498 12833 12833 E ndroid.systemu: Failed to open APK '/data/app/~~E7HUVOVE1_qGCqO9F55iMw==/ru.otus.wishlist-KvzObjiROZidZodhEA4kDA==/base.apk': I/O error
04-15 11:33:43.498 12833 12833 W ResourcesManager: failed to preload asset path '/data/app/~~E7HUVOVE1_qGCqO9F55iMw==/ru.otus.wishlist-KvzObjiROZidZodhEA4kDA==/base.apk'
04-15 11:33:43.498 12833 12833 W ResourcesManager: java.io.IOException: Failed to load asset path /data/app/~~E7HUVOVE1_qGCqO9F55iMw==/ru.otus.wishlist-KvzObjiROZidZodhEA4kDA==/base.apk
04-15 11:33:43.498 12833 12833 W ResourcesManager: 	at android.content.res.ApkAssets.nativeLoad(Native Method)
04-15 11:33:43.498 12833 12833 W ResourcesManager: 	at android.content.res.ApkAssets.<init>(ApkAssets.java:295)
04-15 11:33:43.498 12833 12833 W ResourcesManager: 	at android.content.res.ApkAssets.loadFromPath(ApkAssets.java:144)
04-15 11:33:43.498 12833 12833 W ResourcesManager: 	at android.app.ResourcesManager.loadApkAssets(ResourcesManager.java:454)
04-15 11:33:43.498 12833 12833 W ResourcesManager: 	at android.app.ResourcesManager.access$000(ResourcesManager.java:72)
04-15 11:33:43.498 12833 12833 W ResourcesManager: 	at android.app.ResourcesManager$ApkAssetsSupplier.load(ResourcesManager.java:168)
04-15 11:33:43.498 12833 12833 W ResourcesManager: 	at android.app.ResourcesManager.createApkAssetsSupplierNotLocked(ResourcesManager.java:980)
04-15 11:33:43.498 12833 12833 W ResourcesManager: 	at android.app.ResourcesManager.getResources(ResourcesManager.java:1101)
04-15 11:33:43.498 12833 12833 W ResourcesManager: 	at android.app.ActivityThread.getTopLevelResources(ActivityThread.java:2372)
04-15 11:33:43.498 12833 12833 W ResourcesManager: 	at android.app.ApplicationPackageManager.getResourcesForApplication(ApplicationPackageManager.java:1751)
04-15 11:33:43.498 12833 12833 W ResourcesManager: 	at android.app.ApplicationPackageManager.getResourcesForApplication(ApplicationPackageManager.java:1737)
04-15 11:33:43.498 12833 12833 W ResourcesManager: 	at android.app.ApplicationPackageManager.getDrawable(ApplicationPackageManager.java:1506)
04-15 11:33:43.498 12833 12833 W ResourcesManager: 	at android.app.ApplicationPackageManager.loadUnbadgedItemIcon(ApplicationPackageManager.java:3029)
04-15 11:33:43.498 12833 12833 W ResourcesManager: 	at android.content.pm.PackageItemInfo.loadUnbadgedIcon(PackageItemInfo.java:290)
04-15 11:33:43.498 12833 12833 W ResourcesManager: 	at com.android.systemui.toast.SystemUIToast.getBadgedIcon(SystemUIToast.java:284)
04-15 11:33:43.498 12833 12833 W ResourcesManager: 	at com.android.systemui.toast.SystemUIToast.inflateToastView(SystemUIToast.java:198)
04-15 11:33:43.498 12833 12833 W ResourcesManager: 	at com.android.systemui.toast.SystemUIToast.<init>(SystemUIToast.java:90)
04-15 11:33:43.498 12833 12833 W ResourcesManager: 	at com.android.systemui.toast.SystemUIToast.<init>(SystemUIToast.java:77)
04-15 11:33:43.498 12833 12833 W ResourcesManager: 	at com.android.systemui.toast.ToastFactory.createToast(ToastFactory.java:78)
04-15 11:33:43.498 12833 12833 W ResourcesManager: 	at com.android.systemui.toast.ToastUI.lambda$showToast$0(ToastUI.java:113)
04-15 11:33:43.498 12833 12833 W ResourcesManager: 	at com.android.systemui.toast.ToastUI.$r8$lambda$w_gPCh3F8Xxn1jN4lkQZoUci71c(Unknown Source:0)
04-15 11:33:43.498 12833 12833 W ResourcesManager: 	at com.android.systemui.toast.ToastUI$$ExternalSyntheticLambda0.run(Unknown Source:16)
04-15 11:33:43.498 12833 12833 W ResourcesManager: 	at com.android.systemui.toast.ToastUI.showToast(ToastUI.java:140)
04-15 11:33:43.498 12833 12833 W ResourcesManager: 	at com.android.systemui.statusbar.CommandQueue$H.handleMessage(CommandQueue.java:1431)
04-15 11:33:43.498 12833 12833 W ResourcesManager: 	at android.os.Handler.dispatchMessage(Handler.java:106)
04-15 11:33:43.498 12833 12833 W ResourcesManager: 	at android.os.Looper.loopOnce(Looper.java:201)
04-15 11:33:43.498 12833 12833 W ResourcesManager: 	at android.os.Looper.loop(Looper.java:288)
04-15 11:33:43.498 12833 12833 W ResourcesManager: 	at android.app.ActivityThread.main(ActivityThread.java:7839)
04-15 11:33:43.498 12833 12833 W ResourcesManager: 	at java.lang.reflect.Method.invoke(Native Method)
04-15 11:33:43.498 12833 12833 W ResourcesManager: 	at com.android.internal.os.RuntimeInit$MethodAndArgsCaller.run(RuntimeInit.java:548)
04-15 11:33:43.498 12833 12833 W ResourcesManager: 	at com.android.internal.os.ZygoteInit.main(ZygoteInit.java:1003)
04-15 11:33:43.498 12833 12833 W ziparchive: Unable to open '/data/app/~~E7HUVOVE1_qGCqO9F55iMw==/ru.otus.wishlist-KvzObjiROZidZodhEA4kDA==/base.apk': No such file or directory
04-15 11:33:43.498 12833 12833 E ndroid.systemu: Failed to open APK '/data/app/~~E7HUVOVE1_qGCqO9F55iMw==/ru.otus.wishlist-KvzObjiROZidZodhEA4kDA==/base.apk': I/O error
04-15 11:33:43.499 12833 12833 E ResourcesManager: failed to add asset path '/data/app/~~E7HUVOVE1_qGCqO9F55iMw==/ru.otus.wishlist-KvzObjiROZidZodhEA4kDA==/base.apk'
04-15 11:33:43.499 12833 12833 E ResourcesManager: java.io.IOException: Failed to load asset path /data/app/~~E7HUVOVE1_qGCqO9F55iMw==/ru.otus.wishlist-KvzObjiROZidZodhEA4kDA==/base.apk
04-15 11:33:43.499 12833 12833 E ResourcesManager: 	at android.content.res.ApkAssets.nativeLoad(Native Method)
04-15 11:33:43.499 12833 12833 E ResourcesManager: 	at android.content.res.ApkAssets.<init>(ApkAssets.java:295)
04-15 11:33:43.499 12833 12833 E ResourcesManager: 	at android.content.res.ApkAssets.loadFromPath(ApkAssets.java:144)
04-15 11:33:43.499 12833 12833 E ResourcesManager: 	at android.app.ResourcesManager.loadApkAssets(ResourcesManager.java:454)
04-15 11:33:43.499 12833 12833 E ResourcesManager: 	at android.app.ResourcesManager.access$000(ResourcesManager.java:72)
04-15 11:33:43.499 12833 12833 E ResourcesManager: 	at android.app.ResourcesManager$ApkAssetsSupplier.load(ResourcesManager.java:168)
04-15 11:33:43.499 12833 12833 E ResourcesManager: 	at android.app.ResourcesManager.createAssetManager(ResourcesManager.java:530)
04-15 11:33:43.499 12833 12833 E ResourcesManager: 	at android.app.ResourcesManager.createResourcesImpl(ResourcesManager.java:612)
04-15 11:33:43.499 12833 12833 E ResourcesManager: 	at android.app.ResourcesManager.findOrCreateResourcesImplForKeyLocked(ResourcesManager.java:664)
04-15 11:33:43.499 12833 12833 E ResourcesManager: 	at android.app.ResourcesManager.createResources(ResourcesManager.java:1011)
04-15 11:33:43.499 12833 12833 E ResourcesManager: 	at android.app.ResourcesManager.getResources(ResourcesManager.java:1114)
04-15 11:33:43.499 12833 12833 E ResourcesManager: 	at android.app.ActivityThread.getTopLevelResources(ActivityThread.java:2372)
04-15 11:33:43.499 12833 12833 E ResourcesManager: 	at android.app.ApplicationPackageManager.getResourcesForApplication(ApplicationPackageManager.java:1751)
04-15 11:33:43.499 12833 12833 E ResourcesManager: 	at android.app.ApplicationPackageManager.getResourcesForApplication(ApplicationPackageManager.java:1737)
04-15 11:33:43.499 12833 12833 E ResourcesManager: 	at android.app.ApplicationPackageManager.getDrawable(ApplicationPackageManager.java:1506)
04-15 11:33:43.499 12833 12833 E ResourcesManager: 	at android.app.ApplicationPackageManager.loadUnbadgedItemIcon(ApplicationPackageManager.java:3029)
04-15 11:33:43.499 12833 12833 E ResourcesManager: 	at android.content.pm.PackageItemInfo.loadUnbadgedIcon(PackageItemInfo.java:290)
04-15 11:33:43.499 12833 12833 E ResourcesManager: 	at com.android.systemui.toast.SystemUIToast.getBadgedIcon(SystemUIToast.java:284)
04-15 11:33:43.499 12833 12833 E ResourcesManager: 	at com.android.systemui.toast.SystemUIToast.inflateToastView(SystemUIToast.java:198)
04-15 11:33:43.499 12833 12833 E ResourcesManager: 	at com.android.systemui.toast.SystemUIToast.<init>(SystemUIToast.java:90)
04-15 11:33:43.499 12833 12833 E ResourcesManager: 	at com.android.systemui.toast.SystemUIToast.<init>(SystemUIToast.java:77)
04-15 11:33:43.499 12833 12833 E ResourcesManager: 	at com.android.systemui.toast.ToastFactory.createToast(ToastFactory.java:78)
04-15 11:33:43.499 12833 12833 E ResourcesManager: 	at com.android.systemui.toast.ToastUI.lambda$showToast$0(ToastUI.java:113)
04-15 11:33:43.499 12833 12833 E ResourcesManager: 	at com.android.systemui.toast.ToastUI.$r8$lambda$w_gPCh3F8Xxn1jN4lkQZoUci71c(Unknown Source:0)
04-15 11:33:43.499 12833 12833 E ResourcesManager: 	at com.android.systemui.toast.ToastUI$$ExternalSyntheticLambda0.run(Unknown Source:16)
04-15 11:33:43.499 12833 12833 E ResourcesManager: 	at com.android.systemui.toast.ToastUI.showToast(ToastUI.java:140)
04-15 11:33:43.499 12833 12833 E ResourcesManager: 	at com.android.systemui.statusbar.CommandQueue$H.handleMessage(CommandQueue.java:1431)
04-15 11:33:43.499 12833 12833 E ResourcesManager: 	at android.os.Handler.dispatchMessage(Handler.java:106)
04-15 11:33:43.499 12833 12833 E ResourcesManager: 	at android.os.Looper.loopOnce(Looper.java:201)
04-15 11:33:43.499 12833 12833 E ResourcesManager: 	at android.os.Looper.loop(Looper.java:288)
04-15 11:33:43.499 12833 12833 E ResourcesManager: 	at android.app.ActivityThread.main(ActivityThread.java:7839)
04-15 11:33:43.499 12833 12833 E ResourcesManager: 	at java.lang.reflect.Method.invoke(Native Method)
04-15 11:33:43.499 12833 12833 E ResourcesManager: 	at com.android.internal.os.RuntimeInit$MethodAndArgsCaller.run(RuntimeInit.java:548)
04-15 11:33:43.499 12833 12833 E ResourcesManager: 	at com.android.internal.os.ZygoteInit.main(ZygoteInit.java:1003)
04-15 11:33:43.499 12833 12833 W PackageManager: Failure retrieving resources for ru.otus.wishlist
04-15 11:33:43.515   371   371 D goldfish-address-space: claimShared: Ask to claim region [0x3f2690000 0x3f26ee000]
04-15 11:33:43.543   371   371 D goldfish-address-space: claimShared: Ask to claim region [0x3f26ee000 0x3f274c000]
04-15 11:33:43.561   371   371 D goldfish-address-space: claimShared: Ask to claim region [0x3f274c000 0x3f27aa000]
04-15 11:33:43.692 25646 25664 D EGL_emulation: app_time_stats: avg=54.98ms min=3.14ms max=704.36ms count=17
04-15 11:33:44.039 25605 25634 I appium  : AppiumResponse: {"sessionId":"cb96fe09-f70f-445b-9c62-c68553061af1","value":null}
04-15 11:33:44.051 25605 25634 I appium  : channel read: POST /session/cb96fe09-f70f-445b-9c62-c68553061af1/element
04-15 11:33:44.052 25605 25634 I appium  : FindElement command
04-15 11:33:44.054 25605 25634 I appium  : method: 'id', selector: 'ru.otus.wishlist:id/gifts'
04-15 11:33:44.054 25605 25634 I appium  : Waiting up to 10000ms for the device to idle
04-15 11:33:44.067 25605 25634 I appium  : AppiumResponse: {"sessionId":"cb96fe09-f70f-445b-9c62-c68553061af1","value":{"ELEMENT":"00000000-0000-0ceb-ffff-ffff000000ca","element-6066-11e4-a52e-4f735466cecf":"00000000-0000-0ceb-ffff-ffff000000ca"}}
04-15 11:33:44.077 25605 25634 I appium  : channel read: POST /session/cb96fe09-f70f-445b-9c62-c68553061af1/element
04-15 11:33:44.078 25605 25634 I appium  : FindElement command
04-15 11:33:44.079 25605 25634 I appium  : method: 'id', selector: 'ru.otus.wishlist:id/gift_item', contextId: '00000000-0000-0ceb-ffff-ffff000000ca'
04-15 11:33:44.082 25605 25634 D UiObject2: Retrieving node with selector: BySelector [RES='\Qru.otus.wishlist:id/gift_item\E'].
04-15 11:33:44.084 25605 25634 I appium  : AppiumResponse: {"sessionId":"cb96fe09-f70f-445b-9c62-c68553061af1","value":{"ELEMENT":"00000000-0000-0ceb-ffff-ffff000000d2","element-6066-11e4-a52e-4f735466cecf":"00000000-0000-0ceb-ffff-ffff000000d2"}}
04-15 11:33:44.094 25605 25634 I appium  : channel read: GET /session/cb96fe09-f70f-445b-9c62-c68553061af1/element/00000000-0000-0ceb-ffff-ffff000000d2/attribute/displayed
04-15 11:33:44.094 25605 25634 I appium  : GetElementAttribute command
04-15 11:33:44.098 25605 25634 I appium  : AppiumResponse: {"sessionId":"cb96fe09-f70f-445b-9c62-c68553061af1","value":"true"}
04-15 11:33:44.111 25605 25634 I appium  : channel read: POST /session/cb96fe09-f70f-445b-9c62-c68553061af1/element
04-15 11:33:44.111 25605 25634 I appium  : FindElement command
04-15 11:33:44.113 25605 25634 I appium  : method: 'id', selector: 'ru.otus.wishlist:id/gifts'
04-15 11:33:44.114 25605 25634 I appium  : Waiting up to 10000ms for the device to idle
04-15 11:33:44.121 25605 25634 I appium  : AppiumResponse: {"sessionId":"cb96fe09-f70f-445b-9c62-c68553061af1","value":{"ELEMENT":"00000000-0000-0ceb-ffff-ffff000000ca","element-6066-11e4-a52e-4f735466cecf":"00000000-0000-0ceb-ffff-ffff000000ca"}}
04-15 11:33:44.132 25605 25634 I appium  : channel read: POST /session/cb96fe09-f70f-445b-9c62-c68553061af1/element
04-15 11:33:44.133 25605 25634 I appium  : FindElement command
04-15 11:33:44.134 25605 25634 I appium  : method: 'id', selector: 'ru.otus.wishlist:id/gift_item', contextId: '00000000-0000-0ceb-ffff-ffff000000ca'
04-15 11:33:44.136 25605 25634 D UiObject2: Retrieving node with selector: BySelector [RES='\Qru.otus.wishlist:id/gift_item\E'].
04-15 11:33:44.142 25605 25634 I appium  : AppiumResponse: {"sessionId":"cb96fe09-f70f-445b-9c62-c68553061af1","value":{"ELEMENT":"00000000-0000-0ceb-ffff-ffff000000d2","element-6066-11e4-a52e-4f735466cecf":"00000000-0000-0ceb-ffff-ffff000000d2"}}
04-15 11:33:44.151 25605 25634 I appium  : channel read: POST /session/cb96fe09-f70f-445b-9c62-c68553061af1/element
04-15 11:33:44.152 25605 25634 I appium  : FindElement command
04-15 11:33:44.155 25605 25634 I appium  : method: 'id', selector: 'ru.otus.wishlist:id/reserved', contextId: '00000000-0000-0ceb-ffff-ffff000000d2'
04-15 11:33:44.157 25605 25634 D UiObject2: Retrieving node with selector: BySelector [RES='\Qru.otus.wishlist:id/reserved\E'].
04-15 11:33:44.161 25605 25634 I appium  : AppiumResponse: {"sessionId":"cb96fe09-f70f-445b-9c62-c68553061af1","value":{"ELEMENT":"00000000-0000-0ceb-ffff-ffff000000de","element-6066-11e4-a52e-4f735466cecf":"00000000-0000-0ceb-ffff-ffff000000de"}}
04-15 11:33:44.169 25605 25634 I appium  : channel read: GET /session/cb96fe09-f70f-445b-9c62-c68553061af1/element/00000000-0000-0ceb-ffff-ffff000000de/attribute/displayed
04-15 11:33:44.170 25605 25634 I appium  : GetElementAttribute command
04-15 11:33:44.176 25605 25634 I appium  : AppiumResponse: {"sessionId":"cb96fe09-f70f-445b-9c62-c68553061af1","value":"true"}
04-15 11:33:44.185 25605 25634 I appium  : channel read: POST /session/cb96fe09-f70f-445b-9c62-c68553061af1/element
04-15 11:33:44.188 25605 25634 I appium  : FindElement command
04-15 11:33:44.190 25605 25634 I appium  : method: 'id', selector: 'ru.otus.wishlist:id/gifts'
04-15 11:33:44.190 25605 25634 I appium  : Waiting up to 10000ms for the device to idle
04-15 11:33:44.201 25605 25634 I appium  : AppiumResponse: {"sessionId":"cb96fe09-f70f-445b-9c62-c68553061af1","value":{"ELEMENT":"00000000-0000-0ceb-ffff-ffff000000ca","element-6066-11e4-a52e-4f735466cecf":"00000000-0000-0ceb-ffff-ffff000000ca"}}
04-15 11:33:44.210 25605 25634 I appium  : channel read: POST /session/cb96fe09-f70f-445b-9c62-c68553061af1/element
04-15 11:33:44.210 25605 25634 I appium  : FindElement command
04-15 11:33:44.212 25605 25634 I appium  : method: 'id', selector: 'ru.otus.wishlist:id/gift_item', contextId: '00000000-0000-0ceb-ffff-ffff000000ca'
04-15 11:33:44.215 25605 25634 D UiObject2: Retrieving node with selector: BySelector [RES='\Qru.otus.wishlist:id/gift_item\E'].
04-15 11:33:44.218 25605 25634 I appium  : AppiumResponse: {"sessionId":"cb96fe09-f70f-445b-9c62-c68553061af1","value":{"ELEMENT":"00000000-0000-0ceb-ffff-ffff000000d2","element-6066-11e4-a52e-4f735466cecf":"00000000-0000-0ceb-ffff-ffff000000d2"}}
04-15 11:33:44.226 25605 25634 I appium  : channel read: POST /session/cb96fe09-f70f-445b-9c62-c68553061af1/element
04-15 11:33:44.226 25605 25634 I appium  : FindElement command
04-15 11:33:44.227 25605 25634 I appium  : method: 'id', selector: 'ru.otus.wishlist:id/reserved', contextId: '00000000-0000-0ceb-ffff-ffff000000d2'
04-15 11:33:44.230 25605 25634 D UiObject2: Retrieving node with selector: BySelector [RES='\Qru.otus.wishlist:id/reserved\E'].
04-15 11:33:44.233 25605 25634 I appium  : AppiumResponse: {"sessionId":"cb96fe09-f70f-445b-9c62-c68553061af1","value":{"ELEMENT":"00000000-0000-0ceb-ffff-ffff000000de","element-6066-11e4-a52e-4f735466cecf":"00000000-0000-0ceb-ffff-ffff000000de"}}
04-15 11:33:44.241 25605 25634 I appium  : channel read: GET /session/cb96fe09-f70f-445b-9c62-c68553061af1/element/00000000-0000-0ceb-ffff-ffff000000de/attribute/checked
04-15 11:33:44.242 25605 25634 I appium  : GetElementAttribute command
04-15 11:33:44.246 25605 25634 I appium  : AppiumResponse: {"sessionId":"cb96fe09-f70f-445b-9c62-c68553061af1","value":"true"}
04-15 11:33:44.271     0     0 I logd    : logdr: UID=2000 GID=2000 PID=25695 n tail=0 logMask=99 pid=0 start=0ns deadline=0ns
