04-26 02:13:53.743 13314 13314 I GoogleInputMethodService: GoogleInputMethodService.onFinishInput():3420 
04-26 02:13:53.743 13314 13314 I GoogleInputMethodService: GoogleInputMethodService.onStartInput():2002 
04-26 02:13:53.744   371   410 D goldfish-address-space: claimShared: Ask to claim region [0x3f3efc000 0x3f3f49000]
04-26 02:13:53.745 13314 13314 I DeviceUnlockedTag: DeviceUnlockedTag.notifyDeviceLockStatusChanged():31 Notify device unlocked.
04-26 02:13:53.745 13314 13314 I ShortcutsDataManager: AbstractContentDataManager.startImportContentTask():235 startImportContentTask()
04-26 02:13:53.746 13314 13602 I ShortcutsDataManager: AbstractContentDataManager$ImportContentTask.doInBackground():249 doInBackground()
04-26 02:13:53.746 13314 13602 I PersonalDictionaryDataHandler: PersonalDictionaryDataHandler.beginProcess():111 LanguageTags = [en-US]
04-26 02:13:53.753  4824  4854 I appium  : AppiumResponse: {"sessionId":"8fd92bff-1cf9-4975-875f-0b8fb035e5da","value":{"ELEMENT":"00000000-0000-0f29-ffff-ffff00000075","element-6066-11e4-a52e-4f735466cecf":"00000000-0000-0f29-ffff-ffff00000075"}}
04-26 02:13:53.758 13314 13602 I ShortcutsDataManager: AbstractContentDataManager.importRecords():339 importRecords() : Success : Count = 0
04-26 02:13:53.762  4824  4854 I appium  : channel read: POST /session/8fd92bff-1cf9-4975-875f-0b8fb035e5da/element
04-26 02:13:53.763   371   410 D goldfish-address-space: claimShared: Ask to claim region [0x3f28fb000 0x3f2948000]
04-26 02:13:53.766 13314 13602 I ShortcutsDataManager: AbstractContentDataManager.importContentData():289 importContentData() : Ending import process
04-26 02:13:53.766 13314 15962 I Delight5Decoder: Delight5DecoderWrapper.unloadLanguageModel():820 unloadLanguageModel() : 4, version [n/a]
04-26 02:13:53.769   371   371 D goldfish-address-space: claimShared: Ask to claim region [0x3f2948000 0x3f2995000]
04-26 02:13:53.785  4824  4854 I appium  : FindElement command
04-26 02:13:53.786   491   671 D AudioAnalytics: gc(1700, 2000): log size:1700 item map size:3, item map items:1700
04-26 02:13:53.787  4824  4854 I appium  : method: 'id', selector: 'ru.otus.wishlist:id/user_item', contextId: '00000000-0000-0f29-ffff-ffff00000075'
04-26 02:13:53.792 13314 13602 I PersonalLanguageModelUpdater: PersonalLanguageModelUpdater$UpdateOperation.performInternal():162 run() : Added 0 words and 0 shortcuts
04-26 02:13:53.792 13314 13602 I DynamicLanguageModelOperation: DynamicLanguageModelOperation.perform():38 perform() : 4 : cny : Completed
04-26 02:13:53.793 13314 13314 I ShortcutsDataManager: AbstractContentDataManager$ImportContentTask.onPostExecute():260 onPostExecute() : Result = [2,0]
04-26 02:13:53.793 13314 15962 I Delight5Decoder: Delight5DecoderWrapper.loadLanguageModel():614 loadLanguageModel() : 4, version [n/a]
04-26 02:13:53.793 13314 13314 I ShortcutsDataManager: ShortcutsDataManager.onImportFinished():83 onImportFinished() : Result = 2 : Count = 0
04-26 02:13:53.794 13314 15962 I Delight5Decoder: Delight5DecoderWrapper.loadLanguageModel():652 Loaded dynamic LM 4.en
04-26 02:13:54.087 12833 12920 D EGL_emulation: app_time_stats: avg=407.57ms min=3.94ms max=2738.01ms count=7
04-26 02:13:54.519  4824  4854 D UiObject2: Retrieving node with selector: BySelector [RES='\Qru.otus.wishlist:id/user_item\E'].
04-26 02:13:54.525  4824  4854 I appium  : AppiumResponse: {"sessionId":"8fd92bff-1cf9-4975-875f-0b8fb035e5da","value":{"ELEMENT":"00000000-0000-0f29-ffff-ffff000000a4","element-6066-11e4-a52e-4f735466cecf":"00000000-0000-0f29-ffff-ffff000000a4"}}
04-26 02:13:54.533  4824  4854 I appium  : channel read: POST /session/8fd92bff-1cf9-4975-875f-0b8fb035e5da/element
04-26 02:13:54.534  4824  4854 I appium  : FindElement command
04-26 02:13:54.535  4824  4854 I appium  : method: 'id', selector: 'ru.otus.wishlist:id/username', contextId: '00000000-0000-0f29-ffff-ffff000000a4'
04-26 02:13:54.538  4824  4854 D UiObject2: Retrieving node with selector: BySelector [RES='\Qru.otus.wishlist:id/username\E'].
04-26 02:13:54.541  4824  4854 I appium  : AppiumResponse: {"sessionId":"8fd92bff-1cf9-4975-875f-0b8fb035e5da","value":{"ELEMENT":"00000000-0000-0f29-ffff-ffff000000a5","element-6066-11e4-a52e-4f735466cecf":"00000000-0000-0f29-ffff-ffff000000a5"}}
04-26 02:13:54.550  4824  4854 I appium  : channel read: GET /session/8fd92bff-1cf9-4975-875f-0b8fb035e5da/element/00000000-0000-0f29-ffff-ffff000000a5/attribute/displayed
04-26 02:13:54.551  4824  4854 I appium  : GetElementAttribute command
04-26 02:13:54.555  4824  4854 I appium  : AppiumResponse: {"sessionId":"8fd92bff-1cf9-4975-875f-0b8fb035e5da","value":"true"}
04-26 02:13:54.562  4824  4854 I appium  : channel read: POST /session/8fd92bff-1cf9-4975-875f-0b8fb035e5da/element
04-26 02:13:54.563  4824  4854 I appium  : FindElement command
04-26 02:13:54.564  4824  4854 I appium  : method: 'id', selector: 'ru.otus.wishlist:id/users'
04-26 02:13:54.565  4824  4854 I appium  : Waiting up to 10000ms for the device to idle
04-26 02:13:54.574  4824  4854 I appium  : AppiumResponse: {"sessionId":"8fd92bff-1cf9-4975-875f-0b8fb035e5da","value":{"ELEMENT":"00000000-0000-0f29-ffff-ffff00000075","element-6066-11e4-a52e-4f735466cecf":"00000000-0000-0f29-ffff-ffff00000075"}}
04-26 02:13:54.581  4824  4854 I appium  : channel read: POST /session/8fd92bff-1cf9-4975-875f-0b8fb035e5da/element
04-26 02:13:54.582  4824  4854 I appium  : FindElement command
04-26 02:13:54.583  4824  4854 I appium  : method: 'id', selector: 'ru.otus.wishlist:id/user_item', contextId: '00000000-0000-0f29-ffff-ffff00000075'
04-26 02:13:54.585  4824  4854 D UiObject2: Retrieving node with selector: BySelector [RES='\Qru.otus.wishlist:id/user_item\E'].
04-26 02:13:54.587  4824  4854 I appium  : AppiumResponse: {"sessionId":"8fd92bff-1cf9-4975-875f-0b8fb035e5da","value":{"ELEMENT":"00000000-0000-0f29-ffff-ffff000000a4","element-6066-11e4-a52e-4f735466cecf":"00000000-0000-0f29-ffff-ffff000000a4"}}
04-26 02:13:54.594  4824  4854 I appium  : channel read: POST /session/8fd92bff-1cf9-4975-875f-0b8fb035e5da/element
04-26 02:13:54.595  4824  4854 I appium  : FindElement command
04-26 02:13:54.596  4824  4854 I appium  : method: 'id', selector: 'ru.otus.wishlist:id/username', contextId: '00000000-0000-0f29-ffff-ffff000000a4'
04-26 02:13:54.598  4824  4854 D UiObject2: Retrieving node with selector: BySelector [RES='\Qru.otus.wishlist:id/username\E'].
04-26 02:13:54.600  4824  4854 I appium  : AppiumResponse: {"sessionId":"8fd92bff-1cf9-4975-875f-0b8fb035e5da","value":{"ELEMENT":"00000000-0000-0f29-ffff-ffff000000a5","element-6066-11e4-a52e-4f735466cecf":"00000000-0000-0f29-ffff-ffff000000a5"}}
04-26 02:13:54.606  4824  4854 I appium  : channel read: GET /session/8fd92bff-1cf9-4975-875f-0b8fb035e5da/element/00000000-0000-0f29-ffff-ffff000000a5/attribute/displayed
04-26 02:13:54.606  4824  4854 I appium  : GetElementAttribute command
04-26 02:13:54.610  4824  4854 I appium  : AppiumResponse: {"sessionId":"8fd92bff-1cf9-4975-875f-0b8fb035e5da","value":"true"}
04-26 02:13:54.617  4824  4854 I appium  : channel read: POST /session/8fd92bff-1cf9-4975-875f-0b8fb035e5da/element/00000000-0000-0f29-ffff-ffff000000a5/click
04-26 02:13:54.617  4824  4854 I appium  : Click command
04-26 02:13:54.657  4824  4854 W GestureController: Gestures took longer than expected (37ms >> 16ms), device might be in a busy state.
04-26 02:13:54.657  4824  4854 I appium  : Waiting up to 10000ms for the device to idle
04-26 02:13:54.659  4824  4854 I appium  : AppiumResponse: {"sessionId":"8fd92bff-1cf9-4975-875f-0b8fb035e5da","value":null}
04-26 02:13:54.667  4824  4854 I appium  : channel read: POST /session/8fd92bff-1cf9-4975-875f-0b8fb035e5da/element
04-26 02:13:54.668  4824  4854 I appium  : FindElement command
04-26 02:13:54.668  4824  4854 I appium  : method: 'id', selector: 'ru.otus.wishlist:id/wishlists'
04-26 02:13:54.669  4824  4854 I appium  : Waiting up to 10000ms for the device to idle
04-26 02:13:54.705  4824  4854 I appium  : AppiumResponse: {"sessionId":"8fd92bff-1cf9-4975-875f-0b8fb035e5da","value":{"error":"no such element","message":"An element could not be located on the page using the given search parameters","stacktrace":"io.appium.uiautomator2.common.exceptions.ElementNotFoundException: An element could not be located on the page using the given search parameters\n\tat io.appium.uiautomator2.handler.FindElement.safeHandle(FindElement.java:63)\n\tat io.appium.uiautomator2.handler.request.SafeRequestHandler.handle(SafeRequestHandler.java:59)\n\tat io.appium.uiautomator2.server.AppiumServlet.handleRequest(AppiumServlet.java:267)\n\tat io.appium.uiautomator2.server.AppiumServlet.handleHttpRequest(AppiumServlet.java:261)\n\tat io.appium.uiautomator2.http.ServerHandler.channelRead(ServerHandler.java:77)\n\tat io.netty.channel.AbstractChannelHandlerContext.fireChannelRead(AbstractChannelHandlerContext.java:356)\n\tat io.netty.handler.codec.MessageToMessageDecoder.channelRead(MessageToMessageDecoder.java:107)\n\tat io.netty.channel.AbstractChannelHandlerContext.fireChannelRead(AbstractChannelHandlerContext.java:356)\n\tat io.netty.channel.CombinedChannelDuplexHandler$DelegatingChannelHandlerContext.fireChannelRead(CombinedChannelDuplexHandler.java:434)\n\tat io.netty.handler.codec.ByteToMessageDecoder.fireChannelRead(ByteToMessageDecoder.java:361)\n\tat io.netty.handler.codec.ByteToMessageDecoder.channelRead(ByteToMessageDecoder.java:325)\n\tat io.netty.channel.CombinedChannelDuplexHandler.channelRead(CombinedChannelDuplexHandler.java:249)\n\tat io.netty.channel.AbstractChannelHandlerContext.fireChannelRead(AbstractChannelHandlerContext.java:354)\n\tat io.netty.handler.timeout.IdleStateHandler.channelRead(IdleStateHandler.java:293)\n\tat io.netty.channel.AbstractChannelHandlerContext.fireChannelRead(AbstractChannelHandlerContext.java:354)\n\tat io.netty.channel.DefaultChannelPipeline$HeadContext.channelRead(DefaultChannelPipeline.java:1429)\n\tat io.netty.channel.DefaultChannelPipeline.fireChannelRead(DefaultChannelPipeline.java:918)\n\tat io.netty.channel.nio.AbstractNioByteChannel$NioByteUnsafe.read(AbstractNioByteChannel.java:172)\n\tat io.netty.channel.nio.AbstractNioChannel$AbstractNioUnsafe.handle(AbstractNioChannel.java:445)\n\tat io.netty.channel.nio.NioIoHandler$DefaultNioRegistration.handle(NioIoHandler.java:388)\n\tat io.netty.channel.nio.NioIoHandler.processSelectedKey(NioIoHandler.java:596)\n\tat io.netty.channel.nio.NioIoHandler.processSelectedKeysOptimized(NioIoHandler.java:571)\n\tat io.netty.channel.nio.NioIoHandler.processSelectedKeys(NioIoHandler.java:512)\n\tat io.netty.channel.nio.NioIoHandler.run(NioIoHandler.java:484)\n\tat io.netty.channel.SingleThreadIoEventLoop.runIo(SingleThreadIoEventLoop.java:225)\n\tat io.netty.channel.SingleThreadIoEventLoop.run(SingleThreadIoEventLoop.java:196)\n\tat io.netty.util.concurrent.SingleThreadEventExecutor$5.run(SingleThreadEventExecutor.java:1195)\n\tat io.netty.util.internal.ThreadExecutorMap$2.run(ThreadExecutorMap.java:74)\n\tat io.netty.util.concurrent.FastThreadLocalRunnable.run(FastThreadLocalRunnable.java:30)\n\tat java.lang.Thread.run(Thread.java:920)\n"}}
04-26 02:13:54.753  4866  4885 D EGL_emulation: app_time_stats: avg=35.83ms min=2.09ms max=621.73ms count=24
04-26 02:13:55.213  4824  4854 I appium  : channel read: POST /session/8fd92bff-1cf9-4975-875f-0b8fb035e5da/element
04-26 02:13:55.214  4824  4854 I appium  : FindElement command
04-26 02:13:55.216  4824  4854 I appium  : method: 'id', selector: 'ru.otus.wishlist:id/wishlists'
04-26 02:13:55.217  4824  4854 I appium  : Waiting up to 10000ms for the device to idle
04-26 02:13:55.364  4824  4854 I appium  : AppiumResponse: {"sessionId":"8fd92bff-1cf9-4975-875f-0b8fb035e5da","value":{"ELEMENT":"00000000-0000-0f29-ffff-ffff000000b0","element-6066-11e4-a52e-4f735466cecf":"00000000-0000-0f29-ffff-ffff000000b0"}}
04-26 02:13:55.375  4824  4854 I appium  : channel read: POST /session/8fd92bff-1cf9-4975-875f-0b8fb035e5da/element
04-26 02:13:55.377  4824  4854 I appium  : FindElement command
04-26 02:13:55.379  4824  4854 I appium  : method: 'id', selector: 'ru.otus.wishlist:id/wishlist_item', contextId: '00000000-0000-0f29-ffff-ffff000000b0'
04-26 02:13:55.382  4824  4854 D UiObject2: Retrieving node with selector: BySelector [RES='\Qru.otus.wishlist:id/wishlist_item\E'].
04-26 02:13:55.385  4824  4854 I appium  : AppiumResponse: {"sessionId":"8fd92bff-1cf9-4975-875f-0b8fb035e5da","value":{"ELEMENT":"00000000-0000-0f29-ffff-ffff000000b8","element-6066-11e4-a52e-4f735466cecf":"00000000-0000-0f29-ffff-ffff000000b8"}}
04-26 02:13:55.393  4824  4854 I appium  : channel read: GET /session/8fd92bff-1cf9-4975-875f-0b8fb035e5da/element/00000000-0000-0f29-ffff-ffff000000b8/attribute/displayed
04-26 02:13:55.394  4824  4854 I appium  : GetElementAttribute command
04-26 02:13:55.398  4824  4854 I appium  : AppiumResponse: {"sessionId":"8fd92bff-1cf9-4975-875f-0b8fb035e5da","value":"true"}
04-26 02:13:55.404  4824  4854 I appium  : channel read: POST /session/8fd92bff-1cf9-4975-875f-0b8fb035e5da/element
04-26 02:13:55.405  4824  4854 I appium  : FindElement command
04-26 02:13:55.406  4824  4854 I appium  : method: 'id', selector: 'ru.otus.wishlist:id/wishlists'
04-26 02:13:55.406  4824  4854 I appium  : Waiting up to 10000ms for the device to idle
04-26 02:13:55.413  4824  4854 I appium  : AppiumResponse: {"sessionId":"8fd92bff-1cf9-4975-875f-0b8fb035e5da","value":{"ELEMENT":"00000000-0000-0f29-ffff-ffff000000b0","element-6066-11e4-a52e-4f735466cecf":"00000000-0000-0f29-ffff-ffff000000b0"}}
04-26 02:13:55.420  4824  4854 I appium  : channel read: POST /session/8fd92bff-1cf9-4975-875f-0b8fb035e5da/element
04-26 02:13:55.420  4824  4854 I appium  : FindElement command
04-26 02:13:55.421  4824  4854 I appium  : method: 'id', selector: 'ru.otus.wishlist:id/wishlist_item', contextId: '00000000-0000-0f29-ffff-ffff000000b0'
04-26 02:13:55.423  4824  4854 D UiObject2: Retrieving node with selector: BySelector [RES='\Qru.otus.wishlist:id/wishlist_item\E'].
04-26 02:13:55.426  4824  4854 I appium  : AppiumResponse: {"sessionId":"8fd92bff-1cf9-4975-875f-0b8fb035e5da","value":{"ELEMENT":"00000000-0000-0f29-ffff-ffff000000b8","element-6066-11e4-a52e-4f735466cecf":"00000000-0000-0f29-ffff-ffff000000b8"}}
04-26 02:13:55.433  4824  4854 I appium  : channel read: POST /session/8fd92bff-1cf9-4975-875f-0b8fb035e5da/element
04-26 02:13:55.433  4824  4854 I appium  : FindElement command
04-26 02:13:55.435  4824  4854 I appium  : method: 'id', selector: 'ru.otus.wishlist:id/title', contextId: '00000000-0000-0f29-ffff-ffff000000b8'
04-26 02:13:55.437  4824  4854 D UiObject2: Retrieving node with selector: BySelector [RES='\Qru.otus.wishlist:id/title\E'].
04-26 02:13:55.439  4824  4854 I appium  : AppiumResponse: {"sessionId":"8fd92bff-1cf9-4975-875f-0b8fb035e5da","value":{"ELEMENT":"00000000-0000-0f29-ffff-ffff000000b9","element-6066-11e4-a52e-4f735466cecf":"00000000-0000-0f29-ffff-ffff000000b9"}}
04-26 02:13:55.446  4824  4854 I appium  : channel read: GET /session/8fd92bff-1cf9-4975-875f-0b8fb035e5da/element/00000000-0000-0f29-ffff-ffff000000b9/attribute/displayed
04-26 02:13:55.447  4824  4854 I appium  : GetElementAttribute command
04-26 02:13:55.450  4824  4854 I appium  : AppiumResponse: {"sessionId":"8fd92bff-1cf9-4975-875f-0b8fb035e5da","value":"true"}
04-26 02:13:55.456  4824  4854 I appium  : channel read: POST /session/8fd92bff-1cf9-4975-875f-0b8fb035e5da/element
04-26 02:13:55.457  4824  4854 I appium  : FindElement command
04-26 02:13:55.458  4824  4854 I appium  : method: 'id', selector: 'ru.otus.wishlist:id/wishlists'
04-26 02:13:55.459  4824  4854 I appium  : Waiting up to 10000ms for the device to idle
04-26 02:13:55.466  4824  4854 I appium  : AppiumResponse: {"sessionId":"8fd92bff-1cf9-4975-875f-0b8fb035e5da","value":{"ELEMENT":"00000000-0000-0f29-ffff-ffff000000b0","element-6066-11e4-a52e-4f735466cecf":"00000000-0000-0f29-ffff-ffff000000b0"}}
04-26 02:13:55.473  4824  4854 I appium  : channel read: POST /session/8fd92bff-1cf9-4975-875f-0b8fb035e5da/element
04-26 02:13:55.474  4824  4854 I appium  : FindElement command
04-26 02:13:55.474  4824  4854 I appium  : method: 'id', selector: 'ru.otus.wishlist:id/wishlist_item', contextId: '00000000-0000-0f29-ffff-ffff000000b0'
04-26 02:13:55.476  4824  4854 D UiObject2: Retrieving node with selector: BySelector [RES='\Qru.otus.wishlist:id/wishlist_item\E'].
04-26 02:13:55.478  4824  4854 I appium  : AppiumResponse: {"sessionId":"8fd92bff-1cf9-4975-875f-0b8fb035e5da","value":{"ELEMENT":"00000000-0000-0f29-ffff-ffff000000b8","element-6066-11e4-a52e-4f735466cecf":"00000000-0000-0f29-ffff-ffff000000b8"}}
04-26 02:13:55.485  4824  4854 I appium  : channel read: POST /session/8fd92bff-1cf9-4975-875f-0b8fb035e5da/element
04-26 02:13:55.486  4824  4854 I appium  : FindElement command
04-26 02:13:55.486  4824  4854 I appium  : method: 'id', selector: 'ru.otus.wishlist:id/title', contextId: '00000000-0000-0f29-ffff-ffff000000b8'
04-26 02:13:55.488  4824  4854 D UiObject2: Retrieving node with selector: BySelector [RES='\Qru.otus.wishlist:id/title\E'].
04-26 02:13:55.491  4824  4854 I appium  : AppiumResponse: {"sessionId":"8fd92bff-1cf9-4975-875f-0b8fb035e5da","value":{"ELEMENT":"00000000-0000-0f29-ffff-ffff000000b9","element-6066-11e4-a52e-4f735466cecf":"00000000-0000-0f29-ffff-ffff000000b9"}}
04-26 02:13:55.498  4824  4854 I appium  : channel read: GET /session/8fd92bff-1cf9-4975-875f-0b8fb035e5da/element/00000000-0000-0f29-ffff-ffff000000b9/attribute/displayed
04-26 02:13:55.498  4824  4854 I appium  : GetElementAttribute command
04-26 02:13:55.502  4824  4854 I appium  : AppiumResponse: {"sessionId":"8fd92bff-1cf9-4975-875f-0b8fb035e5da","value":"true"}
04-26 02:13:55.509  4824  4854 I appium  : channel read: POST /session/8fd92bff-1cf9-4975-875f-0b8fb035e5da/element/00000000-0000-0f29-ffff-ffff000000b9/click
04-26 02:13:55.509  4824  4854 I appium  : Click command
04-26 02:13:55.557  4824  4854 W GestureController: Gestures took longer than expected (44ms >> 16ms), device might be in a busy state.
04-26 02:13:55.557  4824  4854 I appium  : Waiting up to 10000ms for the device to idle
04-26 02:13:55.559  4824  4854 I appium  : AppiumResponse: {"sessionId":"8fd92bff-1cf9-4975-875f-0b8fb035e5da","value":null}
04-26 02:13:55.567  4824  4854 I appium  : channel read: POST /session/8fd92bff-1cf9-4975-875f-0b8fb035e5da/element
04-26 02:13:55.567  4824  4854 I appium  : FindElement command
04-26 02:13:55.568  4824  4854 I appium  : method: 'id', selector: 'ru.otus.wishlist:id/gifts'
04-26 02:13:55.568  4824  4854 I appium  : Waiting up to 10000ms for the device to idle
04-26 02:13:55.633  4824  4854 I appium  : AppiumResponse: {"sessionId":"8fd92bff-1cf9-4975-875f-0b8fb035e5da","value":{"ELEMENT":"00000000-0000-0f29-ffff-ffff000000ca","element-6066-11e4-a52e-4f735466cecf":"00000000-0000-0f29-ffff-ffff000000ca"}}
04-26 02:13:55.640  4824  4854 I appium  : channel read: POST /session/8fd92bff-1cf9-4975-875f-0b8fb035e5da/element
04-26 02:13:55.641  4824  4854 I appium  : FindElement command
04-26 02:13:55.643  4824  4854 I appium  : method: 'id', selector: 'ru.otus.wishlist:id/gift_item', contextId: '00000000-0000-0f29-ffff-ffff000000ca'
04-26 02:13:56.095 12833 12920 D EGL_emulation: app_time_stats: avg=105.44ms min=2.25ms max=2011.62ms count=20
04-26 02:13:56.226  4824  4854 D UiObject2: Retrieving node with selector: BySelector [RES='\Qru.otus.wishlist:id/gift_item\E'].
04-26 02:13:56.233  4824  4854 I appium  : AppiumResponse: {"sessionId":"8fd92bff-1cf9-4975-875f-0b8fb035e5da","value":{"ELEMENT":"00000000-0000-0f29-ffff-ffff000000d2","element-6066-11e4-a52e-4f735466cecf":"00000000-0000-0f29-ffff-ffff000000d2"}}
04-26 02:13:56.241  4824  4854 I appium  : channel read: GET /session/8fd92bff-1cf9-4975-875f-0b8fb035e5da/element/00000000-0000-0f29-ffff-ffff000000d2/attribute/displayed
04-26 02:13:56.242  4824  4854 I appium  : GetElementAttribute command
04-26 02:13:56.245  4824  4854 I appium  : AppiumResponse: {"sessionId":"8fd92bff-1cf9-4975-875f-0b8fb035e5da","value":"true"}
04-26 02:13:56.255  4824  4854 I appium  : channel read: POST /session/8fd92bff-1cf9-4975-875f-0b8fb035e5da/element
04-26 02:13:56.255  4824  4854 I appium  : FindElement command
04-26 02:13:56.256  4824  4854 I appium  : method: 'id', selector: 'ru.otus.wishlist:id/gifts'
04-26 02:13:56.257  4824  4854 I appium  : Waiting up to 10000ms for the device to idle
04-26 02:13:56.262  4824  4854 I appium  : AppiumResponse: {"sessionId":"8fd92bff-1cf9-4975-875f-0b8fb035e5da","value":{"ELEMENT":"00000000-0000-0f29-ffff-ffff000000ca","element-6066-11e4-a52e-4f735466cecf":"00000000-0000-0f29-ffff-ffff000000ca"}}
04-26 02:13:56.271  4824  4854 I appium  : channel read: POST /session/8fd92bff-1cf9-4975-875f-0b8fb035e5da/element
04-26 02:13:56.272  4824  4854 I appium  : FindElement command
04-26 02:13:56.274  4824  4854 I appium  : method: 'id', selector: 'ru.otus.wishlist:id/gift_item', contextId: '00000000-0000-0f29-ffff-ffff000000ca'
04-26 02:13:56.276  4824  4854 D UiObject2: Retrieving node with selector: BySelector [RES='\Qru.otus.wishlist:id/gift_item\E'].
04-26 02:13:56.278  4824  4854 I appium  : AppiumResponse: {"sessionId":"8fd92bff-1cf9-4975-875f-0b8fb035e5da","value":{"ELEMENT":"00000000-0000-0f29-ffff-ffff000000d2","element-6066-11e4-a52e-4f735466cecf":"00000000-0000-0f29-ffff-ffff000000d2"}}
04-26 02:13:56.289  4824  4854 I appium  : channel read: POST /session/8fd92bff-1cf9-4975-875f-0b8fb035e5da/element
04-26 02:13:56.289  4824  4854 I appium  : FindElement command
04-26 02:13:56.290  4824  4854 I appium  : method: 'id', selector: 'ru.otus.wishlist:id/reserved', contextId: '00000000-0000-0f29-ffff-ffff000000d2'
04-26 02:13:56.293  4824  4854 D UiObject2: Retrieving node with selector: BySelector [RES='\Qru.otus.wishlist:id/reserved\E'].
04-26 02:13:56.295  4824  4854 I appium  : AppiumResponse: {"sessionId":"8fd92bff-1cf9-4975-875f-0b8fb035e5da","value":{"ELEMENT":"00000000-0000-0f29-ffff-ffff000000de","element-6066-11e4-a52e-4f735466cecf":"00000000-0000-0f29-ffff-ffff000000de"}}
04-26 02:13:56.306  4824  4854 I appium  : channel read: GET /session/8fd92bff-1cf9-4975-875f-0b8fb035e5da/element/00000000-0000-0f29-ffff-ffff000000de/attribute/displayed
04-26 02:13:56.307  4824  4854 I appium  : GetElementAttribute command
04-26 02:13:56.310  4824  4854 I appium  : AppiumResponse: {"sessionId":"8fd92bff-1cf9-4975-875f-0b8fb035e5da","value":"true"}
04-26 02:13:56.318 12660 12960 W InputManager-JNI: Input channel object '62c3eab Toast (client)' was disposed without first being removed with the input manager!
04-26 02:13:56.320  4824  4854 I appium  : channel read: POST /session/8fd92bff-1cf9-4975-875f-0b8fb035e5da/element
04-26 02:13:56.321  4824  4854 I appium  : FindElement command
04-26 02:13:56.322  4824  4854 I appium  : method: 'id', selector: 'ru.otus.wishlist:id/gifts'
04-26 02:13:56.322  4824  4854 I appium  : Waiting up to 10000ms for the device to idle
04-26 02:13:56.324 12660 12984 W NotificationService: Toast already killed. pkg=ru.otus.wishlist token=android.os.BinderProxy@e98b438
04-26 02:13:56.341  4824  4854 I appium  : AppiumResponse: {"sessionId":"8fd92bff-1cf9-4975-875f-0b8fb035e5da","value":{"ELEMENT":"00000000-0000-0f29-ffff-ffff000000ca","element-6066-11e4-a52e-4f735466cecf":"00000000-0000-0f29-ffff-ffff000000ca"}}
04-26 02:13:56.348  4824  4854 I appium  : channel read: POST /session/8fd92bff-1cf9-4975-875f-0b8fb035e5da/element
04-26 02:13:56.349  4824  4854 I appium  : FindElement command
04-26 02:13:56.350  4824  4854 I appium  : method: 'id', selector: 'ru.otus.wishlist:id/gift_item', contextId: '00000000-0000-0f29-ffff-ffff000000ca'
04-26 02:13:56.353  4824  4854 D UiObject2: Retrieving node with selector: BySelector [RES='\Qru.otus.wishlist:id/gift_item\E'].
04-26 02:13:56.355  4824  4854 I appium  : AppiumResponse: {"sessionId":"8fd92bff-1cf9-4975-875f-0b8fb035e5da","value":{"ELEMENT":"00000000-0000-0f29-ffff-ffff000000d2","element-6066-11e4-a52e-4f735466cecf":"00000000-0000-0f29-ffff-ffff000000d2"}}
04-26 02:13:56.361  4824  4854 I appium  : channel read: POST /session/8fd92bff-1cf9-4975-875f-0b8fb035e5da/element
04-26 02:13:56.362  4824  4854 I appium  : FindElement command
04-26 02:13:56.363  4824  4854 I appium  : method: 'id', selector: 'ru.otus.wishlist:id/reserved', contextId: '00000000-0000-0f29-ffff-ffff000000d2'
04-26 02:13:56.365  4824  4854 D UiObject2: Retrieving node with selector: BySelector [RES='\Qru.otus.wishlist:id/reserved\E'].
04-26 02:13:56.368  4824  4854 I appium  : AppiumResponse: {"sessionId":"8fd92bff-1cf9-4975-875f-0b8fb035e5da","value":{"ELEMENT":"00000000-0000-0f29-ffff-ffff000000de","element-6066-11e4-a52e-4f735466cecf":"00000000-0000-0f29-ffff-ffff000000de"}}
04-26 02:13:56.373  4824  4854 I appium  : channel read: GET /session/8fd92bff-1cf9-4975-875f-0b8fb035e5da/element/00000000-0000-0f29-ffff-ffff000000de/attribute/displayed
04-26 02:13:56.374  4824  4854 I appium  : GetElementAttribute command
04-26 02:13:56.378  4824  4854 I appium  : AppiumResponse: {"sessionId":"8fd92bff-1cf9-4975-875f-0b8fb035e5da","value":"true"}
04-26 02:13:56.384  4824  4854 I appium  : channel read: POST /session/8fd92bff-1cf9-4975-875f-0b8fb035e5da/element/00000000-0000-0f29-ffff-ffff000000de/click
04-26 02:13:56.384  4824  4854 I appium  : Click command
04-26 02:13:56.417  4866  4885 D EGL_emulation: app_time_stats: avg=197.66ms min=2.44ms max=876.14ms count=8
04-26 02:13:56.421  4824  4854 W GestureController: Gestures took longer than expected (33ms >> 16ms), device might be in a busy state.
04-26 02:13:56.422  4824  4854 I appium  : Waiting up to 10000ms for the device to idle
04-26 02:13:56.491 12833 12833 W ziparchive: Unable to open '/data/app/~~E7HUVOVE1_qGCqO9F55iMw==/ru.otus.wishlist-KvzObjiROZidZodhEA4kDA==/base.apk': No such file or directory
04-26 02:13:56.491 12833 12833 E ndroid.systemu: Failed to open APK '/data/app/~~E7HUVOVE1_qGCqO9F55iMw==/ru.otus.wishlist-KvzObjiROZidZodhEA4kDA==/base.apk': I/O error
04-26 02:13:56.492 12833 12833 W ResourcesManager: failed to preload asset path '/data/app/~~E7HUVOVE1_qGCqO9F55iMw==/ru.otus.wishlist-KvzObjiROZidZodhEA4kDA==/base.apk'
04-26 02:13:56.492 12833 12833 W ResourcesManager: java.io.IOException: Failed to load asset path /data/app/~~E7HUVOVE1_qGCqO9F55iMw==/ru.otus.wishlist-KvzObjiROZidZodhEA4kDA==/base.apk
04-26 02:13:56.492 12833 12833 W ResourcesManager: 	at android.content.res.ApkAssets.nativeLoad(Native Method)
04-26 02:13:56.492 12833 12833 W ResourcesManager: 	at android.content.res.ApkAssets.<init>(ApkAssets.java:295)
04-26 02:13:56.492 12833 12833 W ResourcesManager: 	at android.content.res.ApkAssets.loadFromPath(ApkAssets.java:144)
04-26 02:13:56.492 12833 12833 W ResourcesManager: 	at android.app.ResourcesManager.loadApkAssets(ResourcesManager.java:454)
04-26 02:13:56.492 12833 12833 W ResourcesManager: 	at android.app.ResourcesManager.access$000(ResourcesManager.java:72)
04-26 02:13:56.492 12833 12833 W ResourcesManager: 	at android.app.ResourcesManager$ApkAssetsSupplier.load(ResourcesManager.java:168)
04-26 02:13:56.492 12833 12833 W ResourcesManager: 	at android.app.ResourcesManager.createApkAssetsSupplierNotLocked(ResourcesManager.java:980)
04-26 02:13:56.492 12833 12833 W ResourcesManager: 	at android.app.ResourcesManager.getResources(ResourcesManager.java:1101)
04-26 02:13:56.492 12833 12833 W ResourcesManager: 	at android.app.ActivityThread.getTopLevelResources(ActivityThread.java:2372)
04-26 02:13:56.492 12833 12833 W ResourcesManager: 	at android.app.ApplicationPackageManager.getResourcesForApplication(ApplicationPackageManager.java:1751)
04-26 02:13:56.492 12833 12833 W ResourcesManager: 	at android.app.ApplicationPackageManager.getResourcesForApplication(ApplicationPackageManager.java:1737)
04-26 02:13:56.492 12833 12833 W ResourcesManager: 	at android.app.ApplicationPackageManager.getDrawable(ApplicationPackageManager.java:1506)
04-26 02:13:56.492 12833 12833 W ResourcesManager: 	at android.app.ApplicationPackageManager.loadUnbadgedItemIcon(ApplicationPackageManager.java:3029)
04-26 02:13:56.492 12833 12833 W ResourcesManager: 	at android.content.pm.PackageItemInfo.loadUnbadgedIcon(PackageItemInfo.java:290)
04-26 02:13:56.492 12833 12833 W ResourcesManager: 	at com.android.systemui.toast.SystemUIToast.getBadgedIcon(SystemUIToast.java:284)
04-26 02:13:56.492 12833 12833 W ResourcesManager: 	at com.android.systemui.toast.SystemUIToast.inflateToastView(SystemUIToast.java:198)
04-26 02:13:56.492 12833 12833 W ResourcesManager: 	at com.android.systemui.toast.SystemUIToast.<init>(SystemUIToast.java:90)
04-26 02:13:56.492 12833 12833 W ResourcesManager: 	at com.android.systemui.toast.SystemUIToast.<init>(SystemUIToast.java:77)
04-26 02:13:56.492 12833 12833 W ResourcesManager: 	at com.android.systemui.toast.ToastFactory.createToast(ToastFactory.java:78)
04-26 02:13:56.492 12833 12833 W ResourcesManager: 	at com.android.systemui.toast.ToastUI.lambda$showToast$0(ToastUI.java:113)
04-26 02:13:56.492 12833 12833 W ResourcesManager: 	at com.android.systemui.toast.ToastUI.$r8$lambda$w_gPCh3F8Xxn1jN4lkQZoUci71c(Unknown Source:0)
04-26 02:13:56.492 12833 12833 W ResourcesManager: 	at com.android.systemui.toast.ToastUI$$ExternalSyntheticLambda0.run(Unknown Source:16)
04-26 02:13:56.492 12833 12833 W ResourcesManager: 	at com.android.systemui.toast.ToastUI.showToast(ToastUI.java:140)
04-26 02:13:56.492 12833 12833 W ResourcesManager: 	at com.android.systemui.statusbar.CommandQueue$H.handleMessage(CommandQueue.java:1431)
04-26 02:13:56.492 12833 12833 W ResourcesManager: 	at android.os.Handler.dispatchMessage(Handler.java:106)
04-26 02:13:56.492 12833 12833 W ResourcesManager: 	at android.os.Looper.loopOnce(Looper.java:201)
04-26 02:13:56.492 12833 12833 W ResourcesManager: 	at android.os.Looper.loop(Looper.java:288)
04-26 02:13:56.492 12833 12833 W ResourcesManager: 	at android.app.ActivityThread.main(ActivityThread.java:7839)
04-26 02:13:56.492 12833 12833 W ResourcesManager: 	at java.lang.reflect.Method.invoke(Native Method)
04-26 02:13:56.492 12833 12833 W ResourcesManager: 	at com.android.internal.os.RuntimeInit$MethodAndArgsCaller.run(RuntimeInit.java:548)
04-26 02:13:56.492 12833 12833 W ResourcesManager: 	at com.android.internal.os.ZygoteInit.main(ZygoteInit.java:1003)
04-26 02:13:56.494 12833 12833 W ziparchive: Unable to open '/data/app/~~E7HUVOVE1_qGCqO9F55iMw==/ru.otus.wishlist-KvzObjiROZidZodhEA4kDA==/base.apk': No such file or directory
04-26 02:13:56.495 12833 12833 E ndroid.systemu: Failed to open APK '/data/app/~~E7HUVOVE1_qGCqO9F55iMw==/ru.otus.wishlist-KvzObjiROZidZodhEA4kDA==/base.apk': I/O error
04-26 02:13:56.496 12833 12833 E ResourcesManager: failed to add asset path '/data/app/~~E7HUVOVE1_qGCqO9F55iMw==/ru.otus.wishlist-KvzObjiROZidZodhEA4kDA==/base.apk'
04-26 02:13:56.496 12833 12833 E ResourcesManager: java.io.IOException: Failed to load asset path /data/app/~~E7HUVOVE1_qGCqO9F55iMw==/ru.otus.wishlist-KvzObjiROZidZodhEA4kDA==/base.apk
04-26 02:13:56.496 12833 12833 E ResourcesManager: 	at android.content.res.ApkAssets.nativeLoad(Native Method)
04-26 02:13:56.496 12833 12833 E ResourcesManager: 	at android.content.res.ApkAssets.<init>(ApkAssets.java:295)
04-26 02:13:56.496 12833 12833 E ResourcesManager: 	at android.content.res.ApkAssets.loadFromPath(ApkAssets.java:144)
04-26 02:13:56.496 12833 12833 E ResourcesManager: 	at android.app.ResourcesManager.loadApkAssets(ResourcesManager.java:454)
04-26 02:13:56.496 12833 12833 E ResourcesManager: 	at android.app.ResourcesManager.access$000(ResourcesManager.java:72)
04-26 02:13:56.496 12833 12833 E ResourcesManager: 	at android.app.ResourcesManager$ApkAssetsSupplier.load(ResourcesManager.java:168)
04-26 02:13:56.496 12833 12833 E ResourcesManager: 	at android.app.ResourcesManager.createAssetManager(ResourcesManager.java:530)
04-26 02:13:56.496 12833 12833 E ResourcesManager: 	at android.app.ResourcesManager.createResourcesImpl(ResourcesManager.java:612)
04-26 02:13:56.496 12833 12833 E ResourcesManager: 	at android.app.ResourcesManager.findOrCreateResourcesImplForKeyLocked(ResourcesManager.java:664)
04-26 02:13:56.496 12833 12833 E ResourcesManager: 	at android.app.ResourcesManager.createResources(ResourcesManager.java:1011)
04-26 02:13:56.496 12833 12833 E ResourcesManager: 	at android.app.ResourcesManager.getResources(ResourcesManager.java:1114)
04-26 02:13:56.496 12833 12833 E ResourcesManager: 	at android.app.ActivityThread.getTopLevelResources(ActivityThread.java:2372)
04-26 02:13:56.496 12833 12833 E ResourcesManager: 	at android.app.ApplicationPackageManager.getResourcesForApplication(ApplicationPackageManager.java:1751)
04-26 02:13:56.496 12833 12833 E ResourcesManager: 	at android.app.ApplicationPackageManager.getResourcesForApplication(ApplicationPackageManager.java:1737)
04-26 02:13:56.496 12833 12833 E ResourcesManager: 	at android.app.ApplicationPackageManager.getDrawable(ApplicationPackageManager.java:1506)
04-26 02:13:56.496 12833 12833 E ResourcesManager: 	at android.app.ApplicationPackageManager.loadUnbadgedItemIcon(ApplicationPackageManager.java:3029)
04-26 02:13:56.496 12833 12833 E ResourcesManager: 	at android.content.pm.PackageItemInfo.loadUnbadgedIcon(PackageItemInfo.java:290)
04-26 02:13:56.496 12833 12833 E ResourcesManager: 	at com.android.systemui.toast.SystemUIToast.getBadgedIcon(SystemUIToast.java:284)
04-26 02:13:56.496 12833 12833 E ResourcesManager: 	at com.android.systemui.toast.SystemUIToast.inflateToastView(SystemUIToast.java:198)
04-26 02:13:56.496 12833 12833 E ResourcesManager: 	at com.android.systemui.toast.SystemUIToast.<init>(SystemUIToast.java:90)
04-26 02:13:56.496 12833 12833 E ResourcesManager: 	at com.android.systemui.toast.SystemUIToast.<init>(SystemUIToast.java:77)
04-26 02:13:56.496 12833 12833 E ResourcesManager: 	at com.android.systemui.toast.ToastFactory.createToast(ToastFactory.java:78)
04-26 02:13:56.496 12833 12833 E ResourcesManager: 	at com.android.systemui.toast.ToastUI.lambda$showToast$0(ToastUI.java:113)
04-26 02:13:56.496 12833 12833 E ResourcesManager: 	at com.android.systemui.toast.ToastUI.$r8$lambda$w_gPCh3F8Xxn1jN4lkQZoUci71c(Unknown Source:0)
04-26 02:13:56.496 12833 12833 E ResourcesManager: 	at com.android.systemui.toast.ToastUI$$ExternalSyntheticLambda0.run(Unknown Source:16)
04-26 02:13:56.496 12833 12833 E ResourcesManager: 	at com.android.systemui.toast.ToastUI.showToast(ToastUI.java:140)
04-26 02:13:56.496 12833 12833 E ResourcesManager: 	at com.android.systemui.statusbar.CommandQueue$H.handleMessage(CommandQueue.java:1431)
04-26 02:13:56.496 12833 12833 E ResourcesManager: 	at android.os.Handler.dispatchMessage(Handler.java:106)
04-26 02:13:56.496 12833 12833 E ResourcesManager: 	at android.os.Looper.loopOnce(Looper.java:201)
04-26 02:13:56.496 12833 12833 E ResourcesManager: 	at android.os.Looper.loop(Looper.java:288)
04-26 02:13:56.496 12833 12833 E ResourcesManager: 	at android.app.ActivityThread.main(ActivityThread.java:7839)
04-26 02:13:56.496 12833 12833 E ResourcesManager: 	at java.lang.reflect.Method.invoke(Native Method)
04-26 02:13:56.496 12833 12833 E ResourcesManager: 	at com.android.internal.os.RuntimeInit$MethodAndArgsCaller.run(RuntimeInit.java:548)
04-26 02:13:56.496 12833 12833 E ResourcesManager: 	at com.android.internal.os.ZygoteInit.main(ZygoteInit.java:1003)
04-26 02:13:56.496 12833 12833 W PackageManager: Failure retrieving resources for ru.otus.wishlist
04-26 02:13:56.520   371   371 D goldfish-address-space: claimShared: Ask to claim region [0x3f1cec000 0x3f1d4a000]
04-26 02:13:56.541   371   371 D goldfish-address-space: claimShared: Ask to claim region [0x3f1d4a000 0x3f1da8000]
04-26 02:13:56.550   371   371 D goldfish-address-space: claimShared: Ask to claim region [0x3f1da8000 0x3f1e06000]
04-26 02:13:57.019  4824  4854 I appium  : AppiumResponse: {"sessionId":"8fd92bff-1cf9-4975-875f-0b8fb035e5da","value":null}
04-26 02:13:57.027  4824  4854 I appium  : channel read: POST /session/8fd92bff-1cf9-4975-875f-0b8fb035e5da/element
04-26 02:13:57.027  4824  4854 I appium  : FindElement command
04-26 02:13:57.029  4824  4854 I appium  : method: 'id', selector: 'ru.otus.wishlist:id/gifts'
04-26 02:13:57.029  4824  4854 I appium  : Waiting up to 10000ms for the device to idle
04-26 02:13:57.039  4824  4854 I appium  : AppiumResponse: {"sessionId":"8fd92bff-1cf9-4975-875f-0b8fb035e5da","value":{"ELEMENT":"00000000-0000-0f29-ffff-ffff000000ca","element-6066-11e4-a52e-4f735466cecf":"00000000-0000-0f29-ffff-ffff000000ca"}}
04-26 02:13:57.046  4824  4854 I appium  : channel read: POST /session/8fd92bff-1cf9-4975-875f-0b8fb035e5da/element
04-26 02:13:57.047  4824  4854 I appium  : FindElement command
04-26 02:13:57.048  4824  4854 I appium  : method: 'id', selector: 'ru.otus.wishlist:id/gift_item', contextId: '00000000-0000-0f29-ffff-ffff000000ca'
04-26 02:13:57.052  4824  4854 D UiObject2: Retrieving node with selector: BySelector [RES='\Qru.otus.wishlist:id/gift_item\E'].
04-26 02:13:57.055  4824  4854 I appium  : AppiumResponse: {"sessionId":"8fd92bff-1cf9-4975-875f-0b8fb035e5da","value":{"ELEMENT":"00000000-0000-0f29-ffff-ffff000000d2","element-6066-11e4-a52e-4f735466cecf":"00000000-0000-0f29-ffff-ffff000000d2"}}
04-26 02:13:57.061  4824  4854 I appium  : channel read: GET /session/8fd92bff-1cf9-4975-875f-0b8fb035e5da/element/00000000-0000-0f29-ffff-ffff000000d2/attribute/displayed
04-26 02:13:57.061  4824  4854 I appium  : GetElementAttribute command
04-26 02:13:57.068  4824  4854 I appium  : AppiumResponse: {"sessionId":"8fd92bff-1cf9-4975-875f-0b8fb035e5da","value":"true"}
04-26 02:13:57.075  4824  4854 I appium  : channel read: POST /session/8fd92bff-1cf9-4975-875f-0b8fb035e5da/element
04-26 02:13:57.076  4824  4854 I appium  : FindElement command
04-26 02:13:57.076  4824  4854 I appium  : method: 'id', selector: 'ru.otus.wishlist:id/gifts'
04-26 02:13:57.076  4824  4854 I appium  : Waiting up to 10000ms for the device to idle
04-26 02:13:57.089  4824  4854 I appium  : AppiumResponse: {"sessionId":"8fd92bff-1cf9-4975-875f-0b8fb035e5da","value":{"ELEMENT":"00000000-0000-0f29-ffff-ffff000000ca","element-6066-11e4-a52e-4f735466cecf":"00000000-0000-0f29-ffff-ffff000000ca"}}
04-26 02:13:57.095  4824  4854 I appium  : channel read: POST /session/8fd92bff-1cf9-4975-875f-0b8fb035e5da/element
04-26 02:13:57.096  4824  4854 I appium  : FindElement command
04-26 02:13:57.096  4824  4854 I appium  : method: 'id', selector: 'ru.otus.wishlist:id/gift_item', contextId: '00000000-0000-0f29-ffff-ffff000000ca'
04-26 02:13:57.101  4824  4854 D UiObject2: Retrieving node with selector: BySelector [RES='\Qru.otus.wishlist:id/gift_item\E'].
04-26 02:13:57.105  4824  4854 I appium  : AppiumResponse: {"sessionId":"8fd92bff-1cf9-4975-875f-0b8fb035e5da","value":{"ELEMENT":"00000000-0000-0f29-ffff-ffff000000d2","element-6066-11e4-a52e-4f735466cecf":"00000000-0000-0f29-ffff-ffff000000d2"}}
04-26 02:13:57.111  4824  4854 I appium  : channel read: POST /session/8fd92bff-1cf9-4975-875f-0b8fb035e5da/element
04-26 02:13:57.111  4824  4854 I appium  : FindElement command
04-26 02:13:57.112  4824  4854 I appium  : method: 'id', selector: 'ru.otus.wishlist:id/reserved', contextId: '00000000-0000-0f29-ffff-ffff000000d2'
04-26 02:13:57.117  4824  4854 D UiObject2: Retrieving node with selector: BySelector [RES='\Qru.otus.wishlist:id/reserved\E'].
04-26 02:13:57.121  4824  4854 I appium  : AppiumResponse: {"sessionId":"8fd92bff-1cf9-4975-875f-0b8fb035e5da","value":{"ELEMENT":"00000000-0000-0f29-ffff-ffff000000de","element-6066-11e4-a52e-4f735466cecf":"00000000-0000-0f29-ffff-ffff000000de"}}
04-26 02:13:57.128  4824  4854 I appium  : channel read: GET /session/8fd92bff-1cf9-4975-875f-0b8fb035e5da/element/00000000-0000-0f29-ffff-ffff000000de/attribute/displayed
04-26 02:13:57.129  4824  4854 I appium  : GetElementAttribute command
04-26 02:13:57.133  4824  4854 I appium  : AppiumResponse: {"sessionId":"8fd92bff-1cf9-4975-875f-0b8fb035e5da","value":"true"}
04-26 02:13:57.141  4824  4854 I appium  : channel read: POST /session/8fd92bff-1cf9-4975-875f-0b8fb035e5da/element
04-26 02:13:57.142  4824  4854 I appium  : FindElement command
04-26 02:13:57.144  4824  4854 I appium  : method: 'id', selector: 'ru.otus.wishlist:id/gifts'
04-26 02:13:57.145  4824  4854 I appium  : Waiting up to 10000ms for the device to idle
04-26 02:13:57.151  4824  4854 I appium  : AppiumResponse: {"sessionId":"8fd92bff-1cf9-4975-875f-0b8fb035e5da","value":{"ELEMENT":"00000000-0000-0f29-ffff-ffff000000ca","element-6066-11e4-a52e-4f735466cecf":"00000000-0000-0f29-ffff-ffff000000ca"}}
04-26 02:13:57.158  4824  4854 I appium  : channel read: POST /session/8fd92bff-1cf9-4975-875f-0b8fb035e5da/element
04-26 02:13:57.159  4824  4854 I appium  : FindElement command
04-26 02:13:57.160  4824  4854 I appium  : method: 'id', selector: 'ru.otus.wishlist:id/gift_item', contextId: '00000000-0000-0f29-ffff-ffff000000ca'
04-26 02:13:57.163  4824  4854 D UiObject2: Retrieving node with selector: BySelector [RES='\Qru.otus.wishlist:id/gift_item\E'].
04-26 02:13:57.165  4824  4854 I appium  : AppiumResponse: {"sessionId":"8fd92bff-1cf9-4975-875f-0b8fb035e5da","value":{"ELEMENT":"00000000-0000-0f29-ffff-ffff000000d2","element-6066-11e4-a52e-4f735466cecf":"00000000-0000-0f29-ffff-ffff000000d2"}}
04-26 02:13:57.173  4824  4854 I appium  : channel read: POST /session/8fd92bff-1cf9-4975-875f-0b8fb035e5da/element
04-26 02:13:57.173  4824  4854 I appium  : FindElement command
04-26 02:13:57.174  4824  4854 I appium  : method: 'id', selector: 'ru.otus.wishlist:id/reserved', contextId: '00000000-0000-0f29-ffff-ffff000000d2'
04-26 02:13:57.177  4824  4854 D UiObject2: Retrieving node with selector: BySelector [RES='\Qru.otus.wishlist:id/reserved\E'].
04-26 02:13:57.179  4824  4854 I appium  : AppiumResponse: {"sessionId":"8fd92bff-1cf9-4975-875f-0b8fb035e5da","value":{"ELEMENT":"00000000-0000-0f29-ffff-ffff000000de","element-6066-11e4-a52e-4f735466cecf":"00000000-0000-0f29-ffff-ffff000000de"}}
04-26 02:13:57.187  4824  4854 I appium  : channel read: GET /session/8fd92bff-1cf9-4975-875f-0b8fb035e5da/element/00000000-0000-0f29-ffff-ffff000000de/attribute/checked
04-26 02:13:57.187  4824  4854 I appium  : GetElementAttribute command
04-26 02:13:57.192  4824  4854 I appium  : AppiumResponse: {"sessionId":"8fd92bff-1cf9-4975-875f-0b8fb035e5da","value":"true"}
04-26 02:13:57.217     0     0 I logd    : logdr: UID=2000 GID=2000 PID=4915 n tail=0 logMask=99 pid=0 start=0ns deadline=0ns
