04-26 02:13:47.456  4824  4854 I appium  : AppiumResponse: {"sessionId":"8fd92bff-1cf9-4975-875f-0b8fb035e5da","value":{"ELEMENT":"00000000-0000-0f29-ffff-ffff0000002a","element-6066-11e4-a52e-4f735466cecf":"00000000-0000-0f29-ffff-ffff0000002a"}}
04-26 02:13:47.463  4824  4854 I appium  : channel read: GET /session/8fd92bff-1cf9-4975-875f-0b8fb035e5da/element/00000000-0000-0f29-ffff-ffff0000002a/attribute/displayed
04-26 02:13:47.463  4824  4854 I appium  : GetElementAttribute command
04-26 02:13:47.467  4824  4854 I appium  : AppiumResponse: {"sessionId":"8fd92bff-1cf9-4975-875f-0b8fb035e5da","value":"true"}
04-26 02:13:47.474  4824  4854 I appium  : channel read: POST /session/8fd92bff-1cf9-4975-875f-0b8fb035e5da/element/00000000-0000-0f29-ffff-ffff0000002a/click
04-26 02:13:47.474  4824  4854 I appium  : Click command
04-26 02:13:47.524  4824  4854 W GestureController: Gestures took longer than expected (46ms >> 16ms), device might be in a busy state.
04-26 02:13:47.525  4824  4854 I appium  : Waiting up to 10000ms for the device to idle
04-26 02:13:47.526  4824  4854 I appium  : AppiumResponse: {"sessionId":"8fd92bff-1cf9-4975-875f-0b8fb035e5da","value":null}
04-26 02:13:47.589 12592  4904 D resolv  : GetAddrInfoHandler::run: {103 103 103 983143 10151 0}
04-26 02:13:47.589 12592  4904 D resolv  : resolv_getaddrinfo: explore_fqdn(): ai_family=0 ai_socktype=1 ai_protocol=6
04-26 02:13:47.589 12592  4906 D resolv  : doQuery: (1, 1)
04-26 02:13:47.589 12592  4905 D resolv  : doQuery: (1, 28)
04-26 02:13:47.589 12592  4906 D resolv  : res_nmkquery: (QUERY, IN, A)
04-26 02:13:47.589 12592  4905 D resolv  : res_nmkquery: (QUERY, IN, AAAA)
04-26 02:13:47.589 12592  4906 D resolv  : res_nsend
04-26 02:13:47.589 12592  4905 D resolv  : res_nsend
04-26 02:13:47.590 12592  4906 I resolv  : resolv_cache_lookup: lookup
04-26 02:13:47.590 12592  4905 I resolv  : resolv_cache_lookup: lookup
04-26 02:13:47.590 12592  4906 I resolv  : resolv_cache_lookup: FOUND IN CACHE entry=0x790027b561d0
04-26 02:13:47.590 12592  4906 D resolv  : doQuery: rcode=0, ancount=1
04-26 02:13:47.590 12592  4905 I resolv  : resolv_cache_lookup: NOT IN CACHE (STALE ENTRY 0x790037b51b50DISCARDED)
04-26 02:13:47.590 12592  4905 I resolv  : _cache_remove_p: entry 467 removed (count=33)
04-26 02:13:47.590 12592  4905 I resolv  : resolv_populate_res_for_net: netid=103
04-26 02:13:47.590 12592  4905 I resolv  : res_stats_usable_server: NS stats: S 0 + E 0 + T 64 + I 0 = 64, rtt = -1, min_samples = 8
04-26 02:13:47.590 12592  4905 I resolv  : res_stats_usable_server: success rate 0
04-26 02:13:47.590 12592  4905 I resolv  : res_stats_usable_server: too many resolution errors, ignoring server
04-26 02:13:47.590 12592  4905 I resolv  : res_stats_usable_server: NS stats: S 64 + E 0 + T 0 + I 0 = 64, rtt = 218, min_samples = 8
04-26 02:13:47.590 12592  4905 I resolv  : res_stats_usable_server: success rate 100
04-26 02:13:47.590 12592  4905 D resolv  : res_nsend: Querying server (# 2) address = 10.0.2.3:53
04-26 02:13:47.591 12592  4905 D resolv  : send_dg: new DG socket
04-26 02:13:47.592 12592  4905 I resolv  : get_timeout: using timeout of 5000 msec
04-26 02:13:47.592 12592  4905 I resolv  : retrying_poll: 56 retrying_poll
04-26 02:13:47.703 12592  4905 I resolv  : retrying_poll: 56 retrying_poll returning 1
04-26 02:13:47.704 12592  4905 I resolv  : res_nsend: used send_dg 107 terrno: 0
04-26 02:13:47.704 12592  4905 I resolv  : res_stats_set_sample: rcode = 0, sec = 112
04-26 02:13:47.704 12592  4905 I resolv  : res_cache_add_stats_sample_locked: adding sample to stats, next = 27, count = 64
04-26 02:13:47.704 12592  4905 D resolv  : res_nsend: got answer:
04-26 02:13:47.704 12592  4905 I resolv  : answer_getTTL: TTL = 3600
04-26 02:13:47.704 12592  4905 I resolv  : _cache_add_p: entry 494 added (count=34)
04-26 02:13:47.704 12592  4905 I resolv  : cache_dump_mru_locked: MRU LIST (34):  494 466 493 492 491 490 481 480 483 482 479 478 477 476 463 462 459 458 456 457 455 452 454 453 451 444 441 439 435 434 393 391 369 368
04-26 02:13:47.704 12592  4905 D resolv  : doQuery: rcode=0, ancount=0
04-26 02:13:47.704 12592  4904 I ResolverController: No valid NAT64 prefix (103, <unspecified>/0)
04-26 02:13:48.238  4824  4854 I appium  : channel read: POST /session/8fd92bff-1cf9-4975-875f-0b8fb035e5da/element
04-26 02:13:48.239  4824  4854 I appium  : FindElement command
04-26 02:13:48.239  4824  4854 I appium  : method: 'id', selector: 'ru.otus.wishlist:id/bottom_navigation'
04-26 02:13:48.240  4824  4854 I appium  : Waiting up to 10000ms for the device to idle
04-26 02:13:48.259  4824  4854 I appium  : AppiumResponse: {"sessionId":"8fd92bff-1cf9-4975-875f-0b8fb035e5da","value":{"error":"no such element","message":"An element could not be located on the page using the given search parameters","stacktrace":"io.appium.uiautomator2.common.exceptions.ElementNotFoundException: An element could not be located on the page using the given search parameters\n\tat io.appium.uiautomator2.handler.FindElement.safeHandle(FindElement.java:63)\n\tat io.appium.uiautomator2.handler.request.SafeRequestHandler.handle(SafeRequestHandler.java:59)\n\tat io.appium.uiautomator2.server.AppiumServlet.handleRequest(AppiumServlet.java:267)\n\tat io.appium.uiautomator2.server.AppiumServlet.handleHttpRequest(AppiumServlet.java:261)\n\tat io.appium.uiautomator2.http.ServerHandler.channelRead(ServerHandler.java:77)\n\tat io.netty.channel.AbstractChannelHandlerContext.fireChannelRead(AbstractChannelHandlerContext.java:356)\n\tat io.netty.handler.codec.MessageToMessageDecoder.channelRead(MessageToMessageDecoder.java:107)\n\tat io.netty.channel.AbstractChannelHandlerContext.fireChannelRead(AbstractChannelHandlerContext.java:356)\n\tat io.netty.channel.CombinedChannelDuplexHandler$DelegatingChannelHandlerContext.fireChannelRead(CombinedChannelDuplexHandler.java:434)\n\tat io.netty.handler.codec.ByteToMessageDecoder.fireChannelRead(ByteToMessageDecoder.java:361)\n\tat io.netty.handler.codec.ByteToMessageDecoder.channelRead(ByteToMessageDecoder.java:325)\n\tat io.netty.channel.CombinedChannelDuplexHandler.channelRead(CombinedChannelDuplexHandler.java:249)\n\tat io.netty.channel.AbstractChannelHandlerContext.fireChannelRead(AbstractChannelHandlerContext.java:354)\n\tat io.netty.handler.timeout.IdleStateHandler.channelRead(IdleStateHandler.java:293)\n\tat io.netty.channel.AbstractChannelHandlerContext.fireChannelRead(AbstractChannelHandlerContext.java:354)\n\tat io.netty.channel.DefaultChannelPipeline$HeadContext.channelRead(DefaultChannelPipeline.java:1429)\n\tat io.netty.channel.DefaultChannelPipeline.fireChannelRead(DefaultChannelPipeline.java:918)\n\tat io.netty.channel.nio.AbstractNioByteChannel$NioByteUnsafe.read(AbstractNioByteChannel.java:172)\n\tat io.netty.channel.nio.AbstractNioChannel$AbstractNioUnsafe.handle(AbstractNioChannel.java:445)\n\tat io.netty.channel.nio.NioIoHandler$DefaultNioRegistration.handle(NioIoHandler.java:388)\n\tat io.netty.channel.nio.NioIoHandler.processSelectedKey(NioIoHandler.java:596)\n\tat io.netty.channel.nio.NioIoHandler.processSelectedKeysOptimized(NioIoHandler.java:571)\n\tat io.netty.channel.nio.NioIoHandler.processSelectedKeys(NioIoHandler.java:512)\n\tat io.netty.channel.nio.NioIoHandler.run(NioIoHandler.java:484)\n\tat io.netty.channel.SingleThreadIoEventLoop.runIo(SingleThreadIoEventLoop.java:225)\n\tat io.netty.channel.SingleThreadIoEventLoop.run(SingleThreadIoEventLoop.java:196)\n\tat io.netty.util.concurrent.SingleThreadEventExecutor$5.run(SingleThreadEventExecutor.java:1195)\n\tat io.netty.util.internal.ThreadExecutorMap$2.run(ThreadExecutorMap.java:74)\n\tat io.netty.util.concurrent.FastThreadLocalRunnable.run(FastThreadLocalRunnable.java:30)\n\tat java.lang.Thread.run(Thread.java:920)\n"}}
04-26 02:13:48.767  4824  4854 I appium  : channel read: POST /session/8fd92bff-1cf9-4975-875f-0b8fb035e5da/element
04-26 02:13:48.769  4824  4854 I appium  : FindElement command
04-26 02:13:48.771  4824  4854 I appium  : method: 'id', selector: 'ru.otus.wishlist:id/bottom_navigation'
04-26 02:13:48.771  4824  4854 I appium  : Waiting up to 10000ms for the device to idle
04-26 02:13:48.789  4824  4854 I appium  : AppiumResponse: {"sessionId":"8fd92bff-1cf9-4975-875f-0b8fb035e5da","value":{"error":"no such element","message":"An element could not be located on the page using the given search parameters","stacktrace":"io.appium.uiautomator2.common.exceptions.ElementNotFoundException: An element could not be located on the page using the given search parameters\n\tat io.appium.uiautomator2.handler.FindElement.safeHandle(FindElement.java:63)\n\tat io.appium.uiautomator2.handler.request.SafeRequestHandler.handle(SafeRequestHandler.java:59)\n\tat io.appium.uiautomator2.server.AppiumServlet.handleRequest(AppiumServlet.java:267)\n\tat io.appium.uiautomator2.server.AppiumServlet.handleHttpRequest(AppiumServlet.java:261)\n\tat io.appium.uiautomator2.http.ServerHandler.channelRead(ServerHandler.java:77)\n\tat io.netty.channel.AbstractChannelHandlerContext.fireChannelRead(AbstractChannelHandlerContext.java:356)\n\tat io.netty.handler.codec.MessageToMessageDecoder.channelRead(MessageToMessageDecoder.java:107)\n\tat io.netty.channel.AbstractChannelHandlerContext.fireChannelRead(AbstractChannelHandlerContext.java:356)\n\tat io.netty.channel.CombinedChannelDuplexHandler$DelegatingChannelHandlerContext.fireChannelRead(CombinedChannelDuplexHandler.java:434)\n\tat io.netty.handler.codec.ByteToMessageDecoder.fireChannelRead(ByteToMessageDecoder.java:361)\n\tat io.netty.handler.codec.ByteToMessageDecoder.channelRead(ByteToMessageDecoder.java:325)\n\tat io.netty.channel.CombinedChannelDuplexHandler.channelRead(CombinedChannelDuplexHandler.java:249)\n\tat io.netty.channel.AbstractChannelHandlerContext.fireChannelRead(AbstractChannelHandlerContext.java:354)\n\tat io.netty.handler.timeout.IdleStateHandler.channelRead(IdleStateHandler.java:293)\n\tat io.netty.channel.AbstractChannelHandlerContext.fireChannelRead(AbstractChannelHandlerContext.java:354)\n\tat io.netty.channel.DefaultChannelPipeline$HeadContext.channelRead(DefaultChannelPipeline.java:1429)\n\tat io.netty.channel.DefaultChannelPipeline.fireChannelRead(DefaultChannelPipeline.java:918)\n\tat io.netty.channel.nio.AbstractNioByteChannel$NioByteUnsafe.read(AbstractNioByteChannel.java:172)\n\tat io.netty.channel.nio.AbstractNioChannel$AbstractNioUnsafe.handle(AbstractNioChannel.java:445)\n\tat io.netty.channel.nio.NioIoHandler$DefaultNioRegistration.handle(NioIoHandler.java:388)\n\tat io.netty.channel.nio.NioIoHandler.processSelectedKey(NioIoHandler.java:596)\n\tat io.netty.channel.nio.NioIoHandler.processSelectedKeysOptimized(NioIoHandler.java:571)\n\tat io.netty.channel.nio.NioIoHandler.processSelectedKeys(NioIoHandler.java:512)\n\tat io.netty.channel.nio.NioIoHandler.run(NioIoHandler.java:484)\n\tat io.netty.channel.SingleThreadIoEventLoop.runIo(SingleThreadIoEventLoop.java:225)\n\tat io.netty.channel.SingleThreadIoEventLoop.run(SingleThreadIoEventLoop.java:196)\n\tat io.netty.util.concurrent.SingleThreadEventExecutor$5.run(SingleThreadEventExecutor.java:1195)\n\tat io.netty.util.internal.ThreadExecutorMap$2.run(ThreadExecutorMap.java:74)\n\tat io.netty.util.concurrent.FastThreadLocalRunnable.run(FastThreadLocalRunnable.java:30)\n\tat java.lang.Thread.run(Thread.java:920)\n"}}
04-26 02:13:49.105  4866  4885 D EGL_emulation: app_time_stats: avg=63.65ms min=11.04ms max=1456.20ms count=34
04-26 02:13:49.309  4824  4854 I appium  : channel read: POST /session/8fd92bff-1cf9-4975-875f-0b8fb035e5da/element
04-26 02:13:49.309  4824  4854 I appium  : FindElement command
04-26 02:13:49.312  4824  4854 I appium  : method: 'id', selector: 'ru.otus.wishlist:id/bottom_navigation'
04-26 02:13:49.312  4824  4854 I appium  : Waiting up to 10000ms for the device to idle
04-26 02:13:49.576  4866  4908 D ProfileInstaller: Installing profile for ru.otus.wishlist
04-26 02:13:49.725  4824  4854 I appium  : AppiumResponse: {"sessionId":"8fd92bff-1cf9-4975-875f-0b8fb035e5da","value":{"ELEMENT":"00000000-0000-0f29-ffff-ffff00000033","element-6066-11e4-a52e-4f735466cecf":"00000000-0000-0f29-ffff-ffff00000033"}}
04-26 02:13:49.733  4824  4854 I appium  : channel read: POST /session/8fd92bff-1cf9-4975-875f-0b8fb035e5da/element
04-26 02:13:49.734  4824  4854 I appium  : FindElement command
04-26 02:13:49.735  4824  4854 I appium  : method: 'id', selector: 'ru.otus.wishlist:id/users_menu', contextId: '00000000-0000-0f29-ffff-ffff00000033'
04-26 02:13:49.738  4824  4854 D UiObject2: Retrieving node with selector: BySelector [RES='\Qru.otus.wishlist:id/users_menu\E'].
04-26 02:13:49.741  4824  4854 I appium  : AppiumResponse: {"sessionId":"8fd92bff-1cf9-4975-875f-0b8fb035e5da","value":{"ELEMENT":"00000000-0000-0f29-ffff-ffff0000003e","element-6066-11e4-a52e-4f735466cecf":"00000000-0000-0f29-ffff-ffff0000003e"}}
04-26 02:13:49.748  4824  4854 I appium  : channel read: GET /session/8fd92bff-1cf9-4975-875f-0b8fb035e5da/element/00000000-0000-0f29-ffff-ffff0000003e/attribute/displayed
04-26 02:13:49.748  4824  4854 I appium  : GetElementAttribute command
04-26 02:13:49.752  4824  4854 I appium  : AppiumResponse: {"sessionId":"8fd92bff-1cf9-4975-875f-0b8fb035e5da","value":"true"}
04-26 02:13:49.759  4824  4854 I appium  : channel read: POST /session/8fd92bff-1cf9-4975-875f-0b8fb035e5da/element
04-26 02:13:49.760  4824  4854 I appium  : FindElement command
04-26 02:13:49.762  4824  4854 I appium  : method: 'id', selector: 'ru.otus.wishlist:id/bottom_navigation'
04-26 02:13:49.762  4824  4854 I appium  : Waiting up to 10000ms for the device to idle
04-26 02:13:49.774  4824  4854 I appium  : AppiumResponse: {"sessionId":"8fd92bff-1cf9-4975-875f-0b8fb035e5da","value":{"ELEMENT":"00000000-0000-0f29-ffff-ffff00000033","element-6066-11e4-a52e-4f735466cecf":"00000000-0000-0f29-ffff-ffff00000033"}}
04-26 02:13:49.781  4824  4854 I appium  : channel read: POST /session/8fd92bff-1cf9-4975-875f-0b8fb035e5da/element
04-26 02:13:49.782  4824  4854 I appium  : FindElement command
04-26 02:13:49.783  4824  4854 I appium  : method: 'id', selector: 'ru.otus.wishlist:id/users_menu', contextId: '00000000-0000-0f29-ffff-ffff00000033'
04-26 02:13:49.785  4824  4854 D UiObject2: Retrieving node with selector: BySelector [RES='\Qru.otus.wishlist:id/users_menu\E'].
04-26 02:13:49.788  4824  4854 I appium  : AppiumResponse: {"sessionId":"8fd92bff-1cf9-4975-875f-0b8fb035e5da","value":{"ELEMENT":"00000000-0000-0f29-ffff-ffff0000003e","element-6066-11e4-a52e-4f735466cecf":"00000000-0000-0f29-ffff-ffff0000003e"}}
04-26 02:13:49.795  4824  4854 I appium  : channel read: GET /session/8fd92bff-1cf9-4975-875f-0b8fb035e5da/element/00000000-0000-0f29-ffff-ffff0000003e/attribute/displayed
04-26 02:13:49.796  4824  4854 I appium  : GetElementAttribute command
04-26 02:13:49.799  4824  4854 I appium  : AppiumResponse: {"sessionId":"8fd92bff-1cf9-4975-875f-0b8fb035e5da","value":"true"}
04-26 02:13:49.806  4824  4854 I appium  : channel read: POST /session/8fd92bff-1cf9-4975-875f-0b8fb035e5da/element/00000000-0000-0f29-ffff-ffff0000003e/click
04-26 02:13:49.806  4824  4854 I appium  : Click command
04-26 02:13:49.840  4824  4854 I appium  : Waiting up to 10000ms for the device to idle
04-26 02:13:49.841  4824  4854 I appium  : AppiumResponse: {"sessionId":"8fd92bff-1cf9-4975-875f-0b8fb035e5da","value":null}
04-26 02:13:49.854  4824  4854 I appium  : channel read: POST /session/8fd92bff-1cf9-4975-875f-0b8fb035e5da/element
04-26 02:13:49.854 12589 12645 D AudioFlinger: mixer(0x7a33667bfa70) throttle end: throttle time(33)
04-26 02:13:49.857  4824  4854 I appium  : FindElement command
04-26 02:13:49.857  4824  4854 I appium  : method: 'id', selector: 'ru.otus.wishlist:id/top_app_bar_layout'
04-26 02:13:49.858  4824  4854 I appium  : Waiting up to 10000ms for the device to idle
04-26 02:13:49.922  4866  4874 I u.otus.wishlis: JIT allocated 77KB for compiled code of void android.view.View.<init>(android.content.Context, android.util.AttributeSet, int, int)
04-26 02:13:50.120  4866  4885 D EGL_emulation: app_time_stats: avg=41.60ms min=2.49ms max=651.88ms count=23
04-26 02:13:50.875 12814 12814 I wpa_supplicant: wlan0: CTRL-EVENT-BEACON-LOSS 
04-26 02:13:50.959  4824  4854 I appium  : AppiumResponse: {"sessionId":"8fd92bff-1cf9-4975-875f-0b8fb035e5da","value":{"ELEMENT":"00000000-0000-0f29-ffff-ffff0000006a","element-6066-11e4-a52e-4f735466cecf":"00000000-0000-0f29-ffff-ffff0000006a"}}
04-26 02:13:50.969  4824  4854 I appium  : channel read: POST /session/8fd92bff-1cf9-4975-875f-0b8fb035e5da/element
04-26 02:13:50.971  4824  4854 I appium  : FindElement command
04-26 02:13:50.972  4824  4854 I appium  : method: 'id', selector: 'ru.otus.wishlist:id/filter', contextId: '00000000-0000-0f29-ffff-ffff0000006a'
04-26 02:13:50.975  4824  4854 D UiObject2: Retrieving node with selector: BySelector [RES='\Qru.otus.wishlist:id/filter\E'].
04-26 02:13:50.979  4824  4854 I appium  : AppiumResponse: {"sessionId":"8fd92bff-1cf9-4975-875f-0b8fb035e5da","value":{"ELEMENT":"00000000-0000-0f29-ffff-ffff0000006e","element-6066-11e4-a52e-4f735466cecf":"00000000-0000-0f29-ffff-ffff0000006e"}}
04-26 02:13:50.992  4824  4854 I appium  : channel read: GET /session/8fd92bff-1cf9-4975-875f-0b8fb035e5da/element/00000000-0000-0f29-ffff-ffff0000006e/attribute/displayed
04-26 02:13:50.993  4824  4854 I appium  : GetElementAttribute command
04-26 02:13:50.996  4824  4854 I appium  : AppiumResponse: {"sessionId":"8fd92bff-1cf9-4975-875f-0b8fb035e5da","value":"true"}
04-26 02:13:51.004  4824  4854 I appium  : channel read: POST /session/8fd92bff-1cf9-4975-875f-0b8fb035e5da/element
04-26 02:13:51.004  4824  4854 I appium  : FindElement command
04-26 02:13:51.005  4824  4854 I appium  : method: 'id', selector: 'ru.otus.wishlist:id/top_app_bar_layout'
04-26 02:13:51.006  4824  4854 I appium  : Waiting up to 10000ms for the device to idle
04-26 02:13:51.014  4824  4854 I appium  : AppiumResponse: {"sessionId":"8fd92bff-1cf9-4975-875f-0b8fb035e5da","value":{"ELEMENT":"00000000-0000-0f29-ffff-ffff0000006a","element-6066-11e4-a52e-4f735466cecf":"00000000-0000-0f29-ffff-ffff0000006a"}}
04-26 02:13:51.021  4824  4854 I appium  : channel read: POST /session/8fd92bff-1cf9-4975-875f-0b8fb035e5da/element
04-26 02:13:51.022  4824  4854 I appium  : FindElement command
04-26 02:13:51.022  4824  4854 I appium  : method: 'id', selector: 'ru.otus.wishlist:id/filter', contextId: '00000000-0000-0f29-ffff-ffff0000006a'
04-26 02:13:51.025  4824  4854 D UiObject2: Retrieving node with selector: BySelector [RES='\Qru.otus.wishlist:id/filter\E'].
04-26 02:13:51.027  4824  4854 I appium  : AppiumResponse: {"sessionId":"8fd92bff-1cf9-4975-875f-0b8fb035e5da","value":{"ELEMENT":"00000000-0000-0f29-ffff-ffff0000006e","element-6066-11e4-a52e-4f735466cecf":"00000000-0000-0f29-ffff-ffff0000006e"}}
04-26 02:13:51.034  4824  4854 I appium  : channel read: GET /session/8fd92bff-1cf9-4975-875f-0b8fb035e5da/element/00000000-0000-0f29-ffff-ffff0000006e/attribute/displayed
04-26 02:13:51.034  4824  4854 I appium  : GetElementAttribute command
04-26 02:13:51.038  4824  4854 I appium  : AppiumResponse: {"sessionId":"8fd92bff-1cf9-4975-875f-0b8fb035e5da","value":"true"}
04-26 02:13:51.045  4824  4854 I appium  : channel read: POST /session/8fd92bff-1cf9-4975-875f-0b8fb035e5da/element/00000000-0000-0f29-ffff-ffff0000006e/click
04-26 02:13:51.047  4824  4854 I appium  : Click command
04-26 02:13:51.090  4824  4854 W GestureController: Gestures took longer than expected (40ms >> 16ms), device might be in a busy state.
04-26 02:13:51.090  4824  4854 I appium  : Waiting up to 10000ms for the device to idle
04-26 02:13:51.092  4824  4854 I appium  : AppiumResponse: {"sessionId":"8fd92bff-1cf9-4975-875f-0b8fb035e5da","value":null}
04-26 02:13:51.102  4824  4854 I appium  : channel read: POST /session/8fd92bff-1cf9-4975-875f-0b8fb035e5da/element
04-26 02:13:51.104  4824  4854 I appium  : FindElement command
04-26 02:13:51.106  4824  4854 I appium  : method: 'id', selector: 'ru.otus.wishlist:id/filter_title'
04-26 02:13:51.106  4824  4854 I appium  : Waiting up to 10000ms for the device to idle
04-26 02:13:51.120  4866  4885 D EGL_emulation: app_time_stats: avg=14.43ms min=2.17ms max=375.29ms count=38
04-26 02:13:51.170   371   371 D goldfish-address-space: claimShared: Ask to claim region [0x3f1cec000 0x3f28fb000]
04-26 02:13:51.194   371   371 D goldfish-address-space: claimShared: Ask to claim region [0x3f5967000 0x3f6576000]
04-26 02:13:51.196 12833 12920 D EGL_emulation: app_time_stats: avg=121.78ms min=1.41ms max=5663.87ms count=48
04-26 02:13:51.232   371   410 D goldfish-address-space: claimShared: Ask to claim region [0x3f6576000 0x3f7185000]
04-26 02:13:51.304  4824  4854 W ByMatcher: Node returned null child: android.view.accessibility.AccessibilityNodeInfo@20d92; boundsInParent: Rect(0, 0 - 1080, 1832); boundsInScreen: Rect(0, 145 - 1080, 1977); packageName: ru.otus.wishlist; className: android.view.ViewGroup; text: null; error: null; maxTextLength: -1; stateDescription: null; contentDescription: null; tooltipText: null; viewIdResName: null; checkable: false; checked: false; focusable: false; focused: false; selected: false; clickable: false; longClickable: false; contextClickable: false; enabled: true; password: false; scrollable: false; importantForAccessibility: false; visible: true; actions: [AccessibilityAction: ACTION_SELECT - null, AccessibilityAction: ACTION_CLEAR_SELECTION - null, AccessibilityAction: ACTION_ACCESSIBILITY_FOCUS - null, AccessibilityAction: ACTION_SHOW_ON_SCREEN - null]
04-26 02:13:51.304  4824  4854 W ByMatcher: Skipping null child (0 of 2)
04-26 02:13:51.304  4824  4854 W ByMatcher: Skipping null child (1 of 2)
04-26 02:13:51.305  4824  4854 W ByMatcher: Node returned null child: android.view.accessibility.AccessibilityNodeInfo@13b5a; boundsInParent: Rect(0, 0 - 1080, 2063); boundsInScreen: Rect(0, 145 - 1080, 2208); packageName: ru.otus.wishlist; className: android.view.ViewGroup; text: null; error: null; maxTextLength: -1; stateDescription: null; contentDescription: null; tooltipText: null; viewIdResName: ru.otus.wishlist:id/main; checkable: false; checked: false; focusable: false; focused: false; selected: false; clickable: false; longClickable: false; contextClickable: false; enabled: true; password: false; scrollable: false; importantForAccessibility: false; visible: true; actions: [AccessibilityAction: ACTION_SELECT - null, AccessibilityAction: ACTION_CLEAR_SELECTION - null, AccessibilityAction: ACTION_ACCESSIBILITY_FOCUS - null, AccessibilityAction: ACTION_SHOW_ON_SCREEN - null]
04-26 02:13:51.305  4824  4854 W ByMatcher: Skipping null child (1 of 2)
04-26 02:13:51.306  4824  4854 W ByMatcher: Node returned null child: android.view.accessibility.AccessibilityNodeInfo@80007be7; boundsInParent: Rect(0, 0 - 1080, 2340); boundsInScreen: Rect(0, 0 - 1080, 2340); packageName: ru.otus.wishlist; className: android.widget.FrameLayout; text: null; error: null; maxTextLength: -1; stateDescription: null; contentDescription: null; tooltipText: null; viewIdResName: null; checkable: false; checked: false; focusable: false; focused: false; selected: false; clickable: false; longClickable: false; contextClickable: false; enabled: true; password: false; scrollable: false; importantForAccessibility: true; visible: true; actions: [AccessibilityAction: ACTION_SELECT - null, AccessibilityAction: ACTION_CLEAR_SELECTION - null, AccessibilityAction: ACTION_ACCESSIBILITY_FOCUS - null, AccessibilityAction: ACTION_SHOW_ON_SCREEN - null]
04-26 02:13:51.306  4824  4854 W ByMatcher: Skipping null child (1 of 2)
04-26 02:13:51.307  4824  4854 W ByMatcher: Node returned null child: android.view.accessibility.AccessibilityNodeInfo@80007be7; boundsInParent: Rect(0, 0 - 1080, 2340); boundsInScreen: Rect(0, 0 - 1080, 2340); packageName: ru.otus.wishlist; className: android.widget.FrameLayout; text: null; error: null; maxTextLength: -1; stateDescription: null; contentDescription: null; tooltipText: null; viewIdResName: null; checkable: false; checked: false; focusable: false; focused: false; selected: false; clickable: false; longClickable: false; contextClickable: false; enabled: true; password: false; scrollable: false; importantForAccessibility: true; visible: true; actions: [AccessibilityAction: ACTION_SELECT - null, AccessibilityAction: ACTION_CLEAR_SELECTION - null, AccessibilityAction: ACTION_ACCESSIBILITY_FOCUS - null, AccessibilityAction: ACTION_SHOW_ON_SCREEN - null]
04-26 02:13:51.307  4824  4854 W ByMatcher: Skipping null child (0 of 2)
04-26 02:13:51.307  4824  4854 W ByMatcher: Skipping null child (1 of 2)
04-26 02:13:51.308  4824  4854 I appium  : AppiumResponse: {"sessionId":"8fd92bff-1cf9-4975-875f-0b8fb035e5da","value":{"error":"no such element","message":"An element could not be located on the page using the given search parameters","stacktrace":"io.appium.uiautomator2.common.exceptions.ElementNotFoundException: An element could not be located on the page using the given search parameters\n\tat io.appium.uiautomator2.handler.FindElement.safeHandle(FindElement.java:63)\n\tat io.appium.uiautomator2.handler.request.SafeRequestHandler.handle(SafeRequestHandler.java:59)\n\tat io.appium.uiautomator2.server.AppiumServlet.handleRequest(AppiumServlet.java:267)\n\tat io.appium.uiautomator2.server.AppiumServlet.handleHttpRequest(AppiumServlet.java:261)\n\tat io.appium.uiautomator2.http.ServerHandler.channelRead(ServerHandler.java:77)\n\tat io.netty.channel.AbstractChannelHandlerContext.fireChannelRead(AbstractChannelHandlerContext.java:356)\n\tat io.netty.handler.codec.MessageToMessageDecoder.channelRead(MessageToMessageDecoder.java:107)\n\tat io.netty.channel.AbstractChannelHandlerContext.fireChannelRead(AbstractChannelHandlerContext.java:356)\n\tat io.netty.channel.CombinedChannelDuplexHandler$DelegatingChannelHandlerContext.fireChannelRead(CombinedChannelDuplexHandler.java:434)\n\tat io.netty.handler.codec.ByteToMessageDecoder.fireChannelRead(ByteToMessageDecoder.java:361)\n\tat io.netty.handler.codec.ByteToMessageDecoder.channelRead(ByteToMessageDecoder.java:325)\n\tat io.netty.channel.CombinedChannelDuplexHandler.channelRead(CombinedChannelDuplexHandler.java:249)\n\tat io.netty.channel.AbstractChannelHandlerContext.fireChannelRead(AbstractChannelHandlerContext.java:354)\n\tat io.netty.handler.timeout.IdleStateHandler.channelRead(IdleStateHandler.java:293)\n\tat io.netty.channel.AbstractChannelHandlerContext.fireChannelRead(AbstractChannelHandlerContext.java:354)\n\tat io.netty.channel.DefaultChannelPipeline$HeadContext.channelRead(DefaultChannelPipeline.java:1429)\n\tat io.netty.channel.DefaultChannelPipeline.fireChannelRead(DefaultChannelPipeline.java:918)\n\tat io.netty.channel.nio.AbstractNioByteChannel$NioByteUnsafe.read(AbstractNioByteChannel.java:172)\n\tat io.netty.channel.nio.AbstractNioChannel$AbstractNioUnsafe.handle(AbstractNioChannel.java:445)\n\tat io.netty.channel.nio.NioIoHandler$DefaultNioRegistration.handle(NioIoHandler.java:388)\n\tat io.netty.channel.nio.NioIoHandler.processSelectedKey(NioIoHandler.java:596)\n\tat io.netty.channel.nio.NioIoHandler.processSelectedKeysOptimized(NioIoHandler.java:571)\n\tat io.netty.channel.nio.NioIoHandler.processSelectedKeys(NioIoHandler.java:512)\n\tat io.netty.channel.nio.NioIoHandler.run(NioIoHandler.java:484)\n\tat io.netty.channel.SingleThreadIoEventLoop.runIo(SingleThreadIoEventLoop.java:225)\n\tat io.netty.channel.SingleThreadIoEventLoop.run(SingleThreadIoEventLoop.java:196)\n\tat io.netty.util.concurrent.SingleThreadEventExecutor$5.run(SingleThreadEventExecutor.java:1195)\n\tat io.netty.util.internal.ThreadExecutorMap$2.run(ThreadExecutorMap.java:74)\n\tat io.netty.util.concurrent.FastThreadLocalRunnable.run(FastThreadLocalRunnable.java:30)\n\tat java.lang.Thread.run(Thread.java:920)\n"}}
04-26 02:13:51.335 13314 13314 I GoogleInputMethodService: GoogleInputMethodService.onFinishInput():3420 
04-26 02:13:51.335 13314 13314 W KeyboardViewController: KeyboardViewController.show():477 Requesting to show sub view with id 2131428268(#0x7f0b03ac) when keyboard HEADER view is not ready to show
04-26 02:13:51.335 13314 13314 I GoogleInputMethodService: GoogleInputMethodService.onStartInput():2002 
04-26 02:13:51.336 13314 13314 I DeviceUnlockedTag: DeviceUnlockedTag.notifyDeviceLockStatusChanged():31 Notify device unlocked.
04-26 02:13:51.337 13314 13314 I ShortcutsDataManager: AbstractContentDataManager.startImportContentTask():235 startImportContentTask()
04-26 02:13:51.337 13314 13602 I ShortcutsDataManager: AbstractContentDataManager$ImportContentTask.doInBackground():249 doInBackground()
04-26 02:13:51.337 13314 13602 I PersonalDictionaryDataHandler: PersonalDictionaryDataHandler.beginProcess():111 LanguageTags = [en-US]
04-26 02:13:51.339 12660 12984 D ActivityManager: sync unfroze 27104 android.process.acore
04-26 02:13:51.348 13314 13602 I ShortcutsDataManager: AbstractContentDataManager.importRecords():339 importRecords() : Success : Count = 0
04-26 02:13:51.350 13314 13602 I ShortcutsDataManager: AbstractContentDataManager.importContentData():289 importContentData() : Ending import process
04-26 02:13:51.350 13314 15962 I Delight5Decoder: Delight5DecoderWrapper.unloadLanguageModel():820 unloadLanguageModel() : 4, version [n/a]
04-26 02:13:51.361 13314 13602 I PersonalLanguageModelUpdater: PersonalLanguageModelUpdater$UpdateOperation.performInternal():162 run() : Added 0 words and 0 shortcuts
04-26 02:13:51.361 13314 13602 I DynamicLanguageModelOperation: DynamicLanguageModelOperation.perform():38 perform() : 4 : cny : Completed
04-26 02:13:51.362 13314 15962 I Delight5Decoder: Delight5DecoderWrapper.loadLanguageModel():614 loadLanguageModel() : 4, version [n/a]
04-26 02:13:51.363 13314 13314 I ShortcutsDataManager: AbstractContentDataManager$ImportContentTask.onPostExecute():260 onPostExecute() : Result = [2,0]
04-26 02:13:51.363 13314 13314 I ShortcutsDataManager: ShortcutsDataManager.onImportFinished():83 onImportFinished() : Result = 2 : Count = 0
04-26 02:13:51.364 13314 15962 I Delight5Decoder: Delight5DecoderWrapper.loadLanguageModel():652 Loaded dynamic LM 4.en
04-26 02:13:51.814  4824  4854 I appium  : channel read: POST /session/8fd92bff-1cf9-4975-875f-0b8fb035e5da/element
04-26 02:13:51.815  4824  4854 I appium  : FindElement command
04-26 02:13:51.815  4824  4854 I appium  : method: 'id', selector: 'ru.otus.wishlist:id/filter_title'
04-26 02:13:51.815  4824  4854 I appium  : Waiting up to 10000ms for the device to idle
04-26 02:13:51.970  4824  4854 I appium  : AppiumResponse: {"sessionId":"8fd92bff-1cf9-4975-875f-0b8fb035e5da","value":{"ELEMENT":"00000000-0000-0f2a-ffff-ffff00000095","element-6066-11e4-a52e-4f735466cecf":"00000000-0000-0f2a-ffff-ffff00000095"}}
04-26 02:13:51.977  4824  4854 I appium  : channel read: GET /session/8fd92bff-1cf9-4975-875f-0b8fb035e5da/element/00000000-0000-0f2a-ffff-ffff00000095/attribute/displayed
04-26 02:13:51.978  4824  4854 I appium  : GetElementAttribute command
04-26 02:13:51.981  4824  4854 I appium  : AppiumResponse: {"sessionId":"8fd92bff-1cf9-4975-875f-0b8fb035e5da","value":"true"}
04-26 02:13:51.989  4824  4854 I appium  : channel read: POST /session/8fd92bff-1cf9-4975-875f-0b8fb035e5da/element
04-26 02:13:51.990  4824  4854 I appium  : FindElement command
04-26 02:13:51.990  4824  4854 I appium  : method: 'id', selector: 'ru.otus.wishlist:id/filter_title'
04-26 02:13:51.991  4824  4854 I appium  : Waiting up to 10000ms for the device to idle
04-26 02:13:51.995  4824  4854 I appium  : AppiumResponse: {"sessionId":"8fd92bff-1cf9-4975-875f-0b8fb035e5da","value":{"ELEMENT":"00000000-0000-0f2a-ffff-ffff00000095","element-6066-11e4-a52e-4f735466cecf":"00000000-0000-0f2a-ffff-ffff00000095"}}
04-26 02:13:52.001  4824  4854 I appium  : channel read: GET /session/8fd92bff-1cf9-4975-875f-0b8fb035e5da/element/00000000-0000-0f2a-ffff-ffff00000095/name
04-26 02:13:52.001  4824  4854 I appium  : GetName command
04-26 02:13:52.004  4824  4854 I appium  : AppiumResponse: {"sessionId":"8fd92bff-1cf9-4975-875f-0b8fb035e5da","value":null}
04-26 02:13:52.010  4824  4854 I appium  : channel read: GET /session/8fd92bff-1cf9-4975-875f-0b8fb035e5da/element/00000000-0000-0f2a-ffff-ffff00000095/text
04-26 02:13:52.010  4824  4854 I appium  : GetText command
04-26 02:13:52.013  4824  4854 I appium  : AppiumResponse: {"sessionId":"8fd92bff-1cf9-4975-875f-0b8fb035e5da","value":"Фильтры"}
04-26 02:13:52.023  4824  4854 I appium  : channel read: POST /session/8fd92bff-1cf9-4975-875f-0b8fb035e5da/element
04-26 02:13:52.023  4824  4854 I appium  : FindElement command
04-26 02:13:52.024  4824  4854 I appium  : method: 'id', selector: 'ru.otus.wishlist:id/username_input'
04-26 02:13:52.024  4824  4854 I appium  : Waiting up to 10000ms for the device to idle
04-26 02:13:52.029  4824  4854 I appium  : AppiumResponse: {"sessionId":"8fd92bff-1cf9-4975-875f-0b8fb035e5da","value":{"ELEMENT":"00000000-0000-0f2a-ffff-ffff00000098","element-6066-11e4-a52e-4f735466cecf":"00000000-0000-0f2a-ffff-ffff00000098"}}
04-26 02:13:52.035  4824  4854 I appium  : channel read: GET /session/8fd92bff-1cf9-4975-875f-0b8fb035e5da/element/00000000-0000-0f2a-ffff-ffff00000098/attribute/displayed
04-26 02:13:52.035  4824  4854 I appium  : GetElementAttribute command
04-26 02:13:52.039  4824  4854 I appium  : AppiumResponse: {"sessionId":"8fd92bff-1cf9-4975-875f-0b8fb035e5da","value":"true"}
04-26 02:13:52.046  4824  4854 I appium  : channel read: POST /session/8fd92bff-1cf9-4975-875f-0b8fb035e5da/element
04-26 02:13:52.046  4824  4854 I appium  : FindElement command
04-26 02:13:52.047  4824  4854 I appium  : method: 'id', selector: 'ru.otus.wishlist:id/username_input'
04-26 02:13:52.047  4824  4854 I appium  : Waiting up to 10000ms for the device to idle
04-26 02:13:52.052  4824  4854 I appium  : AppiumResponse: {"sessionId":"8fd92bff-1cf9-4975-875f-0b8fb035e5da","value":{"ELEMENT":"00000000-0000-0f2a-ffff-ffff00000098","element-6066-11e4-a52e-4f735466cecf":"00000000-0000-0f2a-ffff-ffff00000098"}}
04-26 02:13:52.058  4824  4854 I appium  : channel read: GET /session/8fd92bff-1cf9-4975-875f-0b8fb035e5da/element/00000000-0000-0f2a-ffff-ffff00000098/attribute/displayed
04-26 02:13:52.059  4824  4854 I appium  : GetElementAttribute command
04-26 02:13:52.062  4824  4854 I appium  : AppiumResponse: {"sessionId":"8fd92bff-1cf9-4975-875f-0b8fb035e5da","value":"true"}
04-26 02:13:52.069  4824  4854 I appium  : channel read: POST /session/8fd92bff-1cf9-4975-875f-0b8fb035e5da/element/00000000-0000-0f2a-ffff-ffff00000098/clear
04-26 02:13:52.069  4824  4854 I appium  : Clear command
04-26 02:13:52.077  4824  4854 D UiObject2: Setting text to ''.
04-26 02:13:52.080  4824  4854 I appium  : AppiumResponse: {"sessionId":"8fd92bff-1cf9-4975-875f-0b8fb035e5da","value":null}
04-26 02:13:52.086  4824  4854 I appium  : channel read: POST /session/8fd92bff-1cf9-4975-875f-0b8fb035e5da/element
04-26 02:13:52.086  4824  4854 I appium  : FindElement command
04-26 02:13:52.087  4824  4854 I appium  : method: 'id', selector: 'ru.otus.wishlist:id/username_input'
04-26 02:13:52.088  4824  4854 I appium  : Waiting up to 10000ms for the device to idle
04-26 02:13:52.101  4824  4854 I appium  : AppiumResponse: {"sessionId":"8fd92bff-1cf9-4975-875f-0b8fb035e5da","value":{"ELEMENT":"00000000-0000-0f2a-ffff-ffff00000098","element-6066-11e4-a52e-4f735466cecf":"00000000-0000-0f2a-ffff-ffff00000098"}}
04-26 02:13:52.108  4824  4854 I appium  : channel read: POST /session/8fd92bff-1cf9-4975-875f-0b8fb035e5da/element/00000000-0000-0f2a-ffff-ffff00000098/value
04-26 02:13:52.109  4824  4854 I appium  : SendKeysToElement command
04-26 02:13:52.502   211  4770 I keystore2: keystore2::watchdog: Watchdog thread idle -> terminating. Have a great day.
04-26 02:13:52.585  4824  4854 D UiObject2: Setting text to ''.
04-26 02:13:52.600  4866  4885 D EGL_emulation: app_time_stats: avg=145.33ms min=16.81ms max=645.72ms count=9
04-26 02:13:53.101 13314 13314 I ShortcutsDataManager: ShortcutsDataManager.onContentChanged():73 onContentChanged()
04-26 02:13:53.104  4824  4854 I appium  : AppiumResponse: {"sessionId":"8fd92bff-1cf9-4975-875f-0b8fb035e5da","value":null}
04-26 02:13:53.107 12660 13522 W ProcessStats: Tracking association SourceState{6713a1b system/1000 BTopFgs #40674} whose proc state 2 is better than process ProcessState{9cc27b8 com.google.android.gms.persistent/10101 pkg=com.google.android.gms} proc state 3 (82 skipped)
04-26 02:13:53.117  4824  4854 I appium  : channel read: POST /session/8fd92bff-1cf9-4975-875f-0b8fb035e5da/element
04-26 02:13:53.117  4824  4854 I appium  : FindElement command
04-26 02:13:53.119  4824  4854 I appium  : method: 'id', selector: 'ru.otus.wishlist:id/apply_button'
04-26 02:13:53.119  4824  4854 I appium  : Waiting up to 10000ms for the device to idle
04-26 02:13:53.607  4824  4854 I appium  : AppiumResponse: {"sessionId":"8fd92bff-1cf9-4975-875f-0b8fb035e5da","value":{"ELEMENT":"00000000-0000-0f2a-ffff-ffff000000a1","element-6066-11e4-a52e-4f735466cecf":"00000000-0000-0f2a-ffff-ffff000000a1"}}
04-26 02:13:53.615  4824  4854 I appium  : channel read: GET /session/8fd92bff-1cf9-4975-875f-0b8fb035e5da/element/00000000-0000-0f2a-ffff-ffff000000a1/attribute/displayed
04-26 02:13:53.615  4824  4854 I appium  : GetElementAttribute command
04-26 02:13:53.620  4824  4854 I appium  : AppiumResponse: {"sessionId":"8fd92bff-1cf9-4975-875f-0b8fb035e5da","value":"true"}
04-26 02:13:53.627  4824  4854 I appium  : channel read: POST /session/8fd92bff-1cf9-4975-875f-0b8fb035e5da/element
04-26 02:13:53.628  4824  4854 I appium  : FindElement command
04-26 02:13:53.629  4824  4854 I appium  : method: 'id', selector: 'ru.otus.wishlist:id/apply_button'
04-26 02:13:53.629  4824  4854 I appium  : Waiting up to 10000ms for the device to idle
04-26 02:13:53.635  4824  4854 I appium  : AppiumResponse: {"sessionId":"8fd92bff-1cf9-4975-875f-0b8fb035e5da","value":{"ELEMENT":"00000000-0000-0f2a-ffff-ffff000000a1","element-6066-11e4-a52e-4f735466cecf":"00000000-0000-0f2a-ffff-ffff000000a1"}}
04-26 02:13:53.641  4824  4854 I appium  : channel read: GET /session/8fd92bff-1cf9-4975-875f-0b8fb035e5da/element/00000000-0000-0f2a-ffff-ffff000000a1/attribute/displayed
04-26 02:13:53.641  4824  4854 I appium  : GetElementAttribute command
04-26 02:13:53.644  4824  4854 I appium  : AppiumResponse: {"sessionId":"8fd92bff-1cf9-4975-875f-0b8fb035e5da","value":"true"}
04-26 02:13:53.650  4824  4854 I appium  : channel read: POST /session/8fd92bff-1cf9-4975-875f-0b8fb035e5da/element/00000000-0000-0f2a-ffff-ffff000000a1/click
04-26 02:13:53.651  4824  4854 I appium  : Click command
04-26 02:13:53.687  4866  4885 D EGL_emulation: app_time_stats: avg=41.58ms min=11.80ms max=513.64ms count=26
04-26 02:13:53.690  4824  4854 W GestureController: Gestures took longer than expected (35ms >> 16ms), device might be in a busy state.
04-26 02:13:53.690  4824  4854 I appium  : Waiting up to 10000ms for the device to idle
04-26 02:13:53.692  4824  4854 I appium  : AppiumResponse: {"sessionId":"8fd92bff-1cf9-4975-875f-0b8fb035e5da","value":null}
04-26 02:13:53.695  4866  4885 D OpenGLRenderer: endAllActiveAnimators on 0x7dab03ec1e70 (RippleDrawable) with handle 0x7daa13eaa290
04-26 02:13:53.698 12660 13861 W InputManager-JNI: Input channel object 'e5d26af ru.otus.wishlist/ru.otus.wishlist.MainActivity (client)' was disposed without first being removed with the input manager!
04-26 02:13:53.703  4824  4854 I appium  : channel read: POST /session/8fd92bff-1cf9-4975-875f-0b8fb035e5da/element
04-26 02:13:53.704  4824  4854 I appium  : FindElement command
04-26 02:13:53.704  4824  4854 I appium  : method: 'id', selector: 'ru.otus.wishlist:id/users'
04-26 02:13:53.706  4824  4854 I appium  : Waiting up to 10000ms for the device to idle
04-26 02:13:53.708  4866  4866 D CompatibilityChangeReporter: Compat change id reported: 147798919; UID 10151; state: ENABLED
04-26 02:13:53.716 12833 12833 W ziparchive: Unable to open '/data/app/~~E7HUVOVE1_qGCqO9F55iMw==/ru.otus.wishlist-KvzObjiROZidZodhEA4kDA==/base.apk': No such file or directory
04-26 02:13:53.716 12833 12833 E ndroid.systemu: Failed to open APK '/data/app/~~E7HUVOVE1_qGCqO9F55iMw==/ru.otus.wishlist-KvzObjiROZidZodhEA4kDA==/base.apk': I/O error
04-26 02:13:53.717 12833 12833 W ResourcesManager: failed to preload asset path '/data/app/~~E7HUVOVE1_qGCqO9F55iMw==/ru.otus.wishlist-KvzObjiROZidZodhEA4kDA==/base.apk'
04-26 02:13:53.717 12833 12833 W ResourcesManager: java.io.IOException: Failed to load asset path /data/app/~~E7HUVOVE1_qGCqO9F55iMw==/ru.otus.wishlist-KvzObjiROZidZodhEA4kDA==/base.apk
04-26 02:13:53.717 12833 12833 W ResourcesManager: 	at android.content.res.ApkAssets.nativeLoad(Native Method)
04-26 02:13:53.717 12833 12833 W ResourcesManager: 	at android.content.res.ApkAssets.<init>(ApkAssets.java:295)
04-26 02:13:53.717 12833 12833 W ResourcesManager: 	at android.content.res.ApkAssets.loadFromPath(ApkAssets.java:144)
04-26 02:13:53.717 12833 12833 W ResourcesManager: 	at android.app.ResourcesManager.loadApkAssets(ResourcesManager.java:454)
04-26 02:13:53.717 12833 12833 W ResourcesManager: 	at android.app.ResourcesManager.access$000(ResourcesManager.java:72)
04-26 02:13:53.717 12833 12833 W ResourcesManager: 	at android.app.ResourcesManager$ApkAssetsSupplier.load(ResourcesManager.java:168)
04-26 02:13:53.717 12833 12833 W ResourcesManager: 	at android.app.ResourcesManager.createApkAssetsSupplierNotLocked(ResourcesManager.java:980)
04-26 02:13:53.717 12833 12833 W ResourcesManager: 	at android.app.ResourcesManager.getResources(ResourcesManager.java:1101)
04-26 02:13:53.717 12833 12833 W ResourcesManager: 	at android.app.ActivityThread.getTopLevelResources(ActivityThread.java:2372)
04-26 02:13:53.717 12833 12833 W ResourcesManager: 	at android.app.ApplicationPackageManager.getResourcesForApplication(ApplicationPackageManager.java:1751)
04-26 02:13:53.717 12833 12833 W ResourcesManager: 	at android.app.ApplicationPackageManager.getResourcesForApplication(ApplicationPackageManager.java:1737)
04-26 02:13:53.717 12833 12833 W ResourcesManager: 	at android.app.ApplicationPackageManager.getDrawable(ApplicationPackageManager.java:1506)
04-26 02:13:53.717 12833 12833 W ResourcesManager: 	at android.app.ApplicationPackageManager.loadUnbadgedItemIcon(ApplicationPackageManager.java:3029)
04-26 02:13:53.717 12833 12833 W ResourcesManager: 	at android.content.pm.PackageItemInfo.loadUnbadgedIcon(PackageItemInfo.java:290)
04-26 02:13:53.717 12833 12833 W ResourcesManager: 	at com.android.systemui.toast.SystemUIToast.getBadgedIcon(SystemUIToast.java:284)
04-26 02:13:53.717 12833 12833 W ResourcesManager: 	at com.android.systemui.toast.SystemUIToast.inflateToastView(SystemUIToast.java:198)
04-26 02:13:53.717 12833 12833 W ResourcesManager: 	at com.android.systemui.toast.SystemUIToast.<init>(SystemUIToast.java:90)
04-26 02:13:53.717 12833 12833 W ResourcesManager: 	at com.android.systemui.toast.SystemUIToast.<init>(SystemUIToast.java:77)
04-26 02:13:53.717 12833 12833 W ResourcesManager: 	at com.android.systemui.toast.ToastFactory.createToast(ToastFactory.java:78)
04-26 02:13:53.717 12833 12833 W ResourcesManager: 	at com.android.systemui.toast.ToastUI.lambda$showToast$0(ToastUI.java:113)
04-26 02:13:53.717 12833 12833 W ResourcesManager: 	at com.android.systemui.toast.ToastUI.$r8$lambda$w_gPCh3F8Xxn1jN4lkQZoUci71c(Unknown Source:0)
04-26 02:13:53.717 12833 12833 W ResourcesManager: 	at com.android.systemui.toast.ToastUI$$ExternalSyntheticLambda0.run(Unknown Source:16)
04-26 02:13:53.717 12833 12833 W ResourcesManager: 	at com.android.systemui.toast.ToastUI.showToast(ToastUI.java:140)
04-26 02:13:53.717 12833 12833 W ResourcesManager: 	at com.android.systemui.statusbar.CommandQueue$H.handleMessage(CommandQueue.java:1431)
04-26 02:13:53.717 12833 12833 W ResourcesManager: 	at android.os.Handler.dispatchMessage(Handler.java:106)
04-26 02:13:53.717 12833 12833 W ResourcesManager: 	at android.os.Looper.loopOnce(Looper.java:201)
04-26 02:13:53.717 12833 12833 W ResourcesManager: 	at android.os.Looper.loop(Looper.java:288)
04-26 02:13:53.717 12833 12833 W ResourcesManager: 	at android.app.ActivityThread.main(ActivityThread.java:7839)
04-26 02:13:53.717 12833 12833 W ResourcesManager: 	at java.lang.reflect.Method.invoke(Native Method)
04-26 02:13:53.717 12833 12833 W ResourcesManager: 	at com.android.internal.os.RuntimeInit$MethodAndArgsCaller.run(RuntimeInit.java:548)
04-26 02:13:53.717 12833 12833 W ResourcesManager: 	at com.android.internal.os.ZygoteInit.main(ZygoteInit.java:1003)
04-26 02:13:53.717 12833 12833 W ziparchive: Unable to open '/data/app/~~E7HUVOVE1_qGCqO9F55iMw==/ru.otus.wishlist-KvzObjiROZidZodhEA4kDA==/base.apk': No such file or directory
04-26 02:13:53.717 12833 12833 E ndroid.systemu: Failed to open APK '/data/app/~~E7HUVOVE1_qGCqO9F55iMw==/ru.otus.wishlist-KvzObjiROZidZodhEA4kDA==/base.apk': I/O error
04-26 02:13:53.719 12833 12833 E ResourcesManager: failed to add asset path '/data/app/~~E7HUVOVE1_qGCqO9F55iMw==/ru.otus.wishlist-KvzObjiROZidZodhEA4kDA==/base.apk'
04-26 02:13:53.719 12833 12833 E ResourcesManager: java.io.IOException: Failed to load asset path /data/app/~~E7HUVOVE1_qGCqO9F55iMw==/ru.otus.wishlist-KvzObjiROZidZodhEA4kDA==/base.apk
04-26 02:13:53.719 12833 12833 E ResourcesManager: 	at android.content.res.ApkAssets.nativeLoad(Native Method)
04-26 02:13:53.719 12833 12833 E ResourcesManager: 	at android.content.res.ApkAssets.<init>(ApkAssets.java:295)
04-26 02:13:53.719 12833 12833 E ResourcesManager: 	at android.content.res.ApkAssets.loadFromPath(ApkAssets.java:144)
04-26 02:13:53.719 12833 12833 E ResourcesManager: 	at android.app.ResourcesManager.loadApkAssets(ResourcesManager.java:454)
04-26 02:13:53.719 12833 12833 E ResourcesManager: 	at android.app.ResourcesManager.access$000(ResourcesManager.java:72)
04-26 02:13:53.719 12833 12833 E ResourcesManager: 	at android.app.ResourcesManager$ApkAssetsSupplier.load(ResourcesManager.java:168)
04-26 02:13:53.719 12833 12833 E ResourcesManager: 	at android.app.ResourcesManager.createAssetManager(ResourcesManager.java:530)
04-26 02:13:53.719 12833 12833 E ResourcesManager: 	at android.app.ResourcesManager.createResourcesImpl(ResourcesManager.java:612)
04-26 02:13:53.719 12833 12833 E ResourcesManager: 	at android.app.ResourcesManager.findOrCreateResourcesImplForKeyLocked(ResourcesManager.java:664)
04-26 02:13:53.719 12833 12833 E ResourcesManager: 	at android.app.ResourcesManager.createResources(ResourcesManager.java:1011)
04-26 02:13:53.719 12833 12833 E ResourcesManager: 	at android.app.ResourcesManager.getResources(ResourcesManager.java:1114)
04-26 02:13:53.719 12833 12833 E ResourcesManager: 	at android.app.ActivityThread.getTopLevelResources(ActivityThread.java:2372)
04-26 02:13:53.719 12833 12833 E ResourcesManager: 	at android.app.ApplicationPackageManager.getResourcesForApplication(ApplicationPackageManager.java:1751)
04-26 02:13:53.719 12833 12833 E ResourcesManager: 	at android.app.ApplicationPackageManager.getResourcesForApplication(ApplicationPackageManager.java:1737)
04-26 02:13:53.719 12833 12833 E ResourcesManager: 	at android.app.ApplicationPackageManager.getDrawable(ApplicationPackageManager.java:1506)
04-26 02:13:53.719 12833 12833 E ResourcesManager: 	at android.app.ApplicationPackageManager.loadUnbadgedItemIcon(ApplicationPackageManager.java:3029)
04-26 02:13:53.719 12833 12833 E ResourcesManager: 	at android.content.pm.PackageItemInfo.loadUnbadgedIcon(PackageItemInfo.java:290)
04-26 02:13:53.719 12833 12833 E ResourcesManager: 	at com.android.systemui.toast.SystemUIToast.getBadgedIcon(SystemUIToast.java:284)
04-26 02:13:53.719 12833 12833 E ResourcesManager: 	at com.android.systemui.toast.SystemUIToast.inflateToastView(SystemUIToast.java:198)
04-26 02:13:53.719 12833 12833 E ResourcesManager: 	at com.android.systemui.toast.SystemUIToast.<init>(SystemUIToast.java:90)
04-26 02:13:53.719 12833 12833 E ResourcesManager: 	at com.android.systemui.toast.SystemUIToast.<init>(SystemUIToast.java:77)
04-26 02:13:53.719 12833 12833 E ResourcesManager: 	at com.android.systemui.toast.ToastFactory.createToast(ToastFactory.java:78)
04-26 02:13:53.719 12833 12833 E ResourcesManager: 	at com.android.systemui.toast.ToastUI.lambda$showToast$0(ToastUI.java:113)
04-26 02:13:53.719 12833 12833 E ResourcesManager: 	at com.android.systemui.toast.ToastUI.$r8$lambda$w_gPCh3F8Xxn1jN4lkQZoUci71c(Unknown Source:0)
04-26 02:13:53.719 12833 12833 E ResourcesManager: 	at com.android.systemui.toast.ToastUI$$ExternalSyntheticLambda0.run(Unknown Source:16)
04-26 02:13:53.719 12833 12833 E ResourcesManager: 	at com.android.systemui.toast.ToastUI.showToast(ToastUI.java:140)
04-26 02:13:53.719 12833 12833 E ResourcesManager: 	at com.android.systemui.statusbar.CommandQueue$H.handleMessage(CommandQueue.java:1431)
04-26 02:13:53.719 12833 12833 E ResourcesManager: 	at android.os.Handler.dispatchMessage(Handler.java:106)
04-26 02:13:53.719 12833 12833 E ResourcesManager: 	at android.os.Looper.loopOnce(Looper.java:201)
04-26 02:13:53.719 12833 12833 E ResourcesManager: 	at android.os.Looper.loop(Looper.java:288)
04-26 02:13:53.719 12833 12833 E ResourcesManager: 	at android.app.ActivityThread.main(ActivityThread.java:7839)
04-26 02:13:53.719 12833 12833 E ResourcesManager: 	at java.lang.reflect.Method.invoke(Native Method)
04-26 02:13:53.719 12833 12833 E ResourcesManager: 	at com.android.internal.os.RuntimeInit$MethodAndArgsCaller.run(RuntimeInit.java:548)
04-26 02:13:53.719 12833 12833 E ResourcesManager: 	at com.android.internal.os.ZygoteInit.main(ZygoteInit.java:1003)
04-26 02:13:53.719 12833 12833 W PackageManager: Failure retrieving resources for ru.otus.wishlist
04-26 02:13:53.738  4866  4885 D EGL_emulation: app_time_stats: avg=54.77ms min=2.17ms max=1771.41ms count=45
