04-13 07:55:23.041 12592 22254 D resolv  : doQuery: rcode=0, ancount=1
04-13 07:55:23.042 12592 22252 I ResolverController: No valid NAT64 prefix (103, <unspecified>/0)
04-13 07:55:23.699 22172 22202 I appium  : channel read: POST /session/4a2b4c76-4d24-4e9f-adbb-7a8f3e2c91d4/element
04-13 07:55:23.701 22172 22202 I appium  : FindElement command
04-13 07:55:23.703 22172 22202 I appium  : method: 'id', selector: 'android:id/content'
04-13 07:55:23.703 22172 22202 I appium  : Waiting up to 10000ms for the device to idle
04-13 07:55:23.721 22172 22202 I appium  : AppiumResponse: {"sessionId":"4a2b4c76-4d24-4e9f-adbb-7a8f3e2c91d4","value":{"ELEMENT":"00000000-0000-0c73-ffff-ffff00000005","element-6066-11e4-a52e-4f735466cecf":"00000000-0000-0c73-ffff-ffff00000005"}}
04-13 07:55:23.729 22172 22202 I appium  : channel read: POST /session/4a2b4c76-4d24-4e9f-adbb-7a8f3e2c91d4/element
04-13 07:55:23.730 22172 22202 I appium  : FindElement command
04-13 07:55:23.731 22172 22202 I appium  : method: 'id', selector: 'ru.otus.wishlist:id/users_menu', contextId: '00000000-0000-0c73-ffff-ffff00000005'
04-13 07:55:23.734 22172 22202 D UiObject2: Retrieving node with selector: BySelector [RES='\Qru.otus.wishlist:id/users_menu\E'].
04-13 07:55:23.737 22172 22202 D UiObject2: Node not found with selector: BySelector [RES='\Qru.otus.wishlist:id/users_menu\E'].
04-13 07:55:23.738 22172 22202 I appium  : AppiumResponse: {"sessionId":"4a2b4c76-4d24-4e9f-adbb-7a8f3e2c91d4","value":{"error":"no such element","message":"An element could not be located on the page using the given search parameters","stacktrace":"io.appium.uiautomator2.common.exceptions.ElementNotFoundException: An element could not be located on the page using the given search parameters\n\tat io.appium.uiautomator2.handler.FindElement.safeHandle(FindElement.java:63)\n\tat io.appium.uiautomator2.handler.request.SafeRequestHandler.handle(SafeRequestHandler.java:59)\n\tat io.appium.uiautomator2.server.AppiumServlet.handleRequest(AppiumServlet.java:267)\n\tat io.appium.uiautomator2.server.AppiumServlet.handleHttpRequest(AppiumServlet.java:261)\n\tat io.appium.uiautomator2.http.ServerHandler.channelRead(ServerHandler.java:77)\n\tat io.netty.channel.AbstractChannelHandlerContext.fireChannelRead(AbstractChannelHandlerContext.java:356)\n\tat io.netty.handler.codec.MessageToMessageDecoder.channelRead(MessageToMessageDecoder.java:107)\n\tat io.netty.channel.AbstractChannelHandlerContext.fireChannelRead(AbstractChannelHandlerContext.java:356)\n\tat io.netty.channel.CombinedChannelDuplexHandler$DelegatingChannelHandlerContext.fireChannelRead(CombinedChannelDuplexHandler.java:434)\n\tat io.netty.handler.codec.ByteToMessageDecoder.fireChannelRead(ByteToMessageDecoder.java:361)\n\tat io.netty.handler.codec.ByteToMessageDecoder.channelRead(ByteToMessageDecoder.java:325)\n\tat io.netty.channel.CombinedChannelDuplexHandler.channelRead(CombinedChannelDuplexHandler.java:249)\n\tat io.netty.channel.AbstractChannelHandlerContext.fireChannelRead(AbstractChannelHandlerContext.java:354)\n\tat io.netty.handler.timeout.IdleStateHandler.channelRead(IdleStateHandler.java:293)\n\tat io.netty.channel.AbstractChannelHandlerContext.fireChannelRead(AbstractChannelHandlerContext.java:354)\n\tat io.netty.channel.DefaultChannelPipeline$HeadContext.channelRead(DefaultChannelPipeline.java:1429)\n\tat io.netty.channel.DefaultChannelPipeline.fireChannelRead(DefaultChannelPipeline.java:918)\n\tat io.netty.channel.nio.AbstractNioByteChannel$NioByteUnsafe.read(AbstractNioByteChannel.java:172)\n\tat io.netty.channel.nio.AbstractNioChannel$AbstractNioUnsafe.handle(AbstractNioChannel.java:445)\n\tat io.netty.channel.nio.NioIoHandler$DefaultNioRegistration.handle(NioIoHandler.java:388)\n\tat io.netty.channel.nio.NioIoHandler.processSelectedKey(NioIoHandler.java:596)\n\tat io.netty.channel.nio.NioIoHandler.processSelectedKeysOptimized(NioIoHandler.java:571)\n\tat io.netty.channel.nio.NioIoHandler.processSelectedKeys(NioIoHandler.java:512)\n\tat io.netty.channel.nio.NioIoHandler.run(NioIoHandler.java:484)\n\tat io.netty.channel.SingleThreadIoEventLoop.runIo(SingleThreadIoEventLoop.java:225)\n\tat io.netty.channel.SingleThreadIoEventLoop.run(SingleThreadIoEventLoop.java:196)\n\tat io.netty.util.concurrent.SingleThreadEventExecutor$5.run(SingleThreadEventExecutor.java:1195)\n\tat io.netty.util.internal.ThreadExecutorMap$2.run(ThreadExecutorMap.java:74)\n\tat io.netty.util.concurrent.FastThreadLocalRunnable.run(FastThreadLocalRunnable.java:30)\n\tat java.lang.Thread.run(Thread.java:920)\n"}}
04-13 07:55:24.056 22214 22233 D EGL_emulation: app_time_stats: avg=50.77ms min=11.02ms max=954.86ms count=33
04-13 07:55:24.248 22172 22202 I appium  : channel read: POST /session/4a2b4c76-4d24-4e9f-adbb-7a8f3e2c91d4/element
04-13 07:55:24.249 22172 22202 I appium  : FindElement command
04-13 07:55:24.250 22172 22202 I appium  : method: 'id', selector: 'ru.otus.wishlist:id/users_menu', contextId: '00000000-0000-0c73-ffff-ffff00000005'
04-13 07:55:24.660 22172 22202 D UiObject2: Retrieving node with selector: BySelector [RES='\Qru.otus.wishlist:id/users_menu\E'].
04-13 07:55:24.675 22172 22202 I appium  : AppiumResponse: {"sessionId":"4a2b4c76-4d24-4e9f-adbb-7a8f3e2c91d4","value":{"ELEMENT":"00000000-0000-0c73-ffff-ffff0000003e","element-6066-11e4-a52e-4f735466cecf":"00000000-0000-0c73-ffff-ffff0000003e"}}
04-13 07:55:24.685 22172 22202 I appium  : channel read: GET /session/4a2b4c76-4d24-4e9f-adbb-7a8f3e2c91d4/element/00000000-0000-0c73-ffff-ffff0000003e/attribute/displayed
04-13 07:55:24.685 22172 22202 I appium  : GetElementAttribute command
04-13 07:55:24.691 22172 22202 I appium  : AppiumResponse: {"sessionId":"4a2b4c76-4d24-4e9f-adbb-7a8f3e2c91d4","value":"true"}
04-13 07:55:24.698 22172 22202 I appium  : channel read: POST /session/4a2b4c76-4d24-4e9f-adbb-7a8f3e2c91d4/element
04-13 07:55:24.699 22172 22202 I appium  : FindElement command
04-13 07:55:24.700 22172 22202 I appium  : method: 'id', selector: 'android:id/content'
04-13 07:55:24.701 22172 22202 I appium  : Waiting up to 10000ms for the device to idle
04-13 07:55:24.715 22172 22202 I appium  : AppiumResponse: {"sessionId":"4a2b4c76-4d24-4e9f-adbb-7a8f3e2c91d4","value":{"ELEMENT":"00000000-0000-0c73-ffff-ffff00000005","element-6066-11e4-a52e-4f735466cecf":"00000000-0000-0c73-ffff-ffff00000005"}}
04-13 07:55:24.723 22172 22202 I appium  : channel read: POST /session/4a2b4c76-4d24-4e9f-adbb-7a8f3e2c91d4/element
04-13 07:55:24.724 22172 22202 I appium  : FindElement command
04-13 07:55:24.725 22172 22202 I appium  : method: 'id', selector: 'ru.otus.wishlist:id/users_menu', contextId: '00000000-0000-0c73-ffff-ffff00000005'
04-13 07:55:24.727 22172 22202 D UiObject2: Retrieving node with selector: BySelector [RES='\Qru.otus.wishlist:id/users_menu\E'].
04-13 07:55:24.731 22172 22202 I appium  : AppiumResponse: {"sessionId":"4a2b4c76-4d24-4e9f-adbb-7a8f3e2c91d4","value":{"ELEMENT":"00000000-0000-0c73-ffff-ffff0000003e","element-6066-11e4-a52e-4f735466cecf":"00000000-0000-0c73-ffff-ffff0000003e"}}
04-13 07:55:24.738 22172 22202 I appium  : channel read: GET /session/4a2b4c76-4d24-4e9f-adbb-7a8f3e2c91d4/element/00000000-0000-0c73-ffff-ffff0000003e/attribute/displayed
04-13 07:55:24.739 22172 22202 I appium  : GetElementAttribute command
04-13 07:55:24.742 22172 22202 I appium  : AppiumResponse: {"sessionId":"4a2b4c76-4d24-4e9f-adbb-7a8f3e2c91d4","value":"true"}
04-13 07:55:24.749 22172 22202 I appium  : channel read: POST /session/4a2b4c76-4d24-4e9f-adbb-7a8f3e2c91d4/element/00000000-0000-0c73-ffff-ffff0000003e/click
04-13 07:55:24.750 22172 22202 I appium  : Click command
04-13 07:55:24.791 22172 22202 W GestureController: Gestures took longer than expected (37ms >> 16ms), device might be in a busy state.
04-13 07:55:24.792 22172 22202 I appium  : Waiting up to 10000ms for the device to idle
04-13 07:55:24.793 22172 22202 I appium  : AppiumResponse: {"sessionId":"4a2b4c76-4d24-4e9f-adbb-7a8f3e2c91d4","value":null}
04-13 07:55:24.805 22172 22202 I appium  : channel read: POST /session/4a2b4c76-4d24-4e9f-adbb-7a8f3e2c91d4/element
04-13 07:55:24.807 22172 22202 I appium  : FindElement command
04-13 07:55:24.808 22172 22202 I appium  : method: 'id', selector: 'android:id/content'
04-13 07:55:24.809 22172 22202 I appium  : Waiting up to 10000ms for the device to idle
04-13 07:55:24.815 12589 12645 D AudioFlinger: mixer(0x7a33667bfa70) throttle end: throttle time(35)
04-13 07:55:24.874 22214 22222 I u.otus.wishlis: JIT allocated 77KB for compiled code of void android.view.View.<init>(android.content.Context, android.util.AttributeSet, int, int)
04-13 07:55:25.083 22214 22233 D EGL_emulation: app_time_stats: avg=42.15ms min=1.67ms max=654.73ms count=23
04-13 07:55:25.440 22214 22256 D ProfileInstaller: Installing profile for ru.otus.wishlist
04-13 07:55:25.930 22172 22202 I appium  : AppiumResponse: {"sessionId":"4a2b4c76-4d24-4e9f-adbb-7a8f3e2c91d4","value":{"ELEMENT":"00000000-0000-0c73-ffff-ffff00000005","element-6066-11e4-a52e-4f735466cecf":"00000000-0000-0c73-ffff-ffff00000005"}}
04-13 07:55:25.942 22172 22202 I appium  : channel read: POST /session/4a2b4c76-4d24-4e9f-adbb-7a8f3e2c91d4/element
04-13 07:55:25.944 22172 22202 I appium  : FindElement command
04-13 07:55:25.945 22172 22202 I appium  : method: 'id', selector: 'ru.otus.wishlist:id/filter', contextId: '00000000-0000-0c73-ffff-ffff00000005'
04-13 07:55:25.947 22172 22202 D UiObject2: Retrieving node with selector: BySelector [RES='\Qru.otus.wishlist:id/filter\E'].
04-13 07:55:25.950 22172 22202 I appium  : AppiumResponse: {"sessionId":"4a2b4c76-4d24-4e9f-adbb-7a8f3e2c91d4","value":{"ELEMENT":"00000000-0000-0c73-ffff-ffff0000006e","element-6066-11e4-a52e-4f735466cecf":"00000000-0000-0c73-ffff-ffff0000006e"}}
04-13 07:55:25.954 12814 12814 I wpa_supplicant: wlan0: CTRL-EVENT-BEACON-LOSS 
04-13 07:55:25.957 22172 22202 I appium  : channel read: GET /session/4a2b4c76-4d24-4e9f-adbb-7a8f3e2c91d4/element/00000000-0000-0c73-ffff-ffff0000006e/attribute/displayed
04-13 07:55:25.957 22172 22202 I appium  : GetElementAttribute command
04-13 07:55:25.960 22172 22202 I appium  : AppiumResponse: {"sessionId":"4a2b4c76-4d24-4e9f-adbb-7a8f3e2c91d4","value":"true"}
04-13 07:55:25.968 22172 22202 I appium  : channel read: POST /session/4a2b4c76-4d24-4e9f-adbb-7a8f3e2c91d4/element
04-13 07:55:25.968 22172 22202 I appium  : FindElement command
04-13 07:55:25.969 22172 22202 I appium  : method: 'id', selector: 'android:id/content'
04-13 07:55:25.969 22172 22202 I appium  : Waiting up to 10000ms for the device to idle
04-13 07:55:25.984 22172 22202 I appium  : AppiumResponse: {"sessionId":"4a2b4c76-4d24-4e9f-adbb-7a8f3e2c91d4","value":{"ELEMENT":"00000000-0000-0c73-ffff-ffff00000005","element-6066-11e4-a52e-4f735466cecf":"00000000-0000-0c73-ffff-ffff00000005"}}
04-13 07:55:25.991 22172 22202 I appium  : channel read: POST /session/4a2b4c76-4d24-4e9f-adbb-7a8f3e2c91d4/element
04-13 07:55:25.992 22172 22202 I appium  : FindElement command
04-13 07:55:25.993 22172 22202 I appium  : method: 'id', selector: 'ru.otus.wishlist:id/filter', contextId: '00000000-0000-0c73-ffff-ffff00000005'
04-13 07:55:25.995 22172 22202 D UiObject2: Retrieving node with selector: BySelector [RES='\Qru.otus.wishlist:id/filter\E'].
04-13 07:55:25.997 22172 22202 I appium  : AppiumResponse: {"sessionId":"4a2b4c76-4d24-4e9f-adbb-7a8f3e2c91d4","value":{"ELEMENT":"00000000-0000-0c73-ffff-ffff0000006e","element-6066-11e4-a52e-4f735466cecf":"00000000-0000-0c73-ffff-ffff0000006e"}}
04-13 07:55:26.004 22172 22202 I appium  : channel read: GET /session/4a2b4c76-4d24-4e9f-adbb-7a8f3e2c91d4/element/00000000-0000-0c73-ffff-ffff0000006e/attribute/displayed
04-13 07:55:26.005 22172 22202 I appium  : GetElementAttribute command
04-13 07:55:26.008 22172 22202 I appium  : AppiumResponse: {"sessionId":"4a2b4c76-4d24-4e9f-adbb-7a8f3e2c91d4","value":"true"}
04-13 07:55:26.015 22172 22202 I appium  : channel read: POST /session/4a2b4c76-4d24-4e9f-adbb-7a8f3e2c91d4/element/00000000-0000-0c73-ffff-ffff0000006e/click
04-13 07:55:26.016 22172 22202 I appium  : Click command
04-13 07:55:26.059 22172 22202 W GestureController: Gestures took longer than expected (39ms >> 16ms), device might be in a busy state.
04-13 07:55:26.059 22172 22202 I appium  : Waiting up to 10000ms for the device to idle
04-13 07:55:26.060 22172 22202 I appium  : AppiumResponse: {"sessionId":"4a2b4c76-4d24-4e9f-adbb-7a8f3e2c91d4","value":null}
04-13 07:55:26.070 22172 22202 I appium  : channel read: POST /session/4a2b4c76-4d24-4e9f-adbb-7a8f3e2c91d4/element
04-13 07:55:26.071 22172 22202 I appium  : FindElement command
04-13 07:55:26.072 22172 22202 I appium  : method: 'id', selector: 'ru.otus.wishlist:id/filter_title'
04-13 07:55:26.072 22172 22202 I appium  : Waiting up to 10000ms for the device to idle
04-13 07:55:26.104 22214 22233 D EGL_emulation: app_time_stats: avg=22.13ms min=1.50ms max=409.11ms count=37
04-13 07:55:26.130   371   371 D goldfish-address-space: claimShared: Ask to claim region [0x3f1cec000 0x3f28fb000]
04-13 07:55:26.171 12833 12920 D EGL_emulation: app_time_stats: avg=178.26ms min=2.18ms max=5253.07ms count=30
04-13 07:55:26.175   371   371 D goldfish-address-space: claimShared: Ask to claim region [0x3f5967000 0x3f6576000]
04-13 07:55:26.195   371   411 D goldfish-address-space: claimShared: Ask to claim region [0x3f6576000 0x3f7185000]
04-13 07:55:26.292 22172 22202 W ByMatcher: Node returned null child: android.view.accessibility.AccessibilityNodeInfo@138a4; boundsInParent: Rect(0, 0 - 1080, 2063); boundsInScreen: Rect(0, 145 - 1080, 2208); packageName: ru.otus.wishlist; className: android.view.ViewGroup; text: null; error: null; maxTextLength: -1; stateDescription: null; contentDescription: null; tooltipText: null; viewIdResName: ru.otus.wishlist:id/main; checkable: false; checked: false; focusable: false; focused: false; selected: false; clickable: false; longClickable: false; contextClickable: false; enabled: true; password: false; scrollable: false; importantForAccessibility: false; visible: true; actions: [AccessibilityAction: ACTION_SELECT - null, AccessibilityAction: ACTION_CLEAR_SELECTION - null, AccessibilityAction: ACTION_ACCESSIBILITY_FOCUS - null, AccessibilityAction: ACTION_SHOW_ON_SCREEN - null]
04-13 07:55:26.292 22172 22202 W ByMatcher: Skipping null child (1 of 2)
04-13 07:55:26.293 22172 22202 W ByMatcher: Node returned null child: android.view.accessibility.AccessibilityNodeInfo@80007931; boundsInParent: Rect(0, 0 - 1080, 2340); boundsInScreen: Rect(0, 0 - 1080, 2340); packageName: ru.otus.wishlist; className: android.widget.FrameLayout; text: null; error: null; maxTextLength: -1; stateDescription: null; contentDescription: null; tooltipText: null; viewIdResName: null; checkable: false; checked: false; focusable: false; focused: false; selected: false; clickable: false; longClickable: false; contextClickable: false; enabled: true; password: false; scrollable: false; importantForAccessibility: true; visible: true; actions: [AccessibilityAction: ACTION_SELECT - null, AccessibilityAction: ACTION_CLEAR_SELECTION - null, AccessibilityAction: ACTION_ACCESSIBILITY_FOCUS - null, AccessibilityAction: ACTION_SHOW_ON_SCREEN - null]
04-13 07:55:26.293 22172 22202 W ByMatcher: Skipping null child (1 of 2)
04-13 07:55:26.294 22172 22202 W ByMatcher: Node returned null child: android.view.accessibility.AccessibilityNodeInfo@80007931; boundsInParent: Rect(0, 0 - 1080, 2340); boundsInScreen: Rect(0, 0 - 1080, 2340); packageName: ru.otus.wishlist; className: android.widget.FrameLayout; text: null; error: null; maxTextLength: -1; stateDescription: null; contentDescription: null; tooltipText: null; viewIdResName: null; checkable: false; checked: false; focusable: false; focused: false; selected: false; clickable: false; longClickable: false; contextClickable: false; enabled: true; password: false; scrollable: false; importantForAccessibility: true; visible: true; actions: [AccessibilityAction: ACTION_SELECT - null, AccessibilityAction: ACTION_CLEAR_SELECTION - null, AccessibilityAction: ACTION_ACCESSIBILITY_FOCUS - null, AccessibilityAction: ACTION_SHOW_ON_SCREEN - null]
04-13 07:55:26.294 22172 22202 W ByMatcher: Skipping null child (0 of 2)
04-13 07:55:26.295 22172 22202 W ByMatcher: Skipping null child (1 of 2)
04-13 07:55:26.296 22172 22202 I appium  : AppiumResponse: {"sessionId":"4a2b4c76-4d24-4e9f-adbb-7a8f3e2c91d4","value":{"error":"no such element","message":"An element could not be located on the page using the given search parameters","stacktrace":"io.appium.uiautomator2.common.exceptions.ElementNotFoundException: An element could not be located on the page using the given search parameters\n\tat io.appium.uiautomator2.handler.FindElement.safeHandle(FindElement.java:63)\n\tat io.appium.uiautomator2.handler.request.SafeRequestHandler.handle(SafeRequestHandler.java:59)\n\tat io.appium.uiautomator2.server.AppiumServlet.handleRequest(AppiumServlet.java:267)\n\tat io.appium.uiautomator2.server.AppiumServlet.handleHttpRequest(AppiumServlet.java:261)\n\tat io.appium.uiautomator2.http.ServerHandler.channelRead(ServerHandler.java:77)\n\tat io.netty.channel.AbstractChannelHandlerContext.fireChannelRead(AbstractChannelHandlerContext.java:356)\n\tat io.netty.handler.codec.MessageToMessageDecoder.channelRead(MessageToMessageDecoder.java:107)\n\tat io.netty.channel.AbstractChannelHandlerContext.fireChannelRead(AbstractChannelHandlerContext.java:356)\n\tat io.netty.channel.CombinedChannelDuplexHandler$DelegatingChannelHandlerContext.fireChannelRead(CombinedChannelDuplexHandler.java:434)\n\tat io.netty.handler.codec.ByteToMessageDecoder.fireChannelRead(ByteToMessageDecoder.java:361)\n\tat io.netty.handler.codec.ByteToMessageDecoder.channelRead(ByteToMessageDecoder.java:325)\n\tat io.netty.channel.CombinedChannelDuplexHandler.channelRead(CombinedChannelDuplexHandler.java:249)\n\tat io.netty.channel.AbstractChannelHandlerContext.fireChannelRead(AbstractChannelHandlerContext.java:354)\n\tat io.netty.handler.timeout.IdleStateHandler.channelRead(IdleStateHandler.java:293)\n\tat io.netty.channel.AbstractChannelHandlerContext.fireChannelRead(AbstractChannelHandlerContext.java:354)\n\tat io.netty.channel.DefaultChannelPipeline$HeadContext.channelRead(DefaultChannelPipeline.java:1429)\n\tat io.netty.channel.DefaultChannelPipeline.fireChannelRead(DefaultChannelPipeline.java:918)\n\tat io.netty.channel.nio.AbstractNioByteChannel$NioByteUnsafe.read(AbstractNioByteChannel.java:172)\n\tat io.netty.channel.nio.AbstractNioChannel$AbstractNioUnsafe.handle(AbstractNioChannel.java:445)\n\tat io.netty.channel.nio.NioIoHandler$DefaultNioRegistration.handle(NioIoHandler.java:388)\n\tat io.netty.channel.nio.NioIoHandler.processSelectedKey(NioIoHandler.java:596)\n\tat io.netty.channel.nio.NioIoHandler.processSelectedKeysOptimized(NioIoHandler.java:571)\n\tat io.netty.channel.nio.NioIoHandler.processSelectedKeys(NioIoHandler.java:512)\n\tat io.netty.channel.nio.NioIoHandler.run(NioIoHandler.java:484)\n\tat io.netty.channel.SingleThreadIoEventLoop.runIo(SingleThreadIoEventLoop.java:225)\n\tat io.netty.channel.SingleThreadIoEventLoop.run(SingleThreadIoEventLoop.java:196)\n\tat io.netty.util.concurrent.SingleThreadEventExecutor$5.run(SingleThreadEventExecutor.java:1195)\n\tat io.netty.util.internal.ThreadExecutorMap$2.run(ThreadExecutorMap.java:74)\n\tat io.netty.util.concurrent.FastThreadLocalRunnable.run(FastThreadLocalRunnable.java:30)\n\tat java.lang.Thread.run(Thread.java:920)\n"}}
04-13 07:55:26.312 13314 13314 I GoogleInputMethodService: GoogleInputMethodService.onFinishInput():3420 
04-13 07:55:26.312 13314 13314 W KeyboardViewController: KeyboardViewController.show():477 Requesting to show sub view with id 2131428268(#0x7f0b03ac) when keyboard HEADER view is not ready to show
04-13 07:55:26.312 13314 13314 I GoogleInputMethodService: GoogleInputMethodService.onStartInput():2002 
04-13 07:55:26.313 13314 13314 I DeviceUnlockedTag: DeviceUnlockedTag.notifyDeviceLockStatusChanged():31 Notify device unlocked.
04-13 07:55:26.314 13314 13314 I ShortcutsDataManager: AbstractContentDataManager.startImportContentTask():235 startImportContentTask()
04-13 07:55:26.315 13314 13602 I ShortcutsDataManager: AbstractContentDataManager$ImportContentTask.doInBackground():249 doInBackground()
04-13 07:55:26.316 13314 13602 I PersonalDictionaryDataHandler: PersonalDictionaryDataHandler.beginProcess():111 LanguageTags = [en-US]
04-13 07:55:26.323 13314 13602 I ShortcutsDataManager: AbstractContentDataManager.importRecords():339 importRecords() : Success : Count = 0
04-13 07:55:26.324 13314 13602 I ShortcutsDataManager: AbstractContentDataManager.importContentData():289 importContentData() : Ending import process
04-13 07:55:26.325 13314 15962 I Delight5Decoder: Delight5DecoderWrapper.unloadLanguageModel():820 unloadLanguageModel() : 4, version [n/a]
04-13 07:55:26.342 13314 13602 I PersonalLanguageModelUpdater: PersonalLanguageModelUpdater$UpdateOperation.performInternal():162 run() : Added 0 words and 0 shortcuts
04-13 07:55:26.342 13314 13602 I DynamicLanguageModelOperation: DynamicLanguageModelOperation.perform():38 perform() : 4 : cny : Completed
04-13 07:55:26.343 13314 13314 I ShortcutsDataManager: AbstractContentDataManager$ImportContentTask.onPostExecute():260 onPostExecute() : Result = [2,0]
04-13 07:55:26.343 13314 13314 I ShortcutsDataManager: ShortcutsDataManager.onImportFinished():83 onImportFinished() : Result = 2 : Count = 0
04-13 07:55:26.343 13314 15962 I Delight5Decoder: Delight5DecoderWrapper.loadLanguageModel():614 loadLanguageModel() : 4, version [n/a]
04-13 07:55:26.343 13314 15962 I Delight5Decoder: Delight5DecoderWrapper.loadLanguageModel():652 Loaded dynamic LM 4.en
04-13 07:55:26.812 22172 22202 I appium  : channel read: POST /session/4a2b4c76-4d24-4e9f-adbb-7a8f3e2c91d4/element
04-13 07:55:26.813 22172 22202 I appium  : FindElement command
04-13 07:55:26.813 22172 22202 I appium  : method: 'id', selector: 'ru.otus.wishlist:id/filter_title'
04-13 07:55:26.814 22172 22202 I appium  : Waiting up to 10000ms for the device to idle
04-13 07:55:26.938 22172 22202 I appium  : AppiumResponse: {"sessionId":"4a2b4c76-4d24-4e9f-adbb-7a8f3e2c91d4","value":{"ELEMENT":"00000000-0000-0c74-ffff-ffff00000095","element-6066-11e4-a52e-4f735466cecf":"00000000-0000-0c74-ffff-ffff00000095"}}
04-13 07:55:26.946 22172 22202 I appium  : channel read: GET /session/4a2b4c76-4d24-4e9f-adbb-7a8f3e2c91d4/element/00000000-0000-0c74-ffff-ffff00000095/attribute/displayed
04-13 07:55:26.946 22172 22202 I appium  : GetElementAttribute command
04-13 07:55:26.954 22172 22202 I appium  : AppiumResponse: {"sessionId":"4a2b4c76-4d24-4e9f-adbb-7a8f3e2c91d4","value":"true"}
04-13 07:55:26.963 22172 22202 I appium  : channel read: POST /session/4a2b4c76-4d24-4e9f-adbb-7a8f3e2c91d4/element
04-13 07:55:26.963 22172 22202 I appium  : FindElement command
04-13 07:55:26.964 22172 22202 I appium  : method: 'id', selector: 'ru.otus.wishlist:id/filter_title'
04-13 07:55:26.965 22172 22202 I appium  : Waiting up to 10000ms for the device to idle
04-13 07:55:26.970 22172 22202 I appium  : AppiumResponse: {"sessionId":"4a2b4c76-4d24-4e9f-adbb-7a8f3e2c91d4","value":{"ELEMENT":"00000000-0000-0c74-ffff-ffff00000095","element-6066-11e4-a52e-4f735466cecf":"00000000-0000-0c74-ffff-ffff00000095"}}
04-13 07:55:26.978 22172 22202 I appium  : channel read: GET /session/4a2b4c76-4d24-4e9f-adbb-7a8f3e2c91d4/element/00000000-0000-0c74-ffff-ffff00000095/name
04-13 07:55:26.979 22172 22202 I appium  : GetName command
04-13 07:55:26.981 22172 22202 I appium  : AppiumResponse: {"sessionId":"4a2b4c76-4d24-4e9f-adbb-7a8f3e2c91d4","value":null}
04-13 07:55:26.989 22172 22202 I appium  : channel read: GET /session/4a2b4c76-4d24-4e9f-adbb-7a8f3e2c91d4/element/00000000-0000-0c74-ffff-ffff00000095/text
04-13 07:55:26.989 22172 22202 I appium  : GetText command
04-13 07:55:26.992 22172 22202 I appium  : AppiumResponse: {"sessionId":"4a2b4c76-4d24-4e9f-adbb-7a8f3e2c91d4","value":"Фильтры"}
04-13 07:55:27.009 22172 22202 I appium  : channel read: POST /session/4a2b4c76-4d24-4e9f-adbb-7a8f3e2c91d4/element
04-13 07:55:27.010 22172 22202 I appium  : FindElement command
04-13 07:55:27.011 22172 22202 I appium  : method: 'id', selector: 'ru.otus.wishlist:id/username_input'
04-13 07:55:27.011 22172 22202 I appium  : Waiting up to 10000ms for the device to idle
04-13 07:55:27.018 22172 22202 I appium  : AppiumResponse: {"sessionId":"4a2b4c76-4d24-4e9f-adbb-7a8f3e2c91d4","value":{"ELEMENT":"00000000-0000-0c74-ffff-ffff00000098","element-6066-11e4-a52e-4f735466cecf":"00000000-0000-0c74-ffff-ffff00000098"}}
04-13 07:55:27.025 22172 22202 I appium  : channel read: GET /session/4a2b4c76-4d24-4e9f-adbb-7a8f3e2c91d4/element/00000000-0000-0c74-ffff-ffff00000098/attribute/displayed
04-13 07:55:27.025 22172 22202 I appium  : GetElementAttribute command
04-13 07:55:27.029 22172 22202 I appium  : AppiumResponse: {"sessionId":"4a2b4c76-4d24-4e9f-adbb-7a8f3e2c91d4","value":"true"}
04-13 07:55:27.037 22172 22202 I appium  : channel read: POST /session/4a2b4c76-4d24-4e9f-adbb-7a8f3e2c91d4/element
04-13 07:55:27.037 22172 22202 I appium  : FindElement command
04-13 07:55:27.038 22172 22202 I appium  : method: 'id', selector: 'ru.otus.wishlist:id/username_input'
04-13 07:55:27.039 22172 22202 I appium  : Waiting up to 10000ms for the device to idle
04-13 07:55:27.044 22172 22202 I appium  : AppiumResponse: {"sessionId":"4a2b4c76-4d24-4e9f-adbb-7a8f3e2c91d4","value":{"ELEMENT":"00000000-0000-0c74-ffff-ffff00000098","element-6066-11e4-a52e-4f735466cecf":"00000000-0000-0c74-ffff-ffff00000098"}}
04-13 07:55:27.051 22172 22202 I appium  : channel read: GET /session/4a2b4c76-4d24-4e9f-adbb-7a8f3e2c91d4/element/00000000-0000-0c74-ffff-ffff00000098/attribute/displayed
04-13 07:55:27.051 22172 22202 I appium  : GetElementAttribute command
04-13 07:55:27.055 22172 22202 I appium  : AppiumResponse: {"sessionId":"4a2b4c76-4d24-4e9f-adbb-7a8f3e2c91d4","value":"true"}
04-13 07:55:27.062 22172 22202 I appium  : channel read: POST /session/4a2b4c76-4d24-4e9f-adbb-7a8f3e2c91d4/element/00000000-0000-0c74-ffff-ffff00000098/clear
04-13 07:55:27.062 22172 22202 I appium  : Clear command
04-13 07:55:27.066 22172 22202 D UiObject2: Setting text to ''.
04-13 07:55:27.069 22172 22202 I appium  : AppiumResponse: {"sessionId":"4a2b4c76-4d24-4e9f-adbb-7a8f3e2c91d4","value":null}
04-13 07:55:27.076 22172 22202 I appium  : channel read: POST /session/4a2b4c76-4d24-4e9f-adbb-7a8f3e2c91d4/element
04-13 07:55:27.077 22172 22202 I appium  : FindElement command
04-13 07:55:27.077 22172 22202 I appium  : method: 'id', selector: 'ru.otus.wishlist:id/username_input'
04-13 07:55:27.077 22172 22202 I appium  : Waiting up to 10000ms for the device to idle
04-13 07:55:27.086 22172 22202 I appium  : AppiumResponse: {"sessionId":"4a2b4c76-4d24-4e9f-adbb-7a8f3e2c91d4","value":{"ELEMENT":"00000000-0000-0c74-ffff-ffff00000098","element-6066-11e4-a52e-4f735466cecf":"00000000-0000-0c74-ffff-ffff00000098"}}
04-13 07:55:27.094 22172 22202 I appium  : channel read: POST /session/4a2b4c76-4d24-4e9f-adbb-7a8f3e2c91d4/element/00000000-0000-0c74-ffff-ffff00000098/value
04-13 07:55:27.095 22172 22202 I appium  : SendKeysToElement command
04-13 07:55:27.132   400   400 E android.hardware.power.stats@1.0-service-mock: Failed to getEnergyData
04-13 07:55:27.573 22172 22202 D UiObject2: Setting text to ''.
04-13 07:55:27.585 22214 22233 D EGL_emulation: app_time_stats: avg=126.61ms min=5.10ms max=650.91ms count=10
04-13 07:55:27.958   211 22116 I keystore2: keystore2::watchdog: Watchdog thread idle -> terminating. Have a great day.
04-13 07:55:28.087 22172 22202 I appium  : AppiumResponse: {"sessionId":"4a2b4c76-4d24-4e9f-adbb-7a8f3e2c91d4","value":null}
04-13 07:55:28.090 13314 13314 I ShortcutsDataManager: ShortcutsDataManager.onContentChanged():73 onContentChanged()
04-13 07:55:28.091 12660 15804 W ProcessStats: Tracking association SourceState{6713a1b system/1000 BTopFgs #34029} whose proc state 2 is better than process ProcessState{9cc27b8 com.google.android.gms.persistent/10101 pkg=com.google.android.gms} proc state 3 (81 skipped)
04-13 07:55:28.101 22172 22202 I appium  : channel read: POST /session/4a2b4c76-4d24-4e9f-adbb-7a8f3e2c91d4/element
04-13 07:55:28.102 22172 22202 I appium  : FindElement command
04-13 07:55:28.103 22172 22202 I appium  : method: 'id', selector: 'ru.otus.wishlist:id/apply_button'
04-13 07:55:28.104 22172 22202 I appium  : Waiting up to 10000ms for the device to idle
04-13 07:55:28.598 22172 22202 I appium  : AppiumResponse: {"sessionId":"4a2b4c76-4d24-4e9f-adbb-7a8f3e2c91d4","value":{"ELEMENT":"00000000-0000-0c74-ffff-ffff000000a1","element-6066-11e4-a52e-4f735466cecf":"00000000-0000-0c74-ffff-ffff000000a1"}}
04-13 07:55:28.608 22172 22202 I appium  : channel read: GET /session/4a2b4c76-4d24-4e9f-adbb-7a8f3e2c91d4/element/00000000-0000-0c74-ffff-ffff000000a1/attribute/displayed
04-13 07:55:28.608 22172 22202 I appium  : GetElementAttribute command
04-13 07:55:28.616 22172 22202 I appium  : AppiumResponse: {"sessionId":"4a2b4c76-4d24-4e9f-adbb-7a8f3e2c91d4","value":"true"}
04-13 07:55:28.625 22172 22202 I appium  : channel read: POST /session/4a2b4c76-4d24-4e9f-adbb-7a8f3e2c91d4/element
04-13 07:55:28.625 22172 22202 I appium  : FindElement command
04-13 07:55:28.627 22172 22202 I appium  : method: 'id', selector: 'ru.otus.wishlist:id/apply_button'
04-13 07:55:28.627 22172 22202 I appium  : Waiting up to 10000ms for the device to idle
04-13 07:55:28.633 22172 22202 I appium  : AppiumResponse: {"sessionId":"4a2b4c76-4d24-4e9f-adbb-7a8f3e2c91d4","value":{"ELEMENT":"00000000-0000-0c74-ffff-ffff000000a1","element-6066-11e4-a52e-4f735466cecf":"00000000-0000-0c74-ffff-ffff000000a1"}}
04-13 07:55:28.640 22172 22202 I appium  : channel read: GET /session/4a2b4c76-4d24-4e9f-adbb-7a8f3e2c91d4/element/00000000-0000-0c74-ffff-ffff000000a1/attribute/displayed
04-13 07:55:28.640 22172 22202 I appium  : GetElementAttribute command
04-13 07:55:28.644 22172 22202 I appium  : AppiumResponse: {"sessionId":"4a2b4c76-4d24-4e9f-adbb-7a8f3e2c91d4","value":"true"}
04-13 07:55:28.651 22172 22202 I appium  : channel read: POST /session/4a2b4c76-4d24-4e9f-adbb-7a8f3e2c91d4/element/00000000-0000-0c74-ffff-ffff000000a1/click
04-13 07:55:28.652 22172 22202 I appium  : Click command
04-13 07:55:28.689 22214 22233 D EGL_emulation: app_time_stats: avg=42.42ms min=12.39ms max=518.54ms count=26
04-13 07:55:28.692 22172 22202 W GestureController: Gestures took longer than expected (36ms >> 16ms), device might be in a busy state.
04-13 07:55:28.692 22172 22202 I appium  : Waiting up to 10000ms for the device to idle
04-13 07:55:28.693 22172 22202 I appium  : AppiumResponse: {"sessionId":"4a2b4c76-4d24-4e9f-adbb-7a8f3e2c91d4","value":null}
04-13 07:55:28.693 22214 22233 D OpenGLRenderer: endAllActiveAnimators on 0x7dab03ec2b50 (RippleDrawable) with handle 0x7daa13ea8f70
04-13 07:55:28.695 12660 14866 W InputManager-JNI: Input channel object '76977f0 ru.otus.wishlist/ru.otus.wishlist.MainActivity (client)' was disposed without first being removed with the input manager!
04-13 07:55:28.701 22214 22214 D CompatibilityChangeReporter: Compat change id reported: 147798919; UID 10151; state: ENABLED
04-13 07:55:28.707 22172 22202 I appium  : channel read: POST /session/4a2b4c76-4d24-4e9f-adbb-7a8f3e2c91d4/element
04-13 07:55:28.707 22172 22202 I appium  : FindElement command
04-13 07:55:28.709 12833 12833 W ziparchive: Unable to open '/data/app/~~E7HUVOVE1_qGCqO9F55iMw==/ru.otus.wishlist-KvzObjiROZidZodhEA4kDA==/base.apk': No such file or directory
04-13 07:55:28.709 12833 12833 E ndroid.systemu: Failed to open APK '/data/app/~~E7HUVOVE1_qGCqO9F55iMw==/ru.otus.wishlist-KvzObjiROZidZodhEA4kDA==/base.apk': I/O error
04-13 07:55:28.709 12833 12833 W ResourcesManager: failed to preload asset path '/data/app/~~E7HUVOVE1_qGCqO9F55iMw==/ru.otus.wishlist-KvzObjiROZidZodhEA4kDA==/base.apk'
04-13 07:55:28.709 12833 12833 W ResourcesManager: java.io.IOException: Failed to load asset path /data/app/~~E7HUVOVE1_qGCqO9F55iMw==/ru.otus.wishlist-KvzObjiROZidZodhEA4kDA==/base.apk
04-13 07:55:28.709 12833 12833 W ResourcesManager: 	at android.content.res.ApkAssets.nativeLoad(Native Method)
04-13 07:55:28.709 12833 12833 W ResourcesManager: 	at android.content.res.ApkAssets.<init>(ApkAssets.java:295)
04-13 07:55:28.709 12833 12833 W ResourcesManager: 	at android.content.res.ApkAssets.loadFromPath(ApkAssets.java:144)
04-13 07:55:28.709 12833 12833 W ResourcesManager: 	at android.app.ResourcesManager.loadApkAssets(ResourcesManager.java:454)
04-13 07:55:28.709 12833 12833 W ResourcesManager: 	at android.app.ResourcesManager.access$000(ResourcesManager.java:72)
04-13 07:55:28.709 12833 12833 W ResourcesManager: 	at android.app.ResourcesManager$ApkAssetsSupplier.load(ResourcesManager.java:168)
04-13 07:55:28.709 12833 12833 W ResourcesManager: 	at android.app.ResourcesManager.createApkAssetsSupplierNotLocked(ResourcesManager.java:980)
04-13 07:55:28.709 12833 12833 W ResourcesManager: 	at android.app.ResourcesManager.getResources(ResourcesManager.java:1101)
04-13 07:55:28.709 12833 12833 W ResourcesManager: 	at android.app.ActivityThread.getTopLevelResources(ActivityThread.java:2372)
04-13 07:55:28.709 12833 12833 W ResourcesManager: 	at android.app.ApplicationPackageManager.getResourcesForApplication(ApplicationPackageManager.java:1751)
04-13 07:55:28.709 12833 12833 W ResourcesManager: 	at android.app.ApplicationPackageManager.getResourcesForApplication(ApplicationPackageManager.java:1737)
04-13 07:55:28.709 12833 12833 W ResourcesManager: 	at android.app.ApplicationPackageManager.getDrawable(ApplicationPackageManager.java:1506)
04-13 07:55:28.709 12833 12833 W ResourcesManager: 	at android.app.ApplicationPackageManager.loadUnbadgedItemIcon(ApplicationPackageManager.java:3029)
04-13 07:55:28.709 12833 12833 W ResourcesManager: 	at android.content.pm.PackageItemInfo.loadUnbadgedIcon(PackageItemInfo.java:290)
04-13 07:55:28.709 12833 12833 W ResourcesManager: 	at com.android.systemui.toast.SystemUIToast.getBadgedIcon(SystemUIToast.java:284)
04-13 07:55:28.709 12833 12833 W ResourcesManager: 	at com.android.systemui.toast.SystemUIToast.inflateToastView(SystemUIToast.java:198)
04-13 07:55:28.709 12833 12833 W ResourcesManager: 	at com.android.systemui.toast.SystemUIToast.<init>(SystemUIToast.java:90)
04-13 07:55:28.709 12833 12833 W ResourcesManager: 	at com.android.systemui.toast.SystemUIToast.<init>(SystemUIToast.java:77)
04-13 07:55:28.709 12833 12833 W ResourcesManager: 	at com.android.systemui.toast.ToastFactory.createToast(ToastFactory.java:78)
04-13 07:55:28.709 12833 12833 W ResourcesManager: 	at com.android.systemui.toast.ToastUI.lambda$showToast$0(ToastUI.java:113)
04-13 07:55:28.709 12833 12833 W ResourcesManager: 	at com.android.systemui.toast.ToastUI.$r8$lambda$w_gPCh3F8Xxn1jN4lkQZoUci71c(Unknown Source:0)
04-13 07:55:28.709 12833 12833 W ResourcesManager: 	at com.android.systemui.toast.ToastUI$$ExternalSyntheticLambda0.run(Unknown Source:16)
04-13 07:55:28.709 12833 12833 W ResourcesManager: 	at com.android.systemui.toast.ToastUI.showToast(ToastUI.java:140)
04-13 07:55:28.709 12833 12833 W ResourcesManager: 	at com.android.systemui.statusbar.CommandQueue$H.handleMessage(CommandQueue.java:1431)
04-13 07:55:28.709 12833 12833 W ResourcesManager: 	at android.os.Handler.dispatchMessage(Handler.java:106)
04-13 07:55:28.709 12833 12833 W ResourcesManager: 	at android.os.Looper.loopOnce(Looper.java:201)
04-13 07:55:28.709 12833 12833 W ResourcesManager: 	at android.os.Looper.loop(Looper.java:288)
04-13 07:55:28.709 12833 12833 W ResourcesManager: 	at android.app.ActivityThread.main(ActivityThread.java:7839)
04-13 07:55:28.709 12833 12833 W ResourcesManager: 	at java.lang.reflect.Method.invoke(Native Method)
04-13 07:55:28.709 12833 12833 W ResourcesManager: 	at com.android.internal.os.RuntimeInit$MethodAndArgsCaller.run(RuntimeInit.java:548)
04-13 07:55:28.709 12833 12833 W ResourcesManager: 	at com.android.internal.os.ZygoteInit.main(ZygoteInit.java:1003)
04-13 07:55:28.709 12833 12833 W ziparchive: Unable to open '/data/app/~~E7HUVOVE1_qGCqO9F55iMw==/ru.otus.wishlist-KvzObjiROZidZodhEA4kDA==/base.apk': No such file or directory
04-13 07:55:28.709 12833 12833 E ndroid.systemu: Failed to open APK '/data/app/~~E7HUVOVE1_qGCqO9F55iMw==/ru.otus.wishlist-KvzObjiROZidZodhEA4kDA==/base.apk': I/O error
04-13 07:55:28.710 12833 12833 E ResourcesManager: failed to add asset path '/data/app/~~E7HUVOVE1_qGCqO9F55iMw==/ru.otus.wishlist-KvzObjiROZidZodhEA4kDA==/base.apk'
04-13 07:55:28.710 12833 12833 E ResourcesManager: java.io.IOException: Failed to load asset path /data/app/~~E7HUVOVE1_qGCqO9F55iMw==/ru.otus.wishlist-KvzObjiROZidZodhEA4kDA==/base.apk
04-13 07:55:28.710 12833 12833 E ResourcesManager: 	at android.content.res.ApkAssets.nativeLoad(Native Method)
04-13 07:55:28.710 12833 12833 E ResourcesManager: 	at android.content.res.ApkAssets.<init>(ApkAssets.java:295)
04-13 07:55:28.710 12833 12833 E ResourcesManager: 	at android.content.res.ApkAssets.loadFromPath(ApkAssets.java:144)
04-13 07:55:28.710 12833 12833 E ResourcesManager: 	at android.app.ResourcesManager.loadApkAssets(ResourcesManager.java:454)
04-13 07:55:28.710 12833 12833 E ResourcesManager: 	at android.app.ResourcesManager.access$000(ResourcesManager.java:72)
04-13 07:55:28.710 12833 12833 E ResourcesManager: 	at android.app.ResourcesManager$ApkAssetsSupplier.load(ResourcesManager.java:168)
04-13 07:55:28.710 12833 12833 E ResourcesManager: 	at android.app.ResourcesManager.createAssetManager(ResourcesManager.java:530)
04-13 07:55:28.710 12833 12833 E ResourcesManager: 	at android.app.ResourcesManager.createResourcesImpl(ResourcesManager.java:612)
04-13 07:55:28.710 12833 12833 E ResourcesManager: 	at android.app.ResourcesManager.findOrCreateResourcesImplForKeyLocked(ResourcesManager.java:664)
04-13 07:55:28.710 12833 12833 E ResourcesManager: 	at android.app.ResourcesManager.createResources(ResourcesManager.java:1011)
04-13 07:55:28.710 12833 12833 E ResourcesManager: 	at android.app.ResourcesManager.getResources(ResourcesManager.java:1114)
04-13 07:55:28.710 12833 12833 E ResourcesManager: 	at android.app.ActivityThread.getTopLevelResources(ActivityThread.java:2372)
04-13 07:55:28.710 12833 12833 E ResourcesManager: 	at android.app.ApplicationPackageManager.getResourcesForApplication(ApplicationPackageManager.java:1751)
04-13 07:55:28.710 12833 12833 E ResourcesManager: 	at android.app.ApplicationPackageManager.getResourcesForApplication(ApplicationPackageManager.java:1737)
04-13 07:55:28.710 12833 12833 E ResourcesManager: 	at android.app.ApplicationPackageManager.getDrawable(ApplicationPackageManager.java:1506)
04-13 07:55:28.710 12833 12833 E ResourcesManager: 	at android.app.ApplicationPackageManager.loadUnbadgedItemIcon(ApplicationPackageManager.java:3029)
04-13 07:55:28.710 12833 12833 E ResourcesManager: 	at android.content.pm.PackageItemInfo.loadUnbadgedIcon(PackageItemInfo.java:290)
04-13 07:55:28.710 12833 12833 E ResourcesManager: 	at com.android.systemui.toast.SystemUIToast.getBadgedIcon(SystemUIToast.java:284)
04-13 07:55:28.710 12833 12833 E ResourcesManager: 	at com.android.systemui.toast.SystemUIToast.inflateToastView(SystemUIToast.java:198)
04-13 07:55:28.710 12833 12833 E ResourcesManager: 	at com.android.systemui.toast.SystemUIToast.<init>(SystemUIToast.java:90)
04-13 07:55:28.710 12833 12833 E ResourcesManager: 	at com.android.systemui.toast.SystemUIToast.<init>(SystemUIToast.java:77)
04-13 07:55:28.710 12833 12833 E ResourcesManager: 	at com.android.systemui.toast.ToastFactory.createToast(ToastFactory.java:78)
04-13 07:55:28.710 12833 12833 E ResourcesManager: 	at com.android.systemui.toast.ToastUI.lambda$showToast$0(ToastUI.java:113)
04-13 07:55:28.710 12833 12833 E ResourcesManager: 	at com.android.systemui.toast.ToastUI.$r8$lambda$w_gPCh3F8Xxn1jN4lkQZoUci71c(Unknown Source:0)
04-13 07:55:28.710 12833 12833 E ResourcesManager: 	at com.android.systemui.toast.ToastUI$$ExternalSyntheticLambda0.run(Unknown Source:16)
04-13 07:55:28.710 12833 12833 E ResourcesManager: 	at com.android.systemui.toast.ToastUI.showToast(ToastUI.java:140)
04-13 07:55:28.710 12833 12833 E ResourcesManager: 	at com.android.systemui.statusbar.CommandQueue$H.handleMessage(CommandQueue.java:1431)
04-13 07:55:28.710 12833 12833 E ResourcesManager: 	at android.os.Handler.dispatchMessage(Handler.java:106)
04-13 07:55:28.710 12833 12833 E ResourcesManager: 	at android.os.Looper.loopOnce(Looper.java:201)
04-13 07:55:28.710 12833 12833 E ResourcesManager: 	at android.os.Looper.loop(Looper.java:288)
04-13 07:55:28.710 12833 12833 E ResourcesManager: 	at android.app.ActivityThread.main(ActivityThread.java:7839)
04-13 07:55:28.710 12833 12833 E ResourcesManager: 	at java.lang.reflect.Method.invoke(Native Method)
04-13 07:55:28.710 12833 12833 E ResourcesManager: 	at com.android.internal.os.RuntimeInit$MethodAndArgsCaller.run(RuntimeInit.java:548)
04-13 07:55:28.710 12833 12833 E ResourcesManager: 	at com.android.internal.os.ZygoteInit.main(ZygoteInit.java:1003)
04-13 07:55:28.710 12833 12833 W PackageManager: Failure retrieving resources for ru.otus.wishlist
04-13 07:55:28.712 22172 22202 I appium  : method: 'id', selector: 'ru.otus.wishlist:id/users'
04-13 07:55:28.713 22172 22202 I appium  : Waiting up to 10000ms for the device to idle
04-13 07:55:28.728 22214 22233 D EGL_emulation: app_time_stats: avg=60.54ms min=3.60ms max=1791.26ms count=43
04-13 07:55:28.731   371   411 D goldfish-address-space: claimShared: Ask to claim region [0x3f3efc000 0x3f3f49000]
04-13 07:55:28.743   371   411 D goldfish-address-space: claimShared: Ask to claim region [0x3f28fb000 0x3f2948000]
04-13 07:55:28.750 13314 13314 I GoogleInputMethodService: GoogleInputMethodService.onFinishInput():3420 
04-13 07:55:28.761 13314 13314 I GoogleInputMethodService: GoogleInputMethodService.onStartInput():2002 
04-13 07:55:28.761   371   411 D goldfish-address-space: claimShared: Ask to claim region [0x3f2948000 0x3f2995000]
04-13 07:55:28.762 13314 13314 I DeviceUnlockedTag: DeviceUnlockedTag.notifyDeviceLockStatusChanged():31 Notify device unlocked.
04-13 07:55:28.763 13314 13314 I ShortcutsDataManager: AbstractContentDataManager.startImportContentTask():235 startImportContentTask()
04-13 07:55:28.764 13314 13602 I ShortcutsDataManager: AbstractContentDataManager$ImportContentTask.doInBackground():249 doInBackground()
04-13 07:55:28.767 13314 13602 I PersonalDictionaryDataHandler: PersonalDictionaryDataHandler.beginProcess():111 LanguageTags = [en-US]
04-13 07:55:28.778 13314 13602 I ShortcutsDataManager: AbstractContentDataManager.importRecords():339 importRecords() : Success : Count = 0
04-13 07:55:28.779 13314 13602 I ShortcutsDataManager: AbstractContentDataManager.importContentData():289 importContentData() : Ending import process
04-13 07:55:28.780 13314 15962 I Delight5Decoder: Delight5DecoderWrapper.unloadLanguageModel():820 unloadLanguageModel() : 4, version [n/a]
04-13 07:55:28.796 13314 13602 I PersonalLanguageModelUpdater: PersonalLanguageModelUpdater$UpdateOperation.performInternal():162 run() : Added 0 words and 0 shortcuts
04-13 07:55:28.796 13314 13602 I DynamicLanguageModelOperation: DynamicLanguageModelOperation.perform():38 perform() : 4 : cny : Completed
04-13 07:55:28.797 13314 15962 I Delight5Decoder: Delight5DecoderWrapper.loadLanguageModel():614 loadLanguageModel() : 4, version [n/a]
04-13 07:55:28.797 13314 15962 I Delight5Decoder: Delight5DecoderWrapper.loadLanguageModel():652 Loaded dynamic LM 4.en
04-13 07:55:28.797 13314 13314 I ShortcutsDataManager: AbstractContentDataManager$ImportContentTask.onPostExecute():260 onPostExecute() : Result = [2,0]
04-13 07:55:28.798 13314 13314 I ShortcutsDataManager: ShortcutsDataManager.onImportFinished():83 onImportFinished() : Result = 2 : Count = 0
04-13 07:55:29.074 12833 12920 D EGL_emulation: app_time_stats: avg=477.07ms min=2.75ms max=2788.37ms count=6
04-13 07:55:29.281 12660 13558 D IntervalStats: Unable to parse usage stats packages: [138, 140]
04-13 07:55:29.281 12660 13558 D IntervalStats: Unable to parse event packages: [138, 140]
04-13 07:55:29.513 22172 22202 I appium  : AppiumResponse: {"sessionId":"4a2b4c76-4d24-4e9f-adbb-7a8f3e2c91d4","value":{"ELEMENT":"00000000-0000-0c73-ffff-ffff00000075","element-6066-11e4-a52e-4f735466cecf":"00000000-0000-0c73-ffff-ffff00000075"}}
04-13 07:55:29.522 22172 22202 I appium  : channel read: POST /session/4a2b4c76-4d24-4e9f-adbb-7a8f3e2c91d4/element
04-13 07:55:29.523 22172 22202 I appium  : FindElement command
04-13 07:55:29.523 22172 22202 I appium  : method: 'id', selector: 'ru.otus.wishlist:id/user_item', contextId: '00000000-0000-0c73-ffff-ffff00000075'
04-13 07:55:29.526 22172 22202 D UiObject2: Retrieving node with selector: BySelector [RES='\Qru.otus.wishlist:id/user_item\E'].
04-13 07:55:29.529 22172 22202 I appium  : AppiumResponse: {"sessionId":"4a2b4c76-4d24-4e9f-adbb-7a8f3e2c91d4","value":{"ELEMENT":"00000000-0000-0c73-ffff-ffff000000a4","element-6066-11e4-a52e-4f735466cecf":"00000000-0000-0c73-ffff-ffff000000a4"}}
04-13 07:55:29.536 22172 22202 I appium  : channel read: POST /session/4a2b4c76-4d24-4e9f-adbb-7a8f3e2c91d4/element
04-13 07:55:29.536 22172 22202 I appium  : FindElement command
04-13 07:55:29.537 22172 22202 I appium  : method: 'id', selector: 'ru.otus.wishlist:id/username', contextId: '00000000-0000-0c73-ffff-ffff000000a4'
04-13 07:55:29.539 22172 22202 D UiObject2: Retrieving node with selector: BySelector [RES='\Qru.otus.wishlist:id/username\E'].
04-13 07:55:29.541 22172 22202 I appium  : AppiumResponse: {"sessionId":"4a2b4c76-4d24-4e9f-adbb-7a8f3e2c91d4","value":{"ELEMENT":"00000000-0000-0c73-ffff-ffff000000a5","element-6066-11e4-a52e-4f735466cecf":"00000000-0000-0c73-ffff-ffff000000a5"}}
04-13 07:55:29.547 22172 22202 I appium  : channel read: GET /session/4a2b4c76-4d24-4e9f-adbb-7a8f3e2c91d4/element/00000000-0000-0c73-ffff-ffff000000a5/attribute/displayed
04-13 07:55:29.548 22172 22202 I appium  : GetElementAttribute command
04-13 07:55:29.551 22172 22202 I appium  : AppiumResponse: {"sessionId":"4a2b4c76-4d24-4e9f-adbb-7a8f3e2c91d4","value":"true"}
04-13 07:55:29.557 22172 22202 I appium  : channel read: POST /session/4a2b4c76-4d24-4e9f-adbb-7a8f3e2c91d4/element
04-13 07:55:29.558 22172 22202 I appium  : FindElement command
04-13 07:55:29.558 22172 22202 I appium  : method: 'id', selector: 'ru.otus.wishlist:id/users'
04-13 07:55:29.559 22172 22202 I appium  : Waiting up to 10000ms for the device to idle
04-13 07:55:29.565 22172 22202 I appium  : AppiumResponse: {"sessionId":"4a2b4c76-4d24-4e9f-adbb-7a8f3e2c91d4","value":{"ELEMENT":"00000000-0000-0c73-ffff-ffff00000075","element-6066-11e4-a52e-4f735466cecf":"00000000-0000-0c73-ffff-ffff00000075"}}
04-13 07:55:29.572 22172 22202 I appium  : channel read: POST /session/4a2b4c76-4d24-4e9f-adbb-7a8f3e2c91d4/element
04-13 07:55:29.573 22172 22202 I appium  : FindElement command
04-13 07:55:29.574 22172 22202 I appium  : method: 'id', selector: 'ru.otus.wishlist:id/user_item', contextId: '00000000-0000-0c73-ffff-ffff00000075'
04-13 07:55:29.576 22172 22202 D UiObject2: Retrieving node with selector: BySelector [RES='\Qru.otus.wishlist:id/user_item\E'].
04-13 07:55:29.578 22172 22202 I appium  : AppiumResponse: {"sessionId":"4a2b4c76-4d24-4e9f-adbb-7a8f3e2c91d4","value":{"ELEMENT":"00000000-0000-0c73-ffff-ffff000000a4","element-6066-11e4-a52e-4f735466cecf":"00000000-0000-0c73-ffff-ffff000000a4"}}
04-13 07:55:29.585 22172 22202 I appium  : channel read: POST /session/4a2b4c76-4d24-4e9f-adbb-7a8f3e2c91d4/element
04-13 07:55:29.586 22172 22202 I appium  : FindElement command
04-13 07:55:29.587 22172 22202 I appium  : method: 'id', selector: 'ru.otus.wishlist:id/username', contextId: '00000000-0000-0c73-ffff-ffff000000a4'
04-13 07:55:29.589 22172 22202 D UiObject2: Retrieving node with selector: BySelector [RES='\Qru.otus.wishlist:id/username\E'].
04-13 07:55:29.591 22172 22202 I appium  : AppiumResponse: {"sessionId":"4a2b4c76-4d24-4e9f-adbb-7a8f3e2c91d4","value":{"ELEMENT":"00000000-0000-0c73-ffff-ffff000000a5","element-6066-11e4-a52e-4f735466cecf":"00000000-0000-0c73-ffff-ffff000000a5"}}
04-13 07:55:29.597 22172 22202 I appium  : channel read: GET /session/4a2b4c76-4d24-4e9f-adbb-7a8f3e2c91d4/element/00000000-0000-0c73-ffff-ffff000000a5/attribute/displayed
04-13 07:55:29.598 22172 22202 I appium  : GetElementAttribute command
04-13 07:55:29.602 22172 22202 I appium  : AppiumResponse: {"sessionId":"4a2b4c76-4d24-4e9f-adbb-7a8f3e2c91d4","value":"true"}
04-13 07:55:29.609 22172 22202 I appium  : channel read: POST /session/4a2b4c76-4d24-4e9f-adbb-7a8f3e2c91d4/element/00000000-0000-0c73-ffff-ffff000000a5/click
04-13 07:55:29.610 22172 22202 I appium  : Click command
04-13 07:55:29.643 22172 22202 I appium  : Waiting up to 10000ms for the device to idle
04-13 07:55:29.644 22172 22202 I appium  : AppiumResponse: {"sessionId":"4a2b4c76-4d24-4e9f-adbb-7a8f3e2c91d4","value":null}
04-13 07:55:29.653 22172 22202 I appium  : channel read: POST /session/4a2b4c76-4d24-4e9f-adbb-7a8f3e2c91d4/element
04-13 07:55:29.653 22172 22202 I appium  : FindElement command
04-13 07:55:29.654 22172 22202 I appium  : method: 'id', selector: 'ru.otus.wishlist:id/wishlists'
04-13 07:55:29.654 22172 22202 I appium  : Waiting up to 10000ms for the device to idle
04-13 07:55:29.741 22214 22233 D EGL_emulation: app_time_stats: avg=32.16ms min=1.39ms max=616.49ms count=24
04-13 07:55:30.348 22172 22202 I appium  : AppiumResponse: {"sessionId":"4a2b4c76-4d24-4e9f-adbb-7a8f3e2c91d4","value":{"ELEMENT":"00000000-0000-0c73-ffff-ffff000000b0","element-6066-11e4-a52e-4f735466cecf":"00000000-0000-0c73-ffff-ffff000000b0"}}
04-13 07:55:30.357 22172 22202 I appium  : channel read: POST /session/4a2b4c76-4d24-4e9f-adbb-7a8f3e2c91d4/element
