04-15 11:33:56.664 13314 13314 I GoogleInputMethodService: GoogleInputMethodService.onFinishInput():3420 
04-15 11:33:56.664 13314 13314 I GoogleInputMethodService: GoogleInputMethodService.onStartInput():2002 
04-15 11:33:56.665 13314 13314 I DeviceUnlockedTag: DeviceUnlockedTag.notifyDeviceLockStatusChanged():31 Notify device unlocked.
04-15 11:33:56.666 13314 13314 I ShortcutsDataManager: AbstractContentDataManager.startImportContentTask():235 startImportContentTask()
04-15 11:33:56.666 13314 13602 I ShortcutsDataManager: AbstractContentDataManager$ImportContentTask.doInBackground():249 doInBackground()
04-15 11:33:56.667 13314 13602 I PersonalDictionaryDataHandler: PersonalDictionaryDataHandler.beginProcess():111 LanguageTags = [en-US]
04-15 11:33:56.674 13314 13602 I ShortcutsDataManager: AbstractContentDataManager.importRecords():339 importRecords() : Success : Count = 0
04-15 11:33:56.676 13314 13602 I ShortcutsDataManager: AbstractContentDataManager.importContentData():289 importContentData() : Ending import process
04-15 11:33:56.677 13314 15962 I Delight5Decoder: Delight5DecoderWrapper.unloadLanguageModel():820 unloadLanguageModel() : 4, version [n/a]
04-15 11:33:56.685 13314 13602 I PersonalLanguageModelUpdater: PersonalLanguageModelUpdater$UpdateOperation.performInternal():162 run() : Added 0 words and 0 shortcuts
04-15 11:33:56.685 13314 13602 I DynamicLanguageModelOperation: DynamicLanguageModelOperation.perform():38 perform() : 4 : cny : Completed
04-15 11:33:56.685 13314 15962 I Delight5Decoder: Delight5DecoderWrapper.loadLanguageModel():614 loadLanguageModel() : 4, version [n/a]
04-15 11:33:56.686 13314 13314 I ShortcutsDataManager: AbstractContentDataManager$ImportContentTask.onPostExecute():260 onPostExecute() : Result = [2,0]
04-15 11:33:56.686 13314 13314 I ShortcutsDataManager: ShortcutsDataManager.onImportFinished():83 onImportFinished() : Result = 2 : Count = 0
04-15 11:33:56.686 13314 15962 I Delight5Decoder: Delight5DecoderWrapper.loadLanguageModel():652 Loaded dynamic LM 4.en
04-15 11:33:56.731 12814 12814 I wpa_supplicant: wlan0: CTRL-EVENT-BEACON-LOSS 
04-15 11:33:56.832 12660 12660 W WindowManager: removeWindowToken: Attempted to remove non-existing token: android.os.Binder@c19aed8
04-15 11:33:56.977 12833 12920 D EGL_emulation: app_time_stats: avg=654.00ms min=1.77ms max=4470.45ms count=7
04-15 11:33:57.254 25858 25886 I appium  : AppiumResponse: {"sessionId":"248b73b2-7a53-4678-b85a-1dd359e8c6e9","value":null}
04-15 11:33:57.272 25858 25886 I appium  : channel read: POST /session/248b73b2-7a53-4678-b85a-1dd359e8c6e9/element
04-15 11:33:57.274 25858 25886 I appium  : FindElement command
04-15 11:33:57.275 25858 25886 I appium  : method: 'id', selector: 'ru.otus.wishlist:id/wishlists'
04-15 11:33:57.276 25858 25886 I appium  : Waiting up to 10000ms for the device to idle
04-15 11:33:57.291 25858 25886 I appium  : AppiumResponse: {"sessionId":"248b73b2-7a53-4678-b85a-1dd359e8c6e9","value":{"ELEMENT":"00000000-0000-0cfb-ffff-ffff0000005e","element-6066-11e4-a52e-4f735466cecf":"00000000-0000-0cfb-ffff-ffff0000005e"}}
04-15 11:33:57.299 25858 25886 I appium  : channel read: GET /session/248b73b2-7a53-4678-b85a-1dd359e8c6e9/element/00000000-0000-0cfb-ffff-ffff0000005e/attribute/displayed
04-15 11:33:57.300 25858 25886 I appium  : GetElementAttribute command
04-15 11:33:57.305 25858 25886 I appium  : AppiumResponse: {"sessionId":"248b73b2-7a53-4678-b85a-1dd359e8c6e9","value":"true"}
04-15 11:33:57.317 25858 25886 I appium  : channel read: POST /session/248b73b2-7a53-4678-b85a-1dd359e8c6e9/element
04-15 11:33:57.317 25858 25886 I appium  : FindElement command
04-15 11:33:57.318 25858 25886 I appium  : method: 'id', selector: 'ru.otus.wishlist:id/wishlists'
04-15 11:33:57.319 25858 25886 I appium  : Waiting up to 10000ms for the device to idle
04-15 11:33:57.326 25858 25886 I appium  : AppiumResponse: {"sessionId":"248b73b2-7a53-4678-b85a-1dd359e8c6e9","value":{"ELEMENT":"00000000-0000-0cfb-ffff-ffff0000005e","element-6066-11e4-a52e-4f735466cecf":"00000000-0000-0cfb-ffff-ffff0000005e"}}
04-15 11:33:57.334 25858 25886 I appium  : channel read: POST /session/248b73b2-7a53-4678-b85a-1dd359e8c6e9/elements
04-15 11:33:57.334 25858 25886 I appium  : FindElements command
04-15 11:33:57.335 25858 25886 I appium  : method: 'id', selector: 'ru.otus.wishlist:id/wishlist_item', contextId: '00000000-0000-0cfb-ffff-ffff0000005e'
04-15 11:33:57.338 25858 25886 D UiObject2: Retrieving nodes with selector: BySelector [RES='\Qru.otus.wishlist:id/wishlist_item\E'].
04-15 11:33:57.340 25858 25886 I appium  : Caching 1 found element
04-15 11:33:57.341 25858 25886 I appium  : Cached 1 element
04-15 11:33:57.342 25858 25886 I appium  : AppiumResponse: {"sessionId":"248b73b2-7a53-4678-b85a-1dd359e8c6e9","value":[{"ELEMENT":"00000000-0000-0cfb-ffff-ffff0000008b","element-6066-11e4-a52e-4f735466cecf":"00000000-0000-0cfb-ffff-ffff0000008b"}]}
04-15 11:33:57.350 25858 25886 I appium  : channel read: POST /session/248b73b2-7a53-4678-b85a-1dd359e8c6e9/element
04-15 11:33:57.351 25858 25886 I appium  : FindElement command
04-15 11:33:57.352 25858 25886 I appium  : method: 'id', selector: 'ru.otus.wishlist:id/wishlists'
04-15 11:33:57.352 25858 25886 I appium  : Waiting up to 10000ms for the device to idle
04-15 11:33:57.364 25858 25886 I appium  : AppiumResponse: {"sessionId":"248b73b2-7a53-4678-b85a-1dd359e8c6e9","value":{"ELEMENT":"00000000-0000-0cfb-ffff-ffff0000005e","element-6066-11e4-a52e-4f735466cecf":"00000000-0000-0cfb-ffff-ffff0000005e"}}
04-15 11:33:57.372 25858 25886 I appium  : channel read: POST /session/248b73b2-7a53-4678-b85a-1dd359e8c6e9/element
04-15 11:33:57.373 25858 25886 I appium  : FindElement command
04-15 11:33:57.374 25858 25886 I appium  : method: 'id', selector: 'ru.otus.wishlist:id/wishlist_item', contextId: '00000000-0000-0cfb-ffff-ffff0000005e'
04-15 11:33:57.376 25858 25886 D UiObject2: Retrieving node with selector: BySelector [RES='\Qru.otus.wishlist:id/wishlist_item\E'].
04-15 11:33:57.379 25858 25886 I appium  : AppiumResponse: {"sessionId":"248b73b2-7a53-4678-b85a-1dd359e8c6e9","value":{"ELEMENT":"00000000-0000-0cfb-ffff-ffff0000008b","element-6066-11e4-a52e-4f735466cecf":"00000000-0000-0cfb-ffff-ffff0000008b"}}
04-15 11:33:57.386 25858 25886 I appium  : channel read: GET /session/248b73b2-7a53-4678-b85a-1dd359e8c6e9/element/00000000-0000-0cfb-ffff-ffff0000008b/attribute/displayed
04-15 11:33:57.386 25858 25886 I appium  : GetElementAttribute command
04-15 11:33:57.390 25858 25886 I appium  : AppiumResponse: {"sessionId":"248b73b2-7a53-4678-b85a-1dd359e8c6e9","value":"true"}
04-15 11:33:57.397 25858 25886 I appium  : channel read: POST /session/248b73b2-7a53-4678-b85a-1dd359e8c6e9/element
04-15 11:33:57.397 25858 25886 I appium  : FindElement command
04-15 11:33:57.399 25858 25886 I appium  : method: 'id', selector: 'ru.otus.wishlist:id/wishlists'
04-15 11:33:57.399 25858 25886 I appium  : Waiting up to 10000ms for the device to idle
04-15 11:33:57.407 25858 25886 I appium  : AppiumResponse: {"sessionId":"248b73b2-7a53-4678-b85a-1dd359e8c6e9","value":{"ELEMENT":"00000000-0000-0cfb-ffff-ffff0000005e","element-6066-11e4-a52e-4f735466cecf":"00000000-0000-0cfb-ffff-ffff0000005e"}}
04-15 11:33:57.415 25858 25886 I appium  : channel read: POST /session/248b73b2-7a53-4678-b85a-1dd359e8c6e9/element
04-15 11:33:57.415 25858 25886 I appium  : FindElement command
04-15 11:33:57.416 25858 25886 I appium  : method: 'id', selector: 'ru.otus.wishlist:id/wishlist_item', contextId: '00000000-0000-0cfb-ffff-ffff0000005e'
04-15 11:33:57.419 25858 25886 D UiObject2: Retrieving node with selector: BySelector [RES='\Qru.otus.wishlist:id/wishlist_item\E'].
04-15 11:33:57.423 25858 25886 I appium  : AppiumResponse: {"sessionId":"248b73b2-7a53-4678-b85a-1dd359e8c6e9","value":{"ELEMENT":"00000000-0000-0cfb-ffff-ffff0000008b","element-6066-11e4-a52e-4f735466cecf":"00000000-0000-0cfb-ffff-ffff0000008b"}}
04-15 11:33:57.431 25858 25886 I appium  : channel read: POST /session/248b73b2-7a53-4678-b85a-1dd359e8c6e9/element
04-15 11:33:57.431 25858 25886 I appium  : FindElement command
04-15 11:33:57.433 25858 25886 I appium  : method: 'id', selector: 'ru.otus.wishlist:id/title', contextId: '00000000-0000-0cfb-ffff-ffff0000008b'
04-15 11:33:57.435 25858 25886 D UiObject2: Retrieving node with selector: BySelector [RES='\Qru.otus.wishlist:id/title\E'].
04-15 11:33:57.438 25858 25886 I appium  : AppiumResponse: {"sessionId":"248b73b2-7a53-4678-b85a-1dd359e8c6e9","value":{"ELEMENT":"00000000-0000-0cfb-ffff-ffff0000008c","element-6066-11e4-a52e-4f735466cecf":"00000000-0000-0cfb-ffff-ffff0000008c"}}
04-15 11:33:57.446 25858 25886 I appium  : channel read: GET /session/248b73b2-7a53-4678-b85a-1dd359e8c6e9/element/00000000-0000-0cfb-ffff-ffff0000008c/name
04-15 11:33:57.446 25858 25886 I appium  : GetName command
04-15 11:33:57.449 25858 25886 I appium  : AppiumResponse: {"sessionId":"248b73b2-7a53-4678-b85a-1dd359e8c6e9","value":null}
04-15 11:33:57.457 25858 25886 I appium  : channel read: GET /session/248b73b2-7a53-4678-b85a-1dd359e8c6e9/element/00000000-0000-0cfb-ffff-ffff0000008c/text
04-15 11:33:57.457 25858 25886 I appium  : GetText command
04-15 11:33:57.461 25858 25886 I appium  : AppiumResponse: {"sessionId":"248b73b2-7a53-4678-b85a-1dd359e8c6e9","value":"Новый год"}
04-15 11:33:57.470 25858 25886 I appium  : channel read: POST /session/248b73b2-7a53-4678-b85a-1dd359e8c6e9/element
04-15 11:33:57.471 25858 25886 I appium  : FindElement command
04-15 11:33:57.472 25858 25886 I appium  : method: 'id', selector: 'ru.otus.wishlist:id/wishlists'
04-15 11:33:57.472 25858 25886 I appium  : Waiting up to 10000ms for the device to idle
04-15 11:33:57.484 25858 25886 I appium  : AppiumResponse: {"sessionId":"248b73b2-7a53-4678-b85a-1dd359e8c6e9","value":{"ELEMENT":"00000000-0000-0cfb-ffff-ffff0000005e","element-6066-11e4-a52e-4f735466cecf":"00000000-0000-0cfb-ffff-ffff0000005e"}}
04-15 11:33:57.492 25858 25886 I appium  : channel read: POST /session/248b73b2-7a53-4678-b85a-1dd359e8c6e9/element
04-15 11:33:57.493 25858 25886 I appium  : FindElement command
04-15 11:33:57.494 25858 25886 I appium  : method: 'id', selector: 'ru.otus.wishlist:id/wishlist_item', contextId: '00000000-0000-0cfb-ffff-ffff0000005e'
04-15 11:33:57.497 25858 25886 D UiObject2: Retrieving node with selector: BySelector [RES='\Qru.otus.wishlist:id/wishlist_item\E'].
04-15 11:33:57.500 25858 25886 I appium  : AppiumResponse: {"sessionId":"248b73b2-7a53-4678-b85a-1dd359e8c6e9","value":{"ELEMENT":"00000000-0000-0cfb-ffff-ffff0000008b","element-6066-11e4-a52e-4f735466cecf":"00000000-0000-0cfb-ffff-ffff0000008b"}}
04-15 11:33:57.508 25858 25886 I appium  : channel read: GET /session/248b73b2-7a53-4678-b85a-1dd359e8c6e9/element/00000000-0000-0cfb-ffff-ffff0000008b/attribute/displayed
04-15 11:33:57.509 25858 25886 I appium  : GetElementAttribute command
04-15 11:33:57.513 25858 25886 I appium  : AppiumResponse: {"sessionId":"248b73b2-7a53-4678-b85a-1dd359e8c6e9","value":"true"}
04-15 11:33:57.520 25858 25886 I appium  : channel read: POST /session/248b73b2-7a53-4678-b85a-1dd359e8c6e9/element
04-15 11:33:57.522 25858 25886 I appium  : FindElement command
04-15 11:33:57.523 25858 25886 I appium  : method: 'id', selector: 'ru.otus.wishlist:id/wishlists'
04-15 11:33:57.524 25858 25886 I appium  : Waiting up to 10000ms for the device to idle
04-15 11:33:57.536 25858 25886 I appium  : AppiumResponse: {"sessionId":"248b73b2-7a53-4678-b85a-1dd359e8c6e9","value":{"ELEMENT":"00000000-0000-0cfb-ffff-ffff0000005e","element-6066-11e4-a52e-4f735466cecf":"00000000-0000-0cfb-ffff-ffff0000005e"}}
04-15 11:33:57.545 25858 25886 I appium  : channel read: POST /session/248b73b2-7a53-4678-b85a-1dd359e8c6e9/element
04-15 11:33:57.546 25858 25886 I appium  : FindElement command
04-15 11:33:57.548 25858 25886 I appium  : method: 'id', selector: 'ru.otus.wishlist:id/wishlist_item', contextId: '00000000-0000-0cfb-ffff-ffff0000005e'
04-15 11:33:57.550 25858 25886 D UiObject2: Retrieving node with selector: BySelector [RES='\Qru.otus.wishlist:id/wishlist_item\E'].
04-15 11:33:57.554 25858 25886 I appium  : AppiumResponse: {"sessionId":"248b73b2-7a53-4678-b85a-1dd359e8c6e9","value":{"ELEMENT":"00000000-0000-0cfb-ffff-ffff0000008b","element-6066-11e4-a52e-4f735466cecf":"00000000-0000-0cfb-ffff-ffff0000008b"}}
04-15 11:33:57.567 25858 25886 I appium  : channel read: POST /session/248b73b2-7a53-4678-b85a-1dd359e8c6e9/element
04-15 11:33:57.568 25858 25886 I appium  : FindElement command
04-15 11:33:57.570 25858 25886 I appium  : method: 'id', selector: 'ru.otus.wishlist:id/subtitle', contextId: '00000000-0000-0cfb-ffff-ffff0000008b'
04-15 11:33:57.573 25858 25886 D UiObject2: Retrieving node with selector: BySelector [RES='\Qru.otus.wishlist:id/subtitle\E'].
04-15 11:33:57.576 25858 25886 I appium  : AppiumResponse: {"sessionId":"248b73b2-7a53-4678-b85a-1dd359e8c6e9","value":{"ELEMENT":"00000000-0000-0cfb-ffff-ffff0000008d","element-6066-11e4-a52e-4f735466cecf":"00000000-0000-0cfb-ffff-ffff0000008d"}}
04-15 11:33:57.586 25858 25886 I appium  : channel read: GET /session/248b73b2-7a53-4678-b85a-1dd359e8c6e9/element/00000000-0000-0cfb-ffff-ffff0000008d/name
04-15 11:33:57.587 25858 25886 I appium  : GetName command
04-15 11:33:57.590 25858 25886 I appium  : AppiumResponse: {"sessionId":"248b73b2-7a53-4678-b85a-1dd359e8c6e9","value":null}
04-15 11:33:57.598 25858 25886 I appium  : channel read: GET /session/248b73b2-7a53-4678-b85a-1dd359e8c6e9/element/00000000-0000-0cfb-ffff-ffff0000008d/text
04-15 11:33:57.599 25858 25886 I appium  : GetText command
04-15 11:33:57.603 25858 25886 I appium  : AppiumResponse: {"sessionId":"248b73b2-7a53-4678-b85a-1dd359e8c6e9","value":"К нам мчится, скоро все случится"}
04-15 11:33:57.610 25858 25886 I appium  : channel read: POST /session/248b73b2-7a53-4678-b85a-1dd359e8c6e9/element
04-15 11:33:57.611 25858 25886 I appium  : FindElement command
04-15 11:33:57.613 25858 25886 I appium  : method: 'id', selector: 'ru.otus.wishlist:id/wishlists'
04-15 11:33:57.613 25858 25886 I appium  : Waiting up to 10000ms for the device to idle
04-15 11:33:57.621 25858 25886 I appium  : AppiumResponse: {"sessionId":"248b73b2-7a53-4678-b85a-1dd359e8c6e9","value":{"ELEMENT":"00000000-0000-0cfb-ffff-ffff0000005e","element-6066-11e4-a52e-4f735466cecf":"00000000-0000-0cfb-ffff-ffff0000005e"}}
04-15 11:33:57.628 25858 25886 I appium  : channel read: POST /session/248b73b2-7a53-4678-b85a-1dd359e8c6e9/element
04-15 11:33:57.629 25858 25886 I appium  : FindElement command
04-15 11:33:57.630 25858 25886 I appium  : method: 'id', selector: 'ru.otus.wishlist:id/wishlist_item', contextId: '00000000-0000-0cfb-ffff-ffff0000005e'
04-15 11:33:57.632 25858 25886 D UiObject2: Retrieving node with selector: BySelector [RES='\Qru.otus.wishlist:id/wishlist_item\E'].
04-15 11:33:57.634 25858 25886 I appium  : AppiumResponse: {"sessionId":"248b73b2-7a53-4678-b85a-1dd359e8c6e9","value":{"ELEMENT":"00000000-0000-0cfb-ffff-ffff0000008b","element-6066-11e4-a52e-4f735466cecf":"00000000-0000-0cfb-ffff-ffff0000008b"}}
04-15 11:33:57.641 25858 25886 I appium  : channel read: GET /session/248b73b2-7a53-4678-b85a-1dd359e8c6e9/element/00000000-0000-0cfb-ffff-ffff0000008b/attribute/displayed
04-15 11:33:57.642 25858 25886 I appium  : GetElementAttribute command
04-15 11:33:57.645 25858 25886 I appium  : AppiumResponse: {"sessionId":"248b73b2-7a53-4678-b85a-1dd359e8c6e9","value":"true"}
04-15 11:33:57.652 25858 25886 I appium  : channel read: POST /session/248b73b2-7a53-4678-b85a-1dd359e8c6e9/element
04-15 11:33:57.652 25858 25886 I appium  : FindElement command
04-15 11:33:57.654 25858 25886 I appium  : method: 'id', selector: 'ru.otus.wishlist:id/wishlists'
04-15 11:33:57.654 25858 25886 I appium  : Waiting up to 10000ms for the device to idle
04-15 11:33:57.663 25858 25886 I appium  : AppiumResponse: {"sessionId":"248b73b2-7a53-4678-b85a-1dd359e8c6e9","value":{"ELEMENT":"00000000-0000-0cfb-ffff-ffff0000005e","element-6066-11e4-a52e-4f735466cecf":"00000000-0000-0cfb-ffff-ffff0000005e"}}
04-15 11:33:57.670 25858 25886 I appium  : channel read: POST /session/248b73b2-7a53-4678-b85a-1dd359e8c6e9/element
04-15 11:33:57.671 25858 25886 I appium  : FindElement command
04-15 11:33:57.672 25858 25886 I appium  : method: 'id', selector: 'ru.otus.wishlist:id/wishlist_item', contextId: '00000000-0000-0cfb-ffff-ffff0000005e'
04-15 11:33:57.674 25858 25886 D UiObject2: Retrieving node with selector: BySelector [RES='\Qru.otus.wishlist:id/wishlist_item\E'].
04-15 11:33:57.677 25858 25886 I appium  : AppiumResponse: {"sessionId":"248b73b2-7a53-4678-b85a-1dd359e8c6e9","value":{"ELEMENT":"00000000-0000-0cfb-ffff-ffff0000008b","element-6066-11e4-a52e-4f735466cecf":"00000000-0000-0cfb-ffff-ffff0000008b"}}
04-15 11:33:57.684 25858 25886 I appium  : channel read: POST /session/248b73b2-7a53-4678-b85a-1dd359e8c6e9/element
04-15 11:33:57.685 25858 25886 I appium  : FindElement command
04-15 11:33:57.685 25858 25886 I appium  : method: 'id', selector: 'ru.otus.wishlist:id/edit_button', contextId: '00000000-0000-0cfb-ffff-ffff0000008b'
04-15 11:33:57.688 25858 25886 D UiObject2: Retrieving node with selector: BySelector [RES='\Qru.otus.wishlist:id/edit_button\E'].
04-15 11:33:57.691 25858 25886 I appium  : AppiumResponse: {"sessionId":"248b73b2-7a53-4678-b85a-1dd359e8c6e9","value":{"ELEMENT":"00000000-0000-0cfb-ffff-ffff0000008f","element-6066-11e4-a52e-4f735466cecf":"00000000-0000-0cfb-ffff-ffff0000008f"}}
04-15 11:33:57.697 25858 25886 I appium  : channel read: GET /session/248b73b2-7a53-4678-b85a-1dd359e8c6e9/element/00000000-0000-0cfb-ffff-ffff0000008f/attribute/displayed
04-15 11:33:57.697 25858 25886 I appium  : GetElementAttribute command
04-15 11:33:57.701 25858 25886 I appium  : AppiumResponse: {"sessionId":"248b73b2-7a53-4678-b85a-1dd359e8c6e9","value":"true"}
04-15 11:33:57.708 25858 25886 I appium  : channel read: POST /session/248b73b2-7a53-4678-b85a-1dd359e8c6e9/element
04-15 11:33:57.708 25858 25886 I appium  : FindElement command
04-15 11:33:57.709 25858 25886 I appium  : method: 'id', selector: 'ru.otus.wishlist:id/wishlists'
04-15 11:33:57.709 25858 25886 I appium  : Waiting up to 10000ms for the device to idle
04-15 11:33:57.717 25858 25886 I appium  : AppiumResponse: {"sessionId":"248b73b2-7a53-4678-b85a-1dd359e8c6e9","value":{"ELEMENT":"00000000-0000-0cfb-ffff-ffff0000005e","element-6066-11e4-a52e-4f735466cecf":"00000000-0000-0cfb-ffff-ffff0000005e"}}
04-15 11:33:57.725 25858 25886 I appium  : channel read: POST /session/248b73b2-7a53-4678-b85a-1dd359e8c6e9/element
04-15 11:33:57.726 25858 25886 I appium  : FindElement command
04-15 11:33:57.727 25858 25886 I appium  : method: 'id', selector: 'ru.otus.wishlist:id/wishlist_item', contextId: '00000000-0000-0cfb-ffff-ffff0000005e'
04-15 11:33:57.729 25858 25886 D UiObject2: Retrieving node with selector: BySelector [RES='\Qru.otus.wishlist:id/wishlist_item\E'].
04-15 11:33:57.731 25858 25886 I appium  : AppiumResponse: {"sessionId":"248b73b2-7a53-4678-b85a-1dd359e8c6e9","value":{"ELEMENT":"00000000-0000-0cfb-ffff-ffff0000008b","element-6066-11e4-a52e-4f735466cecf":"00000000-0000-0cfb-ffff-ffff0000008b"}}
04-15 11:33:57.739 25858 25886 I appium  : channel read: POST /session/248b73b2-7a53-4678-b85a-1dd359e8c6e9/element
04-15 11:33:57.739 25858 25886 I appium  : FindElement command
04-15 11:33:57.741 25858 25886 I appium  : method: 'id', selector: 'ru.otus.wishlist:id/edit_button', contextId: '00000000-0000-0cfb-ffff-ffff0000008b'
04-15 11:33:57.743 25858 25886 D UiObject2: Retrieving node with selector: BySelector [RES='\Qru.otus.wishlist:id/edit_button\E'].
04-15 11:33:57.747 25858 25886 I appium  : AppiumResponse: {"sessionId":"248b73b2-7a53-4678-b85a-1dd359e8c6e9","value":{"ELEMENT":"00000000-0000-0cfb-ffff-ffff0000008f","element-6066-11e4-a52e-4f735466cecf":"00000000-0000-0cfb-ffff-ffff0000008f"}}
04-15 11:33:57.754 25858 25886 I appium  : channel read: GET /session/248b73b2-7a53-4678-b85a-1dd359e8c6e9/element/00000000-0000-0cfb-ffff-ffff0000008f/attribute/displayed
04-15 11:33:57.755 25858 25886 I appium  : GetElementAttribute command
04-15 11:33:57.759 25858 25886 I appium  : AppiumResponse: {"sessionId":"248b73b2-7a53-4678-b85a-1dd359e8c6e9","value":"true"}
04-15 11:33:57.766 25858 25886 I appium  : channel read: POST /session/248b73b2-7a53-4678-b85a-1dd359e8c6e9/element/00000000-0000-0cfb-ffff-ffff0000008f/click
04-15 11:33:57.767 25858 25886 I appium  : Click command
04-15 11:33:57.814 25898 25918 D EGL_emulation: app_time_stats: avg=118.15ms min=1.90ms max=1024.77ms count=9
04-15 11:33:57.815 25858 25886 W GestureController: Gestures took longer than expected (45ms >> 16ms), device might be in a busy state.
04-15 11:33:57.816 25858 25886 I appium  : Waiting up to 10000ms for the device to idle
04-15 11:33:57.817 25858 25886 I appium  : AppiumResponse: {"sessionId":"248b73b2-7a53-4678-b85a-1dd359e8c6e9","value":null}
04-15 11:33:57.828 25858 25886 I appium  : channel read: POST /session/248b73b2-7a53-4678-b85a-1dd359e8c6e9/element
04-15 11:33:57.830 25858 25886 I appium  : FindElement command
04-15 11:33:57.831 25858 25886 I appium  : method: 'id', selector: 'ru.otus.wishlist:id/wishlist_edit_title'
04-15 11:33:57.832 25858 25886 I appium  : Waiting up to 10000ms for the device to idle
04-15 11:33:57.869 12660 14069 D CompatibilityChangeReporter: Compat change id reported: 168419799; UID 10151; state: DISABLED
04-15 11:33:57.896   371   410 D goldfish-address-space: claimShared: Ask to claim region [0x3f1cec000 0x3f28fb000]
04-15 11:33:57.925   371   410 D goldfish-address-space: claimShared: Ask to claim region [0x3f5967000 0x3f6576000]
04-15 11:33:57.954   371   410 D goldfish-address-space: claimShared: Ask to claim region [0x3f6576000 0x3f7185000]
04-15 11:33:57.995 12833 12920 D EGL_emulation: app_time_stats: avg=92.41ms min=12.16ms max=812.86ms count=11
04-15 11:33:58.016 25858 25886 W ByMatcher: Node returned null child: android.view.accessibility.AccessibilityNodeInfo@14bf1; boundsInParent: Rect(0, 0 - 253, 198); boundsInScreen: Rect(53, 2010 - 306, 2208); packageName: ru.otus.wishlist; className: android.widget.LinearLayout; text: null; error: null; maxTextLength: -1; stateDescription: null; contentDescription: null; tooltipText: null; viewIdResName: ru.otus.wishlist:id/navigation_bar_item_content_container; checkable: false; checked: false; focusable: false; focused: false; selected: true; clickable: false; longClickable: false; contextClickable: false; enabled: true; password: false; scrollable: false; importantForAccessibility: false; visible: true; actions: [AccessibilityAction: ACTION_SELECT - null, AccessibilityAction: ACTION_CLEAR_SELECTION - null, AccessibilityAction: ACTION_ACCESSIBILITY_FOCUS - null, AccessibilityAction: ACTION_SHOW_ON_SCREEN - null]
04-15 11:33:58.017 25858 25886 W ByMatcher: Skipping null child (0 of 2)
04-15 11:33:58.018 25858 25886 W ByMatcher: Skipping null child (1 of 2)
04-15 11:33:58.019 25858 25886 W ByMatcher: Node returned null child: android.view.accessibility.AccessibilityNodeInfo@1446f; boundsInParent: Rect(0, 0 - 1080, 231); boundsInScreen: Rect(0, 1977 - 1080, 2208); packageName: ru.otus.wishlist; className: android.view.ViewGroup; text: null; error: null; maxTextLength: -1; stateDescription: null; contentDescription: null; tooltipText: null; viewIdResName: null; checkable: false; checked: false; focusable: false; focused: false; selected: false; clickable: false; longClickable: false; contextClickable: false; enabled: true; password: false; scrollable: false; importantForAccessibility: true; visible: true; actions: [AccessibilityAction: ACTION_SELECT - null, AccessibilityAction: ACTION_CLEAR_SELECTION - null, AccessibilityAction: ACTION_ACCESSIBILITY_FOCUS - null, AccessibilityAction: ACTION_SHOW_ON_SCREEN - null]
04-15 11:33:58.023 25858 25886 W ByMatcher: Skipping null child (1 of 3)
04-15 11:33:58.026 25858 25886 W ByMatcher: Skipping null child (2 of 3)
04-15 11:33:58.027 25858 25886 W ByMatcher: Node returned null child: android.view.accessibility.AccessibilityNodeInfo@800079b9; boundsInParent: Rect(0, 0 - 1080, 2340); boundsInScreen: Rect(0, 0 - 1080, 2340); packageName: ru.otus.wishlist; className: android.widget.FrameLayout; text: null; error: null; maxTextLength: -1; stateDescription: null; contentDescription: null; tooltipText: null; viewIdResName: null; checkable: false; checked: false; focusable: false; focused: false; selected: false; clickable: false; longClickable: false; contextClickable: false; enabled: true; password: false; scrollable: false; importantForAccessibility: true; visible: true; actions: [AccessibilityAction: ACTION_SELECT - null, AccessibilityAction: ACTION_CLEAR_SELECTION - null, AccessibilityAction: ACTION_ACCESSIBILITY_FOCUS - null, AccessibilityAction: ACTION_SHOW_ON_SCREEN - null]
04-15 11:33:58.028 25858 25886 W ByMatcher: Skipping null child (1 of 2)
04-15 11:33:58.028 25858 25886 W ByMatcher: Node returned null child: android.view.accessibility.AccessibilityNodeInfo@800079b9; boundsInParent: Rect(0, 0 - 1080, 2340); boundsInScreen: Rect(0, 0 - 1080, 2340); packageName: ru.otus.wishlist; className: android.widget.FrameLayout; text: null; error: null; maxTextLength: -1; stateDescription: null; contentDescription: null; tooltipText: null; viewIdResName: null; checkable: false; checked: false; focusable: false; focused: false; selected: false; clickable: false; longClickable: false; contextClickable: false; enabled: true; password: false; scrollable: false; importantForAccessibility: true; visible: true; actions: [AccessibilityAction: ACTION_SELECT - null, AccessibilityAction: ACTION_CLEAR_SELECTION - null, AccessibilityAction: ACTION_ACCESSIBILITY_FOCUS - null, AccessibilityAction: ACTION_SHOW_ON_SCREEN - null]
04-15 11:33:58.028 25858 25886 W ByMatcher: Skipping null child (0 of 2)
04-15 11:33:58.030 25858 25886 W ByMatcher: Skipping null child (1 of 2)
04-15 11:33:58.031 25858 25886 I appium  : AppiumResponse: {"sessionId":"248b73b2-7a53-4678-b85a-1dd359e8c6e9","value":{"error":"no such element","message":"An element could not be located on the page using the given search parameters","stacktrace":"io.appium.uiautomator2.common.exceptions.ElementNotFoundException: An element could not be located on the page using the given search parameters\n\tat io.appium.uiautomator2.handler.FindElement.safeHandle(FindElement.java:63)\n\tat io.appium.uiautomator2.handler.request.SafeRequestHandler.handle(SafeRequestHandler.java:59)\n\tat io.appium.uiautomator2.server.AppiumServlet.handleRequest(AppiumServlet.java:267)\n\tat io.appium.uiautomator2.server.AppiumServlet.handleHttpRequest(AppiumServlet.java:261)\n\tat io.appium.uiautomator2.http.ServerHandler.channelRead(ServerHandler.java:77)\n\tat io.netty.channel.AbstractChannelHandlerContext.fireChannelRead(AbstractChannelHandlerContext.java:356)\n\tat io.netty.handler.codec.MessageToMessageDecoder.channelRead(MessageToMessageDecoder.java:107)\n\tat io.netty.channel.AbstractChannelHandlerContext.fireChannelRead(AbstractChannelHandlerContext.java:356)\n\tat io.netty.channel.CombinedChannelDuplexHandler$DelegatingChannelHandlerContext.fireChannelRead(CombinedChannelDuplexHandler.java:434)\n\tat io.netty.handler.codec.ByteToMessageDecoder.fireChannelRead(ByteToMessageDecoder.java:361)\n\tat io.netty.handler.codec.ByteToMessageDecoder.channelRead(ByteToMessageDecoder.java:325)\n\tat io.netty.channel.CombinedChannelDuplexHandler.channelRead(CombinedChannelDuplexHandler.java:249)\n\tat io.netty.channel.AbstractChannelHandlerContext.fireChannelRead(AbstractChannelHandlerContext.java:354)\n\tat io.netty.handler.timeout.IdleStateHandler.channelRead(IdleStateHandler.java:293)\n\tat io.netty.channel.AbstractChannelHandlerContext.fireChannelRead(AbstractChannelHandlerContext.java:354)\n\tat io.netty.channel.DefaultChannelPipeline$HeadContext.channelRead(DefaultChannelPipeline.java:1429)\n\tat io.netty.channel.DefaultChannelPipeline.fireChannelRead(DefaultChannelPipeline.java:918)\n\tat io.netty.channel.nio.AbstractNioByteChannel$NioByteUnsafe.read(AbstractNioByteChannel.java:172)\n\tat io.netty.channel.nio.AbstractNioChannel$AbstractNioUnsafe.handle(AbstractNioChannel.java:445)\n\tat io.netty.channel.nio.NioIoHandler$DefaultNioRegistration.handle(NioIoHandler.java:388)\n\tat io.netty.channel.nio.NioIoHandler.processSelectedKey(NioIoHandler.java:596)\n\tat io.netty.channel.nio.NioIoHandler.processSelectedKeysOptimized(NioIoHandler.java:571)\n\tat io.netty.channel.nio.NioIoHandler.processSelectedKeys(NioIoHandler.java:512)\n\tat io.netty.channel.nio.NioIoHandler.run(NioIoHandler.java:484)\n\tat io.netty.channel.SingleThreadIoEventLoop.runIo(SingleThreadIoEventLoop.java:225)\n\tat io.netty.channel.SingleThreadIoEventLoop.run(SingleThreadIoEventLoop.java:196)\n\tat io.netty.util.concurrent.SingleThreadEventExecutor$5.run(SingleThreadEventExecutor.java:1195)\n\tat io.netty.util.internal.ThreadExecutorMap$2.run(ThreadExecutorMap.java:74)\n\tat io.netty.util.concurrent.FastThreadLocalRunnable.run(FastThreadLocalRunnable.java:30)\n\tat java.lang.Thread.run(Thread.java:920)\n"}}
04-15 11:33:58.047 13314 13314 I GoogleInputMethodService: GoogleInputMethodService.onFinishInput():3420 
04-15 11:33:58.048 13314 13314 I GoogleInputMethodService: GoogleInputMethodService.onStartInput():2002 
04-15 11:33:58.048 13314 13314 I DeviceUnlockedTag: DeviceUnlockedTag.notifyDeviceLockStatusChanged():31 Notify device unlocked.
04-15 11:33:58.541 25858 25886 I appium  : channel read: POST /session/248b73b2-7a53-4678-b85a-1dd359e8c6e9/element
04-15 11:33:58.541 25858 25886 I appium  : FindElement command
04-15 11:33:58.542 25858 25886 I appium  : method: 'id', selector: 'ru.otus.wishlist:id/wishlist_edit_title'
04-15 11:33:58.542 25858 25886 I appium  : Waiting up to 10000ms for the device to idle
04-15 11:33:58.621 25858 25886 I appium  : AppiumResponse: {"sessionId":"248b73b2-7a53-4678-b85a-1dd359e8c6e9","value":{"ELEMENT":"00000000-0000-0cfe-ffff-ffff0000009d","element-6066-11e4-a52e-4f735466cecf":"00000000-0000-0cfe-ffff-ffff0000009d"}}
04-15 11:33:58.630 25858 25886 I appium  : channel read: GET /session/248b73b2-7a53-4678-b85a-1dd359e8c6e9/element/00000000-0000-0cfe-ffff-ffff0000009d/attribute/displayed
04-15 11:33:58.631 25858 25886 I appium  : GetElementAttribute command
04-15 11:33:58.634 25858 25886 I appium  : AppiumResponse: {"sessionId":"248b73b2-7a53-4678-b85a-1dd359e8c6e9","value":"true"}
04-15 11:33:58.642 25858 25886 I appium  : channel read: POST /session/248b73b2-7a53-4678-b85a-1dd359e8c6e9/element
04-15 11:33:58.642 25858 25886 I appium  : FindElement command
04-15 11:33:58.644 25858 25886 I appium  : method: 'id', selector: 'ru.otus.wishlist:id/wishlist_edit_title'
04-15 11:33:58.644 25858 25886 I appium  : Waiting up to 10000ms for the device to idle
04-15 11:33:58.675 25858 25886 I appium  : AppiumResponse: {"sessionId":"248b73b2-7a53-4678-b85a-1dd359e8c6e9","value":{"ELEMENT":"00000000-0000-0cfe-ffff-ffff0000009d","element-6066-11e4-a52e-4f735466cecf":"00000000-0000-0cfe-ffff-ffff0000009d"}}
04-15 11:33:58.683 25858 25886 I appium  : channel read: GET /session/248b73b2-7a53-4678-b85a-1dd359e8c6e9/element/00000000-0000-0cfe-ffff-ffff0000009d/name
04-15 11:33:58.683 25858 25886 I appium  : GetName command
04-15 11:33:58.687 25858 25886 I appium  : AppiumResponse: {"sessionId":"248b73b2-7a53-4678-b85a-1dd359e8c6e9","value":null}
04-15 11:33:58.707 25858 25886 I appium  : channel read: GET /session/248b73b2-7a53-4678-b85a-1dd359e8c6e9/element/00000000-0000-0cfe-ffff-ffff0000009d/text
04-15 11:33:58.714 25858 25886 I appium  : GetText command
04-15 11:33:58.718 25858 25886 I appium  : AppiumResponse: {"sessionId":"248b73b2-7a53-4678-b85a-1dd359e8c6e9","value":"Изменить список желаний"}
04-15 11:33:58.727 25858 25886 I appium  : channel read: POST /session/248b73b2-7a53-4678-b85a-1dd359e8c6e9/element
04-15 11:33:58.728 25858 25886 I appium  : FindElement command
04-15 11:33:58.730 25858 25886 I appium  : method: 'id', selector: 'ru.otus.wishlist:id/description_input'
04-15 11:33:58.730 25858 25886 I appium  : Waiting up to 10000ms for the device to idle
04-15 11:33:58.736 25858 25886 I appium  : AppiumResponse: {"sessionId":"248b73b2-7a53-4678-b85a-1dd359e8c6e9","value":{"ELEMENT":"00000000-0000-0cfe-ffff-ffff000000ab","element-6066-11e4-a52e-4f735466cecf":"00000000-0000-0cfe-ffff-ffff000000ab"}}
04-15 11:33:58.744 25858 25886 I appium  : channel read: GET /session/248b73b2-7a53-4678-b85a-1dd359e8c6e9/element/00000000-0000-0cfe-ffff-ffff000000ab/attribute/displayed
04-15 11:33:58.744 25858 25886 I appium  : GetElementAttribute command
04-15 11:33:58.748 25858 25886 I appium  : AppiumResponse: {"sessionId":"248b73b2-7a53-4678-b85a-1dd359e8c6e9","value":"true"}
04-15 11:33:58.755 25858 25886 I appium  : channel read: POST /session/248b73b2-7a53-4678-b85a-1dd359e8c6e9/element
04-15 11:33:58.755 25858 25886 I appium  : FindElement command
04-15 11:33:58.756 25858 25886 I appium  : method: 'id', selector: 'ru.otus.wishlist:id/description_input'
04-15 11:33:58.756 25858 25886 I appium  : Waiting up to 10000ms for the device to idle
04-15 11:33:58.762 25858 25886 I appium  : AppiumResponse: {"sessionId":"248b73b2-7a53-4678-b85a-1dd359e8c6e9","value":{"ELEMENT":"00000000-0000-0cfe-ffff-ffff000000ab","element-6066-11e4-a52e-4f735466cecf":"00000000-0000-0cfe-ffff-ffff000000ab"}}
04-15 11:33:58.768 25858 25886 I appium  : channel read: GET /session/248b73b2-7a53-4678-b85a-1dd359e8c6e9/element/00000000-0000-0cfe-ffff-ffff000000ab/attribute/displayed
04-15 11:33:58.769 25858 25886 I appium  : GetElementAttribute command
04-15 11:33:58.773 25858 25886 I appium  : AppiumResponse: {"sessionId":"248b73b2-7a53-4678-b85a-1dd359e8c6e9","value":"true"}
04-15 11:33:58.779 25858 25886 I appium  : channel read: POST /session/248b73b2-7a53-4678-b85a-1dd359e8c6e9/element/00000000-0000-0cfe-ffff-ffff000000ab/clear
04-15 11:33:58.779 25858 25886 I appium  : Clear command
04-15 11:33:58.783 25858 25886 D UiObject2: Setting text to ''.
04-15 11:33:58.786 25858 25886 I appium  : AppiumResponse: {"sessionId":"248b73b2-7a53-4678-b85a-1dd359e8c6e9","value":null}
04-15 11:33:58.792 25858 25886 I appium  : channel read: POST /session/248b73b2-7a53-4678-b85a-1dd359e8c6e9/element
04-15 11:33:58.793 25858 25886 I appium  : FindElement command
04-15 11:33:58.793 25858 25886 I appium  : method: 'id', selector: 'ru.otus.wishlist:id/description_input'
04-15 11:33:58.794 25858 25886 I appium  : Waiting up to 10000ms for the device to idle
04-15 11:33:58.977 12833 12920 D EGL_emulation: app_time_stats: avg=99.38ms min=1.14ms max=2003.10ms count=21
04-15 11:33:59.028 25898 25918 D EGL_emulation: app_time_stats: avg=32.18ms min=11.58ms max=496.30ms count=32
04-15 11:33:59.209 12660 14069 W InputManager-JNI: Input channel object 'a63f5b4 Toast (client)' was disposed without first being removed with the input manager!
04-15 11:33:59.211 12660 14069 W NotificationService: Toast already killed. pkg=ru.otus.wishlist token=android.os.BinderProxy@e34780
04-15 11:33:59.292 25858 25886 I appium  : AppiumResponse: {"sessionId":"248b73b2-7a53-4678-b85a-1dd359e8c6e9","value":{"ELEMENT":"00000000-0000-0cfe-ffff-ffff000000ab","element-6066-11e4-a52e-4f735466cecf":"00000000-0000-0cfe-ffff-ffff000000ab"}}
04-15 11:33:59.300 25858 25886 I appium  : channel read: POST /session/248b73b2-7a53-4678-b85a-1dd359e8c6e9/element/00000000-0000-0cfe-ffff-ffff000000ab/value
04-15 11:33:59.301 25858 25886 I appium  : SendKeysToElement command
04-15 11:33:59.307 25858 25886 D UiObject2: Setting text to ''.
04-15 11:33:59.820 13314 13314 I ShortcutsDataManager: ShortcutsDataManager.onContentChanged():73 onContentChanged()
04-15 11:33:59.820 25858 25886 I appium  : AppiumResponse: {"sessionId":"248b73b2-7a53-4678-b85a-1dd359e8c6e9","value":null}
04-15 11:33:59.831 25858 25886 I appium  : channel read: POST /session/248b73b2-7a53-4678-b85a-1dd359e8c6e9/element
04-15 11:33:59.831 25858 25886 I appium  : FindElement command
04-15 11:33:59.832 25858 25886 I appium  : method: 'id', selector: 'ru.otus.wishlist:id/save_button'
04-15 11:33:59.832 25858 25886 I appium  : Waiting up to 10000ms for the device to idle
04-15 11:34:00.031 25898 25918 D EGL_emulation: app_time_stats: avg=41.72ms min=13.37ms max=505.20ms count=24
04-15 11:34:00.043 12833 12920 D EGL_emulation: app_time_stats: avg=1707.16ms min=14.07ms max=15233.78ms count=9
04-15 11:34:00.620 25858 25886 I appium  : AppiumResponse: {"sessionId":"248b73b2-7a53-4678-b85a-1dd359e8c6e9","value":{"ELEMENT":"00000000-0000-0cfe-ffff-ffff000000b4","element-6066-11e4-a52e-4f735466cecf":"00000000-0000-0cfe-ffff-ffff000000b4"}}
04-15 11:34:00.631 25858 25886 I appium  : channel read: GET /session/248b73b2-7a53-4678-b85a-1dd359e8c6e9/element/00000000-0000-0cfe-ffff-ffff000000b4/attribute/displayed
04-15 11:34:00.631 25858 25886 I appium  : GetElementAttribute command
04-15 11:34:00.637 25858 25886 I appium  : AppiumResponse: {"sessionId":"248b73b2-7a53-4678-b85a-1dd359e8c6e9","value":"true"}
04-15 11:34:00.645 25858 25886 I appium  : channel read: POST /session/248b73b2-7a53-4678-b85a-1dd359e8c6e9/element
04-15 11:34:00.646 25858 25886 I appium  : FindElement command
04-15 11:34:00.646 25858 25886 I appium  : method: 'id', selector: 'ru.otus.wishlist:id/save_button'
04-15 11:34:00.647 25858 25886 I appium  : Waiting up to 10000ms for the device to idle
04-15 11:34:00.652 25858 25886 I appium  : AppiumResponse: {"sessionId":"248b73b2-7a53-4678-b85a-1dd359e8c6e9","value":{"ELEMENT":"00000000-0000-0cfe-ffff-ffff000000b4","element-6066-11e4-a52e-4f735466cecf":"00000000-0000-0cfe-ffff-ffff000000b4"}}
04-15 11:34:00.658 25858 25886 I appium  : channel read: GET /session/248b73b2-7a53-4678-b85a-1dd359e8c6e9/element/00000000-0000-0cfe-ffff-ffff000000b4/attribute/displayed
04-15 11:34:00.659 25858 25886 I appium  : GetElementAttribute command
04-15 11:34:00.662 25858 25886 I appium  : AppiumResponse: {"sessionId":"248b73b2-7a53-4678-b85a-1dd359e8c6e9","value":"true"}
04-15 11:34:00.669 25858 25886 I appium  : channel read: POST /session/248b73b2-7a53-4678-b85a-1dd359e8c6e9/element/00000000-0000-0cfe-ffff-ffff000000b4/click
04-15 11:34:00.669 25858 25886 I appium  : Click command
04-15 11:34:00.713 25858 25886 W GestureController: Gestures took longer than expected (39ms >> 16ms), device might be in a busy state.
04-15 11:34:00.713 25858 25886 I appium  : Waiting up to 10000ms for the device to idle
04-15 11:34:00.782 25898 25918 D OpenGLRenderer: endAllActiveAnimators on 0x7dab03ed2cd0 (RippleDrawable) with handle 0x7daa13eaf7e0
04-15 11:34:00.783 12660 14641 W InputManager-JNI: Input channel object 'da46b77 ru.otus.wishlist/ru.otus.wishlist.MainActivity (client)' was disposed without first being removed with the input manager!
04-15 11:34:00.789 12833 12833 W ziparchive: Unable to open '/data/app/~~E7HUVOVE1_qGCqO9F55iMw==/ru.otus.wishlist-KvzObjiROZidZodhEA4kDA==/base.apk': No such file or directory
04-15 11:34:00.789 12833 12833 E ndroid.systemu: Failed to open APK '/data/app/~~E7HUVOVE1_qGCqO9F55iMw==/ru.otus.wishlist-KvzObjiROZidZodhEA4kDA==/base.apk': I/O error
04-15 11:34:00.789 12833 12833 W ResourcesManager: failed to preload asset path '/data/app/~~E7HUVOVE1_qGCqO9F55iMw==/ru.otus.wishlist-KvzObjiROZidZodhEA4kDA==/base.apk'
04-15 11:34:00.789 12833 12833 W ResourcesManager: java.io.IOException: Failed to load asset path /data/app/~~E7HUVOVE1_qGCqO9F55iMw==/ru.otus.wishlist-KvzObjiROZidZodhEA4kDA==/base.apk
04-15 11:34:00.789 12833 12833 W ResourcesManager: 	at android.content.res.ApkAssets.nativeLoad(Native Method)
04-15 11:34:00.789 12833 12833 W ResourcesManager: 	at android.content.res.ApkAssets.<init>(ApkAssets.java:295)
04-15 11:34:00.789 12833 12833 W ResourcesManager: 	at android.content.res.ApkAssets.loadFromPath(ApkAssets.java:144)
04-15 11:34:00.789 12833 12833 W ResourcesManager: 	at android.app.ResourcesManager.loadApkAssets(ResourcesManager.java:454)
04-15 11:34:00.789 12833 12833 W ResourcesManager: 	at android.app.ResourcesManager.access$000(ResourcesManager.java:72)
04-15 11:34:00.789 12833 12833 W ResourcesManager: 	at android.app.ResourcesManager$ApkAssetsSupplier.load(ResourcesManager.java:168)
04-15 11:34:00.789 12833 12833 W ResourcesManager: 	at android.app.ResourcesManager.createApkAssetsSupplierNotLocked(ResourcesManager.java:980)
04-15 11:34:00.789 12833 12833 W ResourcesManager: 	at android.app.ResourcesManager.getResources(ResourcesManager.java:1101)
04-15 11:34:00.789 12833 12833 W ResourcesManager: 	at android.app.ActivityThread.getTopLevelResources(ActivityThread.java:2372)
04-15 11:34:00.789 12833 12833 W ResourcesManager: 	at android.app.ApplicationPackageManager.getResourcesForApplication(ApplicationPackageManager.java:1751)
04-15 11:34:00.789 12833 12833 W ResourcesManager: 	at android.app.ApplicationPackageManager.getResourcesForApplication(ApplicationPackageManager.java:1737)
04-15 11:34:00.789 12833 12833 W ResourcesManager: 	at android.app.ApplicationPackageManager.getDrawable(ApplicationPackageManager.java:1506)
04-15 11:34:00.789 12833 12833 W ResourcesManager: 	at android.app.ApplicationPackageManager.loadUnbadgedItemIcon(ApplicationPackageManager.java:3029)
04-15 11:34:00.789 12833 12833 W ResourcesManager: 	at android.content.pm.PackageItemInfo.loadUnbadgedIcon(PackageItemInfo.java:290)
04-15 11:34:00.789 12833 12833 W ResourcesManager: 	at com.android.systemui.toast.SystemUIToast.getBadgedIcon(SystemUIToast.java:284)
04-15 11:34:00.789 12833 12833 W ResourcesManager: 	at com.android.systemui.toast.SystemUIToast.inflateToastView(SystemUIToast.java:198)
04-15 11:34:00.789 12833 12833 W ResourcesManager: 	at com.android.systemui.toast.SystemUIToast.<init>(SystemUIToast.java:90)
04-15 11:34:00.789 12833 12833 W ResourcesManager: 	at com.android.systemui.toast.SystemUIToast.<init>(SystemUIToast.java:77)
04-15 11:34:00.789 12833 12833 W ResourcesManager: 	at com.android.systemui.toast.ToastFactory.createToast(ToastFactory.java:78)
04-15 11:34:00.789 12833 12833 W ResourcesManager: 	at com.android.systemui.toast.ToastUI.lambda$showToast$0(ToastUI.java:113)
04-15 11:34:00.789 12833 12833 W ResourcesManager: 	at com.android.systemui.toast.ToastUI.$r8$lambda$w_gPCh3F8Xxn1jN4lkQZoUci71c(Unknown Source:0)
04-15 11:34:00.789 12833 12833 W ResourcesManager: 	at com.android.systemui.toast.ToastUI$$ExternalSyntheticLambda0.run(Unknown Source:16)
04-15 11:34:00.789 12833 12833 W ResourcesManager: 	at com.android.systemui.toast.ToastUI.showToast(ToastUI.java:140)
04-15 11:34:00.789 12833 12833 W ResourcesManager: 	at com.android.systemui.statusbar.CommandQueue$H.handleMessage(CommandQueue.java:1431)
04-15 11:34:00.789 12833 12833 W ResourcesManager: 	at android.os.Handler.dispatchMessage(Handler.java:106)
04-15 11:34:00.789 12833 12833 W ResourcesManager: 	at android.os.Looper.loopOnce(Looper.java:201)
04-15 11:34:00.789 12833 12833 W ResourcesManager: 	at android.os.Looper.loop(Looper.java:288)
04-15 11:34:00.789 12833 12833 W ResourcesManager: 	at android.app.ActivityThread.main(ActivityThread.java:7839)
04-15 11:34:00.789 12833 12833 W ResourcesManager: 	at java.lang.reflect.Method.invoke(Native Method)
04-15 11:34:00.789 12833 12833 W ResourcesManager: 	at com.android.internal.os.RuntimeInit$MethodAndArgsCaller.run(RuntimeInit.java:548)
04-15 11:34:00.789 12833 12833 W ResourcesManager: 	at com.android.internal.os.ZygoteInit.main(ZygoteInit.java:1003)
04-15 11:34:00.789 12833 12833 W ziparchive: Unable to open '/data/app/~~E7HUVOVE1_qGCqO9F55iMw==/ru.otus.wishlist-KvzObjiROZidZodhEA4kDA==/base.apk': No such file or directory
04-15 11:34:00.789 12833 12833 E ndroid.systemu: Failed to open APK '/data/app/~~E7HUVOVE1_qGCqO9F55iMw==/ru.otus.wishlist-KvzObjiROZidZodhEA4kDA==/base.apk': I/O error
04-15 11:34:00.790 12833 12833 E ResourcesManager: failed to add asset path '/data/app/~~E7HUVOVE1_qGCqO9F55iMw==/ru.otus.wishlist-KvzObjiROZidZodhEA4kDA==/base.apk'
04-15 11:34:00.790 12833 12833 E ResourcesManager: java.io.IOException: Failed to load asset path /data/app/~~E7HUVOVE1_qGCqO9F55iMw==/ru.otus.wishlist-KvzObjiROZidZodhEA4kDA==/base.apk
04-15 11:34:00.790 12833 12833 E ResourcesManager: 	at android.content.res.ApkAssets.nativeLoad(Native Method)
04-15 11:34:00.790 12833 12833 E ResourcesManager: 	at android.content.res.ApkAssets.<init>(ApkAssets.java:295)
04-15 11:34:00.790 12833 12833 E ResourcesManager: 	at android.content.res.ApkAssets.loadFromPath(ApkAssets.java:144)
04-15 11:34:00.790 12833 12833 E ResourcesManager: 	at android.app.ResourcesManager.loadApkAssets(ResourcesManager.java:454)
04-15 11:34:00.790 12833 12833 E ResourcesManager: 	at android.app.ResourcesManager.access$000(ResourcesManager.java:72)
04-15 11:34:00.790 12833 12833 E ResourcesManager: 	at android.app.ResourcesManager$ApkAssetsSupplier.load(ResourcesManager.java:168)
04-15 11:34:00.790 12833 12833 E ResourcesManager: 	at android.app.ResourcesManager.createAssetManager(ResourcesManager.java:530)
04-15 11:34:00.790 12833 12833 E ResourcesManager: 	at android.app.ResourcesManager.createResourcesImpl(ResourcesManager.java:612)
04-15 11:34:00.790 12833 12833 E ResourcesManager: 	at android.app.ResourcesManager.findOrCreateResourcesImplForKeyLocked(ResourcesManager.java:664)
04-15 11:34:00.790 12833 12833 E ResourcesManager: 	at android.app.ResourcesManager.createResources(ResourcesManager.java:1011)
04-15 11:34:00.790 12833 12833 E ResourcesManager: 	at android.app.ResourcesManager.getResources(ResourcesManager.java:1114)
04-15 11:34:00.790 12833 12833 E ResourcesManager: 	at android.app.ActivityThread.getTopLevelResources(ActivityThread.java:2372)
04-15 11:34:00.790 12833 12833 E ResourcesManager: 	at android.app.ApplicationPackageManager.getResourcesForApplication(ApplicationPackageManager.java:1751)
04-15 11:34:00.790 12833 12833 E ResourcesManager: 	at android.app.ApplicationPackageManager.getResourcesForApplication(ApplicationPackageManager.java:1737)
04-15 11:34:00.790 12833 12833 E ResourcesManager: 	at android.app.ApplicationPackageManager.getDrawable(ApplicationPackageManager.java:1506)
04-15 11:34:00.790 12833 12833 E ResourcesManager: 	at android.app.ApplicationPackageManager.loadUnbadgedItemIcon(ApplicationPackageManager.java:3029)
04-15 11:34:00.790 12833 12833 E ResourcesManager: 	at android.content.pm.PackageItemInfo.loadUnbadgedIcon(PackageItemInfo.java:290)
04-15 11:34:00.790 12833 12833 E ResourcesManager: 	at com.android.systemui.toast.SystemUIToast.getBadgedIcon(SystemUIToast.java:284)
04-15 11:34:00.790 12833 12833 E ResourcesManager: 	at com.android.systemui.toast.SystemUIToast.inflateToastView(SystemUIToast.java:198)
04-15 11:34:00.790 12833 12833 E ResourcesManager: 	at com.android.systemui.toast.SystemUIToast.<init>(SystemUIToast.java:90)
04-15 11:34:00.790 12833 12833 E ResourcesManager: 	at com.android.systemui.toast.SystemUIToast.<init>(SystemUIToast.java:77)
04-15 11:34:00.790 12833 12833 E ResourcesManager: 	at com.android.systemui.toast.ToastFactory.createToast(ToastFactory.java:78)
04-15 11:34:00.790 12833 12833 E ResourcesManager: 	at com.android.systemui.toast.ToastUI.lambda$showToast$0(ToastUI.java:113)
04-15 11:34:00.790 12833 12833 E ResourcesManager: 	at com.android.systemui.toast.ToastUI.$r8$lambda$w_gPCh3F8Xxn1jN4lkQZoUci71c(Unknown Source:0)
04-15 11:34:00.790 12833 12833 E ResourcesManager: 	at com.android.systemui.toast.ToastUI$$ExternalSyntheticLambda0.run(Unknown Source:16)
04-15 11:34:00.790 12833 12833 E ResourcesManager: 	at com.android.systemui.toast.ToastUI.showToast(ToastUI.java:140)
04-15 11:34:00.790 12833 12833 E ResourcesManager: 	at com.android.systemui.statusbar.CommandQueue$H.handleMessage(CommandQueue.java:1431)
04-15 11:34:00.790 12833 12833 E ResourcesManager: 	at android.os.Handler.dispatchMessage(Handler.java:106)
04-15 11:34:00.790 12833 12833 E ResourcesManager: 	at android.os.Looper.loopOnce(Looper.java:201)
04-15 11:34:00.790 12833 12833 E ResourcesManager: 	at android.os.Looper.loop(Looper.java:288)
04-15 11:34:00.790 12833 12833 E ResourcesManager: 	at android.app.ActivityThread.main(ActivityThread.java:7839)
04-15 11:34:00.790 12833 12833 E ResourcesManager: 	at java.lang.reflect.Method.invoke(Native Method)
04-15 11:34:00.790 12833 12833 E ResourcesManager: 	at com.android.internal.os.RuntimeInit$MethodAndArgsCaller.run(RuntimeInit.java:548)
04-15 11:34:00.790 12833 12833 E ResourcesManager: 	at com.android.internal.os.ZygoteInit.main(ZygoteInit.java:1003)
04-15 11:34:00.792 12833 12833 W PackageManager: Failure retrieving resources for ru.otus.wishlist
04-15 11:34:00.822 25898 25918 D EGL_emulation: app_time_stats: avg=61.34ms min=8.95ms max=2147.73ms count=49
04-15 11:34:00.828 13314 13314 I GoogleInputMethodService: GoogleInputMethodService.onFinishInput():3420 
04-15 11:34:00.828 13314 13314 I GoogleInputMethodService: GoogleInputMethodService.onStartInput():2002 
04-15 11:34:00.829 13314 13314 I DeviceUnlockedTag: DeviceUnlockedTag.notifyDeviceLockStatusChanged():31 Notify device unlocked.
04-15 11:34:00.829 13314 13314 I ShortcutsDataManager: AbstractContentDataManager.startImportContentTask():235 startImportContentTask()
04-15 11:34:00.829 13314 13602 I ShortcutsDataManager: AbstractContentDataManager$ImportContentTask.doInBackground():249 doInBackground()
04-15 11:34:00.829 13314 13602 I PersonalDictionaryDataHandler: PersonalDictionaryDataHandler.beginProcess():111 LanguageTags = [en-US]
04-15 11:34:00.832   371   410 D goldfish-address-space: claimShared: Ask to claim region [0x3f28fb000 0x3f295f000]
04-15 11:34:00.847   371   410 D goldfish-address-space: claimShared: Ask to claim region [0x3f295f000 0x3f29c3000]
04-15 11:34:00.849 13314 13602 I ShortcutsDataManager: AbstractContentDataManager.importRecords():339 importRecords() : Success : Count = 0
