04-15 11:34:16.658 12833 12833 E ResourcesManager: 	at android.app.ApplicationPackageManager.getResourcesForApplication(ApplicationPackageManager.java:1751)
04-15 11:34:16.658 12833 12833 E ResourcesManager: 	at android.app.ApplicationPackageManager.getResourcesForApplication(ApplicationPackageManager.java:1737)
04-15 11:34:16.658 12833 12833 E ResourcesManager: 	at android.app.ApplicationPackageManager.getDrawable(ApplicationPackageManager.java:1506)
04-15 11:34:16.658 12833 12833 E ResourcesManager: 	at android.app.ApplicationPackageManager.loadUnbadgedItemIcon(ApplicationPackageManager.java:3029)
04-15 11:34:16.658 12833 12833 E ResourcesManager: 	at android.content.pm.PackageItemInfo.loadUnbadgedIcon(PackageItemInfo.java:290)
04-15 11:34:16.658 12833 12833 E ResourcesManager: 	at com.android.systemui.toast.SystemUIToast.getBadgedIcon(SystemUIToast.java:284)
04-15 11:34:16.658 12833 12833 E ResourcesManager: 	at com.android.systemui.toast.SystemUIToast.inflateToastView(SystemUIToast.java:198)
04-15 11:34:16.658 12833 12833 E ResourcesManager: 	at com.android.systemui.toast.SystemUIToast.<init>(SystemUIToast.java:90)
04-15 11:34:16.658 12833 12833 E ResourcesManager: 	at com.android.systemui.toast.SystemUIToast.<init>(SystemUIToast.java:77)
04-15 11:34:16.658 12833 12833 E ResourcesManager: 	at com.android.systemui.toast.ToastFactory.createToast(ToastFactory.java:78)
04-15 11:34:16.658 12833 12833 E ResourcesManager: 	at com.android.systemui.toast.ToastUI.lambda$showToast$0(ToastUI.java:113)
04-15 11:34:16.658 12833 12833 E ResourcesManager: 	at com.android.systemui.toast.ToastUI.$r8$lambda$w_gPCh3F8Xxn1jN4lkQZoUci71c(Unknown Source:0)
04-15 11:34:16.658 12833 12833 E ResourcesManager: 	at com.android.systemui.toast.ToastUI$$ExternalSyntheticLambda0.run(Unknown Source:16)
04-15 11:34:16.658 12833 12833 E ResourcesManager: 	at com.android.systemui.toast.ToastUI.showToast(ToastUI.java:140)
04-15 11:34:16.658 12833 12833 E ResourcesManager: 	at com.android.systemui.statusbar.CommandQueue$H.handleMessage(CommandQueue.java:1431)
04-15 11:34:16.658 12833 12833 E ResourcesManager: 	at android.os.Handler.dispatchMessage(Handler.java:106)
04-15 11:34:16.658 12833 12833 E ResourcesManager: 	at android.os.Looper.loopOnce(Looper.java:201)
04-15 11:34:16.658 12833 12833 E ResourcesManager: 	at android.os.Looper.loop(Looper.java:288)
04-15 11:34:16.658 12833 12833 E ResourcesManager: 	at android.app.ActivityThread.main(ActivityThread.java:7839)
04-15 11:34:16.658 12833 12833 E ResourcesManager: 	at java.lang.reflect.Method.invoke(Native Method)
04-15 11:34:16.658 12833 12833 E ResourcesManager: 	at com.android.internal.os.RuntimeInit$MethodAndArgsCaller.run(RuntimeInit.java:548)
04-15 11:34:16.658 12833 12833 E ResourcesManager: 	at com.android.internal.os.ZygoteInit.main(ZygoteInit.java:1003)
04-15 11:34:16.658 12833 12833 W PackageManager: Failure retrieving resources for ru.otus.wishlist
04-15 11:34:16.679   371   410 D goldfish-address-space: claimShared: Ask to claim region [0x3f3efc000 0x3f3f44000]
04-15 11:34:16.686   371   410 D goldfish-address-space: claimShared: Ask to claim region [0x3f398c000 0x3f39d4000]
04-15 11:34:16.692   371   410 D goldfish-address-space: claimShared: Ask to claim region [0x3f2690000 0x3f26d8000]
04-15 11:34:16.723 26159 26178 D EGL_emulation: app_time_stats: avg=118.44ms min=1.68ms max=5117.27ms count=47
04-15 11:34:16.729 13314 13314 I GoogleInputMethodService: GoogleInputMethodService.onFinishInput():3420 
04-15 11:34:16.730 13314 13314 I GoogleInputMethodService: GoogleInputMethodService.onStartInput():2002 
04-15 11:34:16.730 13314 13314 I DeviceUnlockedTag: DeviceUnlockedTag.notifyDeviceLockStatusChanged():31 Notify device unlocked.
04-15 11:34:16.731 13314 13314 I ShortcutsDataManager: AbstractContentDataManager.startImportContentTask():235 startImportContentTask()
04-15 11:34:16.731 13314 13602 I ShortcutsDataManager: AbstractContentDataManager$ImportContentTask.doInBackground():249 doInBackground()
04-15 11:34:16.731 13314 13602 I PersonalDictionaryDataHandler: PersonalDictionaryDataHandler.beginProcess():111 LanguageTags = [en-US]
04-15 11:34:16.737 13314 13602 I ShortcutsDataManager: AbstractContentDataManager.importRecords():339 importRecords() : Success : Count = 0
04-15 11:34:16.739 13314 13602 I ShortcutsDataManager: AbstractContentDataManager.importContentData():289 importContentData() : Ending import process
04-15 11:34:16.739 13314 15962 I Delight5Decoder: Delight5DecoderWrapper.unloadLanguageModel():820 unloadLanguageModel() : 4, version [n/a]
04-15 11:34:16.751 13314 13602 I PersonalLanguageModelUpdater: PersonalLanguageModelUpdater$UpdateOperation.performInternal():162 run() : Added 0 words and 0 shortcuts
04-15 11:34:16.751 13314 13602 I DynamicLanguageModelOperation: DynamicLanguageModelOperation.perform():38 perform() : 4 : cny : Completed
04-15 11:34:16.751 13314 15962 I Delight5Decoder: Delight5DecoderWrapper.loadLanguageModel():614 loadLanguageModel() : 4, version [n/a]
04-15 11:34:16.751 13314 13314 I ShortcutsDataManager: AbstractContentDataManager$ImportContentTask.onPostExecute():260 onPostExecute() : Result = [2,0]
04-15 11:34:16.751 13314 13314 I ShortcutsDataManager: ShortcutsDataManager.onImportFinished():83 onImportFinished() : Result = 2 : Count = 0
04-15 11:34:16.752 13314 15962 I Delight5Decoder: Delight5DecoderWrapper.loadLanguageModel():652 Loaded dynamic LM 4.en
04-15 11:34:17.029 12833 12920 D EGL_emulation: app_time_stats: avg=869.96ms min=3.21ms max=6038.83ms count=7
04-15 11:34:17.321 26119 26149 I appium  : AppiumResponse: {"sessionId":"d881b2af-69d1-4a39-9226-2fdde70631cb","value":null}
04-15 11:34:17.332 26119 26149 I appium  : channel read: POST /session/d881b2af-69d1-4a39-9226-2fdde70631cb/element
04-15 11:34:17.333 26119 26149 I appium  : FindElement command
04-15 11:34:17.335 26119 26149 I appium  : method: 'id', selector: 'ru.otus.wishlist:id/gifts'
04-15 11:34:17.335 26119 26149 I appium  : Waiting up to 10000ms for the device to idle
04-15 11:34:17.348 26119 26149 I appium  : AppiumResponse: {"sessionId":"d881b2af-69d1-4a39-9226-2fdde70631cb","value":{"ELEMENT":"00000000-0000-0d0b-ffff-ffff00000078","element-6066-11e4-a52e-4f735466cecf":"00000000-0000-0d0b-ffff-ffff00000078"}}
04-15 11:34:17.357 26119 26149 I appium  : channel read: GET /session/d881b2af-69d1-4a39-9226-2fdde70631cb/element/00000000-0000-0d0b-ffff-ffff00000078/attribute/displayed
04-15 11:34:17.358 26119 26149 I appium  : GetElementAttribute command
04-15 11:34:17.361 26119 26149 I appium  : AppiumResponse: {"sessionId":"d881b2af-69d1-4a39-9226-2fdde70631cb","value":"true"}
04-15 11:34:17.369 26119 26149 I appium  : channel read: POST /session/d881b2af-69d1-4a39-9226-2fdde70631cb/element
04-15 11:34:17.371 26119 26149 I appium  : FindElement command
04-15 11:34:17.371 26119 26149 I appium  : method: 'id', selector: 'ru.otus.wishlist:id/gifts'
04-15 11:34:17.372 26119 26149 I appium  : Waiting up to 10000ms for the device to idle
04-15 11:34:17.381 26119 26149 I appium  : AppiumResponse: {"sessionId":"d881b2af-69d1-4a39-9226-2fdde70631cb","value":{"ELEMENT":"00000000-0000-0d0b-ffff-ffff00000078","element-6066-11e4-a52e-4f735466cecf":"00000000-0000-0d0b-ffff-ffff00000078"}}
04-15 11:34:17.388 26119 26149 I appium  : channel read: POST /session/d881b2af-69d1-4a39-9226-2fdde70631cb/elements
04-15 11:34:17.389 26119 26149 I appium  : FindElements command
04-15 11:34:17.390 26119 26149 I appium  : method: 'id', selector: 'ru.otus.wishlist:id/gift_item', contextId: '00000000-0000-0d0b-ffff-ffff00000078'
04-15 11:34:17.392 26119 26149 D UiObject2: Retrieving nodes with selector: BySelector [RES='\Qru.otus.wishlist:id/gift_item\E'].
04-15 11:34:17.394 26119 26149 I appium  : Caching 1 found element
04-15 11:34:17.394 26119 26149 I appium  : Cached 1 element
04-15 11:34:17.395 26119 26149 I appium  : AppiumResponse: {"sessionId":"d881b2af-69d1-4a39-9226-2fdde70631cb","value":[{"ELEMENT":"00000000-0000-0d0b-ffff-ffff000000b0","element-6066-11e4-a52e-4f735466cecf":"00000000-0000-0d0b-ffff-ffff000000b0"}]}
04-15 11:34:17.403 26119 26149 I appium  : channel read: POST /session/d881b2af-69d1-4a39-9226-2fdde70631cb/element
04-15 11:34:17.403 26119 26149 I appium  : FindElement command
04-15 11:34:17.404 26119 26149 I appium  : method: 'id', selector: 'ru.otus.wishlist:id/gifts'
04-15 11:34:17.404 26119 26149 I appium  : Waiting up to 10000ms for the device to idle
04-15 11:34:17.411 26119 26149 I appium  : AppiumResponse: {"sessionId":"d881b2af-69d1-4a39-9226-2fdde70631cb","value":{"ELEMENT":"00000000-0000-0d0b-ffff-ffff00000078","element-6066-11e4-a52e-4f735466cecf":"00000000-0000-0d0b-ffff-ffff00000078"}}
04-15 11:34:17.419 26119 26149 I appium  : channel read: POST /session/d881b2af-69d1-4a39-9226-2fdde70631cb/element
04-15 11:34:17.419 26119 26149 I appium  : FindElement command
04-15 11:34:17.420 26119 26149 I appium  : method: 'id', selector: 'ru.otus.wishlist:id/gift_item', contextId: '00000000-0000-0d0b-ffff-ffff00000078'
04-15 11:34:17.422 26119 26149 D UiObject2: Retrieving node with selector: BySelector [RES='\Qru.otus.wishlist:id/gift_item\E'].
04-15 11:34:17.425 26119 26149 I appium  : AppiumResponse: {"sessionId":"d881b2af-69d1-4a39-9226-2fdde70631cb","value":{"ELEMENT":"00000000-0000-0d0b-ffff-ffff000000b0","element-6066-11e4-a52e-4f735466cecf":"00000000-0000-0d0b-ffff-ffff000000b0"}}
04-15 11:34:17.431 26119 26149 I appium  : channel read: GET /session/d881b2af-69d1-4a39-9226-2fdde70631cb/element/00000000-0000-0d0b-ffff-ffff000000b0/attribute/displayed
04-15 11:34:17.432 26119 26149 I appium  : GetElementAttribute command
04-15 11:34:17.435 26119 26149 I appium  : AppiumResponse: {"sessionId":"d881b2af-69d1-4a39-9226-2fdde70631cb","value":"true"}
04-15 11:34:17.442 26119 26149 I appium  : channel read: POST /session/d881b2af-69d1-4a39-9226-2fdde70631cb/element
04-15 11:34:17.442 26119 26149 I appium  : FindElement command
04-15 11:34:17.443 26119 26149 I appium  : method: 'id', selector: 'ru.otus.wishlist:id/gifts'
04-15 11:34:17.443 26119 26149 I appium  : Waiting up to 10000ms for the device to idle
04-15 11:34:17.450 26119 26149 I appium  : AppiumResponse: {"sessionId":"d881b2af-69d1-4a39-9226-2fdde70631cb","value":{"ELEMENT":"00000000-0000-0d0b-ffff-ffff00000078","element-6066-11e4-a52e-4f735466cecf":"00000000-0000-0d0b-ffff-ffff00000078"}}
04-15 11:34:17.458 26119 26149 I appium  : channel read: POST /session/d881b2af-69d1-4a39-9226-2fdde70631cb/element
04-15 11:34:17.458 26119 26149 I appium  : FindElement command
04-15 11:34:17.459 26119 26149 I appium  : method: 'id', selector: 'ru.otus.wishlist:id/gift_item', contextId: '00000000-0000-0d0b-ffff-ffff00000078'
04-15 11:34:17.461 26119 26149 D UiObject2: Retrieving node with selector: BySelector [RES='\Qru.otus.wishlist:id/gift_item\E'].
04-15 11:34:17.464 26119 26149 I appium  : AppiumResponse: {"sessionId":"d881b2af-69d1-4a39-9226-2fdde70631cb","value":{"ELEMENT":"00000000-0000-0d0b-ffff-ffff000000b0","element-6066-11e4-a52e-4f735466cecf":"00000000-0000-0d0b-ffff-ffff000000b0"}}
04-15 11:34:17.470 26119 26149 I appium  : channel read: POST /session/d881b2af-69d1-4a39-9226-2fdde70631cb/element
04-15 11:34:17.471 26119 26149 I appium  : FindElement command
04-15 11:34:17.471 26119 26149 I appium  : method: 'id', selector: 'ru.otus.wishlist:id/title', contextId: '00000000-0000-0d0b-ffff-ffff000000b0'
04-15 11:34:17.474 26119 26149 D UiObject2: Retrieving node with selector: BySelector [RES='\Qru.otus.wishlist:id/title\E'].
04-15 11:34:17.476 26119 26149 I appium  : AppiumResponse: {"sessionId":"d881b2af-69d1-4a39-9226-2fdde70631cb","value":{"ELEMENT":"00000000-0000-0d0b-ffff-ffff000000b1","element-6066-11e4-a52e-4f735466cecf":"00000000-0000-0d0b-ffff-ffff000000b1"}}
04-15 11:34:17.483 26119 26149 I appium  : channel read: GET /session/d881b2af-69d1-4a39-9226-2fdde70631cb/element/00000000-0000-0d0b-ffff-ffff000000b1/name
04-15 11:34:17.483 26119 26149 I appium  : GetName command
04-15 11:34:17.487 26119 26149 I appium  : AppiumResponse: {"sessionId":"d881b2af-69d1-4a39-9226-2fdde70631cb","value":null}
04-15 11:34:17.513 26119 26149 I appium  : channel read: GET /session/d881b2af-69d1-4a39-9226-2fdde70631cb/element/00000000-0000-0d0b-ffff-ffff000000b1/text
04-15 11:34:17.515 26119 26149 I appium  : GetText command
04-15 11:34:17.518 26119 26149 I appium  : AppiumResponse: {"sessionId":"d881b2af-69d1-4a39-9226-2fdde70631cb","value":"Новый подарок"}
04-15 11:34:17.527 26119 26149 I appium  : channel read: POST /session/d881b2af-69d1-4a39-9226-2fdde70631cb/element
04-15 11:34:17.528 26119 26149 I appium  : FindElement command
04-15 11:34:17.529 26119 26149 I appium  : method: 'id', selector: 'ru.otus.wishlist:id/gifts'
04-15 11:34:17.530 26119 26149 I appium  : Waiting up to 10000ms for the device to idle
04-15 11:34:17.558 26119 26149 I appium  : AppiumResponse: {"sessionId":"d881b2af-69d1-4a39-9226-2fdde70631cb","value":{"ELEMENT":"00000000-0000-0d0b-ffff-ffff00000078","element-6066-11e4-a52e-4f735466cecf":"00000000-0000-0d0b-ffff-ffff00000078"}}
04-15 11:34:17.566 26119 26149 I appium  : channel read: POST /session/d881b2af-69d1-4a39-9226-2fdde70631cb/element
04-15 11:34:17.567 26119 26149 I appium  : FindElement command
04-15 11:34:17.568 26119 26149 I appium  : method: 'id', selector: 'ru.otus.wishlist:id/gift_item', contextId: '00000000-0000-0d0b-ffff-ffff00000078'
04-15 11:34:17.571 26119 26149 D UiObject2: Retrieving node with selector: BySelector [RES='\Qru.otus.wishlist:id/gift_item\E'].
04-15 11:34:17.573 26119 26149 I appium  : AppiumResponse: {"sessionId":"d881b2af-69d1-4a39-9226-2fdde70631cb","value":{"ELEMENT":"00000000-0000-0d0b-ffff-ffff000000b0","element-6066-11e4-a52e-4f735466cecf":"00000000-0000-0d0b-ffff-ffff000000b0"}}
04-15 11:34:17.580 26119 26149 I appium  : channel read: GET /session/d881b2af-69d1-4a39-9226-2fdde70631cb/element/00000000-0000-0d0b-ffff-ffff000000b0/attribute/displayed
04-15 11:34:17.581 26119 26149 I appium  : GetElementAttribute command
04-15 11:34:17.585 26119 26149 I appium  : AppiumResponse: {"sessionId":"d881b2af-69d1-4a39-9226-2fdde70631cb","value":"true"}
04-15 11:34:17.592 26119 26149 I appium  : channel read: POST /session/d881b2af-69d1-4a39-9226-2fdde70631cb/element
04-15 11:34:17.593 26119 26149 I appium  : FindElement command
04-15 11:34:17.594 26119 26149 I appium  : method: 'id', selector: 'ru.otus.wishlist:id/gifts'
04-15 11:34:17.595 26119 26149 I appium  : Waiting up to 10000ms for the device to idle
04-15 11:34:17.603 26119 26149 I appium  : AppiumResponse: {"sessionId":"d881b2af-69d1-4a39-9226-2fdde70631cb","value":{"ELEMENT":"00000000-0000-0d0b-ffff-ffff00000078","element-6066-11e4-a52e-4f735466cecf":"00000000-0000-0d0b-ffff-ffff00000078"}}
04-15 11:34:17.611 26119 26149 I appium  : channel read: POST /session/d881b2af-69d1-4a39-9226-2fdde70631cb/element
04-15 11:34:17.612 26119 26149 I appium  : FindElement command
04-15 11:34:17.612 26119 26149 I appium  : method: 'id', selector: 'ru.otus.wishlist:id/gift_item', contextId: '00000000-0000-0d0b-ffff-ffff00000078'
04-15 11:34:17.615 26119 26149 D UiObject2: Retrieving node with selector: BySelector [RES='\Qru.otus.wishlist:id/gift_item\E'].
04-15 11:34:17.617 26119 26149 I appium  : AppiumResponse: {"sessionId":"d881b2af-69d1-4a39-9226-2fdde70631cb","value":{"ELEMENT":"00000000-0000-0d0b-ffff-ffff000000b0","element-6066-11e4-a52e-4f735466cecf":"00000000-0000-0d0b-ffff-ffff000000b0"}}
04-15 11:34:17.624 26119 26149 I appium  : channel read: POST /session/d881b2af-69d1-4a39-9226-2fdde70631cb/element
04-15 11:34:17.625 26119 26149 I appium  : FindElement command
04-15 11:34:17.626 26119 26149 I appium  : method: 'id', selector: 'ru.otus.wishlist:id/price', contextId: '00000000-0000-0d0b-ffff-ffff000000b0'
04-15 11:34:17.629 26119 26149 D UiObject2: Retrieving node with selector: BySelector [RES='\Qru.otus.wishlist:id/price\E'].
04-15 11:34:17.631 26119 26149 I appium  : AppiumResponse: {"sessionId":"d881b2af-69d1-4a39-9226-2fdde70631cb","value":{"ELEMENT":"00000000-0000-0d0b-ffff-ffff000000b3","element-6066-11e4-a52e-4f735466cecf":"00000000-0000-0d0b-ffff-ffff000000b3"}}
04-15 11:34:17.638 26119 26149 I appium  : channel read: GET /session/d881b2af-69d1-4a39-9226-2fdde70631cb/element/00000000-0000-0d0b-ffff-ffff000000b3/name
04-15 11:34:17.639 26119 26149 I appium  : GetName command
04-15 11:34:17.642 26119 26149 I appium  : AppiumResponse: {"sessionId":"d881b2af-69d1-4a39-9226-2fdde70631cb","value":null}
04-15 11:34:17.649 26119 26149 I appium  : channel read: GET /session/d881b2af-69d1-4a39-9226-2fdde70631cb/element/00000000-0000-0d0b-ffff-ffff000000b3/text
04-15 11:34:17.651 26119 26149 I appium  : GetText command
04-15 11:34:17.653 26119 26149 I appium  : AppiumResponse: {"sessionId":"d881b2af-69d1-4a39-9226-2fdde70631cb","value":"555 ₽"}
04-15 11:34:17.664 26119 26149 I appium  : channel read: POST /session/d881b2af-69d1-4a39-9226-2fdde70631cb/element
04-15 11:34:17.665 26119 26149 I appium  : FindElement command
04-15 11:34:17.666 26119 26149 I appium  : method: 'id', selector: 'ru.otus.wishlist:id/gifts'
04-15 11:34:17.667 26119 26149 I appium  : Waiting up to 10000ms for the device to idle
04-15 11:34:17.677 26119 26149 I appium  : AppiumResponse: {"sessionId":"d881b2af-69d1-4a39-9226-2fdde70631cb","value":{"ELEMENT":"00000000-0000-0d0b-ffff-ffff00000078","element-6066-11e4-a52e-4f735466cecf":"00000000-0000-0d0b-ffff-ffff00000078"}}
04-15 11:34:17.685 26119 26149 I appium  : channel read: POST /session/d881b2af-69d1-4a39-9226-2fdde70631cb/element
04-15 11:34:17.686 26119 26149 I appium  : FindElement command
04-15 11:34:17.687 26119 26149 I appium  : method: 'id', selector: 'ru.otus.wishlist:id/gift_item', contextId: '00000000-0000-0d0b-ffff-ffff00000078'
04-15 11:34:17.690 26119 26149 D UiObject2: Retrieving node with selector: BySelector [RES='\Qru.otus.wishlist:id/gift_item\E'].
04-15 11:34:17.692 26119 26149 I appium  : AppiumResponse: {"sessionId":"d881b2af-69d1-4a39-9226-2fdde70631cb","value":{"ELEMENT":"00000000-0000-0d0b-ffff-ffff000000b0","element-6066-11e4-a52e-4f735466cecf":"00000000-0000-0d0b-ffff-ffff000000b0"}}
04-15 11:34:17.699 26119 26149 I appium  : channel read: GET /session/d881b2af-69d1-4a39-9226-2fdde70631cb/element/00000000-0000-0d0b-ffff-ffff000000b0/attribute/displayed
04-15 11:34:17.701 26119 26149 I appium  : GetElementAttribute command
04-15 11:34:17.704 26119 26149 I appium  : AppiumResponse: {"sessionId":"d881b2af-69d1-4a39-9226-2fdde70631cb","value":"true"}
04-15 11:34:17.712 26119 26149 I appium  : channel read: POST /session/d881b2af-69d1-4a39-9226-2fdde70631cb/element
04-15 11:34:17.713 26119 26149 I appium  : FindElement command
04-15 11:34:17.714 26119 26149 I appium  : method: 'id', selector: 'ru.otus.wishlist:id/gifts'
04-15 11:34:17.715 26119 26149 I appium  : Waiting up to 10000ms for the device to idle
04-15 11:34:17.721 26119 26149 I appium  : AppiumResponse: {"sessionId":"d881b2af-69d1-4a39-9226-2fdde70631cb","value":{"ELEMENT":"00000000-0000-0d0b-ffff-ffff00000078","element-6066-11e4-a52e-4f735466cecf":"00000000-0000-0d0b-ffff-ffff00000078"}}
04-15 11:34:17.728 26119 26149 I appium  : channel read: POST /session/d881b2af-69d1-4a39-9226-2fdde70631cb/element
04-15 11:34:17.728 26119 26149 I appium  : FindElement command
04-15 11:34:17.730 26119 26149 I appium  : method: 'id', selector: 'ru.otus.wishlist:id/gift_item', contextId: '00000000-0000-0d0b-ffff-ffff00000078'
04-15 11:34:17.732 26119 26149 D UiObject2: Retrieving node with selector: BySelector [RES='\Qru.otus.wishlist:id/gift_item\E'].
04-15 11:34:17.734 26119 26149 I appium  : AppiumResponse: {"sessionId":"d881b2af-69d1-4a39-9226-2fdde70631cb","value":{"ELEMENT":"00000000-0000-0d0b-ffff-ffff000000b0","element-6066-11e4-a52e-4f735466cecf":"00000000-0000-0d0b-ffff-ffff000000b0"}}
04-15 11:34:17.743 26119 26149 I appium  : channel read: POST /session/d881b2af-69d1-4a39-9226-2fdde70631cb/element
04-15 11:34:17.743 26119 26149 I appium  : FindElement command
04-15 11:34:17.743 26119 26149 I appium  : method: 'id', selector: 'ru.otus.wishlist:id/subtitle', contextId: '00000000-0000-0d0b-ffff-ffff000000b0'
04-15 11:34:17.747 26119 26149 D UiObject2: Retrieving node with selector: BySelector [RES='\Qru.otus.wishlist:id/subtitle\E'].
04-15 11:34:17.749 26119 26149 I appium  : AppiumResponse: {"sessionId":"d881b2af-69d1-4a39-9226-2fdde70631cb","value":{"ELEMENT":"00000000-0000-0d0b-ffff-ffff000000b2","element-6066-11e4-a52e-4f735466cecf":"00000000-0000-0d0b-ffff-ffff000000b2"}}
04-15 11:34:17.757 26119 26149 I appium  : channel read: GET /session/d881b2af-69d1-4a39-9226-2fdde70631cb/element/00000000-0000-0d0b-ffff-ffff000000b2/name
04-15 11:34:17.758 26119 26149 I appium  : GetName command
04-15 11:34:17.760 12833 12920 D EGL_emulation: app_time_stats: avg=1704.63ms min=13.55ms max=15215.20ms count=9
04-15 11:34:18.257 26119 26149 I appium  : AppiumResponse: {"sessionId":"d881b2af-69d1-4a39-9226-2fdde70631cb","value":null}
04-15 11:34:18.265 26119 26149 I appium  : channel read: GET /session/d881b2af-69d1-4a39-9226-2fdde70631cb/element/00000000-0000-0d0b-ffff-ffff000000b2/text
04-15 11:34:18.265 26119 26149 I appium  : GetText command
04-15 11:34:18.270 26119 26149 I appium  : AppiumResponse: {"sessionId":"d881b2af-69d1-4a39-9226-2fdde70631cb","value":"Нам дарят"}
04-15 11:34:18.278 26119 26149 I appium  : channel read: POST /session/d881b2af-69d1-4a39-9226-2fdde70631cb/element
04-15 11:34:18.278 26119 26149 I appium  : FindElement command
04-15 11:34:18.279 26119 26149 I appium  : method: 'id', selector: 'ru.otus.wishlist:id/gifts'
04-15 11:34:18.279 26119 26149 I appium  : Waiting up to 10000ms for the device to idle
04-15 11:34:18.288 26119 26149 I appium  : AppiumResponse: {"sessionId":"d881b2af-69d1-4a39-9226-2fdde70631cb","value":{"ELEMENT":"00000000-0000-0d0b-ffff-ffff00000078","element-6066-11e4-a52e-4f735466cecf":"00000000-0000-0d0b-ffff-ffff00000078"}}
04-15 11:34:18.296 26119 26149 I appium  : channel read: POST /session/d881b2af-69d1-4a39-9226-2fdde70631cb/element
04-15 11:34:18.297 26119 26149 I appium  : FindElement command
04-15 11:34:18.298 26119 26149 I appium  : method: 'id', selector: 'ru.otus.wishlist:id/gift_item', contextId: '00000000-0000-0d0b-ffff-ffff00000078'
04-15 11:34:18.301 26119 26149 D UiObject2: Retrieving node with selector: BySelector [RES='\Qru.otus.wishlist:id/gift_item\E'].
04-15 11:34:18.304 26119 26149 I appium  : AppiumResponse: {"sessionId":"d881b2af-69d1-4a39-9226-2fdde70631cb","value":{"ELEMENT":"00000000-0000-0d0b-ffff-ffff000000b0","element-6066-11e4-a52e-4f735466cecf":"00000000-0000-0d0b-ffff-ffff000000b0"}}
04-15 11:34:18.311 26119 26149 I appium  : channel read: GET /session/d881b2af-69d1-4a39-9226-2fdde70631cb/element/00000000-0000-0d0b-ffff-ffff000000b0/attribute/displayed
04-15 11:34:18.312 26119 26149 I appium  : GetElementAttribute command
04-15 11:34:18.315 26119 26149 I appium  : AppiumResponse: {"sessionId":"d881b2af-69d1-4a39-9226-2fdde70631cb","value":"true"}
04-15 11:34:18.328 26119 26149 I appium  : channel read: POST /session/d881b2af-69d1-4a39-9226-2fdde70631cb/element
04-15 11:34:18.329 26119 26149 I appium  : FindElement command
04-15 11:34:18.330 26119 26149 I appium  : method: 'id', selector: 'ru.otus.wishlist:id/gifts'
04-15 11:34:18.330 26119 26149 I appium  : Waiting up to 10000ms for the device to idle
04-15 11:34:18.337 26119 26149 I appium  : AppiumResponse: {"sessionId":"d881b2af-69d1-4a39-9226-2fdde70631cb","value":{"ELEMENT":"00000000-0000-0d0b-ffff-ffff00000078","element-6066-11e4-a52e-4f735466cecf":"00000000-0000-0d0b-ffff-ffff00000078"}}
04-15 11:34:18.345 26119 26149 I appium  : channel read: POST /session/d881b2af-69d1-4a39-9226-2fdde70631cb/element
04-15 11:34:18.345 26119 26149 I appium  : FindElement command
04-15 11:34:18.346 26119 26149 I appium  : method: 'id', selector: 'ru.otus.wishlist:id/gift_item', contextId: '00000000-0000-0d0b-ffff-ffff00000078'
04-15 11:34:18.348 26119 26149 D UiObject2: Retrieving node with selector: BySelector [RES='\Qru.otus.wishlist:id/gift_item\E'].
04-15 11:34:18.351 26119 26149 I appium  : AppiumResponse: {"sessionId":"d881b2af-69d1-4a39-9226-2fdde70631cb","value":{"ELEMENT":"00000000-0000-0d0b-ffff-ffff000000b0","element-6066-11e4-a52e-4f735466cecf":"00000000-0000-0d0b-ffff-ffff000000b0"}}
04-15 11:34:18.358 26119 26149 I appium  : channel read: POST /session/d881b2af-69d1-4a39-9226-2fdde70631cb/element
04-15 11:34:18.359 26119 26149 I appium  : FindElement command
04-15 11:34:18.360 26119 26149 I appium  : method: 'id', selector: 'ru.otus.wishlist:id/edit_button', contextId: '00000000-0000-0d0b-ffff-ffff000000b0'
04-15 11:34:18.362 26119 26149 D UiObject2: Retrieving node with selector: BySelector [RES='\Qru.otus.wishlist:id/edit_button\E'].
04-15 11:34:18.364 26119 26149 I appium  : AppiumResponse: {"sessionId":"d881b2af-69d1-4a39-9226-2fdde70631cb","value":{"ELEMENT":"00000000-0000-0d0b-ffff-ffff000000b7","element-6066-11e4-a52e-4f735466cecf":"00000000-0000-0d0b-ffff-ffff000000b7"}}
04-15 11:34:18.372 26119 26149 I appium  : channel read: GET /session/d881b2af-69d1-4a39-9226-2fdde70631cb/element/00000000-0000-0d0b-ffff-ffff000000b7/attribute/displayed
04-15 11:34:18.373 26119 26149 I appium  : GetElementAttribute command
04-15 11:34:18.377 26119 26149 I appium  : AppiumResponse: {"sessionId":"d881b2af-69d1-4a39-9226-2fdde70631cb","value":"true"}
04-15 11:34:18.384 26119 26149 I appium  : channel read: POST /session/d881b2af-69d1-4a39-9226-2fdde70631cb/element
04-15 11:34:18.385 26119 26149 I appium  : FindElement command
04-15 11:34:18.385 26119 26149 I appium  : method: 'id', selector: 'ru.otus.wishlist:id/gifts'
04-15 11:34:18.386 26119 26149 I appium  : Waiting up to 10000ms for the device to idle
04-15 11:34:18.392 26119 26149 I appium  : AppiumResponse: {"sessionId":"d881b2af-69d1-4a39-9226-2fdde70631cb","value":{"ELEMENT":"00000000-0000-0d0b-ffff-ffff00000078","element-6066-11e4-a52e-4f735466cecf":"00000000-0000-0d0b-ffff-ffff00000078"}}
04-15 11:34:18.400 26119 26149 I appium  : channel read: POST /session/d881b2af-69d1-4a39-9226-2fdde70631cb/element
04-15 11:34:18.400 26119 26149 I appium  : FindElement command
04-15 11:34:18.401 26119 26149 I appium  : method: 'id', selector: 'ru.otus.wishlist:id/gift_item', contextId: '00000000-0000-0d0b-ffff-ffff00000078'
04-15 11:34:18.403 26119 26149 D UiObject2: Retrieving node with selector: BySelector [RES='\Qru.otus.wishlist:id/gift_item\E'].
04-15 11:34:18.406 26119 26149 I appium  : AppiumResponse: {"sessionId":"d881b2af-69d1-4a39-9226-2fdde70631cb","value":{"ELEMENT":"00000000-0000-0d0b-ffff-ffff000000b0","element-6066-11e4-a52e-4f735466cecf":"00000000-0000-0d0b-ffff-ffff000000b0"}}
04-15 11:34:18.413 26119 26149 I appium  : channel read: POST /session/d881b2af-69d1-4a39-9226-2fdde70631cb/element
04-15 11:34:18.413 26119 26149 I appium  : FindElement command
04-15 11:34:18.414 26119 26149 I appium  : method: 'id', selector: 'ru.otus.wishlist:id/edit_button', contextId: '00000000-0000-0d0b-ffff-ffff000000b0'
04-15 11:34:18.416 26119 26149 D UiObject2: Retrieving node with selector: BySelector [RES='\Qru.otus.wishlist:id/edit_button\E'].
04-15 11:34:18.418 26119 26149 I appium  : AppiumResponse: {"sessionId":"d881b2af-69d1-4a39-9226-2fdde70631cb","value":{"ELEMENT":"00000000-0000-0d0b-ffff-ffff000000b7","element-6066-11e4-a52e-4f735466cecf":"00000000-0000-0d0b-ffff-ffff000000b7"}}
04-15 11:34:18.424 26119 26149 I appium  : channel read: GET /session/d881b2af-69d1-4a39-9226-2fdde70631cb/element/00000000-0000-0d0b-ffff-ffff000000b7/attribute/displayed
04-15 11:34:18.424 26119 26149 I appium  : GetElementAttribute command
04-15 11:34:18.428 26119 26149 I appium  : AppiumResponse: {"sessionId":"d881b2af-69d1-4a39-9226-2fdde70631cb","value":"true"}
04-15 11:34:18.435 26119 26149 I appium  : channel read: POST /session/d881b2af-69d1-4a39-9226-2fdde70631cb/element/00000000-0000-0d0b-ffff-ffff000000b7/click
04-15 11:34:18.435 26119 26149 I appium  : Click command
04-15 11:34:18.477 26159 26178 D EGL_emulation: app_time_stats: avg=185.61ms min=3.53ms max=1620.41ms count=9
04-15 11:34:18.482 26119 26149 W GestureController: Gestures took longer than expected (44ms >> 16ms), device might be in a busy state.
04-15 11:34:18.482 26119 26149 I appium  : Waiting up to 10000ms for the device to idle
04-15 11:34:18.483 26119 26149 I appium  : AppiumResponse: {"sessionId":"d881b2af-69d1-4a39-9226-2fdde70631cb","value":null}
04-15 11:34:18.492 26119 26149 I appium  : channel read: POST /session/d881b2af-69d1-4a39-9226-2fdde70631cb/element
04-15 11:34:18.493 26119 26149 I appium  : FindElement command
04-15 11:34:18.494 26119 26149 I appium  : method: 'id', selector: 'ru.otus.wishlist:id/gift_edit_title'
04-15 11:34:18.495 26119 26149 I appium  : Waiting up to 10000ms for the device to idle
04-15 11:34:18.536 12660 14866 D CompatibilityChangeReporter: Compat change id reported: 168419799; UID 10151; state: DISABLED
04-15 11:34:18.564   371   410 D goldfish-address-space: claimShared: Ask to claim region [0x3f6caf000 0x3f78be000]
04-15 11:34:18.593   371   410 D goldfish-address-space: claimShared: Ask to claim region [0x3f4fc3000 0x3f5bd2000]
04-15 11:34:18.622   371   410 D goldfish-address-space: claimShared: Ask to claim region [0x3f8000000 0x3f8c0f000]
04-15 11:34:18.628 12833 12920 D EGL_emulation: app_time_stats: avg=177.49ms min=12.87ms max=1470.96ms count=9
04-15 11:34:18.665 26119 26149 W ByMatcher: Node returned null child: android.view.accessibility.AccessibilityNodeInfo@800079c9; boundsInParent: Rect(0, 0 - 1080, 2340); boundsInScreen: Rect(0, 0 - 1080, 2340); packageName: ru.otus.wishlist; className: android.widget.FrameLayout; text: null; error: null; maxTextLength: -1; stateDescription: null; contentDescription: null; tooltipText: null; viewIdResName: null; checkable: false; checked: false; focusable: false; focused: false; selected: false; clickable: false; longClickable: false; contextClickable: false; enabled: true; password: false; scrollable: false; importantForAccessibility: true; visible: true; actions: [AccessibilityAction: ACTION_SELECT - null, AccessibilityAction: ACTION_CLEAR_SELECTION - null, AccessibilityAction: ACTION_ACCESSIBILITY_FOCUS - null, AccessibilityAction: ACTION_SHOW_ON_SCREEN - null]
04-15 11:34:18.665 26119 26149 W ByMatcher: Skipping null child (0 of 2)
04-15 11:34:18.665 26119 26149 W ByMatcher: Skipping null child (1 of 2)
04-15 11:34:18.667 26119 26149 W ByMatcher: Node returned null child: android.view.accessibility.AccessibilityNodeInfo@800079c9; boundsInParent: Rect(0, 0 - 1080, 2340); boundsInScreen: Rect(0, 0 - 1080, 2340); packageName: ru.otus.wishlist; className: android.widget.FrameLayout; text: null; error: null; maxTextLength: -1; stateDescription: null; contentDescription: null; tooltipText: null; viewIdResName: null; checkable: false; checked: false; focusable: false; focused: false; selected: false; clickable: false; longClickable: false; contextClickable: false; enabled: true; password: false; scrollable: false; importantForAccessibility: true; visible: true; actions: [AccessibilityAction: ACTION_SELECT - null, AccessibilityAction: ACTION_CLEAR_SELECTION - null, AccessibilityAction: ACTION_ACCESSIBILITY_FOCUS - null, AccessibilityAction: ACTION_SHOW_ON_SCREEN - null]
04-15 11:34:18.667 26119 26149 W ByMatcher: Skipping null child (0 of 2)
04-15 11:34:18.667 26119 26149 W ByMatcher: Skipping null child (1 of 2)
04-15 11:34:18.668 26119 26149 I appium  : AppiumResponse: {"sessionId":"d881b2af-69d1-4a39-9226-2fdde70631cb","value":{"error":"no such element","message":"An element could not be located on the page using the given search parameters","stacktrace":"io.appium.uiautomator2.common.exceptions.ElementNotFoundException: An element could not be located on the page using the given search parameters\n\tat io.appium.uiautomator2.handler.FindElement.safeHandle(FindElement.java:63)\n\tat io.appium.uiautomator2.handler.request.SafeRequestHandler.handle(SafeRequestHandler.java:59)\n\tat io.appium.uiautomator2.server.AppiumServlet.handleRequest(AppiumServlet.java:267)\n\tat io.appium.uiautomator2.server.AppiumServlet.handleHttpRequest(AppiumServlet.java:261)\n\tat io.appium.uiautomator2.http.ServerHandler.channelRead(ServerHandler.java:77)\n\tat io.netty.channel.AbstractChannelHandlerContext.fireChannelRead(AbstractChannelHandlerContext.java:356)\n\tat io.netty.handler.codec.MessageToMessageDecoder.channelRead(MessageToMessageDecoder.java:107)\n\tat io.netty.channel.AbstractChannelHandlerContext.fireChannelRead(AbstractChannelHandlerContext.java:356)\n\tat io.netty.channel.CombinedChannelDuplexHandler$DelegatingChannelHandlerContext.fireChannelRead(CombinedChannelDuplexHandler.java:434)\n\tat io.netty.handler.codec.ByteToMessageDecoder.fireChannelRead(ByteToMessageDecoder.java:361)\n\tat io.netty.handler.codec.ByteToMessageDecoder.channelRead(ByteToMessageDecoder.java:325)\n\tat io.netty.channel.CombinedChannelDuplexHandler.channelRead(CombinedChannelDuplexHandler.java:249)\n\tat io.netty.channel.AbstractChannelHandlerContext.fireChannelRead(AbstractChannelHandlerContext.java:354)\n\tat io.netty.handler.timeout.IdleStateHandler.channelRead(IdleStateHandler.java:293)\n\tat io.netty.channel.AbstractChannelHandlerContext.fireChannelRead(AbstractChannelHandlerContext.java:354)\n\tat io.netty.channel.DefaultChannelPipeline$HeadContext.channelRead(DefaultChannelPipeline.java:1429)\n\tat io.netty.channel.DefaultChannelPipeline.fireChannelRead(DefaultChannelPipeline.java:918)\n\tat io.netty.channel.nio.AbstractNioByteChannel$NioByteUnsafe.read(AbstractNioByteChannel.java:172)\n\tat io.netty.channel.nio.AbstractNioChannel$AbstractNioUnsafe.handle(AbstractNioChannel.java:445)\n\tat io.netty.channel.nio.NioIoHandler$DefaultNioRegistration.handle(NioIoHandler.java:388)\n\tat io.netty.channel.nio.NioIoHandler.processSelectedKey(NioIoHandler.java:596)\n\tat io.netty.channel.nio.NioIoHandler.processSelectedKeysOptimized(NioIoHandler.java:571)\n\tat io.netty.channel.nio.NioIoHandler.processSelectedKeys(NioIoHandler.java:512)\n\tat io.netty.channel.nio.NioIoHandler.run(NioIoHandler.java:484)\n\tat io.netty.channel.SingleThreadIoEventLoop.runIo(SingleThreadIoEventLoop.java:225)\n\tat io.netty.channel.SingleThreadIoEventLoop.run(SingleThreadIoEventLoop.java:196)\n\tat io.netty.util.concurrent.SingleThreadEventExecutor$5.run(SingleThreadEventExecutor.java:1195)\n\tat io.netty.util.internal.ThreadExecutorMap$2.run(ThreadExecutorMap.java:74)\n\tat io.netty.util.concurrent.FastThreadLocalRunnable.run(FastThreadLocalRunnable.java:30)\n\tat java.lang.Thread.run(Thread.java:920)\n"}}
04-15 11:34:18.699 13314 13314 I GoogleInputMethodService: GoogleInputMethodService.onFinishInput():3420 
04-15 11:34:18.699 13314 13314 I GoogleInputMethodService: GoogleInputMethodService.onStartInput():2002 
04-15 11:34:18.700 13314 13314 I DeviceUnlockedTag: DeviceUnlockedTag.notifyDeviceLockStatusChanged():31 Notify device unlocked.
04-15 11:34:19.025 12833 12920 D EGL_emulation: app_time_stats: avg=99.34ms min=2.27ms max=2001.51ms count=21
04-15 11:34:19.177 26119 26149 I appium  : channel read: POST /session/d881b2af-69d1-4a39-9226-2fdde70631cb/element
04-15 11:34:19.177 26119 26149 I appium  : FindElement command
04-15 11:34:19.178 26119 26149 I appium  : method: 'id', selector: 'ru.otus.wishlist:id/gift_edit_title'
04-15 11:34:19.178 26119 26149 I appium  : Waiting up to 10000ms for the device to idle
04-15 11:34:19.259 12660 13672 W InputManager-JNI: Input channel object 'a9580c2 Toast (client)' was disposed without first being removed with the input manager!
04-15 11:34:19.262 12660 13672 W NotificationService: Toast already killed. pkg=ru.otus.wishlist token=android.os.BinderProxy@1ef046e
04-15 11:34:19.297 26119 26149 I appium  : AppiumResponse: {"sessionId":"d881b2af-69d1-4a39-9226-2fdde70631cb","value":{"ELEMENT":"00000000-0000-0d0e-ffff-ffff000000c7","element-6066-11e4-a52e-4f735466cecf":"00000000-0000-0d0e-ffff-ffff000000c7"}}
04-15 11:34:19.320 26119 26149 I appium  : channel read: GET /session/d881b2af-69d1-4a39-9226-2fdde70631cb/element/00000000-0000-0d0e-ffff-ffff000000c7/attribute/displayed
04-15 11:34:19.322 26119 26149 I appium  : GetElementAttribute command
04-15 11:34:19.341 26119 26149 I appium  : AppiumResponse: {"sessionId":"d881b2af-69d1-4a39-9226-2fdde70631cb","value":"true"}
04-15 11:34:19.350 26119 26149 I appium  : channel read: POST /session/d881b2af-69d1-4a39-9226-2fdde70631cb/element
04-15 11:34:19.350 26119 26149 I appium  : FindElement command
04-15 11:34:19.351 26119 26149 I appium  : method: 'id', selector: 'ru.otus.wishlist:id/gift_edit_title'
04-15 11:34:19.351 26119 26149 I appium  : Waiting up to 10000ms for the device to idle
04-15 11:34:19.358 26119 26149 I appium  : AppiumResponse: {"sessionId":"d881b2af-69d1-4a39-9226-2fdde70631cb","value":{"ELEMENT":"00000000-0000-0d0e-ffff-ffff000000c7","element-6066-11e4-a52e-4f735466cecf":"00000000-0000-0d0e-ffff-ffff000000c7"}}
04-15 11:34:19.367 26119 26149 I appium  : channel read: GET /session/d881b2af-69d1-4a39-9226-2fdde70631cb/element/00000000-0000-0d0e-ffff-ffff000000c7/name
04-15 11:34:19.368 26119 26149 I appium  : GetName command
04-15 11:34:19.372 26119 26149 I appium  : AppiumResponse: {"sessionId":"d881b2af-69d1-4a39-9226-2fdde70631cb","value":null}
04-15 11:34:19.381 26119 26149 I appium  : channel read: GET /session/d881b2af-69d1-4a39-9226-2fdde70631cb/element/00000000-0000-0d0e-ffff-ffff000000c7/text
04-15 11:34:19.381 26119 26149 I appium  : GetText command
04-15 11:34:19.385 26119 26149 I appium  : AppiumResponse: {"sessionId":"d881b2af-69d1-4a39-9226-2fdde70631cb","value":"Изменить подарок"}
04-15 11:34:19.399 26119 26149 I appium  : channel read: POST /session/d881b2af-69d1-4a39-9226-2fdde70631cb/element
04-15 11:34:19.399 26119 26149 I appium  : FindElement command
04-15 11:34:19.400 26119 26149 I appium  : method: 'id', selector: 'ru.otus.wishlist:id/description_input'
04-15 11:34:19.401 26119 26149 I appium  : Waiting up to 10000ms for the device to idle
04-15 11:34:19.408 26119 26149 I appium  : AppiumResponse: {"sessionId":"d881b2af-69d1-4a39-9226-2fdde70631cb","value":{"ELEMENT":"00000000-0000-0d0e-ffff-ffff000000e0","element-6066-11e4-a52e-4f735466cecf":"00000000-0000-0d0e-ffff-ffff000000e0"}}
04-15 11:34:19.415 26119 26149 I appium  : channel read: GET /session/d881b2af-69d1-4a39-9226-2fdde70631cb/element/00000000-0000-0d0e-ffff-ffff000000e0/attribute/displayed
04-15 11:34:19.415 26119 26149 I appium  : GetElementAttribute command
04-15 11:34:19.419 26119 26149 I appium  : AppiumResponse: {"sessionId":"d881b2af-69d1-4a39-9226-2fdde70631cb","value":"true"}
04-15 11:34:19.426 26119 26149 I appium  : channel read: POST /session/d881b2af-69d1-4a39-9226-2fdde70631cb/element
04-15 11:34:19.426 26119 26149 I appium  : FindElement command
04-15 11:34:19.427 26119 26149 I appium  : method: 'id', selector: 'ru.otus.wishlist:id/description_input'
04-15 11:34:19.427 26119 26149 I appium  : Waiting up to 10000ms for the device to idle
04-15 11:34:19.435 26119 26149 I appium  : AppiumResponse: {"sessionId":"d881b2af-69d1-4a39-9226-2fdde70631cb","value":{"ELEMENT":"00000000-0000-0d0e-ffff-ffff000000e0","element-6066-11e4-a52e-4f735466cecf":"00000000-0000-0d0e-ffff-ffff000000e0"}}
04-15 11:34:19.441 26119 26149 I appium  : channel read: GET /session/d881b2af-69d1-4a39-9226-2fdde70631cb/element/00000000-0000-0d0e-ffff-ffff000000e0/attribute/displayed
04-15 11:34:19.442 26119 26149 I appium  : GetElementAttribute command
04-15 11:34:19.445 26119 26149 I appium  : AppiumResponse: {"sessionId":"d881b2af-69d1-4a39-9226-2fdde70631cb","value":"true"}
04-15 11:34:19.452 26119 26149 I appium  : channel read: POST /session/d881b2af-69d1-4a39-9226-2fdde70631cb/element/00000000-0000-0d0e-ffff-ffff000000e0/clear
04-15 11:34:19.452 26119 26149 I appium  : Clear command
04-15 11:34:19.456 26119 26149 D UiObject2: Setting text to ''.
04-15 11:34:19.459 26119 26149 I appium  : AppiumResponse: {"sessionId":"d881b2af-69d1-4a39-9226-2fdde70631cb","value":null}
04-15 11:34:19.465 26119 26149 I appium  : channel read: POST /session/d881b2af-69d1-4a39-9226-2fdde70631cb/element
04-15 11:34:19.466 26119 26149 I appium  : FindElement command
04-15 11:34:19.466 26119 26149 I appium  : method: 'id', selector: 'ru.otus.wishlist:id/description_input'
04-15 11:34:19.467 26119 26149 I appium  : Waiting up to 10000ms for the device to idle
04-15 11:34:19.476 26119 26149 I appium  : AppiumResponse: {"sessionId":"d881b2af-69d1-4a39-9226-2fdde70631cb","value":{"ELEMENT":"00000000-0000-0d0e-ffff-ffff000000e0","element-6066-11e4-a52e-4f735466cecf":"00000000-0000-0d0e-ffff-ffff000000e0"}}
04-15 11:34:19.484 26119 26149 I appium  : channel read: POST /session/d881b2af-69d1-4a39-9226-2fdde70631cb/element/00000000-0000-0d0e-ffff-ffff000000e0/value
04-15 11:34:19.485 26119 26149 I appium  : SendKeysToElement command
04-15 11:34:19.691 26159 26178 D EGL_emulation: app_time_stats: avg=33.37ms min=11.93ms max=516.39ms count=31
04-15 11:34:19.965 26119 26149 D UiObject2: Setting text to ''.
04-15 11:34:20.476 13314 13314 I ShortcutsDataManager: ShortcutsDataManager.onContentChanged():73 onContentChanged()
04-15 11:34:20.477 26119 26149 I appium  : AppiumResponse: {"sessionId":"d881b2af-69d1-4a39-9226-2fdde70631cb","value":null}
04-15 11:34:20.478 12660 13672 W ProcessStats: Tracking association SourceState{6713a1b system/1000 BTopFgs #35952} whose proc state 2 is better than process ProcessState{9cc27b8 com.google.android.gms.persistent/10101 pkg=com.google.android.gms} proc state 3 (11 skipped)
04-15 11:34:20.486 26119 26149 I appium  : channel read: POST /session/d881b2af-69d1-4a39-9226-2fdde70631cb/element
04-15 11:34:20.486 26119 26149 I appium  : FindElement command
04-15 11:34:20.488 26119 26149 I appium  : method: 'id', selector: 'ru.otus.wishlist:id/save_button'
04-15 11:34:20.488 26119 26149 I appium  : Waiting up to 10000ms for the device to idle
04-15 11:34:20.498 26119 26149 I appium  : AppiumResponse: {"sessionId":"d881b2af-69d1-4a39-9226-2fdde70631cb","value":{"ELEMENT":"00000000-0000-0d0e-ffff-ffff000000e9","element-6066-11e4-a52e-4f735466cecf":"00000000-0000-0d0e-ffff-ffff000000e9"}}
04-15 11:34:20.506 26119 26149 I appium  : channel read: GET /session/d881b2af-69d1-4a39-9226-2fdde70631cb/element/00000000-0000-0d0e-ffff-ffff000000e9/attribute/displayed
04-15 11:34:20.506 26119 26149 I appium  : GetElementAttribute command
04-15 11:34:20.712 26159 26178 D EGL_emulation: app_time_stats: avg=39.18ms min=14.24ms max=520.54ms count=26
04-15 11:34:20.794 12814 12814 I wpa_supplicant: wlan0: CTRL-EVENT-BEACON-LOSS 
04-15 11:34:20.981 26119 26149 I appium  : AppiumResponse: {"sessionId":"d881b2af-69d1-4a39-9226-2fdde70631cb","value":"true"}
04-15 11:34:20.989 26119 26149 I appium  : channel read: POST /session/d881b2af-69d1-4a39-9226-2fdde70631cb/element
04-15 11:34:20.989 26119 26149 I appium  : FindElement command
04-15 11:34:20.990 26119 26149 I appium  : method: 'id', selector: 'ru.otus.wishlist:id/save_button'
04-15 11:34:20.990 26119 26149 I appium  : Waiting up to 10000ms for the device to idle
04-15 11:34:20.994 26119 26149 I appium  : AppiumResponse: {"sessionId":"d881b2af-69d1-4a39-9226-2fdde70631cb","value":{"ELEMENT":"00000000-0000-0d0e-ffff-ffff000000e9","element-6066-11e4-a52e-4f735466cecf":"00000000-0000-0d0e-ffff-ffff000000e9"}}
04-15 11:34:21.001 26119 26149 I appium  : channel read: GET /session/d881b2af-69d1-4a39-9226-2fdde70631cb/element/00000000-0000-0d0e-ffff-ffff000000e9/attribute/displayed
04-15 11:34:21.001 26119 26149 I appium  : GetElementAttribute command
04-15 11:34:21.004 26119 26149 I appium  : AppiumResponse: {"sessionId":"d881b2af-69d1-4a39-9226-2fdde70631cb","value":"true"}
04-15 11:34:21.011 26119 26149 I appium  : channel read: POST /session/d881b2af-69d1-4a39-9226-2fdde70631cb/element/00000000-0000-0d0e-ffff-ffff000000e9/click
04-15 11:34:21.011 26119 26149 I appium  : Click command
04-15 11:34:21.046 26119 26149 W GestureController: Gestures took longer than expected (33ms >> 16ms), device might be in a busy state.
04-15 11:34:21.046 26119 26149 I appium  : Waiting up to 10000ms for the device to idle
04-15 11:34:21.123 26159 26178 D OpenGLRenderer: endAllActiveAnimators on 0x7dab03eed5b0 (RippleDrawable) with handle 0x7daa13eb4580
04-15 11:34:21.124 12660 12680 W InputManager-JNI: Input channel object 'a49cf7d ru.otus.wishlist/ru.otus.wishlist.MainActivity (client)' was disposed without first being removed with the input manager!
04-15 11:34:21.134 12833 12833 W ziparchive: Unable to open '/data/app/~~E7HUVOVE1_qGCqO9F55iMw==/ru.otus.wishlist-KvzObjiROZidZodhEA4kDA==/base.apk': No such file or directory
04-15 11:34:21.134 12833 12833 E ndroid.systemu: Failed to open APK '/data/app/~~E7HUVOVE1_qGCqO9F55iMw==/ru.otus.wishlist-KvzObjiROZidZodhEA4kDA==/base.apk': I/O error
04-15 11:34:21.134 12833 12833 W ResourcesManager: failed to preload asset path '/data/app/~~E7HUVOVE1_qGCqO9F55iMw==/ru.otus.wishlist-KvzObjiROZidZodhEA4kDA==/base.apk'
04-15 11:34:21.134 12833 12833 W ResourcesManager: java.io.IOException: Failed to load asset path /data/app/~~E7HUVOVE1_qGCqO9F55iMw==/ru.otus.wishlist-KvzObjiROZidZodhEA4kDA==/base.apk
04-15 11:34:21.134 12833 12833 W ResourcesManager: 	at android.content.res.ApkAssets.nativeLoad(Native Method)
04-15 11:34:21.134 12833 12833 W ResourcesManager: 	at android.content.res.ApkAssets.<init>(ApkAssets.java:295)
04-15 11:34:21.134 12833 12833 W ResourcesManager: 	at android.content.res.ApkAssets.loadFromPath(ApkAssets.java:144)
04-15 11:34:21.134 12833 12833 W ResourcesManager: 	at android.app.ResourcesManager.loadApkAssets(ResourcesManager.java:454)
04-15 11:34:21.134 12833 12833 W ResourcesManager: 	at android.app.ResourcesManager.access$000(ResourcesManager.java:72)
04-15 11:34:21.134 12833 12833 W ResourcesManager: 	at android.app.ResourcesManager$ApkAssetsSupplier.load(ResourcesManager.java:168)
04-15 11:34:21.134 12833 12833 W ResourcesManager: 	at android.app.ResourcesManager.createApkAssetsSupplierNotLocked(ResourcesManager.java:980)
04-15 11:34:21.134 12833 12833 W ResourcesManager: 	at android.app.ResourcesManager.getResources(ResourcesManager.java:1101)
04-15 11:34:21.134 12833 12833 W ResourcesManager: 	at android.app.ActivityThread.getTopLevelResources(ActivityThread.java:2372)
04-15 11:34:21.134 12833 12833 W ResourcesManager: 	at android.app.ApplicationPackageManager.getResourcesForApplication(ApplicationPackageManager.java:1751)
04-15 11:34:21.134 12833 12833 W ResourcesManager: 	at android.app.ApplicationPackageManager.getResourcesForApplication(ApplicationPackageManager.java:1737)
04-15 11:34:21.134 12833 12833 W ResourcesManager: 	at android.app.ApplicationPackageManager.getDrawable(ApplicationPackageManager.java:1506)
04-15 11:34:21.134 12833 12833 W ResourcesManager: 	at android.app.ApplicationPackageManager.loadUnbadgedItemIcon(ApplicationPackageManager.java:3029)
04-15 11:34:21.134 12833 12833 W ResourcesManager: 	at android.content.pm.PackageItemInfo.loadUnbadgedIcon(PackageItemInfo.java:290)
04-15 11:34:21.134 12833 12833 W ResourcesManager: 	at com.android.systemui.toast.SystemUIToast.getBadgedIcon(SystemUIToast.java:284)
04-15 11:34:21.134 12833 12833 W ResourcesManager: 	at com.android.systemui.toast.SystemUIToast.inflateToastView(SystemUIToast.java:198)
04-15 11:34:21.134 12833 12833 W ResourcesManager: 	at com.android.systemui.toast.SystemUIToast.<init>(SystemUIToast.java:90)
04-15 11:34:21.134 12833 12833 W ResourcesManager: 	at com.android.systemui.toast.SystemUIToast.<init>(SystemUIToast.java:77)
04-15 11:34:21.134 12833 12833 W ResourcesManager: 	at com.android.systemui.toast.ToastFactory.createToast(ToastFactory.java:78)
04-15 11:34:21.134 12833 12833 W ResourcesManager: 	at com.android.systemui.toast.ToastUI.lambda$showToast$0(ToastUI.java:113)
04-15 11:34:21.134 12833 12833 W ResourcesManager: 	at com.android.systemui.toast.ToastUI.$r8$lambda$w_gPCh3F8Xxn1jN4lkQZoUci71c(Unknown Source:0)
04-15 11:34:21.134 12833 12833 W ResourcesManager: 	at com.android.systemui.toast.ToastUI$$ExternalSyntheticLambda0.run(Unknown Source:16)
04-15 11:34:21.134 12833 12833 W ResourcesManager: 	at com.android.systemui.toast.ToastUI.showToast(ToastUI.java:140)
04-15 11:34:21.134 12833 12833 W ResourcesManager: 	at com.android.systemui.statusbar.CommandQueue$H.handleMessage(CommandQueue.java:1431)
04-15 11:34:21.134 12833 12833 W ResourcesManager: 	at android.os.Handler.dispatchMessage(Handler.java:106)
04-15 11:34:21.134 12833 12833 W ResourcesManager: 	at android.os.Looper.loopOnce(Looper.java:201)
04-15 11:34:21.134 12833 12833 W ResourcesManager: 	at android.os.Looper.loop(Looper.java:288)
04-15 11:34:21.134 12833 12833 W ResourcesManager: 	at android.app.ActivityThread.main(ActivityThread.java:7839)
04-15 11:34:21.134 12833 12833 W ResourcesManager: 	at java.lang.reflect.Method.invoke(Native Method)
04-15 11:34:21.134 12833 12833 W ResourcesManager: 	at com.android.internal.os.RuntimeInit$MethodAndArgsCaller.run(RuntimeInit.java:548)
04-15 11:34:21.134 12833 12833 W ResourcesManager: 	at com.android.internal.os.ZygoteInit.main(ZygoteInit.java:1003)
04-15 11:34:21.134 12833 12833 W ziparchive: Unable to open '/data/app/~~E7HUVOVE1_qGCqO9F55iMw==/ru.otus.wishlist-KvzObjiROZidZodhEA4kDA==/base.apk': No such file or directory
04-15 11:34:21.135 12833 12833 E ndroid.systemu: Failed to open APK '/data/app/~~E7HUVOVE1_qGCqO9F55iMw==/ru.otus.wishlist-KvzObjiROZidZodhEA4kDA==/base.apk': I/O error
04-15 11:34:21.135 12833 12833 E ResourcesManager: failed to add asset path '/data/app/~~E7HUVOVE1_qGCqO9F55iMw==/ru.otus.wishlist-KvzObjiROZidZodhEA4kDA==/base.apk'
