04-26 02:14:02.298  5087  5116 I appium  : channel read: POST /session/33f54f63-29a7-4fde-b32c-ce1b8a7bba6d/element/00000000-0000-0f39-ffff-ffff0000001d/value
04-26 02:14:02.298  5087  5116 I appium  : SendKeysToElement command
04-26 02:14:02.303  5087  5116 D UiObject2: Setting text to ''.
04-26 02:14:02.815  5087  5116 I appium  : AppiumResponse: {"sessionId":"33f54f63-29a7-4fde-b32c-ce1b8a7bba6d","value":null}
04-26 02:14:02.827  5087  5116 I appium  : channel read: POST /session/33f54f63-29a7-4fde-b32c-ce1b8a7bba6d/element
04-26 02:14:02.828  5087  5116 I appium  : FindElement command
04-26 02:14:02.829  5087  5116 I appium  : method: 'id', selector: 'ru.otus.wishlist:id/log_in_button'
04-26 02:14:02.829  5087  5116 I appium  : Waiting up to 10000ms for the device to idle
04-26 02:14:02.833  5128  5147 D EGL_emulation: app_time_stats: avg=41.72ms min=14.61ms max=519.41ms count=26
04-26 02:14:03.325  5087  5116 I appium  : AppiumResponse: {"sessionId":"33f54f63-29a7-4fde-b32c-ce1b8a7bba6d","value":{"ELEMENT":"00000000-0000-0f39-ffff-ffff0000002a","element-6066-11e4-a52e-4f735466cecf":"00000000-0000-0f39-ffff-ffff0000002a"}}
04-26 02:14:03.332  5087  5116 I appium  : channel read: GET /session/33f54f63-29a7-4fde-b32c-ce1b8a7bba6d/element/00000000-0000-0f39-ffff-ffff0000002a/attribute/displayed
04-26 02:14:03.333  5087  5116 I appium  : GetElementAttribute command
04-26 02:14:03.336  5087  5116 I appium  : AppiumResponse: {"sessionId":"33f54f63-29a7-4fde-b32c-ce1b8a7bba6d","value":"true"}
04-26 02:14:03.343  5087  5116 I appium  : channel read: POST /session/33f54f63-29a7-4fde-b32c-ce1b8a7bba6d/element
04-26 02:14:03.344  5087  5116 I appium  : FindElement command
04-26 02:14:03.345  5087  5116 I appium  : method: 'id', selector: 'ru.otus.wishlist:id/log_in_button'
04-26 02:14:03.346  5087  5116 I appium  : Waiting up to 10000ms for the device to idle
04-26 02:14:03.357  5087  5116 I appium  : AppiumResponse: {"sessionId":"33f54f63-29a7-4fde-b32c-ce1b8a7bba6d","value":{"ELEMENT":"00000000-0000-0f39-ffff-ffff0000002a","element-6066-11e4-a52e-4f735466cecf":"00000000-0000-0f39-ffff-ffff0000002a"}}
04-26 02:14:03.363  5087  5116 I appium  : channel read: GET /session/33f54f63-29a7-4fde-b32c-ce1b8a7bba6d/element/00000000-0000-0f39-ffff-ffff0000002a/attribute/displayed
04-26 02:14:03.365  5087  5116 I appium  : GetElementAttribute command
04-26 02:14:03.369  5087  5116 I appium  : AppiumResponse: {"sessionId":"33f54f63-29a7-4fde-b32c-ce1b8a7bba6d","value":"true"}
04-26 02:14:03.375  5087  5116 I appium  : channel read: POST /session/33f54f63-29a7-4fde-b32c-ce1b8a7bba6d/element/00000000-0000-0f39-ffff-ffff0000002a/click
04-26 02:14:03.376  5087  5116 I appium  : Click command
04-26 02:14:03.422  5087  5116 W GestureController: Gestures took longer than expected (41ms >> 16ms), device might be in a busy state.
04-26 02:14:03.422  5087  5116 I appium  : Waiting up to 10000ms for the device to idle
04-26 02:14:03.424  5087  5116 I appium  : AppiumResponse: {"sessionId":"33f54f63-29a7-4fde-b32c-ce1b8a7bba6d","value":null}
04-26 02:14:03.433  5087  5116 I appium  : channel read: POST /session/33f54f63-29a7-4fde-b32c-ce1b8a7bba6d/element
04-26 02:14:03.435  5087  5116 I appium  : FindElement command
04-26 02:14:03.437  5087  5116 I appium  : method: 'id', selector: 'ru.otus.wishlist:id/add_button'
04-26 02:14:03.439  5087  5116 I appium  : Waiting up to 10000ms for the device to idle
04-26 02:14:03.504 12592  5167 D resolv  : GetAddrInfoHandler::run: {103 103 103 983143 10151 0}
04-26 02:14:03.504 12592  5167 D resolv  : resolv_getaddrinfo: explore_fqdn(): ai_family=0 ai_socktype=1 ai_protocol=6
04-26 02:14:03.504 12592  5168 D resolv  : doQuery: (1, 28)
04-26 02:14:03.504 12592  5168 D resolv  : res_nmkquery: (QUERY, IN, AAAA)
04-26 02:14:03.505 12592  5169 D resolv  : doQuery: (1, 1)
04-26 02:14:03.505 12592  5169 D resolv  : res_nmkquery: (QUERY, IN, A)
04-26 02:14:03.505 12592  5168 D resolv  : res_nsend
04-26 02:14:03.505 12592  5169 D resolv  : res_nsend
04-26 02:14:03.505 12592  5169 I resolv  : resolv_cache_lookup: lookup
04-26 02:14:03.505 12592  5169 I resolv  : resolv_cache_lookup: FOUND IN CACHE entry=0x790027b561d0
04-26 02:14:03.505 12592  5168 I resolv  : resolv_cache_lookup: lookup
04-26 02:14:03.505 12592  5169 D resolv  : doQuery: rcode=0, ancount=1
04-26 02:14:03.505 12592  5168 I resolv  : resolv_cache_lookup: FOUND IN CACHE entry=0x790037b51b50
04-26 02:14:03.505 12592  5168 D resolv  : doQuery: rcode=0, ancount=0
04-26 02:14:03.505 12592  5167 I ResolverController: No valid NAT64 prefix (103, <unspecified>/0)
04-26 02:14:03.508  5087  5116 I appium  : AppiumResponse: {"sessionId":"33f54f63-29a7-4fde-b32c-ce1b8a7bba6d","value":{"error":"no such element","message":"An element could not be located on the page using the given search parameters","stacktrace":"io.appium.uiautomator2.common.exceptions.ElementNotFoundException: An element could not be located on the page using the given search parameters\n\tat io.appium.uiautomator2.handler.FindElement.safeHandle(FindElement.java:63)\n\tat io.appium.uiautomator2.handler.request.SafeRequestHandler.handle(SafeRequestHandler.java:59)\n\tat io.appium.uiautomator2.server.AppiumServlet.handleRequest(AppiumServlet.java:267)\n\tat io.appium.uiautomator2.server.AppiumServlet.handleHttpRequest(AppiumServlet.java:261)\n\tat io.appium.uiautomator2.http.ServerHandler.channelRead(ServerHandler.java:77)\n\tat io.netty.channel.AbstractChannelHandlerContext.fireChannelRead(AbstractChannelHandlerContext.java:356)\n\tat io.netty.handler.codec.MessageToMessageDecoder.channelRead(MessageToMessageDecoder.java:107)\n\tat io.netty.channel.AbstractChannelHandlerContext.fireChannelRead(AbstractChannelHandlerContext.java:356)\n\tat io.netty.channel.CombinedChannelDuplexHandler$DelegatingChannelHandlerContext.fireChannelRead(CombinedChannelDuplexHandler.java:434)\n\tat io.netty.handler.codec.ByteToMessageDecoder.fireChannelRead(ByteToMessageDecoder.java:361)\n\tat io.netty.handler.codec.ByteToMessageDecoder.channelRead(ByteToMessageDecoder.java:325)\n\tat io.netty.channel.CombinedChannelDuplexHandler.channelRead(CombinedChannelDuplexHandler.java:249)\n\tat io.netty.channel.AbstractChannelHandlerContext.fireChannelRead(AbstractChannelHandlerContext.java:354)\n\tat io.netty.handler.timeout.IdleStateHandler.channelRead(IdleStateHandler.java:293)\n\tat io.netty.channel.AbstractChannelHandlerContext.fireChannelRead(AbstractChannelHandlerContext.java:354)\n\tat io.netty.channel.DefaultChannelPipeline$HeadContext.channelRead(DefaultChannelPipeline.java:1429)\n\tat io.netty.channel.DefaultChannelPipeline.fireChannelRead(DefaultChannelPipeline.java:918)\n\tat io.netty.channel.nio.AbstractNioByteChannel$NioByteUnsafe.read(AbstractNioByteChannel.java:172)\n\tat io.netty.channel.nio.AbstractNioChannel$AbstractNioUnsafe.handle(AbstractNioChannel.java:445)\n\tat io.netty.channel.nio.NioIoHandler$DefaultNioRegistration.handle(NioIoHandler.java:388)\n\tat io.netty.channel.nio.NioIoHandler.processSelectedKey(NioIoHandler.java:596)\n\tat io.netty.channel.nio.NioIoHandler.processSelectedKeysOptimized(NioIoHandler.java:571)\n\tat io.netty.channel.nio.NioIoHandler.processSelectedKeys(NioIoHandler.java:512)\n\tat io.netty.channel.nio.NioIoHandler.run(NioIoHandler.java:484)\n\tat io.netty.channel.SingleThreadIoEventLoop.runIo(SingleThreadIoEventLoop.java:225)\n\tat io.netty.channel.SingleThreadIoEventLoop.run(SingleThreadIoEventLoop.java:196)\n\tat io.netty.util.concurrent.SingleThreadEventExecutor$5.run(SingleThreadEventExecutor.java:1195)\n\tat io.netty.util.internal.ThreadExecutorMap$2.run(ThreadExecutorMap.java:74)\n\tat io.netty.util.concurrent.FastThreadLocalRunnable.run(FastThreadLocalRunnable.java:30)\n\tat java.lang.Thread.run(Thread.java:920)\n"}}
04-26 02:14:04.021  5087  5116 I appium  : channel read: POST /session/33f54f63-29a7-4fde-b32c-ce1b8a7bba6d/element
04-26 02:14:04.023  5087  5116 I appium  : FindElement command
04-26 02:14:04.025  5087  5116 I appium  : method: 'id', selector: 'ru.otus.wishlist:id/add_button'
04-26 02:14:04.025  5087  5116 I appium  : Waiting up to 10000ms for the device to idle
04-26 02:14:04.066  5087  5116 I appium  : AppiumResponse: {"sessionId":"33f54f63-29a7-4fde-b32c-ce1b8a7bba6d","value":{"error":"no such element","message":"An element could not be located on the page using the given search parameters","stacktrace":"io.appium.uiautomator2.common.exceptions.ElementNotFoundException: An element could not be located on the page using the given search parameters\n\tat io.appium.uiautomator2.handler.FindElement.safeHandle(FindElement.java:63)\n\tat io.appium.uiautomator2.handler.request.SafeRequestHandler.handle(SafeRequestHandler.java:59)\n\tat io.appium.uiautomator2.server.AppiumServlet.handleRequest(AppiumServlet.java:267)\n\tat io.appium.uiautomator2.server.AppiumServlet.handleHttpRequest(AppiumServlet.java:261)\n\tat io.appium.uiautomator2.http.ServerHandler.channelRead(ServerHandler.java:77)\n\tat io.netty.channel.AbstractChannelHandlerContext.fireChannelRead(AbstractChannelHandlerContext.java:356)\n\tat io.netty.handler.codec.MessageToMessageDecoder.channelRead(MessageToMessageDecoder.java:107)\n\tat io.netty.channel.AbstractChannelHandlerContext.fireChannelRead(AbstractChannelHandlerContext.java:356)\n\tat io.netty.channel.CombinedChannelDuplexHandler$DelegatingChannelHandlerContext.fireChannelRead(CombinedChannelDuplexHandler.java:434)\n\tat io.netty.handler.codec.ByteToMessageDecoder.fireChannelRead(ByteToMessageDecoder.java:361)\n\tat io.netty.handler.codec.ByteToMessageDecoder.channelRead(ByteToMessageDecoder.java:325)\n\tat io.netty.channel.CombinedChannelDuplexHandler.channelRead(CombinedChannelDuplexHandler.java:249)\n\tat io.netty.channel.AbstractChannelHandlerContext.fireChannelRead(AbstractChannelHandlerContext.java:354)\n\tat io.netty.handler.timeout.IdleStateHandler.channelRead(IdleStateHandler.java:293)\n\tat io.netty.channel.AbstractChannelHandlerContext.fireChannelRead(AbstractChannelHandlerContext.java:354)\n\tat io.netty.channel.DefaultChannelPipeline$HeadContext.channelRead(DefaultChannelPipeline.java:1429)\n\tat io.netty.channel.DefaultChannelPipeline.fireChannelRead(DefaultChannelPipeline.java:918)\n\tat io.netty.channel.nio.AbstractNioByteChannel$NioByteUnsafe.read(AbstractNioByteChannel.java:172)\n\tat io.netty.channel.nio.AbstractNioChannel$AbstractNioUnsafe.handle(AbstractNioChannel.java:445)\n\tat io.netty.channel.nio.NioIoHandler$DefaultNioRegistration.handle(NioIoHandler.java:388)\n\tat io.netty.channel.nio.NioIoHandler.processSelectedKey(NioIoHandler.java:596)\n\tat io.netty.channel.nio.NioIoHandler.processSelectedKeysOptimized(NioIoHandler.java:571)\n\tat io.netty.channel.nio.NioIoHandler.processSelectedKeys(NioIoHandler.java:512)\n\tat io.netty.channel.nio.NioIoHandler.run(NioIoHandler.java:484)\n\tat io.netty.channel.SingleThreadIoEventLoop.runIo(SingleThreadIoEventLoop.java:225)\n\tat io.netty.channel.SingleThreadIoEventLoop.run(SingleThreadIoEventLoop.java:196)\n\tat io.netty.util.concurrent.SingleThreadEventExecutor$5.run(SingleThreadEventExecutor.java:1195)\n\tat io.netty.util.internal.ThreadExecutorMap$2.run(ThreadExecutorMap.java:74)\n\tat io.netty.util.concurrent.FastThreadLocalRunnable.run(FastThreadLocalRunnable.java:30)\n\tat java.lang.Thread.run(Thread.java:920)\n"}}
04-26 02:14:04.416 12660 16678 W ProcessStats: Tracking association SourceState{5d4d019 system/1000 BTopFgs #40760} whose proc state 2 is better than process ProcessState{f5a68de io.appium.settings/10149 pkg=io.appium.settings} proc state 3 (106 skipped)
04-26 02:14:04.483  5128  5147 D EGL_emulation: app_time_stats: avg=46.97ms min=7.79ms max=917.73ms count=35
04-26 02:14:04.584  5087  5116 I appium  : channel read: POST /session/33f54f63-29a7-4fde-b32c-ce1b8a7bba6d/element
04-26 02:14:04.585  5087  5116 I appium  : FindElement command
04-26 02:14:04.586  5087  5116 I appium  : method: 'id', selector: 'ru.otus.wishlist:id/add_button'
04-26 02:14:04.586  5087  5116 I appium  : Waiting up to 10000ms for the device to idle
04-26 02:14:05.090  5087  5116 I appium  : AppiumResponse: {"sessionId":"33f54f63-29a7-4fde-b32c-ce1b8a7bba6d","value":{"ELEMENT":"00000000-0000-0f39-ffff-ffff00000065","element-6066-11e4-a52e-4f735466cecf":"00000000-0000-0f39-ffff-ffff00000065"}}
04-26 02:14:05.096  5087  5116 I appium  : channel read: GET /session/33f54f63-29a7-4fde-b32c-ce1b8a7bba6d/element/00000000-0000-0f39-ffff-ffff00000065/attribute/displayed
04-26 02:14:05.097  5087  5116 I appium  : GetElementAttribute command
04-26 02:14:05.101  5087  5116 I appium  : AppiumResponse: {"sessionId":"33f54f63-29a7-4fde-b32c-ce1b8a7bba6d","value":"true"}
04-26 02:14:05.110  5087  5116 I appium  : channel read: POST /session/33f54f63-29a7-4fde-b32c-ce1b8a7bba6d/element
04-26 02:14:05.110  5087  5116 I appium  : FindElement command
04-26 02:14:05.111  5087  5116 I appium  : method: 'id', selector: 'ru.otus.wishlist:id/add_button'
04-26 02:14:05.112  5087  5116 I appium  : Waiting up to 10000ms for the device to idle
04-26 02:14:05.122  5087  5116 I appium  : AppiumResponse: {"sessionId":"33f54f63-29a7-4fde-b32c-ce1b8a7bba6d","value":{"ELEMENT":"00000000-0000-0f39-ffff-ffff00000065","element-6066-11e4-a52e-4f735466cecf":"00000000-0000-0f39-ffff-ffff00000065"}}
04-26 02:14:05.128  5087  5116 I appium  : channel read: GET /session/33f54f63-29a7-4fde-b32c-ce1b8a7bba6d/element/00000000-0000-0f39-ffff-ffff00000065/attribute/displayed
04-26 02:14:05.129  5087  5116 I appium  : GetElementAttribute command
04-26 02:14:05.133  5087  5116 I appium  : AppiumResponse: {"sessionId":"33f54f63-29a7-4fde-b32c-ce1b8a7bba6d","value":"true"}
04-26 02:14:05.139  5087  5116 I appium  : channel read: POST /session/33f54f63-29a7-4fde-b32c-ce1b8a7bba6d/element/00000000-0000-0f39-ffff-ffff00000065/click
04-26 02:14:05.141  5087  5116 I appium  : Click command
04-26 02:14:05.174  5087  5116 I appium  : Waiting up to 10000ms for the device to idle
04-26 02:14:05.176  5087  5116 I appium  : AppiumResponse: {"sessionId":"33f54f63-29a7-4fde-b32c-ce1b8a7bba6d","value":null}
04-26 02:14:05.185  5087  5116 I appium  : channel read: POST /session/33f54f63-29a7-4fde-b32c-ce1b8a7bba6d/element
04-26 02:14:05.186  5087  5116 I appium  : FindElement command
04-26 02:14:05.188  5087  5116 I appium  : method: 'id', selector: 'ru.otus.wishlist:id/wishlist_edit_title'
04-26 02:14:05.188  5087  5116 I appium  : Waiting up to 10000ms for the device to idle
04-26 02:14:05.238  5128  5136 I u.otus.wishlis: JIT allocated 77KB for compiled code of void android.view.View.<init>(android.content.Context, android.util.AttributeSet, int, int)
04-26 02:14:05.271   371   411 D goldfish-address-space: claimShared: Ask to claim region [0x3f4fc3000 0x3f5bd2000]
04-26 02:14:05.297 12833 12920 D EGL_emulation: app_time_stats: avg=82.15ms min=0.90ms max=3697.80ms count=48
04-26 02:14:05.309   371   411 D goldfish-address-space: claimShared: Ask to claim region [0x3f5bd2000 0x3f67e1000]
04-26 02:14:05.338   371   411 D goldfish-address-space: claimShared: Ask to claim region [0x3f67e1000 0x3f73f0000]
04-26 02:14:05.383  5087  5116 W ByMatcher: Node returned null child: android.view.accessibility.AccessibilityNodeInfo@80007bf7; boundsInParent: Rect(0, 0 - 1080, 2340); boundsInScreen: Rect(0, 0 - 1080, 2340); packageName: ru.otus.wishlist; className: android.widget.FrameLayout; text: null; error: null; maxTextLength: -1; stateDescription: null; contentDescription: null; tooltipText: null; viewIdResName: null; checkable: false; checked: false; focusable: false; focused: false; selected: false; clickable: false; longClickable: false; contextClickable: false; enabled: true; password: false; scrollable: false; importantForAccessibility: true; visible: true; actions: [AccessibilityAction: ACTION_SELECT - null, AccessibilityAction: ACTION_CLEAR_SELECTION - null, AccessibilityAction: ACTION_ACCESSIBILITY_FOCUS - null, AccessibilityAction: ACTION_SHOW_ON_SCREEN - null]
04-26 02:14:05.383  5087  5116 W ByMatcher: Skipping null child (0 of 2)
04-26 02:14:05.392  5087  5116 W ByMatcher: Skipping null child (1 of 2)
04-26 02:14:05.394  5087  5116 W ByMatcher: Node returned null child: android.view.accessibility.AccessibilityNodeInfo@80007bf7; boundsInParent: Rect(0, 0 - 1080, 2340); boundsInScreen: Rect(0, 0 - 1080, 2340); packageName: ru.otus.wishlist; className: android.widget.FrameLayout; text: null; error: null; maxTextLength: -1; stateDescription: null; contentDescription: null; tooltipText: null; viewIdResName: null; checkable: false; checked: false; focusable: false; focused: false; selected: false; clickable: false; longClickable: false; contextClickable: false; enabled: true; password: false; scrollable: false; importantForAccessibility: true; visible: true; actions: [AccessibilityAction: ACTION_SELECT - null, AccessibilityAction: ACTION_CLEAR_SELECTION - null, AccessibilityAction: ACTION_ACCESSIBILITY_FOCUS - null, AccessibilityAction: ACTION_SHOW_ON_SCREEN - null]
04-26 02:14:05.394  5087  5116 W ByMatcher: Skipping null child (0 of 2)
04-26 02:14:05.397  5087  5116 W ByMatcher: Skipping null child (1 of 2)
04-26 02:14:05.401  5087  5116 I appium  : AppiumResponse: {"sessionId":"33f54f63-29a7-4fde-b32c-ce1b8a7bba6d","value":{"error":"no such element","message":"An element could not be located on the page using the given search parameters","stacktrace":"io.appium.uiautomator2.common.exceptions.ElementNotFoundException: An element could not be located on the page using the given search parameters\n\tat io.appium.uiautomator2.handler.FindElement.safeHandle(FindElement.java:63)\n\tat io.appium.uiautomator2.handler.request.SafeRequestHandler.handle(SafeRequestHandler.java:59)\n\tat io.appium.uiautomator2.server.AppiumServlet.handleRequest(AppiumServlet.java:267)\n\tat io.appium.uiautomator2.server.AppiumServlet.handleHttpRequest(AppiumServlet.java:261)\n\tat io.appium.uiautomator2.http.ServerHandler.channelRead(ServerHandler.java:77)\n\tat io.netty.channel.AbstractChannelHandlerContext.fireChannelRead(AbstractChannelHandlerContext.java:356)\n\tat io.netty.handler.codec.MessageToMessageDecoder.channelRead(MessageToMessageDecoder.java:107)\n\tat io.netty.channel.AbstractChannelHandlerContext.fireChannelRead(AbstractChannelHandlerContext.java:356)\n\tat io.netty.channel.CombinedChannelDuplexHandler$DelegatingChannelHandlerContext.fireChannelRead(CombinedChannelDuplexHandler.java:434)\n\tat io.netty.handler.codec.ByteToMessageDecoder.fireChannelRead(ByteToMessageDecoder.java:361)\n\tat io.netty.handler.codec.ByteToMessageDecoder.channelRead(ByteToMessageDecoder.java:325)\n\tat io.netty.channel.CombinedChannelDuplexHandler.channelRead(CombinedChannelDuplexHandler.java:249)\n\tat io.netty.channel.AbstractChannelHandlerContext.fireChannelRead(AbstractChannelHandlerContext.java:354)\n\tat io.netty.handler.timeout.IdleStateHandler.channelRead(IdleStateHandler.java:293)\n\tat io.netty.channel.AbstractChannelHandlerContext.fireChannelRead(AbstractChannelHandlerContext.java:354)\n\tat io.netty.channel.DefaultChannelPipeline$HeadContext.channelRead(DefaultChannelPipeline.java:1429)\n\tat io.netty.channel.DefaultChannelPipeline.fireChannelRead(DefaultChannelPipeline.java:918)\n\tat io.netty.channel.nio.AbstractNioByteChannel$NioByteUnsafe.read(AbstractNioByteChannel.java:172)\n\tat io.netty.channel.nio.AbstractNioChannel$AbstractNioUnsafe.handle(AbstractNioChannel.java:445)\n\tat io.netty.channel.nio.NioIoHandler$DefaultNioRegistration.handle(NioIoHandler.java:388)\n\tat io.netty.channel.nio.NioIoHandler.processSelectedKey(NioIoHandler.java:596)\n\tat io.netty.channel.nio.NioIoHandler.processSelectedKeysOptimized(NioIoHandler.java:571)\n\tat io.netty.channel.nio.NioIoHandler.processSelectedKeys(NioIoHandler.java:512)\n\tat io.netty.channel.nio.NioIoHandler.run(NioIoHandler.java:484)\n\tat io.netty.channel.SingleThreadIoEventLoop.runIo(SingleThreadIoEventLoop.java:225)\n\tat io.netty.channel.SingleThreadIoEventLoop.run(SingleThreadIoEventLoop.java:196)\n\tat io.netty.util.concurrent.SingleThreadEventExecutor$5.run(SingleThreadEventExecutor.java:1195)\n\tat io.netty.util.internal.ThreadExecutorMap$2.run(ThreadExecutorMap.java:74)\n\tat io.netty.util.concurrent.FastThreadLocalRunnable.run(FastThreadLocalRunnable.java:30)\n\tat java.lang.Thread.run(Thread.java:920)\n"}}
04-26 02:14:05.430 13314 13314 I GoogleInputMethodService: GoogleInputMethodService.onFinishInput():3420 
04-26 02:14:05.430 13314 13314 W KeyboardViewController: KeyboardViewController.show():477 Requesting to show sub view with id 2131428268(#0x7f0b03ac) when keyboard HEADER view is not ready to show
04-26 02:14:05.430 13314 13314 I GoogleInputMethodService: GoogleInputMethodService.onStartInput():2002 
04-26 02:14:05.433 13314 13314 I DeviceUnlockedTag: DeviceUnlockedTag.notifyDeviceLockStatusChanged():31 Notify device unlocked.
04-26 02:14:05.433 13314 13314 I ShortcutsDataManager: AbstractContentDataManager.startImportContentTask():235 startImportContentTask()
04-26 02:14:05.433 13314 13602 I ShortcutsDataManager: AbstractContentDataManager$ImportContentTask.doInBackground():249 doInBackground()
04-26 02:14:05.433 13314 13602 I PersonalDictionaryDataHandler: PersonalDictionaryDataHandler.beginProcess():111 LanguageTags = [en-US]
04-26 02:14:05.441 27104 27116 W d.process.acor: Reducing the number of considered missed Gc histogram windows from 105 to 100
04-26 02:14:05.449 13314 13602 I ShortcutsDataManager: AbstractContentDataManager.importRecords():339 importRecords() : Success : Count = 0
04-26 02:14:05.451 13314 13602 I ShortcutsDataManager: AbstractContentDataManager.importContentData():289 importContentData() : Ending import process
04-26 02:14:05.451 13314 15962 I Delight5Decoder: Delight5DecoderWrapper.unloadLanguageModel():820 unloadLanguageModel() : 4, version [n/a]
04-26 02:14:05.461 13314 13602 I PersonalLanguageModelUpdater: PersonalLanguageModelUpdater$UpdateOperation.performInternal():162 run() : Added 0 words and 0 shortcuts
04-26 02:14:05.461 13314 13602 I DynamicLanguageModelOperation: DynamicLanguageModelOperation.perform():38 perform() : 4 : cny : Completed
04-26 02:14:05.463 13314 15962 I Delight5Decoder: Delight5DecoderWrapper.loadLanguageModel():614 loadLanguageModel() : 4, version [n/a]
04-26 02:14:05.463 13314 15962 I Delight5Decoder: Delight5DecoderWrapper.loadLanguageModel():652 Loaded dynamic LM 4.en
04-26 02:14:05.464 13314 13314 I ShortcutsDataManager: AbstractContentDataManager$ImportContentTask.onPostExecute():260 onPostExecute() : Result = [2,0]
04-26 02:14:05.464 13314 13314 I ShortcutsDataManager: ShortcutsDataManager.onImportFinished():83 onImportFinished() : Result = 2 : Count = 0
04-26 02:14:05.487  5128  5147 D EGL_emulation: app_time_stats: avg=42.70ms min=1.13ms max=586.03ms count=21
04-26 02:14:05.799  5128  5174 D ProfileInstaller: Installing profile for ru.otus.wishlist
04-26 02:14:05.917  5087  5116 I appium  : channel read: POST /session/33f54f63-29a7-4fde-b32c-ce1b8a7bba6d/element
04-26 02:14:05.918  5087  5116 I appium  : FindElement command
04-26 02:14:05.919  5087  5116 I appium  : method: 'id', selector: 'ru.otus.wishlist:id/wishlist_edit_title'
04-26 02:14:05.919  5087  5116 I appium  : Waiting up to 10000ms for the device to idle
04-26 02:14:06.044  5087  5116 I appium  : AppiumResponse: {"sessionId":"33f54f63-29a7-4fde-b32c-ce1b8a7bba6d","value":{"ELEMENT":"00000000-0000-0f3a-ffff-ffff00000070","element-6066-11e4-a52e-4f735466cecf":"00000000-0000-0f3a-ffff-ffff00000070"}}
04-26 02:14:06.052  5087  5116 I appium  : channel read: GET /session/33f54f63-29a7-4fde-b32c-ce1b8a7bba6d/element/00000000-0000-0f3a-ffff-ffff00000070/attribute/displayed
04-26 02:14:06.053  5087  5116 I appium  : GetElementAttribute command
04-26 02:14:06.058  5087  5116 I appium  : AppiumResponse: {"sessionId":"33f54f63-29a7-4fde-b32c-ce1b8a7bba6d","value":"true"}
04-26 02:14:06.068  5087  5116 I appium  : channel read: POST /session/33f54f63-29a7-4fde-b32c-ce1b8a7bba6d/element
04-26 02:14:06.068  5087  5116 I appium  : FindElement command
04-26 02:14:06.069  5087  5116 I appium  : method: 'id', selector: 'ru.otus.wishlist:id/wishlist_edit_title'
04-26 02:14:06.070  5087  5116 I appium  : Waiting up to 10000ms for the device to idle
04-26 02:14:06.077  5087  5116 I appium  : AppiumResponse: {"sessionId":"33f54f63-29a7-4fde-b32c-ce1b8a7bba6d","value":{"ELEMENT":"00000000-0000-0f3a-ffff-ffff00000070","element-6066-11e4-a52e-4f735466cecf":"00000000-0000-0f3a-ffff-ffff00000070"}}
04-26 02:14:06.082  5087  5116 I appium  : channel read: GET /session/33f54f63-29a7-4fde-b32c-ce1b8a7bba6d/element/00000000-0000-0f3a-ffff-ffff00000070/name
04-26 02:14:06.083  5087  5116 I appium  : GetName command
04-26 02:14:06.086  5087  5116 I appium  : AppiumResponse: {"sessionId":"33f54f63-29a7-4fde-b32c-ce1b8a7bba6d","value":null}
04-26 02:14:06.092  5087  5116 I appium  : channel read: GET /session/33f54f63-29a7-4fde-b32c-ce1b8a7bba6d/element/00000000-0000-0f3a-ffff-ffff00000070/text
04-26 02:14:06.093  5087  5116 I appium  : GetText command
04-26 02:14:06.097  5087  5116 I appium  : AppiumResponse: {"sessionId":"33f54f63-29a7-4fde-b32c-ce1b8a7bba6d","value":"Новый список желаний"}
04-26 02:14:06.103  5087  5116 I appium  : channel read: POST /session/33f54f63-29a7-4fde-b32c-ce1b8a7bba6d/element
04-26 02:14:06.103  5087  5116 I appium  : FindElement command
04-26 02:14:06.104  5087  5116 I appium  : method: 'id', selector: 'ru.otus.wishlist:id/title_input'
04-26 02:14:06.105  5087  5116 I appium  : Waiting up to 10000ms for the device to idle
04-26 02:14:06.110  5087  5116 I appium  : AppiumResponse: {"sessionId":"33f54f63-29a7-4fde-b32c-ce1b8a7bba6d","value":{"ELEMENT":"00000000-0000-0f3a-ffff-ffff00000073","element-6066-11e4-a52e-4f735466cecf":"00000000-0000-0f3a-ffff-ffff00000073"}}
04-26 02:14:06.117  5087  5116 I appium  : channel read: GET /session/33f54f63-29a7-4fde-b32c-ce1b8a7bba6d/element/00000000-0000-0f3a-ffff-ffff00000073/attribute/displayed
04-26 02:14:06.118  5087  5116 I appium  : GetElementAttribute command
04-26 02:14:06.122  5087  5116 I appium  : AppiumResponse: {"sessionId":"33f54f63-29a7-4fde-b32c-ce1b8a7bba6d","value":"true"}
04-26 02:14:06.128  5087  5116 I appium  : channel read: POST /session/33f54f63-29a7-4fde-b32c-ce1b8a7bba6d/element
04-26 02:14:06.129  5087  5116 I appium  : FindElement command
04-26 02:14:06.130  5087  5116 I appium  : method: 'id', selector: 'ru.otus.wishlist:id/title_input'
04-26 02:14:06.131  5087  5116 I appium  : Waiting up to 10000ms for the device to idle
04-26 02:14:06.137  5087  5116 I appium  : AppiumResponse: {"sessionId":"33f54f63-29a7-4fde-b32c-ce1b8a7bba6d","value":{"ELEMENT":"00000000-0000-0f3a-ffff-ffff00000073","element-6066-11e4-a52e-4f735466cecf":"00000000-0000-0f3a-ffff-ffff00000073"}}
04-26 02:14:06.143  5087  5116 I appium  : channel read: GET /session/33f54f63-29a7-4fde-b32c-ce1b8a7bba6d/element/00000000-0000-0f3a-ffff-ffff00000073/attribute/displayed
04-26 02:14:06.144  5087  5116 I appium  : GetElementAttribute command
04-26 02:14:06.147  5087  5116 I appium  : AppiumResponse: {"sessionId":"33f54f63-29a7-4fde-b32c-ce1b8a7bba6d","value":"true"}
04-26 02:14:06.154  5087  5116 I appium  : channel read: POST /session/33f54f63-29a7-4fde-b32c-ce1b8a7bba6d/element/00000000-0000-0f3a-ffff-ffff00000073/clear
04-26 02:14:06.155  5087  5116 I appium  : Clear command
04-26 02:14:06.158  5087  5116 D UiObject2: Setting text to ''.
04-26 02:14:06.162  5087  5116 I appium  : AppiumResponse: {"sessionId":"33f54f63-29a7-4fde-b32c-ce1b8a7bba6d","value":null}
04-26 02:14:06.170  5087  5116 I appium  : channel read: POST /session/33f54f63-29a7-4fde-b32c-ce1b8a7bba6d/element
04-26 02:14:06.170  5087  5116 I appium  : FindElement command
04-26 02:14:06.171  5087  5116 I appium  : method: 'id', selector: 'ru.otus.wishlist:id/title_input'
04-26 02:14:06.172  5087  5116 I appium  : Waiting up to 10000ms for the device to idle
04-26 02:14:06.669  5087  5116 I appium  : AppiumResponse: {"sessionId":"33f54f63-29a7-4fde-b32c-ce1b8a7bba6d","value":{"ELEMENT":"00000000-0000-0f3a-ffff-ffff00000073","element-6066-11e4-a52e-4f735466cecf":"00000000-0000-0f3a-ffff-ffff00000073"}}
04-26 02:14:06.678  5087  5116 I appium  : channel read: POST /session/33f54f63-29a7-4fde-b32c-ce1b8a7bba6d/element/00000000-0000-0f3a-ffff-ffff00000073/value
04-26 02:14:06.679  5087  5116 I appium  : SendKeysToElement command
04-26 02:14:06.686  5087  5116 D UiObject2: Setting text to ''.
04-26 02:14:06.702  5128  5147 D EGL_emulation: app_time_stats: avg=147.53ms min=15.02ms max=610.54ms count=9
04-26 02:14:06.748 12814 12814 I wpa_supplicant: wlan0: CTRL-EVENT-BEACON-LOSS 
04-26 02:14:07.049 12660 12660 W WindowManager: removeWindowToken: Attempted to remove non-existing token: android.os.Binder@9d4871c
04-26 02:14:07.198 13314 13314 I ShortcutsDataManager: ShortcutsDataManager.onContentChanged():73 onContentChanged()
04-26 02:14:07.202  5087  5116 I appium  : AppiumResponse: {"sessionId":"33f54f63-29a7-4fde-b32c-ce1b8a7bba6d","value":null}
04-26 02:14:07.215  5087  5116 I appium  : channel read: POST /session/33f54f63-29a7-4fde-b32c-ce1b8a7bba6d/element
04-26 02:14:07.217  5087  5116 I appium  : FindElement command
04-26 02:14:07.218  5087  5116 I appium  : method: 'id', selector: 'ru.otus.wishlist:id/description_input'
04-26 02:14:07.218  5087  5116 I appium  : Waiting up to 10000ms for the device to idle
04-26 02:14:07.520 12833 12920 D EGL_emulation: app_time_stats: avg=764.99ms min=7.33ms max=7483.97ms count=10
04-26 02:14:08.016  5087  5116 I appium  : AppiumResponse: {"sessionId":"33f54f63-29a7-4fde-b32c-ce1b8a7bba6d","value":{"ELEMENT":"00000000-0000-0f3a-ffff-ffff0000007e","element-6066-11e4-a52e-4f735466cecf":"00000000-0000-0f3a-ffff-ffff0000007e"}}
04-26 02:14:08.024  5087  5116 I appium  : channel read: GET /session/33f54f63-29a7-4fde-b32c-ce1b8a7bba6d/element/00000000-0000-0f3a-ffff-ffff0000007e/attribute/displayed
04-26 02:14:08.025  5087  5116 I appium  : GetElementAttribute command
04-26 02:14:08.029  5087  5116 I appium  : AppiumResponse: {"sessionId":"33f54f63-29a7-4fde-b32c-ce1b8a7bba6d","value":"true"}
04-26 02:14:08.036  5087  5116 I appium  : channel read: POST /session/33f54f63-29a7-4fde-b32c-ce1b8a7bba6d/element
04-26 02:14:08.037  5087  5116 I appium  : FindElement command
04-26 02:14:08.038  5087  5116 I appium  : method: 'id', selector: 'ru.otus.wishlist:id/description_input'
04-26 02:14:08.038  5087  5116 I appium  : Waiting up to 10000ms for the device to idle
04-26 02:14:08.044  5087  5116 I appium  : AppiumResponse: {"sessionId":"33f54f63-29a7-4fde-b32c-ce1b8a7bba6d","value":{"ELEMENT":"00000000-0000-0f3a-ffff-ffff0000007e","element-6066-11e4-a52e-4f735466cecf":"00000000-0000-0f3a-ffff-ffff0000007e"}}
04-26 02:14:08.053  5087  5116 I appium  : channel read: GET /session/33f54f63-29a7-4fde-b32c-ce1b8a7bba6d/element/00000000-0000-0f3a-ffff-ffff0000007e/attribute/displayed
04-26 02:14:08.053  5087  5116 I appium  : GetElementAttribute command
04-26 02:14:08.056  5087  5116 I appium  : AppiumResponse: {"sessionId":"33f54f63-29a7-4fde-b32c-ce1b8a7bba6d","value":"true"}
04-26 02:14:08.069  5087  5116 I appium  : channel read: POST /session/33f54f63-29a7-4fde-b32c-ce1b8a7bba6d/element/00000000-0000-0f3a-ffff-ffff0000007e/clear
04-26 02:14:08.069  5087  5116 I appium  : Clear command
04-26 02:14:08.072  5087  5116 D UiObject2: Setting text to ''.
04-26 02:14:08.075  5087  5116 I appium  : AppiumResponse: {"sessionId":"33f54f63-29a7-4fde-b32c-ce1b8a7bba6d","value":null}
04-26 02:14:08.082  5087  5116 I appium  : channel read: POST /session/33f54f63-29a7-4fde-b32c-ce1b8a7bba6d/element
04-26 02:14:08.084  5128  5147 D EGL_emulation: app_time_stats: avg=53.12ms min=10.31ms max=509.33ms count=26
04-26 02:14:08.084  5087  5116 I appium  : FindElement command
04-26 02:14:08.085  5087  5116 I appium  : method: 'id', selector: 'ru.otus.wishlist:id/description_input'
04-26 02:14:08.086  5087  5116 I appium  : Waiting up to 10000ms for the device to idle
04-26 02:14:08.590  5087  5116 I appium  : AppiumResponse: {"sessionId":"33f54f63-29a7-4fde-b32c-ce1b8a7bba6d","value":{"ELEMENT":"00000000-0000-0f3a-ffff-ffff0000007e","element-6066-11e4-a52e-4f735466cecf":"00000000-0000-0f3a-ffff-ffff0000007e"}}
04-26 02:14:08.600  5087  5116 I appium  : channel read: POST /session/33f54f63-29a7-4fde-b32c-ce1b8a7bba6d/element/00000000-0000-0f3a-ffff-ffff0000007e/value
04-26 02:14:08.601  5087  5116 I appium  : SendKeysToElement command
04-26 02:14:08.607  5087  5116 D UiObject2: Setting text to ''.
04-26 02:14:08.617   211  5032 I keystore2: keystore2::watchdog: Watchdog thread idle -> terminating. Have a great day.
04-26 02:14:09.125  5087  5116 I appium  : AppiumResponse: {"sessionId":"33f54f63-29a7-4fde-b32c-ce1b8a7bba6d","value":null}
04-26 02:14:09.133  5087  5116 I appium  : channel read: POST /session/33f54f63-29a7-4fde-b32c-ce1b8a7bba6d/element
04-26 02:14:09.135  5087  5116 I appium  : FindElement command
04-26 02:14:09.137  5087  5116 I appium  : method: 'id', selector: 'ru.otus.wishlist:id/save_button'
04-26 02:14:09.138  5087  5116 I appium  : Waiting up to 10000ms for the device to idle
04-26 02:14:09.139  5128  5147 D EGL_emulation: app_time_stats: avg=527.13ms min=522.92ms max=531.34ms count=2
04-26 02:14:09.634  5087  5116 I appium  : AppiumResponse: {"sessionId":"33f54f63-29a7-4fde-b32c-ce1b8a7bba6d","value":{"ELEMENT":"00000000-0000-0f3a-ffff-ffff00000087","element-6066-11e4-a52e-4f735466cecf":"00000000-0000-0f3a-ffff-ffff00000087"}}
04-26 02:14:09.640  5087  5116 I appium  : channel read: GET /session/33f54f63-29a7-4fde-b32c-ce1b8a7bba6d/element/00000000-0000-0f3a-ffff-ffff00000087/attribute/displayed
04-26 02:14:09.640  5087  5116 I appium  : GetElementAttribute command
04-26 02:14:09.644  5087  5116 I appium  : AppiumResponse: {"sessionId":"33f54f63-29a7-4fde-b32c-ce1b8a7bba6d","value":"true"}
04-26 02:14:09.649  5087  5116 I appium  : channel read: POST /session/33f54f63-29a7-4fde-b32c-ce1b8a7bba6d/element
04-26 02:14:09.649  5087  5116 I appium  : FindElement command
04-26 02:14:09.650  5087  5116 I appium  : method: 'id', selector: 'ru.otus.wishlist:id/save_button'
04-26 02:14:09.651  5087  5116 I appium  : Waiting up to 10000ms for the device to idle
04-26 02:14:09.657  5087  5116 I appium  : AppiumResponse: {"sessionId":"33f54f63-29a7-4fde-b32c-ce1b8a7bba6d","value":{"ELEMENT":"00000000-0000-0f3a-ffff-ffff00000087","element-6066-11e4-a52e-4f735466cecf":"00000000-0000-0f3a-ffff-ffff00000087"}}
04-26 02:14:09.663  5087  5116 I appium  : channel read: GET /session/33f54f63-29a7-4fde-b32c-ce1b8a7bba6d/element/00000000-0000-0f3a-ffff-ffff00000087/attribute/displayed
04-26 02:14:09.663  5087  5116 I appium  : GetElementAttribute command
04-26 02:14:09.667  5087  5116 I appium  : AppiumResponse: {"sessionId":"33f54f63-29a7-4fde-b32c-ce1b8a7bba6d","value":"true"}
04-26 02:14:09.673  5087  5116 I appium  : channel read: POST /session/33f54f63-29a7-4fde-b32c-ce1b8a7bba6d/element/00000000-0000-0f3a-ffff-ffff00000087/click
04-26 02:14:09.673  5087  5116 I appium  : Click command
04-26 02:14:09.677 12660 14069 D CompatibilityChangeReporter: Compat change id reported: 158002302; UID 10151; state: ENABLED
04-26 02:14:09.707  5087  5116 I appium  : Waiting up to 10000ms for the device to idle
04-26 02:14:09.776  5128  5147 D OpenGLRenderer: endAllActiveAnimators on 0x7dab03ebb770 (RippleDrawable) with handle 0x7daa13eaa020
04-26 02:14:09.777 12660 14069 W InputManager-JNI: Input channel object 'fe94c08 ru.otus.wishlist/ru.otus.wishlist.MainActivity (client)' was disposed without first being removed with the input manager!
04-26 02:14:09.786  5128  5128 D CompatibilityChangeReporter: Compat change id reported: 147798919; UID 10151; state: ENABLED
04-26 02:14:09.790 12833 12833 W ziparchive: Unable to open '/data/app/~~E7HUVOVE1_qGCqO9F55iMw==/ru.otus.wishlist-KvzObjiROZidZodhEA4kDA==/base.apk': No such file or directory
04-26 02:14:09.792 12833 12833 E ndroid.systemu: Failed to open APK '/data/app/~~E7HUVOVE1_qGCqO9F55iMw==/ru.otus.wishlist-KvzObjiROZidZodhEA4kDA==/base.apk': I/O error
04-26 02:14:09.793 12833 12833 W ResourcesManager: failed to preload asset path '/data/app/~~E7HUVOVE1_qGCqO9F55iMw==/ru.otus.wishlist-KvzObjiROZidZodhEA4kDA==/base.apk'
04-26 02:14:09.793 12833 12833 W ResourcesManager: java.io.IOException: Failed to load asset path /data/app/~~E7HUVOVE1_qGCqO9F55iMw==/ru.otus.wishlist-KvzObjiROZidZodhEA4kDA==/base.apk
04-26 02:14:09.793 12833 12833 W ResourcesManager: 	at android.content.res.ApkAssets.nativeLoad(Native Method)
04-26 02:14:09.793 12833 12833 W ResourcesManager: 	at android.content.res.ApkAssets.<init>(ApkAssets.java:295)
04-26 02:14:09.793 12833 12833 W ResourcesManager: 	at android.content.res.ApkAssets.loadFromPath(ApkAssets.java:144)
04-26 02:14:09.793 12833 12833 W ResourcesManager: 	at android.app.ResourcesManager.loadApkAssets(ResourcesManager.java:454)
04-26 02:14:09.793 12833 12833 W ResourcesManager: 	at android.app.ResourcesManager.access$000(ResourcesManager.java:72)
04-26 02:14:09.793 12833 12833 W ResourcesManager: 	at android.app.ResourcesManager$ApkAssetsSupplier.load(ResourcesManager.java:168)
04-26 02:14:09.793 12833 12833 W ResourcesManager: 	at android.app.ResourcesManager.createApkAssetsSupplierNotLocked(ResourcesManager.java:980)
04-26 02:14:09.793 12833 12833 W ResourcesManager: 	at android.app.ResourcesManager.getResources(ResourcesManager.java:1101)
04-26 02:14:09.793 12833 12833 W ResourcesManager: 	at android.app.ActivityThread.getTopLevelResources(ActivityThread.java:2372)
04-26 02:14:09.793 12833 12833 W ResourcesManager: 	at android.app.ApplicationPackageManager.getResourcesForApplication(ApplicationPackageManager.java:1751)
04-26 02:14:09.793 12833 12833 W ResourcesManager: 	at android.app.ApplicationPackageManager.getResourcesForApplication(ApplicationPackageManager.java:1737)
04-26 02:14:09.793 12833 12833 W ResourcesManager: 	at android.app.ApplicationPackageManager.getDrawable(ApplicationPackageManager.java:1506)
04-26 02:14:09.793 12833 12833 W ResourcesManager: 	at android.app.ApplicationPackageManager.loadUnbadgedItemIcon(ApplicationPackageManager.java:3029)
04-26 02:14:09.793 12833 12833 W ResourcesManager: 	at android.content.pm.PackageItemInfo.loadUnbadgedIcon(PackageItemInfo.java:290)
04-26 02:14:09.793 12833 12833 W ResourcesManager: 	at com.android.systemui.toast.SystemUIToast.getBadgedIcon(SystemUIToast.java:284)
04-26 02:14:09.793 12833 12833 W ResourcesManager: 	at com.android.systemui.toast.SystemUIToast.inflateToastView(SystemUIToast.java:198)
04-26 02:14:09.793 12833 12833 W ResourcesManager: 	at com.android.systemui.toast.SystemUIToast.<init>(SystemUIToast.java:90)
04-26 02:14:09.793 12833 12833 W ResourcesManager: 	at com.android.systemui.toast.SystemUIToast.<init>(SystemUIToast.java:77)
04-26 02:14:09.793 12833 12833 W ResourcesManager: 	at com.android.systemui.toast.ToastFactory.createToast(ToastFactory.java:78)
04-26 02:14:09.793 12833 12833 W ResourcesManager: 	at com.android.systemui.toast.ToastUI.lambda$showToast$0(ToastUI.java:113)
04-26 02:14:09.793 12833 12833 W ResourcesManager: 	at com.android.systemui.toast.ToastUI.$r8$lambda$w_gPCh3F8Xxn1jN4lkQZoUci71c(Unknown Source:0)
04-26 02:14:09.793 12833 12833 W ResourcesManager: 	at com.android.systemui.toast.ToastUI$$ExternalSyntheticLambda0.run(Unknown Source:16)
04-26 02:14:09.793 12833 12833 W ResourcesManager: 	at com.android.systemui.toast.ToastUI.showToast(ToastUI.java:140)
04-26 02:14:09.793 12833 12833 W ResourcesManager: 	at com.android.systemui.statusbar.CommandQueue$H.handleMessage(CommandQueue.java:1431)
04-26 02:14:09.793 12833 12833 W ResourcesManager: 	at android.os.Handler.dispatchMessage(Handler.java:106)
04-26 02:14:09.793 12833 12833 W ResourcesManager: 	at android.os.Looper.loopOnce(Looper.java:201)
04-26 02:14:09.793 12833 12833 W ResourcesManager: 	at android.os.Looper.loop(Looper.java:288)
04-26 02:14:09.793 12833 12833 W ResourcesManager: 	at android.app.ActivityThread.main(ActivityThread.java:7839)
04-26 02:14:09.793 12833 12833 W ResourcesManager: 	at java.lang.reflect.Method.invoke(Native Method)
04-26 02:14:09.793 12833 12833 W ResourcesManager: 	at com.android.internal.os.RuntimeInit$MethodAndArgsCaller.run(RuntimeInit.java:548)
04-26 02:14:09.793 12833 12833 W ResourcesManager: 	at com.android.internal.os.ZygoteInit.main(ZygoteInit.java:1003)
04-26 02:14:09.795 12833 12833 W ziparchive: Unable to open '/data/app/~~E7HUVOVE1_qGCqO9F55iMw==/ru.otus.wishlist-KvzObjiROZidZodhEA4kDA==/base.apk': No such file or directory
04-26 02:14:09.795 12833 12833 E ndroid.systemu: Failed to open APK '/data/app/~~E7HUVOVE1_qGCqO9F55iMw==/ru.otus.wishlist-KvzObjiROZidZodhEA4kDA==/base.apk': I/O error
04-26 02:14:09.797 12833 12833 E ResourcesManager: failed to add asset path '/data/app/~~E7HUVOVE1_qGCqO9F55iMw==/ru.otus.wishlist-KvzObjiROZidZodhEA4kDA==/base.apk'
04-26 02:14:09.797 12833 12833 E ResourcesManager: java.io.IOException: Failed to load asset path /data/app/~~E7HUVOVE1_qGCqO9F55iMw==/ru.otus.wishlist-KvzObjiROZidZodhEA4kDA==/base.apk
04-26 02:14:09.797 12833 12833 E ResourcesManager: 	at android.content.res.ApkAssets.nativeLoad(Native Method)
04-26 02:14:09.797 12833 12833 E ResourcesManager: 	at android.content.res.ApkAssets.<init>(ApkAssets.java:295)
04-26 02:14:09.797 12833 12833 E ResourcesManager: 	at android.content.res.ApkAssets.loadFromPath(ApkAssets.java:144)
04-26 02:14:09.797 12833 12833 E ResourcesManager: 	at android.app.ResourcesManager.loadApkAssets(ResourcesManager.java:454)
04-26 02:14:09.797 12833 12833 E ResourcesManager: 	at android.app.ResourcesManager.access$000(ResourcesManager.java:72)
04-26 02:14:09.797 12833 12833 E ResourcesManager: 	at android.app.ResourcesManager$ApkAssetsSupplier.load(ResourcesManager.java:168)
04-26 02:14:09.797 12833 12833 E ResourcesManager: 	at android.app.ResourcesManager.createAssetManager(ResourcesManager.java:530)
04-26 02:14:09.797 12833 12833 E ResourcesManager: 	at android.app.ResourcesManager.createResourcesImpl(ResourcesManager.java:612)
04-26 02:14:09.797 12833 12833 E ResourcesManager: 	at android.app.ResourcesManager.findOrCreateResourcesImplForKeyLocked(ResourcesManager.java:664)
04-26 02:14:09.797 12833 12833 E ResourcesManager: 	at android.app.ResourcesManager.createResources(ResourcesManager.java:1011)
04-26 02:14:09.797 12833 12833 E ResourcesManager: 	at android.app.ResourcesManager.getResources(ResourcesManager.java:1114)
04-26 02:14:09.797 12833 12833 E ResourcesManager: 	at android.app.ActivityThread.getTopLevelResources(ActivityThread.java:2372)
04-26 02:14:09.797 12833 12833 E ResourcesManager: 	at android.app.ApplicationPackageManager.getResourcesForApplication(ApplicationPackageManager.java:1751)
04-26 02:14:09.797 12833 12833 E ResourcesManager: 	at android.app.ApplicationPackageManager.getResourcesForApplication(ApplicationPackageManager.java:1737)
04-26 02:14:09.797 12833 12833 E ResourcesManager: 	at android.app.ApplicationPackageManager.getDrawable(ApplicationPackageManager.java:1506)
04-26 02:14:09.797 12833 12833 E ResourcesManager: 	at android.app.ApplicationPackageManager.loadUnbadgedItemIcon(ApplicationPackageManager.java:3029)
04-26 02:14:09.797 12833 12833 E ResourcesManager: 	at android.content.pm.PackageItemInfo.loadUnbadgedIcon(PackageItemInfo.java:290)
04-26 02:14:09.797 12833 12833 E ResourcesManager: 	at com.android.systemui.toast.SystemUIToast.getBadgedIcon(SystemUIToast.java:284)
04-26 02:14:09.797 12833 12833 E ResourcesManager: 	at com.android.systemui.toast.SystemUIToast.inflateToastView(SystemUIToast.java:198)
04-26 02:14:09.797 12833 12833 E ResourcesManager: 	at com.android.systemui.toast.SystemUIToast.<init>(SystemUIToast.java:90)
04-26 02:14:09.797 12833 12833 E ResourcesManager: 	at com.android.systemui.toast.SystemUIToast.<init>(SystemUIToast.java:77)
04-26 02:14:09.797 12833 12833 E ResourcesManager: 	at com.android.systemui.toast.ToastFactory.createToast(ToastFactory.java:78)
04-26 02:14:09.797 12833 12833 E ResourcesManager: 	at com.android.systemui.toast.ToastUI.lambda$showToast$0(ToastUI.java:113)
04-26 02:14:09.797 12833 12833 E ResourcesManager: 	at com.android.systemui.toast.ToastUI.$r8$lambda$w_gPCh3F8Xxn1jN4lkQZoUci71c(Unknown Source:0)
04-26 02:14:09.797 12833 12833 E ResourcesManager: 	at com.android.systemui.toast.ToastUI$$ExternalSyntheticLambda0.run(Unknown Source:16)
04-26 02:14:09.797 12833 12833 E ResourcesManager: 	at com.android.systemui.toast.ToastUI.showToast(ToastUI.java:140)
04-26 02:14:09.797 12833 12833 E ResourcesManager: 	at com.android.systemui.statusbar.CommandQueue$H.handleMessage(CommandQueue.java:1431)
04-26 02:14:09.797 12833 12833 E ResourcesManager: 	at android.os.Handler.dispatchMessage(Handler.java:106)
04-26 02:14:09.797 12833 12833 E ResourcesManager: 	at android.os.Looper.loopOnce(Looper.java:201)
04-26 02:14:09.797 12833 12833 E ResourcesManager: 	at android.os.Looper.loop(Looper.java:288)
04-26 02:14:09.797 12833 12833 E ResourcesManager: 	at android.app.ActivityThread.main(ActivityThread.java:7839)
04-26 02:14:09.797 12833 12833 E ResourcesManager: 	at java.lang.reflect.Method.invoke(Native Method)
04-26 02:14:09.797 12833 12833 E ResourcesManager: 	at com.android.internal.os.RuntimeInit$MethodAndArgsCaller.run(RuntimeInit.java:548)
04-26 02:14:09.797 12833 12833 E ResourcesManager: 	at com.android.internal.os.ZygoteInit.main(ZygoteInit.java:1003)
04-26 02:14:09.800 12833 12833 W PackageManager: Failure retrieving resources for ru.otus.wishlist
04-26 02:14:09.825   371   411 D goldfish-address-space: claimShared: Ask to claim region [0x3f2690000 0x3f26ed000]
04-26 02:14:09.827 12660 12660 W WindowManager: removeWindowToken: Attempted to remove non-existing token: android.os.Binder@93dfc11
04-26 02:14:09.839   371   411 D goldfish-address-space: claimShared: Ask to claim region [0x3f26ed000 0x3f274a000]
04-26 02:14:09.849  5128  5147 D EGL_emulation: app_time_stats: avg=115.36ms min=1.73ms max=3799.92ms count=34
04-26 02:14:09.854   371   411 D goldfish-address-space: claimShared: Ask to claim region [0x3f274a000 0x3f27a7000]
04-26 02:14:09.859 13314 13314 I GoogleInputMethodService: GoogleInputMethodService.onFinishInput():3420 
04-26 02:14:09.860 13314 13314 I GoogleInputMethodService: GoogleInputMethodService.onStartInput():2002 
04-26 02:14:09.862 13314 13314 I DeviceUnlockedTag: DeviceUnlockedTag.notifyDeviceLockStatusChanged():31 Notify device unlocked.
04-26 02:14:09.862 13314 13314 I ShortcutsDataManager: AbstractContentDataManager.startImportContentTask():235 startImportContentTask()
04-26 02:14:09.868 13314 13602 I ShortcutsDataManager: AbstractContentDataManager$ImportContentTask.doInBackground():249 doInBackground()
04-26 02:14:09.868 13314 13602 I PersonalDictionaryDataHandler: PersonalDictionaryDataHandler.beginProcess():111 LanguageTags = [en-US]
04-26 02:14:09.878 13314 13602 I ShortcutsDataManager: AbstractContentDataManager.importRecords():339 importRecords() : Success : Count = 0
04-26 02:14:09.881 13314 13602 I ShortcutsDataManager: AbstractContentDataManager.importContentData():289 importContentData() : Ending import process
04-26 02:14:09.881 13314 15962 I Delight5Decoder: Delight5DecoderWrapper.unloadLanguageModel():820 unloadLanguageModel() : 4, version [n/a]
04-26 02:14:09.892 13314 13602 I PersonalLanguageModelUpdater: PersonalLanguageModelUpdater$UpdateOperation.performInternal():162 run() : Added 0 words and 0 shortcuts
04-26 02:14:09.892 13314 13602 I DynamicLanguageModelOperation: DynamicLanguageModelOperation.perform():38 perform() : 4 : cny : Completed
04-26 02:14:09.893 13314 15962 I Delight5Decoder: Delight5DecoderWrapper.loadLanguageModel():614 loadLanguageModel() : 4, version [n/a]
04-26 02:14:09.894 13314 15962 I Delight5Decoder: Delight5DecoderWrapper.loadLanguageModel():652 Loaded dynamic LM 4.en
04-26 02:14:09.896 13314 13314 I ShortcutsDataManager: AbstractContentDataManager$ImportContentTask.onPostExecute():260 onPostExecute() : Result = [2,0]
04-26 02:14:09.896 13314 13314 I ShortcutsDataManager: ShortcutsDataManager.onImportFinished():83 onImportFinished() : Result = 2 : Count = 0
04-26 02:14:10.170 12833 12920 D EGL_emulation: app_time_stats: avg=693.73ms min=6.08ms max=4752.57ms count=7
04-26 02:14:10.430  5087  5116 I appium  : AppiumResponse: {"sessionId":"33f54f63-29a7-4fde-b32c-ce1b8a7bba6d","value":null}
04-26 02:14:10.438  5087  5116 I appium  : channel read: POST /session/33f54f63-29a7-4fde-b32c-ce1b8a7bba6d/element
04-26 02:14:10.439  5087  5116 I appium  : FindElement command
04-26 02:14:10.440  5087  5116 I appium  : method: 'id', selector: 'ru.otus.wishlist:id/wishlists'
04-26 02:14:10.441  5087  5116 I appium  : Waiting up to 10000ms for the device to idle
04-26 02:14:10.449  5087  5116 I appium  : AppiumResponse: {"sessionId":"33f54f63-29a7-4fde-b32c-ce1b8a7bba6d","value":{"ELEMENT":"00000000-0000-0f39-ffff-ffff0000005e","element-6066-11e4-a52e-4f735466cecf":"00000000-0000-0f39-ffff-ffff0000005e"}}
04-26 02:14:10.457  5087  5116 I appium  : channel read: GET /session/33f54f63-29a7-4fde-b32c-ce1b8a7bba6d/element/00000000-0000-0f39-ffff-ffff0000005e/attribute/displayed
04-26 02:14:10.458  5087  5116 I appium  : GetElementAttribute command
04-26 02:14:10.462  5087  5116 I appium  : AppiumResponse: {"sessionId":"33f54f63-29a7-4fde-b32c-ce1b8a7bba6d","value":"true"}
04-26 02:14:10.473  5087  5116 I appium  : channel read: POST /session/33f54f63-29a7-4fde-b32c-ce1b8a7bba6d/element
04-26 02:14:10.473  5087  5116 I appium  : FindElement command
04-26 02:14:10.475  5087  5116 I appium  : method: 'id', selector: 'ru.otus.wishlist:id/wishlists'
04-26 02:14:10.476  5087  5116 I appium  : Waiting up to 10000ms for the device to idle
