04-10 07:57:07.806 28255 28280 I appium  : AppiumResponse: {"sessionId":"b9e0ddc3-24cb-4feb-bd58-8ccae2b8e011","value":{"ELEMENT":"00000000-0000-0876-ffff-ffff000000c7","element-6066-11e4-a52e-4f735466cecf":"00000000-0000-0876-ffff-ffff000000c7"}}
04-10 07:57:07.812 28255 28280 I appium  : channel read: POST /wd/hub/session/b9e0ddc3-24cb-4feb-bd58-8ccae2b8e011/element
04-10 07:57:07.812 28255 28280 I appium  : FindElement command
04-10 07:57:07.814 28255 28280 I appium  : method: 'id', selector: 'ru.otus.wishlist:id/gift_item', contextId: '00000000-0000-0876-ffff-ffff000000c7'
04-10 07:57:07.818 28255 28280 I appium  : AppiumResponse: {"sessionId":"b9e0ddc3-24cb-4feb-bd58-8ccae2b8e011","value":{"ELEMENT":"00000000-0000-0876-ffff-ffff000000ff","element-6066-11e4-a52e-4f735466cecf":"00000000-0000-0876-ffff-ffff000000ff"}}
04-10 07:57:07.826 28255 28280 I appium  : channel read: GET /wd/hub/session/b9e0ddc3-24cb-4feb-bd58-8ccae2b8e011/element/00000000-0000-0876-ffff-ffff000000ff/attribute/displayed
04-10 07:57:07.826 28255 28280 I appium  : GetElementAttribute command
04-10 07:57:07.831 28255 28280 I appium  : AppiumResponse: {"sessionId":"b9e0ddc3-24cb-4feb-bd58-8ccae2b8e011","value":"true"}
04-10 07:57:07.839 28255 28280 I appium  : channel read: POST /wd/hub/session/b9e0ddc3-24cb-4feb-bd58-8ccae2b8e011/element
04-10 07:57:07.841 28255 28280 I appium  : FindElement command
04-10 07:57:07.842 28255 28280 I appium  : method: 'id', selector: 'ru.otus.wishlist:id/gifts'
04-10 07:57:07.843 28255 28280 I appium  : Waiting up to 10000ms for the device to idle
04-10 07:57:07.851 28255 28280 I appium  : AppiumResponse: {"sessionId":"b9e0ddc3-24cb-4feb-bd58-8ccae2b8e011","value":{"ELEMENT":"00000000-0000-0876-ffff-ffff000000c7","element-6066-11e4-a52e-4f735466cecf":"00000000-0000-0876-ffff-ffff000000c7"}}
04-10 07:57:07.860 28255 28280 I appium  : channel read: POST /wd/hub/session/b9e0ddc3-24cb-4feb-bd58-8ccae2b8e011/element
04-10 07:57:07.860 28255 28280 I appium  : FindElement command
04-10 07:57:07.861 28255 28280 I appium  : method: 'id', selector: 'ru.otus.wishlist:id/gift_item', contextId: '00000000-0000-0876-ffff-ffff000000c7'
04-10 07:57:07.869 28255 28280 I appium  : AppiumResponse: {"sessionId":"b9e0ddc3-24cb-4feb-bd58-8ccae2b8e011","value":{"ELEMENT":"00000000-0000-0876-ffff-ffff000000ff","element-6066-11e4-a52e-4f735466cecf":"00000000-0000-0876-ffff-ffff000000ff"}}
04-10 07:57:07.878 28255 28280 I appium  : channel read: POST /wd/hub/session/b9e0ddc3-24cb-4feb-bd58-8ccae2b8e011/element
04-10 07:57:07.878 28255 28280 I appium  : FindElement command
04-10 07:57:07.879 28255 28280 I appium  : method: 'id', selector: 'ru.otus.wishlist:id/title', contextId: '00000000-0000-0876-ffff-ffff000000ff'
04-10 07:57:07.885 28255 28280 I appium  : AppiumResponse: {"sessionId":"b9e0ddc3-24cb-4feb-bd58-8ccae2b8e011","value":{"ELEMENT":"00000000-0000-0876-ffff-ffff00000100","element-6066-11e4-a52e-4f735466cecf":"00000000-0000-0876-ffff-ffff00000100"}}
04-10 07:57:07.893 28255 28280 I appium  : channel read: GET /wd/hub/session/b9e0ddc3-24cb-4feb-bd58-8ccae2b8e011/element/00000000-0000-0876-ffff-ffff00000100/name
04-10 07:57:07.894 28255 28280 I appium  : GetName command
04-10 07:57:07.898 28255 28280 I appium  : AppiumResponse: {"sessionId":"b9e0ddc3-24cb-4feb-bd58-8ccae2b8e011","value":null}
04-10 07:57:07.905 28255 28280 I appium  : channel read: GET /wd/hub/session/b9e0ddc3-24cb-4feb-bd58-8ccae2b8e011/element/00000000-0000-0876-ffff-ffff00000100/text
04-10 07:57:07.905 28255 28280 I appium  : GetText command
04-10 07:57:07.910 28255 28280 I appium  : AppiumResponse: {"sessionId":"b9e0ddc3-24cb-4feb-bd58-8ccae2b8e011","value":"Новый подарок"}
04-10 07:57:07.917 28255 28280 I appium  : channel read: POST /wd/hub/session/b9e0ddc3-24cb-4feb-bd58-8ccae2b8e011/element
04-10 07:57:07.918 28255 28280 I appium  : FindElement command
04-10 07:57:07.919 28255 28280 I appium  : method: 'id', selector: 'ru.otus.wishlist:id/gifts'
04-10 07:57:07.919 28255 28280 I appium  : Waiting up to 10000ms for the device to idle
04-10 07:57:07.930 28255 28280 I appium  : AppiumResponse: {"sessionId":"b9e0ddc3-24cb-4feb-bd58-8ccae2b8e011","value":{"ELEMENT":"00000000-0000-0876-ffff-ffff000000c7","element-6066-11e4-a52e-4f735466cecf":"00000000-0000-0876-ffff-ffff000000c7"}}
04-10 07:57:07.936 28255 28280 I appium  : channel read: POST /wd/hub/session/b9e0ddc3-24cb-4feb-bd58-8ccae2b8e011/element
04-10 07:57:07.937 28255 28280 I appium  : FindElement command
04-10 07:57:07.939 28255 28280 I appium  : method: 'id', selector: 'ru.otus.wishlist:id/gift_item', contextId: '00000000-0000-0876-ffff-ffff000000c7'
04-10 07:57:07.944 28255 28280 I appium  : AppiumResponse: {"sessionId":"b9e0ddc3-24cb-4feb-bd58-8ccae2b8e011","value":{"ELEMENT":"00000000-0000-0876-ffff-ffff000000ff","element-6066-11e4-a52e-4f735466cecf":"00000000-0000-0876-ffff-ffff000000ff"}}
04-10 07:57:07.952 28255 28280 I appium  : channel read: GET /wd/hub/session/b9e0ddc3-24cb-4feb-bd58-8ccae2b8e011/element/00000000-0000-0876-ffff-ffff000000ff/attribute/displayed
04-10 07:57:07.952 28255 28280 I appium  : GetElementAttribute command
04-10 07:57:07.955 28255 28280 I appium  : AppiumResponse: {"sessionId":"b9e0ddc3-24cb-4feb-bd58-8ccae2b8e011","value":"true"}
04-10 07:57:07.962 28255 28280 I appium  : channel read: POST /wd/hub/session/b9e0ddc3-24cb-4feb-bd58-8ccae2b8e011/element
04-10 07:57:07.962 28255 28280 I appium  : FindElement command
04-10 07:57:07.964 28255 28280 I appium  : method: 'id', selector: 'ru.otus.wishlist:id/gifts'
04-10 07:57:07.965 28255 28280 I appium  : Waiting up to 10000ms for the device to idle
04-10 07:57:07.972 28255 28280 I appium  : AppiumResponse: {"sessionId":"b9e0ddc3-24cb-4feb-bd58-8ccae2b8e011","value":{"ELEMENT":"00000000-0000-0876-ffff-ffff000000c7","element-6066-11e4-a52e-4f735466cecf":"00000000-0000-0876-ffff-ffff000000c7"}}
04-10 07:57:07.979 28255 28280 I appium  : channel read: POST /wd/hub/session/b9e0ddc3-24cb-4feb-bd58-8ccae2b8e011/element
04-10 07:57:07.979 28255 28280 I appium  : FindElement command
04-10 07:57:07.979 28255 28280 I appium  : method: 'id', selector: 'ru.otus.wishlist:id/gift_item', contextId: '00000000-0000-0876-ffff-ffff000000c7'
04-10 07:57:07.985 28255 28280 I appium  : AppiumResponse: {"sessionId":"b9e0ddc3-24cb-4feb-bd58-8ccae2b8e011","value":{"ELEMENT":"00000000-0000-0876-ffff-ffff000000ff","element-6066-11e4-a52e-4f735466cecf":"00000000-0000-0876-ffff-ffff000000ff"}}
04-10 07:57:07.991 28255 28280 I appium  : channel read: POST /wd/hub/session/b9e0ddc3-24cb-4feb-bd58-8ccae2b8e011/element
04-10 07:57:07.991 28255 28280 I appium  : FindElement command
04-10 07:57:07.992 28255 28280 I appium  : method: 'id', selector: 'ru.otus.wishlist:id/price', contextId: '00000000-0000-0876-ffff-ffff000000ff'
04-10 07:57:07.997 28255 28280 I appium  : AppiumResponse: {"sessionId":"b9e0ddc3-24cb-4feb-bd58-8ccae2b8e011","value":{"ELEMENT":"00000000-0000-0876-ffff-ffff00000102","element-6066-11e4-a52e-4f735466cecf":"00000000-0000-0876-ffff-ffff00000102"}}
04-10 07:57:08.003 28255 28280 I appium  : channel read: GET /wd/hub/session/b9e0ddc3-24cb-4feb-bd58-8ccae2b8e011/element/00000000-0000-0876-ffff-ffff00000102/name
04-10 07:57:08.003 28255 28280 I appium  : GetName command
04-10 07:57:08.008 28255 28280 I appium  : AppiumResponse: {"sessionId":"b9e0ddc3-24cb-4feb-bd58-8ccae2b8e011","value":null}
04-10 07:57:08.014 28255 28280 I appium  : channel read: GET /wd/hub/session/b9e0ddc3-24cb-4feb-bd58-8ccae2b8e011/element/00000000-0000-0876-ffff-ffff00000102/text
04-10 07:57:08.014 28255 28280 I appium  : GetText command
04-10 07:57:08.018 28255 28280 I appium  : AppiumResponse: {"sessionId":"b9e0ddc3-24cb-4feb-bd58-8ccae2b8e011","value":"555 ₽"}
04-10 07:57:08.025 28255 28280 I appium  : channel read: POST /wd/hub/session/b9e0ddc3-24cb-4feb-bd58-8ccae2b8e011/element
04-10 07:57:08.025 28255 28280 I appium  : FindElement command
04-10 07:57:08.025 28255 28280 I appium  : method: 'id', selector: 'ru.otus.wishlist:id/gifts'
04-10 07:57:08.025 28255 28280 I appium  : Waiting up to 10000ms for the device to idle
04-10 07:57:08.033 28255 28280 I appium  : AppiumResponse: {"sessionId":"b9e0ddc3-24cb-4feb-bd58-8ccae2b8e011","value":{"ELEMENT":"00000000-0000-0876-ffff-ffff000000c7","element-6066-11e4-a52e-4f735466cecf":"00000000-0000-0876-ffff-ffff000000c7"}}
04-10 07:57:08.039 28255 28280 I appium  : channel read: POST /wd/hub/session/b9e0ddc3-24cb-4feb-bd58-8ccae2b8e011/element
04-10 07:57:08.040 28255 28280 I appium  : FindElement command
04-10 07:57:08.042 28255 28280 I appium  : method: 'id', selector: 'ru.otus.wishlist:id/gift_item', contextId: '00000000-0000-0876-ffff-ffff000000c7'
04-10 07:57:08.047 28255 28280 I appium  : AppiumResponse: {"sessionId":"b9e0ddc3-24cb-4feb-bd58-8ccae2b8e011","value":{"ELEMENT":"00000000-0000-0876-ffff-ffff000000ff","element-6066-11e4-a52e-4f735466cecf":"00000000-0000-0876-ffff-ffff000000ff"}}
04-10 07:57:08.054 28255 28280 I appium  : channel read: GET /wd/hub/session/b9e0ddc3-24cb-4feb-bd58-8ccae2b8e011/element/00000000-0000-0876-ffff-ffff000000ff/attribute/displayed
04-10 07:57:08.054 28255 28280 I appium  : GetElementAttribute command
04-10 07:57:08.058 28255 28280 I appium  : AppiumResponse: {"sessionId":"b9e0ddc3-24cb-4feb-bd58-8ccae2b8e011","value":"true"}
04-10 07:57:08.064 28255 28280 I appium  : channel read: POST /wd/hub/session/b9e0ddc3-24cb-4feb-bd58-8ccae2b8e011/element
04-10 07:57:08.065 28255 28280 I appium  : FindElement command
04-10 07:57:08.066 28255 28280 I appium  : method: 'id', selector: 'ru.otus.wishlist:id/gifts'
04-10 07:57:08.067 28255 28280 I appium  : Waiting up to 10000ms for the device to idle
04-10 07:57:08.076 28255 28280 I appium  : AppiumResponse: {"sessionId":"b9e0ddc3-24cb-4feb-bd58-8ccae2b8e011","value":{"ELEMENT":"00000000-0000-0876-ffff-ffff000000c7","element-6066-11e4-a52e-4f735466cecf":"00000000-0000-0876-ffff-ffff000000c7"}}
04-10 07:57:08.081 28255 28280 I appium  : channel read: POST /wd/hub/session/b9e0ddc3-24cb-4feb-bd58-8ccae2b8e011/element
04-10 07:57:08.082 28255 28280 I appium  : FindElement command
04-10 07:57:08.082 28255 28280 I appium  : method: 'id', selector: 'ru.otus.wishlist:id/gift_item', contextId: '00000000-0000-0876-ffff-ffff000000c7'
04-10 07:57:08.089 28255 28280 I appium  : AppiumResponse: {"sessionId":"b9e0ddc3-24cb-4feb-bd58-8ccae2b8e011","value":{"ELEMENT":"00000000-0000-0876-ffff-ffff000000ff","element-6066-11e4-a52e-4f735466cecf":"00000000-0000-0876-ffff-ffff000000ff"}}
04-10 07:57:08.095 28255 28280 I appium  : channel read: POST /wd/hub/session/b9e0ddc3-24cb-4feb-bd58-8ccae2b8e011/element
04-10 07:57:08.096 28255 28280 I appium  : FindElement command
04-10 07:57:08.097 28255 28280 I appium  : method: 'id', selector: 'ru.otus.wishlist:id/subtitle', contextId: '00000000-0000-0876-ffff-ffff000000ff'
04-10 07:57:08.101 28255 28280 I appium  : AppiumResponse: {"sessionId":"b9e0ddc3-24cb-4feb-bd58-8ccae2b8e011","value":{"ELEMENT":"00000000-0000-0876-ffff-ffff00000101","element-6066-11e4-a52e-4f735466cecf":"00000000-0000-0876-ffff-ffff00000101"}}
04-10 07:57:08.108 28255 28280 I appium  : channel read: GET /wd/hub/session/b9e0ddc3-24cb-4feb-bd58-8ccae2b8e011/element/00000000-0000-0876-ffff-ffff00000101/name
04-10 07:57:08.108 28255 28280 I appium  : GetName command
04-10 07:57:08.112 28255 28280 I appium  : AppiumResponse: {"sessionId":"b9e0ddc3-24cb-4feb-bd58-8ccae2b8e011","value":null}
04-10 07:57:08.119 28255 28280 I appium  : channel read: GET /wd/hub/session/b9e0ddc3-24cb-4feb-bd58-8ccae2b8e011/element/00000000-0000-0876-ffff-ffff00000101/text
04-10 07:57:08.119 28255 28280 I appium  : GetText command
04-10 07:57:08.124 28255 28280 I appium  : AppiumResponse: {"sessionId":"b9e0ddc3-24cb-4feb-bd58-8ccae2b8e011","value":"Нам дарят"}
04-10 07:57:08.131 28255 28280 I appium  : channel read: POST /wd/hub/session/b9e0ddc3-24cb-4feb-bd58-8ccae2b8e011/element
04-10 07:57:08.132 28255 28280 I appium  : FindElement command
04-10 07:57:08.134 28255 28280 I appium  : method: 'id', selector: 'ru.otus.wishlist:id/gifts'
04-10 07:57:08.135 28255 28280 I appium  : Waiting up to 10000ms for the device to idle
04-10 07:57:08.144 28255 28280 I appium  : AppiumResponse: {"sessionId":"b9e0ddc3-24cb-4feb-bd58-8ccae2b8e011","value":{"ELEMENT":"00000000-0000-0876-ffff-ffff000000c7","element-6066-11e4-a52e-4f735466cecf":"00000000-0000-0876-ffff-ffff000000c7"}}
04-10 07:57:08.152 28255 28280 I appium  : channel read: POST /wd/hub/session/b9e0ddc3-24cb-4feb-bd58-8ccae2b8e011/element
04-10 07:57:08.152 28255 28280 I appium  : FindElement command
04-10 07:57:08.152 28255 28280 I appium  : method: 'id', selector: 'ru.otus.wishlist:id/gift_item', contextId: '00000000-0000-0876-ffff-ffff000000c7'
04-10 07:57:08.158 28255 28280 I appium  : AppiumResponse: {"sessionId":"b9e0ddc3-24cb-4feb-bd58-8ccae2b8e011","value":{"ELEMENT":"00000000-0000-0876-ffff-ffff000000ff","element-6066-11e4-a52e-4f735466cecf":"00000000-0000-0876-ffff-ffff000000ff"}}
04-10 07:57:08.165 28255 28280 I appium  : channel read: GET /wd/hub/session/b9e0ddc3-24cb-4feb-bd58-8ccae2b8e011/element/00000000-0000-0876-ffff-ffff000000ff/attribute/displayed
04-10 07:57:08.166 28255 28280 I appium  : GetElementAttribute command
04-10 07:57:08.169 28255 28280 I appium  : AppiumResponse: {"sessionId":"b9e0ddc3-24cb-4feb-bd58-8ccae2b8e011","value":"true"}
04-10 07:57:08.176 28255 28280 I appium  : channel read: POST /wd/hub/session/b9e0ddc3-24cb-4feb-bd58-8ccae2b8e011/element
04-10 07:57:08.176 28255 28280 I appium  : FindElement command
04-10 07:57:08.179 28255 28280 I appium  : method: 'id', selector: 'ru.otus.wishlist:id/gifts'
04-10 07:57:08.179 28255 28280 I appium  : Waiting up to 10000ms for the device to idle
04-10 07:57:08.186 28255 28280 I appium  : AppiumResponse: {"sessionId":"b9e0ddc3-24cb-4feb-bd58-8ccae2b8e011","value":{"ELEMENT":"00000000-0000-0876-ffff-ffff000000c7","element-6066-11e4-a52e-4f735466cecf":"00000000-0000-0876-ffff-ffff000000c7"}}
04-10 07:57:08.193 28255 28280 I appium  : channel read: POST /wd/hub/session/b9e0ddc3-24cb-4feb-bd58-8ccae2b8e011/element
04-10 07:57:08.193 28255 28280 I appium  : FindElement command
04-10 07:57:08.195 28255 28280 I appium  : method: 'id', selector: 'ru.otus.wishlist:id/gift_item', contextId: '00000000-0000-0876-ffff-ffff000000c7'
04-10 07:57:08.199 28255 28280 I appium  : AppiumResponse: {"sessionId":"b9e0ddc3-24cb-4feb-bd58-8ccae2b8e011","value":{"ELEMENT":"00000000-0000-0876-ffff-ffff000000ff","element-6066-11e4-a52e-4f735466cecf":"00000000-0000-0876-ffff-ffff000000ff"}}
04-10 07:57:08.207 28255 28280 I appium  : channel read: POST /wd/hub/session/b9e0ddc3-24cb-4feb-bd58-8ccae2b8e011/element
04-10 07:57:08.207 28255 28280 I appium  : FindElement command
04-10 07:57:08.209 28255 28280 I appium  : method: 'id', selector: 'ru.otus.wishlist:id/edit_button', contextId: '00000000-0000-0876-ffff-ffff000000ff'
04-10 07:57:08.214 28255 28280 I appium  : AppiumResponse: {"sessionId":"b9e0ddc3-24cb-4feb-bd58-8ccae2b8e011","value":{"ELEMENT":"00000000-0000-0876-ffff-ffff00000106","element-6066-11e4-a52e-4f735466cecf":"00000000-0000-0876-ffff-ffff00000106"}}
04-10 07:57:08.221 28255 28280 I appium  : channel read: GET /wd/hub/session/b9e0ddc3-24cb-4feb-bd58-8ccae2b8e011/element/00000000-0000-0876-ffff-ffff00000106/attribute/displayed
04-10 07:57:08.221 28255 28280 I appium  : GetElementAttribute command
04-10 07:57:08.225 28255 28280 I appium  : AppiumResponse: {"sessionId":"b9e0ddc3-24cb-4feb-bd58-8ccae2b8e011","value":"true"}
04-10 07:57:08.233 28255 28280 I appium  : channel read: POST /wd/hub/session/b9e0ddc3-24cb-4feb-bd58-8ccae2b8e011/element
04-10 07:57:08.234 28255 28280 I appium  : FindElement command
04-10 07:57:08.236 28255 28280 I appium  : method: 'id', selector: 'ru.otus.wishlist:id/gifts'
04-10 07:57:08.236 28255 28280 I appium  : Waiting up to 10000ms for the device to idle
04-10 07:57:08.242 28255 28280 I appium  : AppiumResponse: {"sessionId":"b9e0ddc3-24cb-4feb-bd58-8ccae2b8e011","value":{"ELEMENT":"00000000-0000-0876-ffff-ffff000000c7","element-6066-11e4-a52e-4f735466cecf":"00000000-0000-0876-ffff-ffff000000c7"}}
04-10 07:57:08.249 28255 28280 I appium  : channel read: POST /wd/hub/session/b9e0ddc3-24cb-4feb-bd58-8ccae2b8e011/element
04-10 07:57:08.249 28255 28280 I appium  : FindElement command
04-10 07:57:08.249 28255 28280 I appium  : method: 'id', selector: 'ru.otus.wishlist:id/gift_item', contextId: '00000000-0000-0876-ffff-ffff000000c7'
04-10 07:57:08.255 28255 28280 I appium  : AppiumResponse: {"sessionId":"b9e0ddc3-24cb-4feb-bd58-8ccae2b8e011","value":{"ELEMENT":"00000000-0000-0876-ffff-ffff000000ff","element-6066-11e4-a52e-4f735466cecf":"00000000-0000-0876-ffff-ffff000000ff"}}
04-10 07:57:08.262 28255 28280 I appium  : channel read: POST /wd/hub/session/b9e0ddc3-24cb-4feb-bd58-8ccae2b8e011/element
04-10 07:57:08.262 28255 28280 I appium  : FindElement command
04-10 07:57:08.263 28255 28280 I appium  : method: 'id', selector: 'ru.otus.wishlist:id/edit_button', contextId: '00000000-0000-0876-ffff-ffff000000ff'
04-10 07:57:08.268 28255 28280 I appium  : AppiumResponse: {"sessionId":"b9e0ddc3-24cb-4feb-bd58-8ccae2b8e011","value":{"ELEMENT":"00000000-0000-0876-ffff-ffff00000106","element-6066-11e4-a52e-4f735466cecf":"00000000-0000-0876-ffff-ffff00000106"}}
04-10 07:57:08.274 28255 28280 I appium  : channel read: GET /wd/hub/session/b9e0ddc3-24cb-4feb-bd58-8ccae2b8e011/element/00000000-0000-0876-ffff-ffff00000106/attribute/displayed
04-10 07:57:08.274 28255 28280 I appium  : GetElementAttribute command
04-10 07:57:08.279 28255 28280 I appium  : AppiumResponse: {"sessionId":"b9e0ddc3-24cb-4feb-bd58-8ccae2b8e011","value":"true"}
04-10 07:57:08.285 28255 28280 I appium  : channel read: POST /wd/hub/session/b9e0ddc3-24cb-4feb-bd58-8ccae2b8e011/element/00000000-0000-0876-ffff-ffff00000106/click
04-10 07:57:08.286 28255 28280 I appium  : Click command
04-10 07:57:08.347 28255 28280 I appium  : Waiting up to 10000ms for the device to idle
04-10 07:57:08.348 28255 28280 I appium  : AppiumResponse: {"sessionId":"b9e0ddc3-24cb-4feb-bd58-8ccae2b8e011","value":null}
04-10 07:57:08.351 28289 28307 D EGL_emulation: app_time_stats: avg=188.67ms min=36.21ms max=945.72ms count=6
04-10 07:57:08.364 28255 28280 I appium  : channel read: POST /wd/hub/session/b9e0ddc3-24cb-4feb-bd58-8ccae2b8e011/element
04-10 07:57:08.364 28255 28280 I appium  : FindElement command
04-10 07:57:08.365 28255 28280 I appium  : method: 'id', selector: 'ru.otus.wishlist:id/gift_edit_title'
04-10 07:57:08.366 28255 28280 I appium  : Waiting up to 10000ms for the device to idle
04-10 07:57:08.630   371   371 D goldfish-address-space: claimShared: Ask to claim region [0x3f65bf000 0x3f71ce000]
04-10 07:57:08.709 12833 12920 D EGL_emulation: app_time_stats: avg=299.55ms min=18.80ms max=1108.85ms count=4
04-10 07:57:08.729   371   371 D goldfish-address-space: claimShared: Ask to claim region [0x3f71ce000 0x3f7ddd000]
04-10 07:57:08.798   371   411 D goldfish-address-space: claimShared: Ask to claim region [0x3f4fc3000 0x3f5bd2000]
04-10 07:57:08.957 28255 28280 W ByMatcher: Node returned null child: android.view.accessibility.AccessibilityNodeInfo@80007534; boundsInParent: Rect(0, 0 - 1080, 2340); boundsInScreen: Rect(0, 0 - 1080, 2340); packageName: ru.otus.wishlist; className: android.widget.FrameLayout; text: null; error: null; maxTextLength: -1; stateDescription: null; contentDescription: null; tooltipText: null; viewIdResName: null; checkable: false; checked: false; focusable: false; focused: false; selected: false; clickable: false; longClickable: false; contextClickable: false; enabled: true; password: false; scrollable: false; importantForAccessibility: true; visible: true; actions: [AccessibilityAction: ACTION_SELECT - null, AccessibilityAction: ACTION_CLEAR_SELECTION - null, AccessibilityAction: ACTION_ACCESSIBILITY_FOCUS - null, AccessibilityAction: ACTION_SHOW_ON_SCREEN - null]
04-10 07:57:08.961 28255 28280 W ByMatcher: Skipping null child (0 of 2)
04-10 07:57:08.964 28255 28280 W ByMatcher: Node returned null child: android.view.accessibility.AccessibilityNodeInfo@29585; boundsInParent: Rect(0, 0 - 176, 88); boundsInScreen: Rect(451, 2010 - 627, 2098); packageName: ru.otus.wishlist; className: android.widget.FrameLayout; text: null; error: null; maxTextLength: -1; stateDescription: null; contentDescription: null; tooltipText: null; viewIdResName: ru.otus.wishlist:id/navigation_bar_item_icon_container; checkable: false; checked: false; focusable: false; focused: false; selected: false; clickable: false; longClickable: false; contextClickable: false; enabled: true; password: false; scrollable: false; importantForAccessibility: false; visible: true; actions: [AccessibilityAction: ACTION_SELECT - null, AccessibilityAction: ACTION_CLEAR_SELECTION - null, AccessibilityAction: ACTION_ACCESSIBILITY_FOCUS - null, AccessibilityAction: ACTION_SHOW_ON_SCREEN - null]
04-10 07:57:08.966 28255 28280 W ByMatcher: Skipping null child (1 of 2)
04-10 07:57:08.968 28255 28280 W ByMatcher: Node returned null child: android.view.accessibility.AccessibilityNodeInfo@2a489; boundsInParent: Rect(0, 0 - 267, 99); boundsInScreen: Rect(406, 2109 - 673, 2208); packageName: ru.otus.wishlist; className: android.view.ViewGroup; text: null; error: null; maxTextLength: -1; stateDescription: null; contentDescription: null; tooltipText: null; viewIdResName: ru.otus.wishlist:id/navigation_bar_item_labels_group; checkable: false; checked: false; focusable: false; focused: false; selected: false; clickable: false; longClickable: false; contextClickable: false; enabled: true; password: false; scrollable: false; importantForAccessibility: false; visible: true; actions: [AccessibilityAction: ACTION_SELECT - null, AccessibilityAction: ACTION_CLEAR_SELECTION - null, AccessibilityAction: ACTION_ACCESSIBILITY_FOCUS - null, AccessibilityAction: ACTION_SHOW_ON_SCREEN - null]
04-10 07:57:08.969 28255 28280 W ByMatcher: Skipping null child (0 of 1)
04-10 07:57:08.971 28255 28280 W ByMatcher: Node returned null child: android.view.accessibility.AccessibilityNodeInfo@2afcc; boundsInParent: Rect(0, 0 - 360, 231); boundsInScreen: Rect(720, 1977 - 1080, 2208); packageName: ru.otus.wishlist; className: android.widget.FrameLayout; text: null; error: null; maxTextLength: -1; stateDescription: null; contentDescription: Профиль; tooltipText: Профиль; viewIdResName: ru.otus.wishlist:id/profile_menu; checkable: false; checked: false; focusable: true; focused: false; selected: false; clickable: true; longClickable: false; contextClickable: false; enabled: true; password: false; scrollable: false; importantForAccessibility: true; visible: true; actions: [AccessibilityAction: ACTION_FOCUS - null, AccessibilityAction: ACTION_SELECT - null, AccessibilityAction: ACTION_CLEAR_SELECTION - null, AccessibilityAction: ACTION_CLICK - null, AccessibilityAction: ACTION_ACCESSIBILITY_FOCUS - null, AccessibilityAction: ACTION_NEXT_AT_MOVEMENT_GRANULARITY - null, AccessibilityAction: ACTION_PREVIOUS_AT_MOVEMENT_GRANULARITY - null, AccessibilityAction: ACTION_SET_SELECTION - null, AccessibilityAction: ACTION_SHOW_ON_SCREEN - null, AccessibilityAction: ACTION_SHOW_TOOLTIP - null]
04-10 07:57:08.972 28255 28280 W ByMatcher: Skipping null child (0 of 1)
04-10 07:57:08.973 28255 28280 I appium  : AppiumResponse: {"sessionId":"b9e0ddc3-24cb-4feb-bd58-8ccae2b8e011","value":{"error":"no such element","message":"An element could not be located on the page using the given search parameters","stacktrace":"io.appium.uiautomator2.common.exceptions.ElementNotFoundException: An element could not be located on the page using the given search parameters\n\tat io.appium.uiautomator2.handler.FindElement.safeHandle(FindElement.java:70)\n\tat io.appium.uiautomator2.handler.request.SafeRequestHandler.handle(SafeRequestHandler.java:59)\n\tat io.appium.uiautomator2.server.AppiumServlet.handleRequest(AppiumServlet.java:266)\n\tat io.appium.uiautomator2.server.AppiumServlet.handleHttpRequest(AppiumServlet.java:260)\n\tat io.appium.uiautomator2.http.ServerHandler.channelRead(ServerHandler.java:68)\n\tat io.netty.channel.AbstractChannelHandlerContext.invokeChannelRead(AbstractChannelHandlerContext.java:366)\n\tat io.netty.channel.AbstractChannelHandlerContext.invokeChannelRead(AbstractChannelHandlerContext.java:352)\n\tat io.netty.channel.AbstractChannelHandlerContext.fireChannelRead(AbstractChannelHandlerContext.java:345)\n\tat io.netty.handler.codec.MessageToMessageDecoder.channelRead(MessageToMessageDecoder.java:102)\n\tat io.netty.channel.AbstractChannelHandlerContext.invokeChannelRead(AbstractChannelHandlerContext.java:366)\n\tat io.netty.channel.AbstractChannelHandlerContext.invokeChannelRead(AbstractChannelHandlerContext.java:352)\n\tat io.netty.channel.AbstractChannelHandlerContext.fireChannelRead(AbstractChannelHandlerContext.java:345)\n\tat io.netty.channel.CombinedChannelDuplexHandler$DelegatingChannelHandlerContext.fireChannelRead(CombinedChannelDuplexHandler.java:435)\n\tat io.netty.handler.codec.ByteToMessageDecoder.fireChannelRead(ByteToMessageDecoder.java:293)\n\tat io.netty.handler.codec.ByteToMessageDecoder.channelRead(ByteToMessageDecoder.java:267)\n\tat io.netty.channel.CombinedChannelDuplexHandler.channelRead(CombinedChannelDuplexHandler.java:250)\n\tat io.netty.channel.AbstractChannelHandlerContext.invokeChannelRead(AbstractChannelHandlerContext.java:366)\n\tat io.netty.channel.AbstractChannelHandlerContext.invokeChannelRead(AbstractChannelHandlerContext.java:352)\n\tat io.netty.channel.AbstractChannelHandlerContext.fireChannelRead(AbstractChannelHandlerContext.java:345)\n\tat io.netty.handler.timeout.IdleStateHandler.channelRead(IdleStateHandler.java:266)\n\tat io.netty.channel.AbstractChannelHandlerContext.invokeChannelRead(AbstractChannelHandlerContext.java:366)\n\tat io.netty.channel.AbstractChannelHandlerContext.invokeChannelRead(AbstractChannelHandlerContext.java:352)\n\tat io.netty.channel.AbstractChannelHandlerContext.fireChannelRead(AbstractChannelHandlerContext.java:345)\n\tat io.netty.channel.DefaultChannelPipeline$HeadContext.channelRead(DefaultChannelPipeline.java:1294)\n\tat io.netty.channel.AbstractChannelHandlerContext.invokeChannelRead(AbstractChannelHandlerContext.java:366)\n\tat io.netty.channel.AbstractChannelHandlerContext.invokeChannelRead(AbstractChannelHandlerContext.java:352)\n\tat io.netty.channel.DefaultChannelPipeline.fireChannelRead(DefaultChannelPipeline.java:911)\n\tat io.netty.channel.nio.AbstractNioByteChannel$NioByteUnsafe.read(AbstractNioByteChannel.java:131)\n\tat io.netty.channel.nio.NioEventLoop.processSelectedKey(NioEventLoop.java:611)\n\tat io.netty.channel.nio.NioEventLoop.processSelectedKeysOptimized(NioEventLoop.java:552)\n\tat io.netty.channel.nio.NioEventLoop.processSelectedKeys(NioEventLoop.java:466)\n\tat io.netty.channel.nio.NioEventLoop.run(NioEventLoop.java:438)\n\tat io.netty.util.concurrent.SingleThreadEventExecutor$2.run(SingleThreadEventExecutor.java:140)\n\tat io.netty.util.concurrent.DefaultThreadFactory$DefaultRunnableDecorator.run(DefaultThreadFactory.java:144)\n\tat java.lang.Thread.run(Thread.java:920)\n"}}
04-10 07:57:09.192 13314 13314 I GoogleInputMethodService: GoogleInputMethodService.onFinishInput():3420 
04-10 07:57:09.193 13314 13314 I GoogleInputMethodService: GoogleInputMethodService.onStartInput():2002 
04-10 07:57:09.193 13314 13314 I DeviceUnlockedTag: DeviceUnlockedTag.notifyDeviceLockStatusChanged():31 Notify device unlocked.
04-10 07:57:09.394 12833 12920 D EGL_emulation: app_time_stats: avg=432.04ms min=38.35ms max=1949.05ms count=5
04-10 07:57:09.415 28289 28307 D EGL_emulation: app_time_stats: avg=64.81ms min=20.01ms max=231.45ms count=15
04-10 07:57:09.489 28255 28280 I appium  : channel read: POST /wd/hub/session/b9e0ddc3-24cb-4feb-bd58-8ccae2b8e011/element
04-10 07:57:09.491 28255 28280 I appium  : FindElement command
04-10 07:57:09.492 28255 28280 I appium  : method: 'id', selector: 'ru.otus.wishlist:id/gift_edit_title'
04-10 07:57:09.493 28255 28280 I appium  : Waiting up to 10000ms for the device to idle
04-10 07:57:09.725 12660 13523 W InputManager-JNI: Input channel object '8723e85 Toast (client)' was disposed without first being removed with the input manager!
04-10 07:57:09.732 12660 13523 W NotificationService: Toast already killed. pkg=ru.otus.wishlist token=android.os.BinderProxy@aedd0e1
04-10 07:57:09.910 28255 28280 I appium  : AppiumResponse: {"sessionId":"b9e0ddc3-24cb-4feb-bd58-8ccae2b8e011","value":{"ELEMENT":"00000000-0000-087a-ffff-ffff00000116","element-6066-11e4-a52e-4f735466cecf":"00000000-0000-087a-ffff-ffff00000116"}}
04-10 07:57:09.918 28255 28280 I appium  : channel read: GET /wd/hub/session/b9e0ddc3-24cb-4feb-bd58-8ccae2b8e011/element/00000000-0000-087a-ffff-ffff00000116/attribute/displayed
04-10 07:57:09.919 28255 28280 I appium  : GetElementAttribute command
04-10 07:57:09.923 28255 28280 I appium  : AppiumResponse: {"sessionId":"b9e0ddc3-24cb-4feb-bd58-8ccae2b8e011","value":"true"}
04-10 07:57:09.932 28255 28280 I appium  : channel read: POST /wd/hub/session/b9e0ddc3-24cb-4feb-bd58-8ccae2b8e011/element
04-10 07:57:09.932 28255 28280 I appium  : FindElement command
04-10 07:57:09.936 28255 28280 I appium  : method: 'id', selector: 'ru.otus.wishlist:id/gift_edit_title'
04-10 07:57:09.936 28255 28280 I appium  : Waiting up to 10000ms for the device to idle
04-10 07:57:09.947 28255 28280 I appium  : AppiumResponse: {"sessionId":"b9e0ddc3-24cb-4feb-bd58-8ccae2b8e011","value":{"ELEMENT":"00000000-0000-087a-ffff-ffff00000116","element-6066-11e4-a52e-4f735466cecf":"00000000-0000-087a-ffff-ffff00000116"}}
04-10 07:57:09.954 28255 28280 I appium  : channel read: GET /wd/hub/session/b9e0ddc3-24cb-4feb-bd58-8ccae2b8e011/element/00000000-0000-087a-ffff-ffff00000116/name
04-10 07:57:09.954 28255 28280 I appium  : GetName command
04-10 07:57:09.957 28255 28280 I appium  : AppiumResponse: {"sessionId":"b9e0ddc3-24cb-4feb-bd58-8ccae2b8e011","value":null}
04-10 07:57:09.963 28255 28280 I appium  : channel read: GET /wd/hub/session/b9e0ddc3-24cb-4feb-bd58-8ccae2b8e011/element/00000000-0000-087a-ffff-ffff00000116/text
04-10 07:57:09.965 28255 28280 I appium  : GetText command
04-10 07:57:09.969 28255 28280 I appium  : AppiumResponse: {"sessionId":"b9e0ddc3-24cb-4feb-bd58-8ccae2b8e011","value":"Изменить подарок"}
04-10 07:57:09.975 28255 28280 I appium  : channel read: POST /wd/hub/session/b9e0ddc3-24cb-4feb-bd58-8ccae2b8e011/element
04-10 07:57:09.976 28255 28280 I appium  : FindElement command
04-10 07:57:09.976 28255 28280 I appium  : method: 'id', selector: 'ru.otus.wishlist:id/description_input'
04-10 07:57:09.977 28255 28280 I appium  : Waiting up to 10000ms for the device to idle
04-10 07:57:09.982 28255 28280 I appium  : AppiumResponse: {"sessionId":"b9e0ddc3-24cb-4feb-bd58-8ccae2b8e011","value":{"ELEMENT":"00000000-0000-087a-ffff-ffff0000012f","element-6066-11e4-a52e-4f735466cecf":"00000000-0000-087a-ffff-ffff0000012f"}}
04-10 07:57:09.989 28255 28280 I appium  : channel read: GET /wd/hub/session/b9e0ddc3-24cb-4feb-bd58-8ccae2b8e011/element/00000000-0000-087a-ffff-ffff0000012f/attribute/displayed
04-10 07:57:09.989 28255 28280 I appium  : GetElementAttribute command
04-10 07:57:09.994 28255 28280 I appium  : AppiumResponse: {"sessionId":"b9e0ddc3-24cb-4feb-bd58-8ccae2b8e011","value":"true"}
04-10 07:57:10.001 28255 28280 I appium  : channel read: POST /wd/hub/session/b9e0ddc3-24cb-4feb-bd58-8ccae2b8e011/element
04-10 07:57:10.001 28255 28280 I appium  : FindElement command
04-10 07:57:10.001 28255 28280 I appium  : method: 'id', selector: 'ru.otus.wishlist:id/description_input'
04-10 07:57:10.002 28255 28280 I appium  : Waiting up to 10000ms for the device to idle
04-10 07:57:10.007 28255 28280 I appium  : AppiumResponse: {"sessionId":"b9e0ddc3-24cb-4feb-bd58-8ccae2b8e011","value":{"ELEMENT":"00000000-0000-087a-ffff-ffff0000012f","element-6066-11e4-a52e-4f735466cecf":"00000000-0000-087a-ffff-ffff0000012f"}}
04-10 07:57:10.014 28255 28280 I appium  : channel read: GET /wd/hub/session/b9e0ddc3-24cb-4feb-bd58-8ccae2b8e011/element/00000000-0000-087a-ffff-ffff0000012f/attribute/displayed
04-10 07:57:10.014 28255 28280 I appium  : GetElementAttribute command
04-10 07:57:10.018 28255 28280 I appium  : AppiumResponse: {"sessionId":"b9e0ddc3-24cb-4feb-bd58-8ccae2b8e011","value":"true"}
04-10 07:57:10.025 28255 28280 I appium  : channel read: POST /wd/hub/session/b9e0ddc3-24cb-4feb-bd58-8ccae2b8e011/element/00000000-0000-087a-ffff-ffff0000012f/clear
04-10 07:57:10.027 28255 28280 I appium  : Clear command
04-10 07:57:10.033 28255 28280 I appium  : AppiumResponse: {"sessionId":"b9e0ddc3-24cb-4feb-bd58-8ccae2b8e011","value":null}
04-10 07:57:10.039 28255 28280 I appium  : channel read: POST /wd/hub/session/b9e0ddc3-24cb-4feb-bd58-8ccae2b8e011/element
04-10 07:57:10.040 28255 28280 I appium  : FindElement command
04-10 07:57:10.041 28255 28280 I appium  : method: 'id', selector: 'ru.otus.wishlist:id/description_input'
04-10 07:57:10.042 28255 28280 I appium  : Waiting up to 10000ms for the device to idle
04-10 07:57:10.052 28255 28280 I appium  : AppiumResponse: {"sessionId":"b9e0ddc3-24cb-4feb-bd58-8ccae2b8e011","value":{"ELEMENT":"00000000-0000-087a-ffff-ffff0000012f","element-6066-11e4-a52e-4f735466cecf":"00000000-0000-087a-ffff-ffff0000012f"}}
04-10 07:57:10.058 28255 28280 I appium  : channel read: POST /wd/hub/session/b9e0ddc3-24cb-4feb-bd58-8ccae2b8e011/element/00000000-0000-087a-ffff-ffff0000012f/value
04-10 07:57:10.058 28255 28280 I appium  : SendKeysToElement command
04-10 07:57:10.097 28289 28307 D EGL_emulation: app_time_stats: avg=169.37ms min=49.79ms max=506.16ms count=7
04-10 07:57:11.078 12660 13524 W ProcessStats: Tracking association SourceState{6713a1b system/1000 BTopFgs #21120} whose proc state 2 is better than process ProcessState{9cc27b8 com.google.android.gms.persistent/10101 pkg=com.google.android.gms} proc state 3 (4 skipped)
04-10 07:57:11.081 13314 13314 I ShortcutsDataManager: ShortcutsDataManager.onContentChanged():73 onContentChanged()
04-10 07:57:11.083 28255 28280 I appium  : AppiumResponse: {"sessionId":"b9e0ddc3-24cb-4feb-bd58-8ccae2b8e011","value":null}
04-10 07:57:11.099 28255 28280 I appium  : channel read: POST /wd/hub/session/b9e0ddc3-24cb-4feb-bd58-8ccae2b8e011/element
04-10 07:57:11.099 28255 28280 I appium  : FindElement command
04-10 07:57:11.099 28255 28280 I appium  : method: 'id', selector: 'ru.otus.wishlist:id/save_button'
04-10 07:57:11.099 28255 28280 I appium  : Waiting up to 10000ms for the device to idle
04-10 07:57:11.131 28289 28307 D EGL_emulation: app_time_stats: avg=57.09ms min=4.70ms max=452.20ms count=16
04-10 07:57:11.604 28255 28280 I appium  : AppiumResponse: {"sessionId":"b9e0ddc3-24cb-4feb-bd58-8ccae2b8e011","value":{"ELEMENT":"00000000-0000-087a-ffff-ffff00000138","element-6066-11e4-a52e-4f735466cecf":"00000000-0000-087a-ffff-ffff00000138"}}
04-10 07:57:11.612 28255 28280 I appium  : channel read: GET /wd/hub/session/b9e0ddc3-24cb-4feb-bd58-8ccae2b8e011/element/00000000-0000-087a-ffff-ffff00000138/attribute/displayed
04-10 07:57:11.613 28255 28280 I appium  : GetElementAttribute command
04-10 07:57:11.637 28255 28280 I appium  : AppiumResponse: {"sessionId":"b9e0ddc3-24cb-4feb-bd58-8ccae2b8e011","value":"true"}
04-10 07:57:11.645 28255 28280 I appium  : channel read: POST /wd/hub/session/b9e0ddc3-24cb-4feb-bd58-8ccae2b8e011/element
04-10 07:57:11.645 28255 28280 I appium  : FindElement command
04-10 07:57:11.646 28255 28280 I appium  : method: 'id', selector: 'ru.otus.wishlist:id/save_button'
04-10 07:57:11.646 28255 28280 I appium  : Waiting up to 10000ms for the device to idle
04-10 07:57:11.654 28255 28280 I appium  : AppiumResponse: {"sessionId":"b9e0ddc3-24cb-4feb-bd58-8ccae2b8e011","value":{"ELEMENT":"00000000-0000-087a-ffff-ffff00000138","element-6066-11e4-a52e-4f735466cecf":"00000000-0000-087a-ffff-ffff00000138"}}
04-10 07:57:11.664 28255 28280 I appium  : channel read: GET /wd/hub/session/b9e0ddc3-24cb-4feb-bd58-8ccae2b8e011/element/00000000-0000-087a-ffff-ffff00000138/attribute/displayed
04-10 07:57:11.664 28255 28280 I appium  : GetElementAttribute command
04-10 07:57:11.668 28255 28280 I appium  : AppiumResponse: {"sessionId":"b9e0ddc3-24cb-4feb-bd58-8ccae2b8e011","value":"true"}
04-10 07:57:11.674 28255 28280 I appium  : channel read: POST /wd/hub/session/b9e0ddc3-24cb-4feb-bd58-8ccae2b8e011/element/00000000-0000-087a-ffff-ffff00000138/click
04-10 07:57:11.674 28255 28280 I appium  : Click command
04-10 07:57:11.727 28255 28280 I appium  : Waiting up to 10000ms for the device to idle
04-10 07:57:11.890 28289 28307 D OpenGLRenderer: endAllActiveAnimators on 0x7dab03f2c860 (RippleDrawable) with handle 0x7daa13eb8960
04-10 07:57:11.890 12660 13523 W InputManager-JNI: Input channel object '9f6c82c ru.otus.wishlist/ru.otus.wishlist.MainActivity (client)' was disposed without first being removed with the input manager!
04-10 07:57:11.914   371   411 D goldfish-address-space: claimShared: Ask to claim region [0x3f3723000 0x3f3772000]
04-10 07:57:12.025   371   411 D goldfish-address-space: claimShared: Ask to claim region [0x3f3772000 0x3f37c1000]
04-10 07:57:12.045 28289 28307 D EGL_emulation: app_time_stats: avg=640.36ms min=43.23ms max=2382.74ms count=4
04-10 07:57:12.050 13314 13314 I GoogleInputMethodService: GoogleInputMethodService.onFinishInput():3420 
04-10 07:57:12.050 13314 13314 I GoogleInputMethodService: GoogleInputMethodService.onStartInput():2002 
04-10 07:57:12.051 13314 13314 I DeviceUnlockedTag: DeviceUnlockedTag.notifyDeviceLockStatusChanged():31 Notify device unlocked.
04-10 07:57:12.052 13314 13314 I ShortcutsDataManager: AbstractContentDataManager.startImportContentTask():235 startImportContentTask()
04-10 07:57:12.052 13314 13602 I ShortcutsDataManager: AbstractContentDataManager$ImportContentTask.doInBackground():249 doInBackground()
04-10 07:57:12.052 13314 13602 I PersonalDictionaryDataHandler: PersonalDictionaryDataHandler.beginProcess():111 LanguageTags = [en-US]
04-10 07:57:12.060 13314 13602 I ShortcutsDataManager: AbstractContentDataManager.importRecords():339 importRecords() : Success : Count = 0
04-10 07:57:12.064 13314 13602 I ShortcutsDataManager: AbstractContentDataManager.importContentData():289 importContentData() : Ending import process
04-10 07:57:12.065 13314 15962 I Delight5Decoder: Delight5DecoderWrapper.unloadLanguageModel():820 unloadLanguageModel() : 4, version [n/a]
04-10 07:57:12.084 13314 13602 I PersonalLanguageModelUpdater: PersonalLanguageModelUpdater$UpdateOperation.performInternal():162 run() : Added 0 words and 0 shortcuts
04-10 07:57:12.084 13314 13602 I DynamicLanguageModelOperation: DynamicLanguageModelOperation.perform():38 perform() : 4 : cny : Completed
04-10 07:57:12.084 13314 15962 I Delight5Decoder: Delight5DecoderWrapper.loadLanguageModel():614 loadLanguageModel() : 4, version [n/a]
04-10 07:57:12.084 13314 13314 I ShortcutsDataManager: AbstractContentDataManager$ImportContentTask.onPostExecute():260 onPostExecute() : Result = [2,0]
04-10 07:57:12.084 13314 13314 I ShortcutsDataManager: ShortcutsDataManager.onImportFinished():83 onImportFinished() : Result = 2 : Count = 0
04-10 07:57:12.084 13314 15962 I Delight5Decoder: Delight5DecoderWrapper.loadLanguageModel():652 Loaded dynamic LM 4.en
04-10 07:57:12.100   371   411 D goldfish-address-space: claimShared: Ask to claim region [0x3f37c1000 0x3f3810000]
04-10 07:57:12.403 12833 12920 D EGL_emulation: app_time_stats: avg=905.24ms min=41.35ms max=3419.02ms count=4
04-10 07:57:12.879 12814 12814 I wpa_supplicant: wlan0: CTRL-EVENT-BEACON-LOSS 
04-10 07:57:12.885 28255 28280 I appium  : AppiumResponse: {"sessionId":"b9e0ddc3-24cb-4feb-bd58-8ccae2b8e011","value":null}
04-10 07:57:12.892 28255 28280 I appium  : channel read: POST /wd/hub/session/b9e0ddc3-24cb-4feb-bd58-8ccae2b8e011/element
04-10 07:57:12.892 28255 28280 I appium  : FindElement command
04-10 07:57:12.893 28255 28280 I appium  : method: 'id', selector: 'ru.otus.wishlist:id/gifts'
04-10 07:57:12.893 28255 28280 I appium  : Waiting up to 10000ms for the device to idle
04-10 07:57:12.899 28255 28280 I appium  : AppiumResponse: {"sessionId":"b9e0ddc3-24cb-4feb-bd58-8ccae2b8e011","value":{"ELEMENT":"00000000-0000-0876-ffff-ffff000000c7","element-6066-11e4-a52e-4f735466cecf":"00000000-0000-0876-ffff-ffff000000c7"}}
04-10 07:57:12.905 28255 28280 I appium  : channel read: GET /wd/hub/session/b9e0ddc3-24cb-4feb-bd58-8ccae2b8e011/element/00000000-0000-0876-ffff-ffff000000c7/attribute/displayed
04-10 07:57:12.905 28255 28280 I appium  : GetElementAttribute command
04-10 07:57:12.909 28255 28280 I appium  : AppiumResponse: {"sessionId":"b9e0ddc3-24cb-4feb-bd58-8ccae2b8e011","value":"true"}
04-10 07:57:12.915 28255 28280 I appium  : channel read: POST /wd/hub/session/b9e0ddc3-24cb-4feb-bd58-8ccae2b8e011/element
04-10 07:57:12.916 28255 28280 I appium  : FindElement command
04-10 07:57:12.916 28255 28280 I appium  : method: 'id', selector: 'ru.otus.wishlist:id/gifts'
04-10 07:57:12.916 28255 28280 I appium  : Waiting up to 10000ms for the device to idle
04-10 07:57:12.922 28255 28280 I appium  : AppiumResponse: {"sessionId":"b9e0ddc3-24cb-4feb-bd58-8ccae2b8e011","value":{"ELEMENT":"00000000-0000-0876-ffff-ffff000000c7","element-6066-11e4-a52e-4f735466cecf":"00000000-0000-0876-ffff-ffff000000c7"}}
04-10 07:57:12.929 28255 28280 I appium  : channel read: POST /wd/hub/session/b9e0ddc3-24cb-4feb-bd58-8ccae2b8e011/elements
04-10 07:57:12.929 28255 28280 I appium  : FindElements command
04-10 07:57:12.930 28255 28280 I appium  : method: 'id', selector: 'ru.otus.wishlist:id/gift_item', contextId: '00000000-0000-0876-ffff-ffff000000c7'
04-10 07:57:12.935 28255 28280 I appium  : Caching 1 found element
04-10 07:57:12.936 28255 28280 I appium  : Cached 1 element
04-10 07:57:12.936 28255 28280 I appium  : AppiumResponse: {"sessionId":"b9e0ddc3-24cb-4feb-bd58-8ccae2b8e011","value":[{"ELEMENT":"00000000-0000-0876-ffff-ffff0000013c","element-6066-11e4-a52e-4f735466cecf":"00000000-0000-0876-ffff-ffff0000013c"}]}
04-10 07:57:12.942 28255 28280 I appium  : channel read: POST /wd/hub/session/b9e0ddc3-24cb-4feb-bd58-8ccae2b8e011/element
04-10 07:57:12.943 28255 28280 I appium  : FindElement command
04-10 07:57:12.943 28255 28280 I appium  : method: 'id', selector: 'ru.otus.wishlist:id/gifts'
04-10 07:57:12.943 28255 28280 I appium  : Waiting up to 10000ms for the device to idle
04-10 07:57:12.948 28255 28280 I appium  : AppiumResponse: {"sessionId":"b9e0ddc3-24cb-4feb-bd58-8ccae2b8e011","value":{"ELEMENT":"00000000-0000-0876-ffff-ffff000000c7","element-6066-11e4-a52e-4f735466cecf":"00000000-0000-0876-ffff-ffff000000c7"}}
04-10 07:57:12.955 28255 28280 I appium  : channel read: POST /wd/hub/session/b9e0ddc3-24cb-4feb-bd58-8ccae2b8e011/element
04-10 07:57:12.955 28255 28280 I appium  : FindElement command
04-10 07:57:12.956 28255 28280 I appium  : method: 'id', selector: 'ru.otus.wishlist:id/gift_item', contextId: '00000000-0000-0876-ffff-ffff000000c7'
04-10 07:57:12.961 28255 28280 I appium  : AppiumResponse: {"sessionId":"b9e0ddc3-24cb-4feb-bd58-8ccae2b8e011","value":{"ELEMENT":"00000000-0000-0876-ffff-ffff0000013c","element-6066-11e4-a52e-4f735466cecf":"00000000-0000-0876-ffff-ffff0000013c"}}
04-10 07:57:12.967 28255 28280 I appium  : channel read: GET /wd/hub/session/b9e0ddc3-24cb-4feb-bd58-8ccae2b8e011/element/00000000-0000-0876-ffff-ffff0000013c/attribute/displayed
04-10 07:57:12.967 28255 28280 I appium  : GetElementAttribute command
04-10 07:57:12.971 28255 28280 I appium  : AppiumResponse: {"sessionId":"b9e0ddc3-24cb-4feb-bd58-8ccae2b8e011","value":"true"}
04-10 07:57:12.977 28255 28280 I appium  : channel read: POST /wd/hub/session/b9e0ddc3-24cb-4feb-bd58-8ccae2b8e011/element
04-10 07:57:12.977 28255 28280 I appium  : FindElement command
04-10 07:57:12.977 28255 28280 I appium  : method: 'id', selector: 'ru.otus.wishlist:id/gifts'
04-10 07:57:12.978 28255 28280 I appium  : Waiting up to 10000ms for the device to idle
04-10 07:57:12.985 28255 28280 I appium  : AppiumResponse: {"sessionId":"b9e0ddc3-24cb-4feb-bd58-8ccae2b8e011","value":{"ELEMENT":"00000000-0000-0876-ffff-ffff000000c7","element-6066-11e4-a52e-4f735466cecf":"00000000-0000-0876-ffff-ffff000000c7"}}
04-10 07:57:12.991 28255 28280 I appium  : channel read: POST /wd/hub/session/b9e0ddc3-24cb-4feb-bd58-8ccae2b8e011/element
04-10 07:57:12.991 28255 28280 I appium  : FindElement command
04-10 07:57:12.992 28255 28280 I appium  : method: 'id', selector: 'ru.otus.wishlist:id/gift_item', contextId: '00000000-0000-0876-ffff-ffff000000c7'
04-10 07:57:12.997 28255 28280 I appium  : AppiumResponse: {"sessionId":"b9e0ddc3-24cb-4feb-bd58-8ccae2b8e011","value":{"ELEMENT":"00000000-0000-0876-ffff-ffff0000013c","element-6066-11e4-a52e-4f735466cecf":"00000000-0000-0876-ffff-ffff0000013c"}}
04-10 07:57:13.003 28255 28280 I appium  : channel read: POST /wd/hub/session/b9e0ddc3-24cb-4feb-bd58-8ccae2b8e011/element
04-10 07:57:13.004 28255 28280 I appium  : FindElement command
04-10 07:57:13.004 28255 28280 I appium  : method: 'id', selector: 'ru.otus.wishlist:id/title', contextId: '00000000-0000-0876-ffff-ffff0000013c'
04-10 07:57:13.009 28255 28280 I appium  : AppiumResponse: {"sessionId":"b9e0ddc3-24cb-4feb-bd58-8ccae2b8e011","value":{"ELEMENT":"00000000-0000-0876-ffff-ffff0000013d","element-6066-11e4-a52e-4f735466cecf":"00000000-0000-0876-ffff-ffff0000013d"}}
04-10 07:57:13.016 28255 28280 I appium  : channel read: GET /wd/hub/session/b9e0ddc3-24cb-4feb-bd58-8ccae2b8e011/element/00000000-0000-0876-ffff-ffff0000013d/name
04-10 07:57:13.017 28255 28280 I appium  : GetName command
04-10 07:57:13.020 28255 28280 I appium  : AppiumResponse: {"sessionId":"b9e0ddc3-24cb-4feb-bd58-8ccae2b8e011","value":null}
04-10 07:57:13.026 28255 28280 I appium  : channel read: GET /wd/hub/session/b9e0ddc3-24cb-4feb-bd58-8ccae2b8e011/element/00000000-0000-0876-ffff-ffff0000013d/text
04-10 07:57:13.027 28255 28280 I appium  : GetText command
04-10 07:57:13.030 28255 28280 I appium  : AppiumResponse: {"sessionId":"b9e0ddc3-24cb-4feb-bd58-8ccae2b8e011","value":"Новый подарок"}
04-10 07:57:13.037 28255 28280 I appium  : channel read: POST /wd/hub/session/b9e0ddc3-24cb-4feb-bd58-8ccae2b8e011/element
04-10 07:57:13.037 28255 28280 I appium  : FindElement command
04-10 07:57:13.038 28255 28280 I appium  : method: 'id', selector: 'ru.otus.wishlist:id/gifts'
04-10 07:57:13.039 28255 28280 I appium  : Waiting up to 10000ms for the device to idle
04-10 07:57:13.046 28255 28280 I appium  : AppiumResponse: {"sessionId":"b9e0ddc3-24cb-4feb-bd58-8ccae2b8e011","value":{"ELEMENT":"00000000-0000-0876-ffff-ffff000000c7","element-6066-11e4-a52e-4f735466cecf":"00000000-0000-0876-ffff-ffff000000c7"}}
04-10 07:57:13.052 28255 28280 I appium  : channel read: POST /wd/hub/session/b9e0ddc3-24cb-4feb-bd58-8ccae2b8e011/element
04-10 07:57:13.052 28255 28280 I appium  : FindElement command
04-10 07:57:13.052 28255 28280 I appium  : method: 'id', selector: 'ru.otus.wishlist:id/gift_item', contextId: '00000000-0000-0876-ffff-ffff000000c7'
04-10 07:57:13.058 28255 28280 I appium  : AppiumResponse: {"sessionId":"b9e0ddc3-24cb-4feb-bd58-8ccae2b8e011","value":{"ELEMENT":"00000000-0000-0876-ffff-ffff0000013c","element-6066-11e4-a52e-4f735466cecf":"00000000-0000-0876-ffff-ffff0000013c"}}
04-10 07:57:13.064 28255 28280 I appium  : channel read: GET /wd/hub/session/b9e0ddc3-24cb-4feb-bd58-8ccae2b8e011/element/00000000-0000-0876-ffff-ffff0000013c/attribute/displayed
04-10 07:57:13.065 28255 28280 I appium  : GetElementAttribute command
04-10 07:57:13.069 28255 28280 I appium  : AppiumResponse: {"sessionId":"b9e0ddc3-24cb-4feb-bd58-8ccae2b8e011","value":"true"}
04-10 07:57:13.077 28255 28280 I appium  : channel read: POST /wd/hub/session/b9e0ddc3-24cb-4feb-bd58-8ccae2b8e011/element
04-10 07:57:13.077 28255 28280 I appium  : FindElement command
04-10 07:57:13.078 28255 28280 I appium  : method: 'id', selector: 'ru.otus.wishlist:id/gifts'
04-10 07:57:13.079 28255 28280 I appium  : Waiting up to 10000ms for the device to idle
04-10 07:57:13.088 28255 28280 I appium  : AppiumResponse: {"sessionId":"b9e0ddc3-24cb-4feb-bd58-8ccae2b8e011","value":{"ELEMENT":"00000000-0000-0876-ffff-ffff000000c7","element-6066-11e4-a52e-4f735466cecf":"00000000-0000-0876-ffff-ffff000000c7"}}
04-10 07:57:13.095 28255 28280 I appium  : channel read: POST /wd/hub/session/b9e0ddc3-24cb-4feb-bd58-8ccae2b8e011/element
04-10 07:57:13.095 28255 28280 I appium  : FindElement command
04-10 07:57:13.096 28255 28280 I appium  : method: 'id', selector: 'ru.otus.wishlist:id/gift_item', contextId: '00000000-0000-0876-ffff-ffff000000c7'
04-10 07:57:13.100 28255 28280 I appium  : AppiumResponse: {"sessionId":"b9e0ddc3-24cb-4feb-bd58-8ccae2b8e011","value":{"ELEMENT":"00000000-0000-0876-ffff-ffff0000013c","element-6066-11e4-a52e-4f735466cecf":"00000000-0000-0876-ffff-ffff0000013c"}}
04-10 07:57:13.107 28255 28280 I appium  : channel read: POST /wd/hub/session/b9e0ddc3-24cb-4feb-bd58-8ccae2b8e011/element
04-10 07:57:13.107 28255 28280 I appium  : FindElement command
04-10 07:57:13.109 28255 28280 I appium  : method: 'id', selector: 'ru.otus.wishlist:id/subtitle', contextId: '00000000-0000-0876-ffff-ffff0000013c'
04-10 07:57:13.112 28255 28280 I appium  : AppiumResponse: {"sessionId":"b9e0ddc3-24cb-4feb-bd58-8ccae2b8e011","value":{"ELEMENT":"00000000-0000-0876-ffff-ffff0000013e","element-6066-11e4-a52e-4f735466cecf":"00000000-0000-0876-ffff-ffff0000013e"}}
04-10 07:57:13.119 28255 28280 I appium  : channel read: GET /wd/hub/session/b9e0ddc3-24cb-4feb-bd58-8ccae2b8e011/element/00000000-0000-0876-ffff-ffff0000013e/name
04-10 07:57:13.119 28255 28280 I appium  : GetName command
04-10 07:57:13.123 28255 28280 I appium  : AppiumResponse: {"sessionId":"b9e0ddc3-24cb-4feb-bd58-8ccae2b8e011","value":null}
