04-15 11:34:21.135 12833 12833 E ResourcesManager: java.io.IOException: Failed to load asset path /data/app/~~E7HUVOVE1_qGCqO9F55iMw==/ru.otus.wishlist-KvzObjiROZidZodhEA4kDA==/base.apk
04-15 11:34:21.135 12833 12833 E ResourcesManager: 	at android.content.res.ApkAssets.nativeLoad(Native Method)
04-15 11:34:21.135 12833 12833 E ResourcesManager: 	at android.content.res.ApkAssets.<init>(ApkAssets.java:295)
04-15 11:34:21.135 12833 12833 E ResourcesManager: 	at android.content.res.ApkAssets.loadFromPath(ApkAssets.java:144)
04-15 11:34:21.135 12833 12833 E ResourcesManager: 	at android.app.ResourcesManager.loadApkAssets(ResourcesManager.java:454)
04-15 11:34:21.135 12833 12833 E ResourcesManager: 	at android.app.ResourcesManager.access$000(ResourcesManager.java:72)
04-15 11:34:21.135 12833 12833 E ResourcesManager: 	at android.app.ResourcesManager$ApkAssetsSupplier.load(ResourcesManager.java:168)
04-15 11:34:21.135 12833 12833 E ResourcesManager: 	at android.app.ResourcesManager.createAssetManager(ResourcesManager.java:530)
04-15 11:34:21.135 12833 12833 E ResourcesManager: 	at android.app.ResourcesManager.createResourcesImpl(ResourcesManager.java:612)
04-15 11:34:21.135 12833 12833 E ResourcesManager: 	at android.app.ResourcesManager.findOrCreateResourcesImplForKeyLocked(ResourcesManager.java:664)
04-15 11:34:21.135 12833 12833 E ResourcesManager: 	at android.app.ResourcesManager.createResources(ResourcesManager.java:1011)
04-15 11:34:21.135 12833 12833 E ResourcesManager: 	at android.app.ResourcesManager.getResources(ResourcesManager.java:1114)
04-15 11:34:21.135 12833 12833 E ResourcesManager: 	at android.app.ActivityThread.getTopLevelResources(ActivityThread.java:2372)
04-15 11:34:21.135 12833 12833 E ResourcesManager: 	at android.app.ApplicationPackageManager.getResourcesForApplication(ApplicationPackageManager.java:1751)
04-15 11:34:21.135 12833 12833 E ResourcesManager: 	at android.app.ApplicationPackageManager.getResourcesForApplication(ApplicationPackageManager.java:1737)
04-15 11:34:21.135 12833 12833 E ResourcesManager: 	at android.app.ApplicationPackageManager.getDrawable(ApplicationPackageManager.java:1506)
04-15 11:34:21.135 12833 12833 E ResourcesManager: 	at android.app.ApplicationPackageManager.loadUnbadgedItemIcon(ApplicationPackageManager.java:3029)
04-15 11:34:21.135 12833 12833 E ResourcesManager: 	at android.content.pm.PackageItemInfo.loadUnbadgedIcon(PackageItemInfo.java:290)
04-15 11:34:21.135 12833 12833 E ResourcesManager: 	at com.android.systemui.toast.SystemUIToast.getBadgedIcon(SystemUIToast.java:284)
04-15 11:34:21.135 12833 12833 E ResourcesManager: 	at com.android.systemui.toast.SystemUIToast.inflateToastView(SystemUIToast.java:198)
04-15 11:34:21.135 12833 12833 E ResourcesManager: 	at com.android.systemui.toast.SystemUIToast.<init>(SystemUIToast.java:90)
04-15 11:34:21.135 12833 12833 E ResourcesManager: 	at com.android.systemui.toast.SystemUIToast.<init>(SystemUIToast.java:77)
04-15 11:34:21.135 12833 12833 E ResourcesManager: 	at com.android.systemui.toast.ToastFactory.createToast(ToastFactory.java:78)
04-15 11:34:21.135 12833 12833 E ResourcesManager: 	at com.android.systemui.toast.ToastUI.lambda$showToast$0(ToastUI.java:113)
04-15 11:34:21.135 12833 12833 E ResourcesManager: 	at com.android.systemui.toast.ToastUI.$r8$lambda$w_gPCh3F8Xxn1jN4lkQZoUci71c(Unknown Source:0)
04-15 11:34:21.135 12833 12833 E ResourcesManager: 	at com.android.systemui.toast.ToastUI$$ExternalSyntheticLambda0.run(Unknown Source:16)
04-15 11:34:21.135 12833 12833 E ResourcesManager: 	at com.android.systemui.toast.ToastUI.showToast(ToastUI.java:140)
04-15 11:34:21.135 12833 12833 E ResourcesManager: 	at com.android.systemui.statusbar.CommandQueue$H.handleMessage(CommandQueue.java:1431)
04-15 11:34:21.135 12833 12833 E ResourcesManager: 	at android.os.Handler.dispatchMessage(Handler.java:106)
04-15 11:34:21.135 12833 12833 E ResourcesManager: 	at android.os.Looper.loopOnce(Looper.java:201)
04-15 11:34:21.135 12833 12833 E ResourcesManager: 	at android.os.Looper.loop(Looper.java:288)
04-15 11:34:21.135 12833 12833 E ResourcesManager: 	at android.app.ActivityThread.main(ActivityThread.java:7839)
04-15 11:34:21.135 12833 12833 E ResourcesManager: 	at java.lang.reflect.Method.invoke(Native Method)
04-15 11:34:21.135 12833 12833 E ResourcesManager: 	at com.android.internal.os.RuntimeInit$MethodAndArgsCaller.run(RuntimeInit.java:548)
04-15 11:34:21.135 12833 12833 E ResourcesManager: 	at com.android.internal.os.ZygoteInit.main(ZygoteInit.java:1003)
04-15 11:34:21.135 12833 12833 W PackageManager: Failure retrieving resources for ru.otus.wishlist
04-15 11:34:21.151   371   410 D goldfish-address-space: claimShared: Ask to claim region [0x3f3efc000 0x3f3f4b000]
04-15 11:34:21.164   371   410 D goldfish-address-space: claimShared: Ask to claim region [0x3f2690000 0x3f26df000]
04-15 11:34:21.170   371   410 D goldfish-address-space: claimShared: Ask to claim region [0x3f26df000 0x3f272e000]
04-15 11:34:21.184 26159 26178 D EGL_emulation: app_time_stats: avg=55.21ms min=11.41ms max=1844.30ms count=49
04-15 11:34:21.194 13314 13314 I GoogleInputMethodService: GoogleInputMethodService.onFinishInput():3420 
04-15 11:34:21.194 13314 13314 I GoogleInputMethodService: GoogleInputMethodService.onStartInput():2002 
04-15 11:34:21.196 13314 13314 I DeviceUnlockedTag: DeviceUnlockedTag.notifyDeviceLockStatusChanged():31 Notify device unlocked.
04-15 11:34:21.196 13314 13314 I ShortcutsDataManager: AbstractContentDataManager.startImportContentTask():235 startImportContentTask()
04-15 11:34:21.197 13314 13602 I ShortcutsDataManager: AbstractContentDataManager$ImportContentTask.doInBackground():249 doInBackground()
04-15 11:34:21.197 13314 13602 I PersonalDictionaryDataHandler: PersonalDictionaryDataHandler.beginProcess():111 LanguageTags = [en-US]
04-15 11:34:21.202 13314 13602 I ShortcutsDataManager: AbstractContentDataManager.importRecords():339 importRecords() : Success : Count = 0
04-15 11:34:21.203 13314 13602 I ShortcutsDataManager: AbstractContentDataManager.importContentData():289 importContentData() : Ending import process
04-15 11:34:21.204 13314 15962 I Delight5Decoder: Delight5DecoderWrapper.unloadLanguageModel():820 unloadLanguageModel() : 4, version [n/a]
04-15 11:34:21.214 13314 13602 I PersonalLanguageModelUpdater: PersonalLanguageModelUpdater$UpdateOperation.performInternal():162 run() : Added 0 words and 0 shortcuts
04-15 11:34:21.214 13314 13602 I DynamicLanguageModelOperation: DynamicLanguageModelOperation.perform():38 perform() : 4 : cny : Completed
04-15 11:34:21.214 13314 15962 I Delight5Decoder: Delight5DecoderWrapper.loadLanguageModel():614 loadLanguageModel() : 4, version [n/a]
04-15 11:34:21.214 13314 13314 I ShortcutsDataManager: AbstractContentDataManager$ImportContentTask.onPostExecute():260 onPostExecute() : Result = [2,0]
04-15 11:34:21.214 13314 13314 I ShortcutsDataManager: ShortcutsDataManager.onImportFinished():83 onImportFinished() : Result = 2 : Count = 0
04-15 11:34:21.214 13314 15962 I Delight5Decoder: Delight5DecoderWrapper.loadLanguageModel():652 Loaded dynamic LM 4.en
04-15 11:34:21.510 12833 12920 D EGL_emulation: app_time_stats: avg=401.71ms min=2.63ms max=2768.92ms count=7
04-15 11:34:21.974 12592 26210 D resolv  : GetAddrInfoHandler::run: {103 103 103 983143 10124 0}
04-15 11:34:21.975 12592 26210 D resolv  : resolv_getaddrinfo: explore_fqdn(): ai_family=0 ai_socktype=1 ai_protocol=6
04-15 11:34:21.975 12592 26212 D resolv  : doQuery: (1, 1)
04-15 11:34:21.975 12592 26212 D resolv  : res_nmkquery: (QUERY, IN, A)
04-15 11:34:21.975 12592 26211 D resolv  : doQuery: (1, 28)
04-15 11:34:21.975 12592 26212 D resolv  : res_nsend
04-15 11:34:21.975 12592 26211 D resolv  : res_nmkquery: (QUERY, IN, AAAA)
04-15 11:34:21.975 12592 26212 I resolv  : resolv_cache_lookup: lookup
04-15 11:34:21.975 12592 26211 D resolv  : res_nsend
04-15 11:34:21.975 12592 26212 I resolv  : resolv_cache_lookup: NOT IN CACHE (STALE ENTRY 0x790037b52b10DISCARDED)
04-15 11:34:21.975 12592 26211 I resolv  : resolv_cache_lookup: lookup
04-15 11:34:21.975 12592 26212 I resolv  : _cache_remove_p: entry 421 removed (count=33)
04-15 11:34:21.975 12592 26212 I resolv  : resolv_populate_res_for_net: netid=103
04-15 11:34:21.975 12592 26211 I resolv  : resolv_cache_lookup: NOT IN CACHE (STALE ENTRY 0x790037b52450DISCARDED)
04-15 11:34:21.975 12592 26211 I resolv  : _cache_remove_p: entry 422 removed (count=32)
04-15 11:34:21.976 12592 26211 I resolv  : resolv_populate_res_for_net: netid=103
04-15 11:34:21.976 12592 26211 I resolv  : res_stats_usable_server: NS stats: S 0 + E 0 + T 64 + I 0 = 64, rtt = -1, min_samples = 8
04-15 11:34:21.976 12592 26211 I resolv  : res_stats_usable_server: success rate 0
04-15 11:34:21.976 12592 26211 I resolv  : res_stats_usable_server: too many resolution errors, ignoring server
04-15 11:34:21.976 12592 26211 I resolv  : res_stats_usable_server: NS stats: S 64 + E 0 + T 0 + I 0 = 64, rtt = 295, min_samples = 8
04-15 11:34:21.976 12592 26211 I resolv  : res_stats_usable_server: success rate 100
04-15 11:34:21.976 12592 26211 D resolv  : res_nsend: Querying server (# 2) address = 10.0.2.3:53
04-15 11:34:21.976 12592 26211 D resolv  : send_dg: new DG socket
04-15 11:34:21.976 12592 26211 I resolv  : get_timeout: using timeout of 5000 msec
04-15 11:34:21.977 12592 26211 I resolv  : retrying_poll: 56 retrying_poll
04-15 11:34:21.978 12592 26212 I resolv  : res_stats_usable_server: NS stats: S 0 + E 0 + T 64 + I 0 = 64, rtt = -1, min_samples = 8
04-15 11:34:21.978 12592 26212 I resolv  : res_stats_usable_server: success rate 0
04-15 11:34:21.978 12592 26212 I resolv  : res_stats_usable_server: too many resolution errors, ignoring server
04-15 11:34:21.978 12592 26212 I resolv  : res_stats_usable_server: NS stats: S 64 + E 0 + T 0 + I 0 = 64, rtt = 295, min_samples = 8
04-15 11:34:21.979 12592 26212 I resolv  : res_stats_usable_server: success rate 100
04-15 11:34:21.979 12592 26212 D resolv  : res_nsend: Querying server (# 2) address = 10.0.2.3:53
04-15 11:34:21.979 12592 26212 D resolv  : send_dg: new DG socket
04-15 11:34:21.979 12592 26212 I resolv  : get_timeout: using timeout of 5000 msec
04-15 11:34:21.979 12592 26212 I resolv  : retrying_poll: 57 retrying_poll
04-15 11:34:22.059 26119 26149 I appium  : AppiumResponse: {"sessionId":"d881b2af-69d1-4a39-9226-2fdde70631cb","value":null}
04-15 11:34:22.067 26119 26149 I appium  : channel read: POST /session/d881b2af-69d1-4a39-9226-2fdde70631cb/element
04-15 11:34:22.068 26119 26149 I appium  : FindElement command
04-15 11:34:22.069 26119 26149 I appium  : method: 'id', selector: 'ru.otus.wishlist:id/gifts'
04-15 11:34:22.071 26119 26149 I appium  : Waiting up to 10000ms for the device to idle
04-15 11:34:22.085 26119 26149 I appium  : AppiumResponse: {"sessionId":"d881b2af-69d1-4a39-9226-2fdde70631cb","value":{"ELEMENT":"00000000-0000-0d0b-ffff-ffff00000078","element-6066-11e4-a52e-4f735466cecf":"00000000-0000-0d0b-ffff-ffff00000078"}}
04-15 11:34:22.093 26119 26149 I appium  : channel read: GET /session/d881b2af-69d1-4a39-9226-2fdde70631cb/element/00000000-0000-0d0b-ffff-ffff00000078/attribute/displayed
04-15 11:34:22.094 26119 26149 I appium  : GetElementAttribute command
04-15 11:34:22.098 26119 26149 I appium  : AppiumResponse: {"sessionId":"d881b2af-69d1-4a39-9226-2fdde70631cb","value":"true"}
04-15 11:34:22.108 26119 26149 I appium  : channel read: POST /session/d881b2af-69d1-4a39-9226-2fdde70631cb/element
04-15 11:34:22.110 26119 26149 I appium  : FindElement command
04-15 11:34:22.111 26119 26149 I appium  : method: 'id', selector: 'ru.otus.wishlist:id/gifts'
04-15 11:34:22.112 26119 26149 I appium  : Waiting up to 10000ms for the device to idle
04-15 11:34:22.123 26119 26149 I appium  : AppiumResponse: {"sessionId":"d881b2af-69d1-4a39-9226-2fdde70631cb","value":{"ELEMENT":"00000000-0000-0d0b-ffff-ffff00000078","element-6066-11e4-a52e-4f735466cecf":"00000000-0000-0d0b-ffff-ffff00000078"}}
04-15 11:34:22.131 26119 26149 I appium  : channel read: POST /session/d881b2af-69d1-4a39-9226-2fdde70631cb/elements
04-15 11:34:22.132 26119 26149 I appium  : FindElements command
04-15 11:34:22.132 26119 26149 I appium  : method: 'id', selector: 'ru.otus.wishlist:id/gift_item', contextId: '00000000-0000-0d0b-ffff-ffff00000078'
04-15 11:34:22.134 26119 26149 D UiObject2: Retrieving nodes with selector: BySelector [RES='\Qru.otus.wishlist:id/gift_item\E'].
04-15 11:34:22.136 26119 26149 I appium  : Caching 1 found element
04-15 11:34:22.137 26119 26149 I appium  : Cached 1 element
04-15 11:34:22.138 26119 26149 I appium  : AppiumResponse: {"sessionId":"d881b2af-69d1-4a39-9226-2fdde70631cb","value":[{"ELEMENT":"00000000-0000-0d0b-ffff-ffff000000ed","element-6066-11e4-a52e-4f735466cecf":"00000000-0000-0d0b-ffff-ffff000000ed"}]}
04-15 11:34:22.146 26119 26149 I appium  : channel read: POST /session/d881b2af-69d1-4a39-9226-2fdde70631cb/element
04-15 11:34:22.147 26119 26149 I appium  : FindElement command
04-15 11:34:22.147 26119 26149 I appium  : method: 'id', selector: 'ru.otus.wishlist:id/gifts'
04-15 11:34:22.148 26119 26149 I appium  : Waiting up to 10000ms for the device to idle
04-15 11:34:22.155 26119 26149 I appium  : AppiumResponse: {"sessionId":"d881b2af-69d1-4a39-9226-2fdde70631cb","value":{"ELEMENT":"00000000-0000-0d0b-ffff-ffff00000078","element-6066-11e4-a52e-4f735466cecf":"00000000-0000-0d0b-ffff-ffff00000078"}}
04-15 11:34:22.162 26119 26149 I appium  : channel read: POST /session/d881b2af-69d1-4a39-9226-2fdde70631cb/element
04-15 11:34:22.163 26119 26149 I appium  : FindElement command
04-15 11:34:22.163 26119 26149 I appium  : method: 'id', selector: 'ru.otus.wishlist:id/gift_item', contextId: '00000000-0000-0d0b-ffff-ffff00000078'
04-15 11:34:22.165 26119 26149 D UiObject2: Retrieving node with selector: BySelector [RES='\Qru.otus.wishlist:id/gift_item\E'].
04-15 11:34:22.168 26119 26149 I appium  : AppiumResponse: {"sessionId":"d881b2af-69d1-4a39-9226-2fdde70631cb","value":{"ELEMENT":"00000000-0000-0d0b-ffff-ffff000000ed","element-6066-11e4-a52e-4f735466cecf":"00000000-0000-0d0b-ffff-ffff000000ed"}}
04-15 11:34:22.174 26119 26149 I appium  : channel read: GET /session/d881b2af-69d1-4a39-9226-2fdde70631cb/element/00000000-0000-0d0b-ffff-ffff000000ed/attribute/displayed
04-15 11:34:22.175 26119 26149 I appium  : GetElementAttribute command
04-15 11:34:22.179 26119 26149 I appium  : AppiumResponse: {"sessionId":"d881b2af-69d1-4a39-9226-2fdde70631cb","value":"true"}
04-15 11:34:22.185 24438 24521 E YouTubeMusic: Giving up device auth after 5 tries
04-15 11:34:22.185 24438 24521 E YouTubeMusic: java.util.concurrent.ExecutionException: java.net.SocketTimeoutException
04-15 11:34:22.185 24438 24521 E YouTubeMusic: 	at acyh.s(PG:6)
04-15 11:34:22.185 24438 24521 E YouTubeMusic: 	at acyh.get(PG:19)
04-15 11:34:22.185 24438 24521 E YouTubeMusic: 	at adbz.b(PG:3)
04-15 11:34:22.185 24438 24521 E YouTubeMusic: 	at rkb.get(PG:2)
04-15 11:34:22.185 24438 24521 E YouTubeMusic: 	at adbz.b(PG:3)
04-15 11:34:22.185 24438 24521 E YouTubeMusic: 	at wsh.a(PG:8)
04-15 11:34:22.185 24438 24521 E YouTubeMusic: 	at wsd.a(Unknown Source:4)
04-15 11:34:22.185 24438 24521 E YouTubeMusic: 	at acyj.f(PG:2)
04-15 11:34:22.185 24438 24521 E YouTubeMusic: 	at acyl.run(PG:9)
04-15 11:34:22.185 24438 24521 E YouTubeMusic: 	at aczp.execute(PG:1)
04-15 11:34:22.185 24438 24521 E YouTubeMusic: 	at acyh.q(PG:1)
04-15 11:34:22.185 24438 24521 E YouTubeMusic: 	at acyh.lQ(PG:6)
04-15 11:34:22.185 24438 24521 E YouTubeMusic: 	at acyl.i(PG:3)
04-15 11:34:22.185 24438 24521 E YouTubeMusic: 	at wse.a(PG:8)
04-15 11:34:22.185 24438 24521 E YouTubeMusic: 	at acyj.f(PG:2)
04-15 11:34:22.185 24438 24521 E YouTubeMusic: 	at acyl.run(PG:9)
04-15 11:34:22.185 24438 24521 E YouTubeMusic: 	at aczp.execute(PG:1)
04-15 11:34:22.185 24438 24521 E YouTubeMusic: 	at acyh.q(PG:1)
04-15 11:34:22.185 24438 24521 E YouTubeMusic: 	at acyh.lQ(PG:6)
04-15 11:34:22.185 24438 24521 E YouTubeMusic: 	at acyl.i(PG:3)
04-15 11:34:22.185 24438 24521 E YouTubeMusic: 	at wsh.d(PG:8)
04-15 11:34:22.185 24438 24521 E YouTubeMusic: 	at wsh.c(PG:1)
04-15 11:34:22.185 24438 24521 E YouTubeMusic: 	at tau.k(PG:8)
04-15 11:34:22.185 24438 24521 E YouTubeMusic: 	at rux.a(PG:15)
04-15 11:34:22.185 24438 24521 E YouTubeMusic: 	at rux.run(PG:17)
04-15 11:34:22.185 24438 24521 E YouTubeMusic: 	at java.util.concurrent.ThreadPoolExecutor.runWorker(ThreadPoolExecutor.java:1167)
04-15 11:34:22.185 24438 24521 E YouTubeMusic: 	at java.util.concurrent.ThreadPoolExecutor$Worker.run(ThreadPoolExecutor.java:641)
04-15 11:34:22.185 24438 24521 E YouTubeMusic: 	at rmq.run(PG:12)
04-15 11:34:22.185 24438 24521 E YouTubeMusic: 	at java.lang.Thread.run(Thread.java:920)
04-15 11:34:22.185 24438 24521 E YouTubeMusic: Caused by: java.net.SocketTimeoutException
04-15 11:34:22.185 24438 24521 E YouTubeMusic: 	at rtn.c(PG:7)
04-15 11:34:22.185 24438 24521 E YouTubeMusic: 	at rth.a(PG:29)
04-15 11:34:22.185 24438 24521 E YouTubeMusic: 	at wvo.c(PG:3)
04-15 11:34:22.185 24438 24521 E YouTubeMusic: 	at wvc.a(PG:3)
04-15 11:34:22.185 24438 24521 E YouTubeMusic: 	at wsh.a(PG:7)
04-15 11:34:22.185 24438 24521 E YouTubeMusic: 	... 23 more
04-15 11:34:22.185 24438 24521 E YouTubeMusic: failed to get device auth
04-15 11:34:22.185 24438 24521 E YouTubeMusic: java.util.concurrent.ExecutionException: java.util.concurrent.ExecutionException: java.net.SocketTimeoutException
04-15 11:34:22.185 24438 24521 E YouTubeMusic: 	at acyh.s(PG:6)
04-15 11:34:22.185 24438 24521 E YouTubeMusic: 	at acyh.get(PG:4)
04-15 11:34:22.185 24438 24521 E YouTubeMusic: 	at adbz.a(PG:1)
04-15 11:34:22.185 24438 24521 E YouTubeMusic: 	at wsh.c(PG:1)
04-15 11:34:22.185 24438 24521 E YouTubeMusic: 	at tau.k(PG:8)
04-15 11:34:22.185 24438 24521 E YouTubeMusic: 	at rux.a(PG:15)
04-15 11:34:22.185 24438 24521 E YouTubeMusic: 	at rux.run(PG:17)
04-15 11:34:22.185 24438 24521 E YouTubeMusic: 	at java.util.concurrent.ThreadPoolExecutor.runWorker(ThreadPoolExecutor.java:1167)
04-15 11:34:22.185 24438 24521 E YouTubeMusic: 	at java.util.concurrent.ThreadPoolExecutor$Worker.run(ThreadPoolExecutor.java:641)
04-15 11:34:22.185 24438 24521 E YouTubeMusic: 	at rmq.run(PG:12)
04-15 11:34:22.185 24438 24521 E YouTubeMusic: 	at java.lang.Thread.run(Thread.java:920)
04-15 11:34:22.185 24438 24521 E YouTubeMusic: Caused by: java.util.concurrent.ExecutionException: java.net.SocketTimeoutException
04-15 11:34:22.185 24438 24521 E YouTubeMusic: 	at acyh.s(PG:6)
04-15 11:34:22.185 24438 24521 E YouTubeMusic: 	at acyh.get(PG:19)
04-15 11:34:22.185 24438 24521 E YouTubeMusic: 	at adbz.b(PG:3)
04-15 11:34:22.185 24438 24521 E YouTubeMusic: 	at rkb.get(PG:2)
04-15 11:34:22.185 24438 24521 E YouTubeMusic: 	at adbz.b(PG:3)
04-15 11:34:22.185 24438 24521 E YouTubeMusic: 	at wsh.a(PG:8)
04-15 11:34:22.185 24438 24521 E YouTubeMusic: 	at wsd.a(Unknown Source:4)
04-15 11:34:22.185 24438 24521 E YouTubeMusic: 	at acyj.f(PG:2)
04-15 11:34:22.185 24438 24521 E YouTubeMusic: 	at acyl.run(PG:9)
04-15 11:34:22.185 24438 24521 E YouTubeMusic: 	at aczp.execute(PG:1)
04-15 11:34:22.185 24438 24521 E YouTubeMusic: 	at acyh.q(PG:1)
04-15 11:34:22.185 24438 24521 E YouTubeMusic: 	at acyh.lQ(PG:6)
04-15 11:34:22.185 24438 24521 E YouTubeMusic: 	at acyl.i(PG:3)
04-15 11:34:22.185 24438 24521 E YouTubeMusic: 	at wse.a(PG:8)
04-15 11:34:22.185 24438 24521 E YouTubeMusic: 	at acyj.f(PG:2)
04-15 11:34:22.185 24438 24521 E YouTubeMusic: 	at acyl.run(PG:9)
04-15 11:34:22.185 24438 24521 E YouTubeMusic: 	at aczp.execute(PG:1)
04-15 11:34:22.185 24438 24521 E YouTubeMusic: 	at acyh.q(PG:1)
04-15 11:34:22.185 24438 24521 E YouTubeMusic: 	at acyh.lQ(PG:6)
04-15 11:34:22.185 24438 24521 E YouTubeMusic: 	at acyl.i(PG:3)
04-15 11:34:22.185 24438 24521 E YouTubeMusic: 	at wsh.d(PG:8)
04-15 11:34:22.185 24438 24521 E YouTubeMusic: 	... 8 more
04-15 11:34:22.185 24438 24521 E YouTubeMusic: Caused by: java.net.SocketTimeoutException
04-15 11:34:22.185 24438 24521 E YouTubeMusic: 	at rtn.c(PG:7)
04-15 11:34:22.185 24438 24521 E YouTubeMusic: 	at rth.a(PG:29)
04-15 11:34:22.185 24438 24521 E YouTubeMusic: 	at wvo.c(PG:3)
04-15 11:34:22.185 24438 24521 E YouTubeMusic: 	at wvc.a(PG:3)
04-15 11:34:22.185 24438 24521 E YouTubeMusic: 	at wsh.a(PG:7)
04-15 11:34:22.185 24438 24521 E YouTubeMusic: 	... 23 more
04-15 11:34:22.187 26119 26149 I appium  : channel read: POST /session/d881b2af-69d1-4a39-9226-2fdde70631cb/element
04-15 11:34:22.188 26119 26149 I appium  : FindElement command
04-15 11:34:22.188 26119 26149 I appium  : method: 'id', selector: 'ru.otus.wishlist:id/gifts'
04-15 11:34:22.188 26119 26149 I appium  : Waiting up to 10000ms for the device to idle
04-15 11:34:22.195 24438 24540 E YouTubeMusic: failed to get device auth
04-15 11:34:22.195 24438 24540 E YouTubeMusic: java.util.concurrent.ExecutionException: java.util.concurrent.ExecutionException: java.net.SocketTimeoutException
04-15 11:34:22.195 24438 24540 E YouTubeMusic: 	at acyh.s(PG:6)
04-15 11:34:22.195 24438 24540 E YouTubeMusic: 	at acyh.get(PG:4)
04-15 11:34:22.195 24438 24540 E YouTubeMusic: 	at adbz.a(PG:1)
04-15 11:34:22.195 24438 24540 E YouTubeMusic: 	at wsh.c(PG:1)
04-15 11:34:22.195 24438 24540 E YouTubeMusic: 	at tau.k(PG:8)
04-15 11:34:22.195 24438 24540 E YouTubeMusic: 	at rux.a(PG:15)
04-15 11:34:22.195 24438 24540 E YouTubeMusic: 	at rux.run(PG:17)
04-15 11:34:22.195 24438 24540 E YouTubeMusic: 	at java.util.concurrent.ThreadPoolExecutor.runWorker(ThreadPoolExecutor.java:1167)
04-15 11:34:22.195 24438 24540 E YouTubeMusic: 	at java.util.concurrent.ThreadPoolExecutor$Worker.run(ThreadPoolExecutor.java:641)
04-15 11:34:22.195 24438 24540 E YouTubeMusic: 	at rmq.run(PG:12)
04-15 11:34:22.195 24438 24540 E YouTubeMusic: 	at java.lang.Thread.run(Thread.java:920)
04-15 11:34:22.195 24438 24540 E YouTubeMusic: Caused by: java.util.concurrent.ExecutionException: java.net.SocketTimeoutException
04-15 11:34:22.195 24438 24540 E YouTubeMusic: 	at acyh.s(PG:6)
04-15 11:34:22.195 24438 24540 E YouTubeMusic: 	at acyh.get(PG:19)
04-15 11:34:22.195 24438 24540 E YouTubeMusic: 	at adbz.b(PG:3)
04-15 11:34:22.195 24438 24540 E YouTubeMusic: 	at rkb.get(PG:2)
04-15 11:34:22.195 24438 24540 E YouTubeMusic: 	at adbz.b(PG:3)
04-15 11:34:22.195 24438 24540 E YouTubeMusic: 	at wsh.a(PG:8)
04-15 11:34:22.195 24438 24540 E YouTubeMusic: 	at wsd.a(Unknown Source:4)
04-15 11:34:22.195 24438 24540 E YouTubeMusic: 	at acyj.f(PG:2)
04-15 11:34:22.195 24438 24540 E YouTubeMusic: 	at acyl.run(PG:9)
04-15 11:34:22.195 24438 24540 E YouTubeMusic: 	at aczp.execute(PG:1)
04-15 11:34:22.195 24438 24540 E YouTubeMusic: 	at acyh.q(PG:1)
04-15 11:34:22.195 24438 24540 E YouTubeMusic: 	at acyh.lQ(PG:6)
04-15 11:34:22.195 24438 24540 E YouTubeMusic: 	at acyl.i(PG:3)
04-15 11:34:22.195 24438 24540 E YouTubeMusic: 	at wse.a(PG:8)
04-15 11:34:22.195 24438 24540 E YouTubeMusic: 	at acyj.f(PG:2)
04-15 11:34:22.195 24438 24540 E YouTubeMusic: 	at acyl.run(PG:9)
04-15 11:34:22.195 24438 24540 E YouTubeMusic: 	at aczp.execute(PG:1)
04-15 11:34:22.195 24438 24540 E YouTubeMusic: 	at acyh.q(PG:1)
04-15 11:34:22.195 24438 24540 E YouTubeMusic: 	at acyh.lQ(PG:6)
04-15 11:34:22.195 24438 24540 E YouTubeMusic: 	at acyl.i(PG:3)
04-15 11:34:22.195 24438 24540 E YouTubeMusic: 	at wsh.d(PG:8)
04-15 11:34:22.195 24438 24540 E YouTubeMusic: 	... 8 more
04-15 11:34:22.195 24438 24540 E YouTubeMusic: Caused by: java.net.SocketTimeoutException
04-15 11:34:22.195 24438 24540 E YouTubeMusic: 	at rtn.c(PG:7)
04-15 11:34:22.195 24438 24540 E YouTubeMusic: 	at rth.a(PG:29)
04-15 11:34:22.195 24438 24540 E YouTubeMusic: 	at wvo.c(PG:3)
04-15 11:34:22.195 24438 24540 E YouTubeMusic: 	at wvc.a(PG:3)
04-15 11:34:22.195 24438 24540 E YouTubeMusic: 	at wsh.a(PG:7)
04-15 11:34:22.195 24438 24540 E YouTubeMusic: 	... 23 more
04-15 11:34:22.203 26119 26149 I appium  : AppiumResponse: {"sessionId":"d881b2af-69d1-4a39-9226-2fdde70631cb","value":{"ELEMENT":"00000000-0000-0d0b-ffff-ffff00000078","element-6066-11e4-a52e-4f735466cecf":"00000000-0000-0d0b-ffff-ffff00000078"}}
04-15 11:34:22.211 26119 26149 I appium  : channel read: POST /session/d881b2af-69d1-4a39-9226-2fdde70631cb/element
04-15 11:34:22.211 26119 26149 I appium  : FindElement command
04-15 11:34:22.212 26119 26149 I appium  : method: 'id', selector: 'ru.otus.wishlist:id/gift_item', contextId: '00000000-0000-0d0b-ffff-ffff00000078'
04-15 11:34:22.214 26119 26149 D UiObject2: Retrieving node with selector: BySelector [RES='\Qru.otus.wishlist:id/gift_item\E'].
04-15 11:34:22.216 26119 26149 I appium  : AppiumResponse: {"sessionId":"d881b2af-69d1-4a39-9226-2fdde70631cb","value":{"ELEMENT":"00000000-0000-0d0b-ffff-ffff000000ed","element-6066-11e4-a52e-4f735466cecf":"00000000-0000-0d0b-ffff-ffff000000ed"}}
04-15 11:34:22.224 26119 26149 I appium  : channel read: POST /session/d881b2af-69d1-4a39-9226-2fdde70631cb/element
04-15 11:34:22.225 26119 26149 I appium  : FindElement command
04-15 11:34:22.226 26119 26149 I appium  : method: 'id', selector: 'ru.otus.wishlist:id/title', contextId: '00000000-0000-0d0b-ffff-ffff000000ed'
04-15 11:34:22.228 26119 26149 D UiObject2: Retrieving node with selector: BySelector [RES='\Qru.otus.wishlist:id/title\E'].
04-15 11:34:22.230 26119 26149 I appium  : AppiumResponse: {"sessionId":"d881b2af-69d1-4a39-9226-2fdde70631cb","value":{"ELEMENT":"00000000-0000-0d0b-ffff-ffff000000ee","element-6066-11e4-a52e-4f735466cecf":"00000000-0000-0d0b-ffff-ffff000000ee"}}
04-15 11:34:22.238 26119 26149 I appium  : channel read: GET /session/d881b2af-69d1-4a39-9226-2fdde70631cb/element/00000000-0000-0d0b-ffff-ffff000000ee/name
04-15 11:34:22.239 26119 26149 I appium  : GetName command
04-15 11:34:22.242 26119 26149 I appium  : AppiumResponse: {"sessionId":"d881b2af-69d1-4a39-9226-2fdde70631cb","value":null}
04-15 11:34:22.250 26119 26149 I appium  : channel read: GET /session/d881b2af-69d1-4a39-9226-2fdde70631cb/element/00000000-0000-0d0b-ffff-ffff000000ee/text
04-15 11:34:22.251 26119 26149 I appium  : GetText command
04-15 11:34:22.255 26119 26149 I appium  : AppiumResponse: {"sessionId":"d881b2af-69d1-4a39-9226-2fdde70631cb","value":"Новый подарок"}
04-15 11:34:22.263 26119 26149 I appium  : channel read: POST /session/d881b2af-69d1-4a39-9226-2fdde70631cb/element
04-15 11:34:22.264 26119 26149 I appium  : FindElement command
04-15 11:34:22.266 26119 26149 I appium  : method: 'id', selector: 'ru.otus.wishlist:id/gifts'
04-15 11:34:22.266 26119 26149 I appium  : Waiting up to 10000ms for the device to idle
04-15 11:34:22.273 26119 26149 I appium  : AppiumResponse: {"sessionId":"d881b2af-69d1-4a39-9226-2fdde70631cb","value":{"ELEMENT":"00000000-0000-0d0b-ffff-ffff00000078","element-6066-11e4-a52e-4f735466cecf":"00000000-0000-0d0b-ffff-ffff00000078"}}
04-15 11:34:22.281 26119 26149 I appium  : channel read: POST /session/d881b2af-69d1-4a39-9226-2fdde70631cb/element
04-15 11:34:22.282 26119 26149 I appium  : FindElement command
04-15 11:34:22.283 26119 26149 I appium  : method: 'id', selector: 'ru.otus.wishlist:id/gift_item', contextId: '00000000-0000-0d0b-ffff-ffff00000078'
04-15 11:34:22.285 26119 26149 D UiObject2: Retrieving node with selector: BySelector [RES='\Qru.otus.wishlist:id/gift_item\E'].
04-15 11:34:22.288 26119 26149 I appium  : AppiumResponse: {"sessionId":"d881b2af-69d1-4a39-9226-2fdde70631cb","value":{"ELEMENT":"00000000-0000-0d0b-ffff-ffff000000ed","element-6066-11e4-a52e-4f735466cecf":"00000000-0000-0d0b-ffff-ffff000000ed"}}
04-15 11:34:22.295 26119 26149 I appium  : channel read: GET /session/d881b2af-69d1-4a39-9226-2fdde70631cb/element/00000000-0000-0d0b-ffff-ffff000000ed/attribute/displayed
04-15 11:34:22.295 26119 26149 I appium  : GetElementAttribute command
04-15 11:34:22.299 26119 26149 I appium  : AppiumResponse: {"sessionId":"d881b2af-69d1-4a39-9226-2fdde70631cb","value":"true"}
04-15 11:34:22.306 26119 26149 I appium  : channel read: POST /session/d881b2af-69d1-4a39-9226-2fdde70631cb/element
04-15 11:34:22.307 26119 26149 I appium  : FindElement command
04-15 11:34:22.307 26119 26149 I appium  : method: 'id', selector: 'ru.otus.wishlist:id/gifts'
04-15 11:34:22.308 26119 26149 I appium  : Waiting up to 10000ms for the device to idle
04-15 11:34:22.314 26119 26149 I appium  : AppiumResponse: {"sessionId":"d881b2af-69d1-4a39-9226-2fdde70631cb","value":{"ELEMENT":"00000000-0000-0d0b-ffff-ffff00000078","element-6066-11e4-a52e-4f735466cecf":"00000000-0000-0d0b-ffff-ffff00000078"}}
04-15 11:34:22.321 26119 26149 I appium  : channel read: POST /session/d881b2af-69d1-4a39-9226-2fdde70631cb/element
04-15 11:34:22.322 26119 26149 I appium  : FindElement command
04-15 11:34:22.322 26119 26149 I appium  : method: 'id', selector: 'ru.otus.wishlist:id/gift_item', contextId: '00000000-0000-0d0b-ffff-ffff00000078'
04-15 11:34:22.325 26119 26149 D UiObject2: Retrieving node with selector: BySelector [RES='\Qru.otus.wishlist:id/gift_item\E'].
04-15 11:34:22.327 26119 26149 I appium  : AppiumResponse: {"sessionId":"d881b2af-69d1-4a39-9226-2fdde70631cb","value":{"ELEMENT":"00000000-0000-0d0b-ffff-ffff000000ed","element-6066-11e4-a52e-4f735466cecf":"00000000-0000-0d0b-ffff-ffff000000ed"}}
04-15 11:34:22.334 26119 26149 I appium  : channel read: POST /session/d881b2af-69d1-4a39-9226-2fdde70631cb/element
04-15 11:34:22.334 26119 26149 I appium  : FindElement command
04-15 11:34:22.335 26119 26149 I appium  : method: 'id', selector: 'ru.otus.wishlist:id/subtitle', contextId: '00000000-0000-0d0b-ffff-ffff000000ed'
04-15 11:34:22.337 26119 26149 D UiObject2: Retrieving node with selector: BySelector [RES='\Qru.otus.wishlist:id/subtitle\E'].
04-15 11:34:22.340 26119 26149 I appium  : AppiumResponse: {"sessionId":"d881b2af-69d1-4a39-9226-2fdde70631cb","value":{"ELEMENT":"00000000-0000-0d0b-ffff-ffff000000ef","element-6066-11e4-a52e-4f735466cecf":"00000000-0000-0d0b-ffff-ffff000000ef"}}
04-15 11:34:22.346 26119 26149 I appium  : channel read: GET /session/d881b2af-69d1-4a39-9226-2fdde70631cb/element/00000000-0000-0d0b-ffff-ffff000000ef/name
04-15 11:34:22.347 26119 26149 I appium  : GetName command
04-15 11:34:22.351 26119 26149 I appium  : AppiumResponse: {"sessionId":"d881b2af-69d1-4a39-9226-2fdde70631cb","value":null}
04-15 11:34:22.358 26119 26149 I appium  : channel read: GET /session/d881b2af-69d1-4a39-9226-2fdde70631cb/element/00000000-0000-0d0b-ffff-ffff000000ef/text
04-15 11:34:22.358 26119 26149 I appium  : GetText command
04-15 11:34:22.362 26119 26149 I appium  : AppiumResponse: {"sessionId":"d881b2af-69d1-4a39-9226-2fdde70631cb","value":"Нам уже не подарят"}
04-15 11:34:22.381     0     0 I logd    : logdr: UID=2000 GID=2000 PID=26213 n tail=0 logMask=99 pid=0 start=0ns deadline=0ns
