04-13 07:56:04.463 12833 12833 E ResourcesManager: 	at android.content.res.ApkAssets.nativeLoad(Native Method)
04-13 07:56:04.463 12833 12833 E ResourcesManager: 	at android.content.res.ApkAssets.<init>(ApkAssets.java:295)
04-13 07:56:04.463 12833 12833 E ResourcesManager: 	at android.content.res.ApkAssets.loadFromPath(ApkAssets.java:144)
04-13 07:56:04.463 12833 12833 E ResourcesManager: 	at android.app.ResourcesManager.loadApkAssets(ResourcesManager.java:454)
04-13 07:56:04.463 12833 12833 E ResourcesManager: 	at android.app.ResourcesManager.access$000(ResourcesManager.java:72)
04-13 07:56:04.463 12833 12833 E ResourcesManager: 	at android.app.ResourcesManager$ApkAssetsSupplier.load(ResourcesManager.java:168)
04-13 07:56:04.463 12833 12833 E ResourcesManager: 	at android.app.ResourcesManager.createAssetManager(ResourcesManager.java:530)
04-13 07:56:04.463 12833 12833 E ResourcesManager: 	at android.app.ResourcesManager.createResourcesImpl(ResourcesManager.java:612)
04-13 07:56:04.463 12833 12833 E ResourcesManager: 	at android.app.ResourcesManager.findOrCreateResourcesImplForKeyLocked(ResourcesManager.java:664)
04-13 07:56:04.463 12833 12833 E ResourcesManager: 	at android.app.ResourcesManager.createResources(ResourcesManager.java:1011)
04-13 07:56:04.463 12833 12833 E ResourcesManager: 	at android.app.ResourcesManager.getResources(ResourcesManager.java:1114)
04-13 07:56:04.463 12833 12833 E ResourcesManager: 	at android.app.ActivityThread.getTopLevelResources(ActivityThread.java:2372)
04-13 07:56:04.463 12833 12833 E ResourcesManager: 	at android.app.ApplicationPackageManager.getResourcesForApplication(ApplicationPackageManager.java:1751)
04-13 07:56:04.463 12833 12833 E ResourcesManager: 	at android.app.ApplicationPackageManager.getResourcesForApplication(ApplicationPackageManager.java:1737)
04-13 07:56:04.463 12833 12833 E ResourcesManager: 	at android.app.ApplicationPackageManager.getDrawable(ApplicationPackageManager.java:1506)
04-13 07:56:04.463 12833 12833 E ResourcesManager: 	at android.app.ApplicationPackageManager.loadUnbadgedItemIcon(ApplicationPackageManager.java:3029)
04-13 07:56:04.463 12833 12833 E ResourcesManager: 	at android.content.pm.PackageItemInfo.loadUnbadgedIcon(PackageItemInfo.java:290)
04-13 07:56:04.463 12833 12833 E ResourcesManager: 	at com.android.systemui.toast.SystemUIToast.getBadgedIcon(SystemUIToast.java:284)
04-13 07:56:04.463 12833 12833 E ResourcesManager: 	at com.android.systemui.toast.SystemUIToast.inflateToastView(SystemUIToast.java:198)
04-13 07:56:04.463 12833 12833 E ResourcesManager: 	at com.android.systemui.toast.SystemUIToast.<init>(SystemUIToast.java:90)
04-13 07:56:04.463 12833 12833 E ResourcesManager: 	at com.android.systemui.toast.SystemUIToast.<init>(SystemUIToast.java:77)
04-13 07:56:04.463 12833 12833 E ResourcesManager: 	at com.android.systemui.toast.ToastFactory.createToast(ToastFactory.java:78)
04-13 07:56:04.463 12833 12833 E ResourcesManager: 	at com.android.systemui.toast.ToastUI.lambda$showToast$0(ToastUI.java:113)
04-13 07:56:04.463 12833 12833 E ResourcesManager: 	at com.android.systemui.toast.ToastUI.$r8$lambda$w_gPCh3F8Xxn1jN4lkQZoUci71c(Unknown Source:0)
04-13 07:56:04.463 12833 12833 E ResourcesManager: 	at com.android.systemui.toast.ToastUI$$ExternalSyntheticLambda0.run(Unknown Source:16)
04-13 07:56:04.463 12833 12833 E ResourcesManager: 	at com.android.systemui.toast.ToastUI.showToast(ToastUI.java:140)
04-13 07:56:04.463 12833 12833 E ResourcesManager: 	at com.android.systemui.statusbar.CommandQueue$H.handleMessage(CommandQueue.java:1431)
04-13 07:56:04.463 12833 12833 E ResourcesManager: 	at android.os.Handler.dispatchMessage(Handler.java:106)
04-13 07:56:04.463 12833 12833 E ResourcesManager: 	at android.os.Looper.loopOnce(Looper.java:201)
04-13 07:56:04.463 12833 12833 E ResourcesManager: 	at android.os.Looper.loop(Looper.java:288)
04-13 07:56:04.463 12833 12833 E ResourcesManager: 	at android.app.ActivityThread.main(ActivityThread.java:7839)
04-13 07:56:04.463 12833 12833 E ResourcesManager: 	at java.lang.reflect.Method.invoke(Native Method)
04-13 07:56:04.463 12833 12833 E ResourcesManager: 	at com.android.internal.os.RuntimeInit$MethodAndArgsCaller.run(RuntimeInit.java:548)
04-13 07:56:04.463 12833 12833 E ResourcesManager: 	at com.android.internal.os.ZygoteInit.main(ZygoteInit.java:1003)
04-13 07:56:04.464 12833 12833 W PackageManager: Failure retrieving resources for ru.otus.wishlist
04-13 07:56:04.488   371   410 D goldfish-address-space: claimShared: Ask to claim region [0x3f3efc000 0x3f3f44000]
04-13 07:56:04.495   371   410 D goldfish-address-space: claimShared: Ask to claim region [0x3f398c000 0x3f39d4000]
04-13 07:56:04.508   371   410 D goldfish-address-space: claimShared: Ask to claim region [0x3f2690000 0x3f26d8000]
04-13 07:56:04.533 22728 22747 D EGL_emulation: app_time_stats: avg=130.46ms min=3.26ms max=5231.23ms count=46
04-13 07:56:04.538 13314 13314 I GoogleInputMethodService: GoogleInputMethodService.onFinishInput():3420 
04-13 07:56:04.539 13314 13314 I GoogleInputMethodService: GoogleInputMethodService.onStartInput():2002 
04-13 07:56:04.541 13314 13314 I DeviceUnlockedTag: DeviceUnlockedTag.notifyDeviceLockStatusChanged():31 Notify device unlocked.
04-13 07:56:04.541 13314 13314 I ShortcutsDataManager: AbstractContentDataManager.startImportContentTask():235 startImportContentTask()
04-13 07:56:04.542 13314 13602 I ShortcutsDataManager: AbstractContentDataManager$ImportContentTask.doInBackground():249 doInBackground()
04-13 07:56:04.543 13314 13602 I PersonalDictionaryDataHandler: PersonalDictionaryDataHandler.beginProcess():111 LanguageTags = [en-US]
04-13 07:56:04.547 13314 13602 I ShortcutsDataManager: AbstractContentDataManager.importRecords():339 importRecords() : Success : Count = 0
04-13 07:56:04.550 13314 13602 I ShortcutsDataManager: AbstractContentDataManager.importContentData():289 importContentData() : Ending import process
04-13 07:56:04.550 13314 15962 I Delight5Decoder: Delight5DecoderWrapper.unloadLanguageModel():820 unloadLanguageModel() : 4, version [n/a]
04-13 07:56:04.562 13314 13602 I PersonalLanguageModelUpdater: PersonalLanguageModelUpdater$UpdateOperation.performInternal():162 run() : Added 0 words and 0 shortcuts
04-13 07:56:04.562 13314 13602 I DynamicLanguageModelOperation: DynamicLanguageModelOperation.perform():38 perform() : 4 : cny : Completed
04-13 07:56:04.562 13314 15962 I Delight5Decoder: Delight5DecoderWrapper.loadLanguageModel():614 loadLanguageModel() : 4, version [n/a]
04-13 07:56:04.563 13314 15962 I Delight5Decoder: Delight5DecoderWrapper.loadLanguageModel():652 Loaded dynamic LM 4.en
04-13 07:56:04.563 13314 13314 I ShortcutsDataManager: AbstractContentDataManager$ImportContentTask.onPostExecute():260 onPostExecute() : Result = [2,0]
04-13 07:56:04.564 13314 13314 I ShortcutsDataManager: ShortcutsDataManager.onImportFinished():83 onImportFinished() : Result = 2 : Count = 0
04-13 07:56:04.841 12833 12920 D EGL_emulation: app_time_stats: avg=776.86ms min=2.38ms max=6119.67ms count=8
04-13 07:56:05.122 22687 22716 I appium  : AppiumResponse: {"sessionId":"232f4979-f46f-400d-aa7e-81cd8ddd97b7","value":null}
04-13 07:56:05.129 22687 22716 I appium  : channel read: POST /session/232f4979-f46f-400d-aa7e-81cd8ddd97b7/element
04-13 07:56:05.130 22687 22716 I appium  : FindElement command
04-13 07:56:05.130 22687 22716 I appium  : method: 'id', selector: 'ru.otus.wishlist:id/gifts'
04-13 07:56:05.131 22687 22716 I appium  : Waiting up to 10000ms for the device to idle
04-13 07:56:05.141 22687 22716 I appium  : AppiumResponse: {"sessionId":"232f4979-f46f-400d-aa7e-81cd8ddd97b7","value":{"ELEMENT":"00000000-0000-0c93-ffff-ffff00000078","element-6066-11e4-a52e-4f735466cecf":"00000000-0000-0c93-ffff-ffff00000078"}}
04-13 07:56:05.147 22687 22716 I appium  : channel read: GET /session/232f4979-f46f-400d-aa7e-81cd8ddd97b7/element/00000000-0000-0c93-ffff-ffff00000078/attribute/displayed
04-13 07:56:05.147 22687 22716 I appium  : GetElementAttribute command
04-13 07:56:05.151 22687 22716 I appium  : AppiumResponse: {"sessionId":"232f4979-f46f-400d-aa7e-81cd8ddd97b7","value":"true"}
04-13 07:56:05.157 22687 22716 I appium  : channel read: POST /session/232f4979-f46f-400d-aa7e-81cd8ddd97b7/element
04-13 07:56:05.157 22687 22716 I appium  : FindElement command
04-13 07:56:05.158 22687 22716 I appium  : method: 'id', selector: 'ru.otus.wishlist:id/gifts'
04-13 07:56:05.158 22687 22716 I appium  : Waiting up to 10000ms for the device to idle
04-13 07:56:05.166 22687 22716 I appium  : AppiumResponse: {"sessionId":"232f4979-f46f-400d-aa7e-81cd8ddd97b7","value":{"ELEMENT":"00000000-0000-0c93-ffff-ffff00000078","element-6066-11e4-a52e-4f735466cecf":"00000000-0000-0c93-ffff-ffff00000078"}}
04-13 07:56:05.172 22687 22716 I appium  : channel read: POST /session/232f4979-f46f-400d-aa7e-81cd8ddd97b7/elements
04-13 07:56:05.173 22687 22716 I appium  : FindElements command
04-13 07:56:05.174 22687 22716 I appium  : method: 'id', selector: 'ru.otus.wishlist:id/gift_item', contextId: '00000000-0000-0c93-ffff-ffff00000078'
04-13 07:56:05.176 22687 22716 D UiObject2: Retrieving nodes with selector: BySelector [RES='\Qru.otus.wishlist:id/gift_item\E'].
04-13 07:56:05.179 22687 22716 I appium  : Caching 1 found element
04-13 07:56:05.180 22687 22716 I appium  : Cached 1 element
04-13 07:56:05.181 22687 22716 I appium  : AppiumResponse: {"sessionId":"232f4979-f46f-400d-aa7e-81cd8ddd97b7","value":[{"ELEMENT":"00000000-0000-0c93-ffff-ffff000000b0","element-6066-11e4-a52e-4f735466cecf":"00000000-0000-0c93-ffff-ffff000000b0"}]}
04-13 07:56:05.190 22687 22716 I appium  : channel read: POST /session/232f4979-f46f-400d-aa7e-81cd8ddd97b7/element
04-13 07:56:05.191 22687 22716 I appium  : FindElement command
04-13 07:56:05.192 22687 22716 I appium  : method: 'id', selector: 'ru.otus.wishlist:id/gifts'
04-13 07:56:05.192 22687 22716 I appium  : Waiting up to 10000ms for the device to idle
04-13 07:56:05.200 22687 22716 I appium  : AppiumResponse: {"sessionId":"232f4979-f46f-400d-aa7e-81cd8ddd97b7","value":{"ELEMENT":"00000000-0000-0c93-ffff-ffff00000078","element-6066-11e4-a52e-4f735466cecf":"00000000-0000-0c93-ffff-ffff00000078"}}
04-13 07:56:05.207 22687 22716 I appium  : channel read: POST /session/232f4979-f46f-400d-aa7e-81cd8ddd97b7/element
04-13 07:56:05.207 22687 22716 I appium  : FindElement command
04-13 07:56:05.208 22687 22716 I appium  : method: 'id', selector: 'ru.otus.wishlist:id/gift_item', contextId: '00000000-0000-0c93-ffff-ffff00000078'
04-13 07:56:05.210 22687 22716 D UiObject2: Retrieving node with selector: BySelector [RES='\Qru.otus.wishlist:id/gift_item\E'].
04-13 07:56:05.212 22687 22716 I appium  : AppiumResponse: {"sessionId":"232f4979-f46f-400d-aa7e-81cd8ddd97b7","value":{"ELEMENT":"00000000-0000-0c93-ffff-ffff000000b0","element-6066-11e4-a52e-4f735466cecf":"00000000-0000-0c93-ffff-ffff000000b0"}}
04-13 07:56:05.217 22687 22716 I appium  : channel read: GET /session/232f4979-f46f-400d-aa7e-81cd8ddd97b7/element/00000000-0000-0c93-ffff-ffff000000b0/attribute/displayed
04-13 07:56:05.217 22687 22716 I appium  : GetElementAttribute command
04-13 07:56:05.221 22687 22716 I appium  : AppiumResponse: {"sessionId":"232f4979-f46f-400d-aa7e-81cd8ddd97b7","value":"true"}
04-13 07:56:05.227 22687 22716 I appium  : channel read: POST /session/232f4979-f46f-400d-aa7e-81cd8ddd97b7/element
04-13 07:56:05.227 22687 22716 I appium  : FindElement command
04-13 07:56:05.228 22687 22716 I appium  : method: 'id', selector: 'ru.otus.wishlist:id/gifts'
04-13 07:56:05.228 22687 22716 I appium  : Waiting up to 10000ms for the device to idle
04-13 07:56:05.233 22687 22716 I appium  : AppiumResponse: {"sessionId":"232f4979-f46f-400d-aa7e-81cd8ddd97b7","value":{"ELEMENT":"00000000-0000-0c93-ffff-ffff00000078","element-6066-11e4-a52e-4f735466cecf":"00000000-0000-0c93-ffff-ffff00000078"}}
04-13 07:56:05.240 22687 22716 I appium  : channel read: POST /session/232f4979-f46f-400d-aa7e-81cd8ddd97b7/element
04-13 07:56:05.240 22687 22716 I appium  : FindElement command
04-13 07:56:05.241 22687 22716 I appium  : method: 'id', selector: 'ru.otus.wishlist:id/gift_item', contextId: '00000000-0000-0c93-ffff-ffff00000078'
04-13 07:56:05.243 22687 22716 D UiObject2: Retrieving node with selector: BySelector [RES='\Qru.otus.wishlist:id/gift_item\E'].
04-13 07:56:05.245 22687 22716 I appium  : AppiumResponse: {"sessionId":"232f4979-f46f-400d-aa7e-81cd8ddd97b7","value":{"ELEMENT":"00000000-0000-0c93-ffff-ffff000000b0","element-6066-11e4-a52e-4f735466cecf":"00000000-0000-0c93-ffff-ffff000000b0"}}
04-13 07:56:05.251 22687 22716 I appium  : channel read: POST /session/232f4979-f46f-400d-aa7e-81cd8ddd97b7/element
04-13 07:56:05.251 22687 22716 I appium  : FindElement command
04-13 07:56:05.252 22687 22716 I appium  : method: 'id', selector: 'ru.otus.wishlist:id/title', contextId: '00000000-0000-0c93-ffff-ffff000000b0'
04-13 07:56:05.253 22687 22716 D UiObject2: Retrieving node with selector: BySelector [RES='\Qru.otus.wishlist:id/title\E'].
04-13 07:56:05.255 22687 22716 I appium  : AppiumResponse: {"sessionId":"232f4979-f46f-400d-aa7e-81cd8ddd97b7","value":{"ELEMENT":"00000000-0000-0c93-ffff-ffff000000b1","element-6066-11e4-a52e-4f735466cecf":"00000000-0000-0c93-ffff-ffff000000b1"}}
04-13 07:56:05.261 22687 22716 I appium  : channel read: GET /session/232f4979-f46f-400d-aa7e-81cd8ddd97b7/element/00000000-0000-0c93-ffff-ffff000000b1/name
04-13 07:56:05.262 22687 22716 I appium  : GetName command
04-13 07:56:05.265 22687 22716 I appium  : AppiumResponse: {"sessionId":"232f4979-f46f-400d-aa7e-81cd8ddd97b7","value":null}
04-13 07:56:05.270 22687 22716 I appium  : channel read: GET /session/232f4979-f46f-400d-aa7e-81cd8ddd97b7/element/00000000-0000-0c93-ffff-ffff000000b1/text
04-13 07:56:05.271 22687 22716 I appium  : GetText command
04-13 07:56:05.274 22687 22716 I appium  : AppiumResponse: {"sessionId":"232f4979-f46f-400d-aa7e-81cd8ddd97b7","value":"Новый подарок"}
04-13 07:56:05.280 22687 22716 I appium  : channel read: POST /session/232f4979-f46f-400d-aa7e-81cd8ddd97b7/element
04-13 07:56:05.281 22687 22716 I appium  : FindElement command
04-13 07:56:05.281 22687 22716 I appium  : method: 'id', selector: 'ru.otus.wishlist:id/gifts'
04-13 07:56:05.282 22687 22716 I appium  : Waiting up to 10000ms for the device to idle
04-13 07:56:05.296 22687 22716 I appium  : AppiumResponse: {"sessionId":"232f4979-f46f-400d-aa7e-81cd8ddd97b7","value":{"ELEMENT":"00000000-0000-0c93-ffff-ffff00000078","element-6066-11e4-a52e-4f735466cecf":"00000000-0000-0c93-ffff-ffff00000078"}}
04-13 07:56:05.303 22687 22716 I appium  : channel read: POST /session/232f4979-f46f-400d-aa7e-81cd8ddd97b7/element
04-13 07:56:05.303 22687 22716 I appium  : FindElement command
04-13 07:56:05.304 22687 22716 I appium  : method: 'id', selector: 'ru.otus.wishlist:id/gift_item', contextId: '00000000-0000-0c93-ffff-ffff00000078'
04-13 07:56:05.305 22687 22716 D UiObject2: Retrieving node with selector: BySelector [RES='\Qru.otus.wishlist:id/gift_item\E'].
04-13 07:56:05.308 22687 22716 I appium  : AppiumResponse: {"sessionId":"232f4979-f46f-400d-aa7e-81cd8ddd97b7","value":{"ELEMENT":"00000000-0000-0c93-ffff-ffff000000b0","element-6066-11e4-a52e-4f735466cecf":"00000000-0000-0c93-ffff-ffff000000b0"}}
04-13 07:56:05.313 22687 22716 I appium  : channel read: GET /session/232f4979-f46f-400d-aa7e-81cd8ddd97b7/element/00000000-0000-0c93-ffff-ffff000000b0/attribute/displayed
04-13 07:56:05.314 22687 22716 I appium  : GetElementAttribute command
04-13 07:56:05.317 22687 22716 I appium  : AppiumResponse: {"sessionId":"232f4979-f46f-400d-aa7e-81cd8ddd97b7","value":"true"}
04-13 07:56:05.323 22687 22716 I appium  : channel read: POST /session/232f4979-f46f-400d-aa7e-81cd8ddd97b7/element
04-13 07:56:05.323 22687 22716 I appium  : FindElement command
04-13 07:56:05.324 22687 22716 I appium  : method: 'id', selector: 'ru.otus.wishlist:id/gifts'
04-13 07:56:05.324 22687 22716 I appium  : Waiting up to 10000ms for the device to idle
04-13 07:56:05.332 22687 22716 I appium  : AppiumResponse: {"sessionId":"232f4979-f46f-400d-aa7e-81cd8ddd97b7","value":{"ELEMENT":"00000000-0000-0c93-ffff-ffff00000078","element-6066-11e4-a52e-4f735466cecf":"00000000-0000-0c93-ffff-ffff00000078"}}
04-13 07:56:05.338 22687 22716 I appium  : channel read: POST /session/232f4979-f46f-400d-aa7e-81cd8ddd97b7/element
04-13 07:56:05.339 22687 22716 I appium  : FindElement command
04-13 07:56:05.340 22687 22716 I appium  : method: 'id', selector: 'ru.otus.wishlist:id/gift_item', contextId: '00000000-0000-0c93-ffff-ffff00000078'
04-13 07:56:05.342 22687 22716 D UiObject2: Retrieving node with selector: BySelector [RES='\Qru.otus.wishlist:id/gift_item\E'].
04-13 07:56:05.345 22687 22716 I appium  : AppiumResponse: {"sessionId":"232f4979-f46f-400d-aa7e-81cd8ddd97b7","value":{"ELEMENT":"00000000-0000-0c93-ffff-ffff000000b0","element-6066-11e4-a52e-4f735466cecf":"00000000-0000-0c93-ffff-ffff000000b0"}}
04-13 07:56:05.351 22687 22716 I appium  : channel read: POST /session/232f4979-f46f-400d-aa7e-81cd8ddd97b7/element
04-13 07:56:05.351 22687 22716 I appium  : FindElement command
04-13 07:56:05.352 22687 22716 I appium  : method: 'id', selector: 'ru.otus.wishlist:id/price', contextId: '00000000-0000-0c93-ffff-ffff000000b0'
04-13 07:56:05.354 22687 22716 D UiObject2: Retrieving node with selector: BySelector [RES='\Qru.otus.wishlist:id/price\E'].
04-13 07:56:05.356 22687 22716 I appium  : AppiumResponse: {"sessionId":"232f4979-f46f-400d-aa7e-81cd8ddd97b7","value":{"ELEMENT":"00000000-0000-0c93-ffff-ffff000000b3","element-6066-11e4-a52e-4f735466cecf":"00000000-0000-0c93-ffff-ffff000000b3"}}
04-13 07:56:05.362 22687 22716 I appium  : channel read: GET /session/232f4979-f46f-400d-aa7e-81cd8ddd97b7/element/00000000-0000-0c93-ffff-ffff000000b3/name
04-13 07:56:05.362 22687 22716 I appium  : GetName command
04-13 07:56:05.365 22687 22716 I appium  : AppiumResponse: {"sessionId":"232f4979-f46f-400d-aa7e-81cd8ddd97b7","value":null}
04-13 07:56:05.370 22687 22716 I appium  : channel read: GET /session/232f4979-f46f-400d-aa7e-81cd8ddd97b7/element/00000000-0000-0c93-ffff-ffff000000b3/text
04-13 07:56:05.371 22687 22716 I appium  : GetText command
04-13 07:56:05.374 22687 22716 I appium  : AppiumResponse: {"sessionId":"232f4979-f46f-400d-aa7e-81cd8ddd97b7","value":"555 ₽"}
04-13 07:56:05.380 22687 22716 I appium  : channel read: POST /session/232f4979-f46f-400d-aa7e-81cd8ddd97b7/element
04-13 07:56:05.381 22687 22716 I appium  : FindElement command
04-13 07:56:05.382 22687 22716 I appium  : method: 'id', selector: 'ru.otus.wishlist:id/gifts'
04-13 07:56:05.382 22687 22716 I appium  : Waiting up to 10000ms for the device to idle
04-13 07:56:05.389 22687 22716 I appium  : AppiumResponse: {"sessionId":"232f4979-f46f-400d-aa7e-81cd8ddd97b7","value":{"ELEMENT":"00000000-0000-0c93-ffff-ffff00000078","element-6066-11e4-a52e-4f735466cecf":"00000000-0000-0c93-ffff-ffff00000078"}}
04-13 07:56:05.395 22687 22716 I appium  : channel read: POST /session/232f4979-f46f-400d-aa7e-81cd8ddd97b7/element
04-13 07:56:05.395 22687 22716 I appium  : FindElement command
04-13 07:56:05.396 22687 22716 I appium  : method: 'id', selector: 'ru.otus.wishlist:id/gift_item', contextId: '00000000-0000-0c93-ffff-ffff00000078'
04-13 07:56:05.397 22687 22716 D UiObject2: Retrieving node with selector: BySelector [RES='\Qru.otus.wishlist:id/gift_item\E'].
04-13 07:56:05.400 22687 22716 I appium  : AppiumResponse: {"sessionId":"232f4979-f46f-400d-aa7e-81cd8ddd97b7","value":{"ELEMENT":"00000000-0000-0c93-ffff-ffff000000b0","element-6066-11e4-a52e-4f735466cecf":"00000000-0000-0c93-ffff-ffff000000b0"}}
04-13 07:56:05.405 22687 22716 I appium  : channel read: GET /session/232f4979-f46f-400d-aa7e-81cd8ddd97b7/element/00000000-0000-0c93-ffff-ffff000000b0/attribute/displayed
04-13 07:56:05.406 22687 22716 I appium  : GetElementAttribute command
04-13 07:56:05.409 22687 22716 I appium  : AppiumResponse: {"sessionId":"232f4979-f46f-400d-aa7e-81cd8ddd97b7","value":"true"}
04-13 07:56:05.415 22687 22716 I appium  : channel read: POST /session/232f4979-f46f-400d-aa7e-81cd8ddd97b7/element
04-13 07:56:05.415 22687 22716 I appium  : FindElement command
04-13 07:56:05.416 22687 22716 I appium  : method: 'id', selector: 'ru.otus.wishlist:id/gifts'
04-13 07:56:05.416 22687 22716 I appium  : Waiting up to 10000ms for the device to idle
04-13 07:56:05.423 22687 22716 I appium  : AppiumResponse: {"sessionId":"232f4979-f46f-400d-aa7e-81cd8ddd97b7","value":{"ELEMENT":"00000000-0000-0c93-ffff-ffff00000078","element-6066-11e4-a52e-4f735466cecf":"00000000-0000-0c93-ffff-ffff00000078"}}
04-13 07:56:05.428 22687 22716 I appium  : channel read: POST /session/232f4979-f46f-400d-aa7e-81cd8ddd97b7/element
04-13 07:56:05.429 22687 22716 I appium  : FindElement command
04-13 07:56:05.430 22687 22716 I appium  : method: 'id', selector: 'ru.otus.wishlist:id/gift_item', contextId: '00000000-0000-0c93-ffff-ffff00000078'
04-13 07:56:05.432 22687 22716 D UiObject2: Retrieving node with selector: BySelector [RES='\Qru.otus.wishlist:id/gift_item\E'].
04-13 07:56:05.435 22687 22716 I appium  : AppiumResponse: {"sessionId":"232f4979-f46f-400d-aa7e-81cd8ddd97b7","value":{"ELEMENT":"00000000-0000-0c93-ffff-ffff000000b0","element-6066-11e4-a52e-4f735466cecf":"00000000-0000-0c93-ffff-ffff000000b0"}}
04-13 07:56:05.441 22687 22716 I appium  : channel read: POST /session/232f4979-f46f-400d-aa7e-81cd8ddd97b7/element
04-13 07:56:05.441 22687 22716 I appium  : FindElement command
04-13 07:56:05.443 22687 22716 I appium  : method: 'id', selector: 'ru.otus.wishlist:id/subtitle', contextId: '00000000-0000-0c93-ffff-ffff000000b0'
04-13 07:56:05.444 22687 22716 D UiObject2: Retrieving node with selector: BySelector [RES='\Qru.otus.wishlist:id/subtitle\E'].
04-13 07:56:05.446 22687 22716 I appium  : AppiumResponse: {"sessionId":"232f4979-f46f-400d-aa7e-81cd8ddd97b7","value":{"ELEMENT":"00000000-0000-0c93-ffff-ffff000000b2","element-6066-11e4-a52e-4f735466cecf":"00000000-0000-0c93-ffff-ffff000000b2"}}
04-13 07:56:05.453 22687 22716 I appium  : channel read: GET /session/232f4979-f46f-400d-aa7e-81cd8ddd97b7/element/00000000-0000-0c93-ffff-ffff000000b2/name
04-13 07:56:05.453 22687 22716 I appium  : GetName command
04-13 07:56:05.457 22687 22716 I appium  : AppiumResponse: {"sessionId":"232f4979-f46f-400d-aa7e-81cd8ddd97b7","value":null}
04-13 07:56:05.462 22687 22716 I appium  : channel read: GET /session/232f4979-f46f-400d-aa7e-81cd8ddd97b7/element/00000000-0000-0c93-ffff-ffff000000b2/text
04-13 07:56:05.463 22687 22716 I appium  : GetText command
04-13 07:56:05.466 22687 22716 I appium  : AppiumResponse: {"sessionId":"232f4979-f46f-400d-aa7e-81cd8ddd97b7","value":"Нам дарят"}
04-13 07:56:05.473 22687 22716 I appium  : channel read: POST /session/232f4979-f46f-400d-aa7e-81cd8ddd97b7/element
04-13 07:56:05.473 22687 22716 I appium  : FindElement command
04-13 07:56:05.474 22687 22716 I appium  : method: 'id', selector: 'ru.otus.wishlist:id/gifts'
04-13 07:56:05.474 22687 22716 I appium  : Waiting up to 10000ms for the device to idle
04-13 07:56:05.481 22687 22716 I appium  : AppiumResponse: {"sessionId":"232f4979-f46f-400d-aa7e-81cd8ddd97b7","value":{"ELEMENT":"00000000-0000-0c93-ffff-ffff00000078","element-6066-11e4-a52e-4f735466cecf":"00000000-0000-0c93-ffff-ffff00000078"}}
04-13 07:56:05.488 22687 22716 I appium  : channel read: POST /session/232f4979-f46f-400d-aa7e-81cd8ddd97b7/element
04-13 07:56:05.488 22687 22716 I appium  : FindElement command
04-13 07:56:05.489 22687 22716 I appium  : method: 'id', selector: 'ru.otus.wishlist:id/gift_item', contextId: '00000000-0000-0c93-ffff-ffff00000078'
04-13 07:56:05.491 22687 22716 D UiObject2: Retrieving node with selector: BySelector [RES='\Qru.otus.wishlist:id/gift_item\E'].
04-13 07:56:05.493 22687 22716 I appium  : AppiumResponse: {"sessionId":"232f4979-f46f-400d-aa7e-81cd8ddd97b7","value":{"ELEMENT":"00000000-0000-0c93-ffff-ffff000000b0","element-6066-11e4-a52e-4f735466cecf":"00000000-0000-0c93-ffff-ffff000000b0"}}
04-13 07:56:05.498 22687 22716 I appium  : channel read: GET /session/232f4979-f46f-400d-aa7e-81cd8ddd97b7/element/00000000-0000-0c93-ffff-ffff000000b0/attribute/displayed
04-13 07:56:05.498 22687 22716 I appium  : GetElementAttribute command
04-13 07:56:05.502 22687 22716 I appium  : AppiumResponse: {"sessionId":"232f4979-f46f-400d-aa7e-81cd8ddd97b7","value":"true"}
04-13 07:56:05.513 22687 22716 I appium  : channel read: POST /session/232f4979-f46f-400d-aa7e-81cd8ddd97b7/element
04-13 07:56:05.514 22687 22716 I appium  : FindElement command
04-13 07:56:05.515 22687 22716 I appium  : method: 'id', selector: 'ru.otus.wishlist:id/gifts'
04-13 07:56:05.515 22687 22716 I appium  : Waiting up to 10000ms for the device to idle
04-13 07:56:05.521 22687 22716 I appium  : AppiumResponse: {"sessionId":"232f4979-f46f-400d-aa7e-81cd8ddd97b7","value":{"ELEMENT":"00000000-0000-0c93-ffff-ffff00000078","element-6066-11e4-a52e-4f735466cecf":"00000000-0000-0c93-ffff-ffff00000078"}}
04-13 07:56:05.527 22687 22716 I appium  : channel read: POST /session/232f4979-f46f-400d-aa7e-81cd8ddd97b7/element
04-13 07:56:05.528 22687 22716 I appium  : FindElement command
04-13 07:56:05.528 22687 22716 I appium  : method: 'id', selector: 'ru.otus.wishlist:id/gift_item', contextId: '00000000-0000-0c93-ffff-ffff00000078'
04-13 07:56:05.530 22687 22716 D UiObject2: Retrieving node with selector: BySelector [RES='\Qru.otus.wishlist:id/gift_item\E'].
04-13 07:56:05.532 22687 22716 I appium  : AppiumResponse: {"sessionId":"232f4979-f46f-400d-aa7e-81cd8ddd97b7","value":{"ELEMENT":"00000000-0000-0c93-ffff-ffff000000b0","element-6066-11e4-a52e-4f735466cecf":"00000000-0000-0c93-ffff-ffff000000b0"}}
04-13 07:56:05.538 22687 22716 I appium  : channel read: POST /session/232f4979-f46f-400d-aa7e-81cd8ddd97b7/element
04-13 07:56:05.538 22687 22716 I appium  : FindElement command
04-13 07:56:05.539 22687 22716 I appium  : method: 'id', selector: 'ru.otus.wishlist:id/edit_button', contextId: '00000000-0000-0c93-ffff-ffff000000b0'
04-13 07:56:05.541 22687 22716 D UiObject2: Retrieving node with selector: BySelector [RES='\Qru.otus.wishlist:id/edit_button\E'].
04-13 07:56:05.542 22687 22716 I appium  : AppiumResponse: {"sessionId":"232f4979-f46f-400d-aa7e-81cd8ddd97b7","value":{"ELEMENT":"00000000-0000-0c93-ffff-ffff000000b7","element-6066-11e4-a52e-4f735466cecf":"00000000-0000-0c93-ffff-ffff000000b7"}}
04-13 07:56:05.548 22687 22716 I appium  : channel read: GET /session/232f4979-f46f-400d-aa7e-81cd8ddd97b7/element/00000000-0000-0c93-ffff-ffff000000b7/attribute/displayed
04-13 07:56:05.549 22687 22716 I appium  : GetElementAttribute command
04-13 07:56:05.551 22687 22716 I appium  : AppiumResponse: {"sessionId":"232f4979-f46f-400d-aa7e-81cd8ddd97b7","value":"true"}
04-13 07:56:05.557 22687 22716 I appium  : channel read: POST /session/232f4979-f46f-400d-aa7e-81cd8ddd97b7/element
04-13 07:56:05.557 22687 22716 I appium  : FindElement command
04-13 07:56:05.558 22687 22716 I appium  : method: 'id', selector: 'ru.otus.wishlist:id/gifts'
04-13 07:56:05.559 22687 22716 I appium  : Waiting up to 10000ms for the device to idle
04-13 07:56:05.566 22687 22716 I appium  : AppiumResponse: {"sessionId":"232f4979-f46f-400d-aa7e-81cd8ddd97b7","value":{"ELEMENT":"00000000-0000-0c93-ffff-ffff00000078","element-6066-11e4-a52e-4f735466cecf":"00000000-0000-0c93-ffff-ffff00000078"}}
04-13 07:56:05.572 22687 22716 I appium  : channel read: POST /session/232f4979-f46f-400d-aa7e-81cd8ddd97b7/element
04-13 07:56:05.573 22687 22716 I appium  : FindElement command
04-13 07:56:05.573 22687 22716 I appium  : method: 'id', selector: 'ru.otus.wishlist:id/gift_item', contextId: '00000000-0000-0c93-ffff-ffff00000078'
04-13 07:56:05.575 22687 22716 D UiObject2: Retrieving node with selector: BySelector [RES='\Qru.otus.wishlist:id/gift_item\E'].
04-13 07:56:05.577 22687 22716 I appium  : AppiumResponse: {"sessionId":"232f4979-f46f-400d-aa7e-81cd8ddd97b7","value":{"ELEMENT":"00000000-0000-0c93-ffff-ffff000000b0","element-6066-11e4-a52e-4f735466cecf":"00000000-0000-0c93-ffff-ffff000000b0"}}
04-13 07:56:05.583 22687 22716 I appium  : channel read: POST /session/232f4979-f46f-400d-aa7e-81cd8ddd97b7/element
04-13 07:56:05.584 22687 22716 I appium  : FindElement command
04-13 07:56:05.584 22687 22716 I appium  : method: 'id', selector: 'ru.otus.wishlist:id/edit_button', contextId: '00000000-0000-0c93-ffff-ffff000000b0'
04-13 07:56:05.586 22687 22716 D UiObject2: Retrieving node with selector: BySelector [RES='\Qru.otus.wishlist:id/edit_button\E'].
04-13 07:56:05.588 22687 22716 I appium  : AppiumResponse: {"sessionId":"232f4979-f46f-400d-aa7e-81cd8ddd97b7","value":{"ELEMENT":"00000000-0000-0c93-ffff-ffff000000b7","element-6066-11e4-a52e-4f735466cecf":"00000000-0000-0c93-ffff-ffff000000b7"}}
04-13 07:56:05.593 22687 22716 I appium  : channel read: GET /session/232f4979-f46f-400d-aa7e-81cd8ddd97b7/element/00000000-0000-0c93-ffff-ffff000000b7/attribute/displayed
04-13 07:56:05.594 22687 22716 I appium  : GetElementAttribute command
04-13 07:56:05.596 22687 22716 I appium  : AppiumResponse: {"sessionId":"232f4979-f46f-400d-aa7e-81cd8ddd97b7","value":"true"}
04-13 07:56:05.602 22687 22716 I appium  : channel read: POST /session/232f4979-f46f-400d-aa7e-81cd8ddd97b7/element/00000000-0000-0c93-ffff-ffff000000b7/click
04-13 07:56:05.602 22687 22716 I appium  : Click command
04-13 07:56:05.638 22728 22747 D EGL_emulation: app_time_stats: avg=111.57ms min=2.68ms max=969.46ms count=9
04-13 07:56:05.645 22687 22716 W GestureController: Gestures took longer than expected (39ms >> 16ms), device might be in a busy state.
04-13 07:56:05.645 22687 22716 I appium  : Waiting up to 10000ms for the device to idle
04-13 07:56:05.645 22687 22716 I appium  : AppiumResponse: {"sessionId":"232f4979-f46f-400d-aa7e-81cd8ddd97b7","value":null}
04-13 07:56:05.653 22687 22716 I appium  : channel read: POST /session/232f4979-f46f-400d-aa7e-81cd8ddd97b7/element
04-13 07:56:05.655 22687 22716 I appium  : FindElement command
04-13 07:56:05.656 22687 22716 I appium  : method: 'id', selector: 'ru.otus.wishlist:id/gift_edit_title'
04-13 07:56:05.657 22687 22716 I appium  : Waiting up to 10000ms for the device to idle
04-13 07:56:05.706 12660 13533 D CompatibilityChangeReporter: Compat change id reported: 168419799; UID 10151; state: DISABLED
04-13 07:56:05.728   371   410 D goldfish-address-space: claimShared: Ask to claim region [0x3f4fc3000 0x3f5bd2000]
04-13 07:56:05.756   371   410 D goldfish-address-space: claimShared: Ask to claim region [0x3f5bd2000 0x3f67e1000]
04-13 07:56:05.792   371   410 D goldfish-address-space: claimShared: Ask to claim region [0x3f67e1000 0x3f73f0000]
04-13 07:56:05.844 12833 12920 D EGL_emulation: app_time_stats: avg=90.39ms min=10.57ms max=782.40ms count=11
04-13 07:56:05.855 22687 22716 W ByMatcher: Node returned null child: android.view.accessibility.AccessibilityNodeInfo@14b89; boundsInParent: Rect(0, 0 - 253, 198); boundsInScreen: Rect(53, 2010 - 306, 2208); packageName: ru.otus.wishlist; className: android.widget.LinearLayout; text: null; error: null; maxTextLength: -1; stateDescription: null; contentDescription: null; tooltipText: null; viewIdResName: ru.otus.wishlist:id/navigation_bar_item_content_container; checkable: false; checked: false; focusable: false; focused: false; selected: true; clickable: false; longClickable: false; contextClickable: false; enabled: true; password: false; scrollable: false; importantForAccessibility: false; visible: true; actions: [AccessibilityAction: ACTION_SELECT - null, AccessibilityAction: ACTION_CLEAR_SELECTION - null, AccessibilityAction: ACTION_ACCESSIBILITY_FOCUS - null, AccessibilityAction: ACTION_SHOW_ON_SCREEN - null]
04-13 07:56:05.856 22687 22716 W ByMatcher: Skipping null child (0 of 2)
04-13 07:56:05.857 22687 22716 W ByMatcher: Node returned null child: android.view.accessibility.AccessibilityNodeInfo@14407; boundsInParent: Rect(0, 0 - 1080, 231); boundsInScreen: Rect(0, 1977 - 1080, 2208); packageName: ru.otus.wishlist; className: android.view.ViewGroup; text: null; error: null; maxTextLength: -1; stateDescription: null; contentDescription: null; tooltipText: null; viewIdResName: null; checkable: false; checked: false; focusable: false; focused: false; selected: false; clickable: false; longClickable: false; contextClickable: false; enabled: true; password: false; scrollable: false; importantForAccessibility: true; visible: true; actions: [AccessibilityAction: ACTION_SELECT - null, AccessibilityAction: ACTION_CLEAR_SELECTION - null, AccessibilityAction: ACTION_ACCESSIBILITY_FOCUS - null, AccessibilityAction: ACTION_SHOW_ON_SCREEN - null]
04-13 07:56:05.859 22687 22716 W ByMatcher: Skipping null child (1 of 3)
04-13 07:56:05.859 22687 22716 W ByMatcher: Skipping null child (2 of 3)
04-13 07:56:05.861 22687 22716 W ByMatcher: Node returned null child: android.view.accessibility.AccessibilityNodeInfo@80007951; boundsInParent: Rect(0, 0 - 1080, 2340); boundsInScreen: Rect(0, 0 - 1080, 2340); packageName: ru.otus.wishlist; className: android.widget.FrameLayout; text: null; error: null; maxTextLength: -1; stateDescription: null; contentDescription: null; tooltipText: null; viewIdResName: null; checkable: false; checked: false; focusable: false; focused: false; selected: false; clickable: false; longClickable: false; contextClickable: false; enabled: true; password: false; scrollable: false; importantForAccessibility: true; visible: true; actions: [AccessibilityAction: ACTION_SELECT - null, AccessibilityAction: ACTION_CLEAR_SELECTION - null, AccessibilityAction: ACTION_ACCESSIBILITY_FOCUS - null, AccessibilityAction: ACTION_SHOW_ON_SCREEN - null]
04-13 07:56:05.861 22687 22716 W ByMatcher: Skipping null child (1 of 2)
04-13 07:56:05.862 22687 22716 W ByMatcher: Node returned null child: android.view.accessibility.AccessibilityNodeInfo@80007951; boundsInParent: Rect(0, 0 - 1080, 2340); boundsInScreen: Rect(0, 0 - 1080, 2340); packageName: ru.otus.wishlist; className: android.widget.FrameLayout; text: null; error: null; maxTextLength: -1; stateDescription: null; contentDescription: null; tooltipText: null; viewIdResName: null; checkable: false; checked: false; focusable: false; focused: false; selected: false; clickable: false; longClickable: false; contextClickable: false; enabled: true; password: false; scrollable: false; importantForAccessibility: true; visible: true; actions: [AccessibilityAction: ACTION_SELECT - null, AccessibilityAction: ACTION_CLEAR_SELECTION - null, AccessibilityAction: ACTION_ACCESSIBILITY_FOCUS - null, AccessibilityAction: ACTION_SHOW_ON_SCREEN - null]
04-13 07:56:05.862 22687 22716 W ByMatcher: Skipping null child (0 of 2)
04-13 07:56:05.863 22687 22716 W ByMatcher: Skipping null child (1 of 2)
04-13 07:56:05.867 22687 22716 I appium  : AppiumResponse: {"sessionId":"232f4979-f46f-400d-aa7e-81cd8ddd97b7","value":{"error":"no such element","message":"An element could not be located on the page using the given search parameters","stacktrace":"io.appium.uiautomator2.common.exceptions.ElementNotFoundException: An element could not be located on the page using the given search parameters\n\tat io.appium.uiautomator2.handler.FindElement.safeHandle(FindElement.java:63)\n\tat io.appium.uiautomator2.handler.request.SafeRequestHandler.handle(SafeRequestHandler.java:59)\n\tat io.appium.uiautomator2.server.AppiumServlet.handleRequest(AppiumServlet.java:267)\n\tat io.appium.uiautomator2.server.AppiumServlet.handleHttpRequest(AppiumServlet.java:261)\n\tat io.appium.uiautomator2.http.ServerHandler.channelRead(ServerHandler.java:77)\n\tat io.netty.channel.AbstractChannelHandlerContext.fireChannelRead(AbstractChannelHandlerContext.java:356)\n\tat io.netty.handler.codec.MessageToMessageDecoder.channelRead(MessageToMessageDecoder.java:107)\n\tat io.netty.channel.AbstractChannelHandlerContext.fireChannelRead(AbstractChannelHandlerContext.java:356)\n\tat io.netty.channel.CombinedChannelDuplexHandler$DelegatingChannelHandlerContext.fireChannelRead(CombinedChannelDuplexHandler.java:434)\n\tat io.netty.handler.codec.ByteToMessageDecoder.fireChannelRead(ByteToMessageDecoder.java:361)\n\tat io.netty.handler.codec.ByteToMessageDecoder.channelRead(ByteToMessageDecoder.java:325)\n\tat io.netty.channel.CombinedChannelDuplexHandler.channelRead(CombinedChannelDuplexHandler.java:249)\n\tat io.netty.channel.AbstractChannelHandlerContext.fireChannelRead(AbstractChannelHandlerContext.java:354)\n\tat io.netty.handler.timeout.IdleStateHandler.channelRead(IdleStateHandler.java:293)\n\tat io.netty.channel.AbstractChannelHandlerContext.fireChannelRead(AbstractChannelHandlerContext.java:354)\n\tat io.netty.channel.DefaultChannelPipeline$HeadContext.channelRead(DefaultChannelPipeline.java:1429)\n\tat io.netty.channel.DefaultChannelPipeline.fireChannelRead(DefaultChannelPipeline.java:918)\n\tat io.netty.channel.nio.AbstractNioByteChannel$NioByteUnsafe.read(AbstractNioByteChannel.java:172)\n\tat io.netty.channel.nio.AbstractNioChannel$AbstractNioUnsafe.handle(AbstractNioChannel.java:445)\n\tat io.netty.channel.nio.NioIoHandler$DefaultNioRegistration.handle(NioIoHandler.java:388)\n\tat io.netty.channel.nio.NioIoHandler.processSelectedKey(NioIoHandler.java:596)\n\tat io.netty.channel.nio.NioIoHandler.processSelectedKeysOptimized(NioIoHandler.java:571)\n\tat io.netty.channel.nio.NioIoHandler.processSelectedKeys(NioIoHandler.java:512)\n\tat io.netty.channel.nio.NioIoHandler.run(NioIoHandler.java:484)\n\tat io.netty.channel.SingleThreadIoEventLoop.runIo(SingleThreadIoEventLoop.java:225)\n\tat io.netty.channel.SingleThreadIoEventLoop.run(SingleThreadIoEventLoop.java:196)\n\tat io.netty.util.concurrent.SingleThreadEventExecutor$5.run(SingleThreadEventExecutor.java:1195)\n\tat io.netty.util.internal.ThreadExecutorMap$2.run(ThreadExecutorMap.java:74)\n\tat io.netty.util.concurrent.FastThreadLocalRunnable.run(FastThreadLocalRunnable.java:30)\n\tat java.lang.Thread.run(Thread.java:920)\n"}}
04-13 07:56:05.890 13314 13314 I GoogleInputMethodService: GoogleInputMethodService.onFinishInput():3420 
04-13 07:56:05.890 13314 13314 I GoogleInputMethodService: GoogleInputMethodService.onStartInput():2002 
04-13 07:56:05.891 13314 13314 I DeviceUnlockedTag: DeviceUnlockedTag.notifyDeviceLockStatusChanged():31 Notify device unlocked.
04-13 07:56:05.891 12814 12814 I wpa_supplicant: wlan0: CTRL-EVENT-BEACON-LOSS 
04-13 07:56:06.387 22687 22716 I appium  : channel read: POST /session/232f4979-f46f-400d-aa7e-81cd8ddd97b7/element
04-13 07:56:06.387 22687 22716 I appium  : FindElement command
04-13 07:56:06.388 22687 22716 I appium  : method: 'id', selector: 'ru.otus.wishlist:id/gift_edit_title'
04-13 07:56:06.388 22687 22716 I appium  : Waiting up to 10000ms for the device to idle
04-13 07:56:06.506 22687 22716 I appium  : AppiumResponse: {"sessionId":"232f4979-f46f-400d-aa7e-81cd8ddd97b7","value":{"ELEMENT":"00000000-0000-0c96-ffff-ffff000000c7","element-6066-11e4-a52e-4f735466cecf":"00000000-0000-0c96-ffff-ffff000000c7"}}
04-13 07:56:06.513 22687 22716 I appium  : channel read: GET /session/232f4979-f46f-400d-aa7e-81cd8ddd97b7/element/00000000-0000-0c96-ffff-ffff000000c7/attribute/displayed
04-13 07:56:06.514 22687 22716 I appium  : GetElementAttribute command
04-13 07:56:06.520 22687 22716 I appium  : AppiumResponse: {"sessionId":"232f4979-f46f-400d-aa7e-81cd8ddd97b7","value":"true"}
04-13 07:56:06.526 22687 22716 I appium  : channel read: POST /session/232f4979-f46f-400d-aa7e-81cd8ddd97b7/element
04-13 07:56:06.527 22687 22716 I appium  : FindElement command
04-13 07:56:06.527 22687 22716 I appium  : method: 'id', selector: 'ru.otus.wishlist:id/gift_edit_title'
04-13 07:56:06.527 22687 22716 I appium  : Waiting up to 10000ms for the device to idle
04-13 07:56:06.532 22687 22716 I appium  : AppiumResponse: {"sessionId":"232f4979-f46f-400d-aa7e-81cd8ddd97b7","value":{"ELEMENT":"00000000-0000-0c96-ffff-ffff000000c7","element-6066-11e4-a52e-4f735466cecf":"00000000-0000-0c96-ffff-ffff000000c7"}}
04-13 07:56:06.537 22687 22716 I appium  : channel read: GET /session/232f4979-f46f-400d-aa7e-81cd8ddd97b7/element/00000000-0000-0c96-ffff-ffff000000c7/name
04-13 07:56:06.538 22687 22716 I appium  : GetName command
04-13 07:56:06.542 22687 22716 I appium  : AppiumResponse: {"sessionId":"232f4979-f46f-400d-aa7e-81cd8ddd97b7","value":null}
04-13 07:56:06.547 22687 22716 I appium  : channel read: GET /session/232f4979-f46f-400d-aa7e-81cd8ddd97b7/element/00000000-0000-0c96-ffff-ffff000000c7/text
04-13 07:56:06.548 22687 22716 I appium  : GetText command
04-13 07:56:06.551 22687 22716 I appium  : AppiumResponse: {"sessionId":"232f4979-f46f-400d-aa7e-81cd8ddd97b7","value":"Изменить подарок"}
04-13 07:56:06.557 22687 22716 I appium  : channel read: POST /session/232f4979-f46f-400d-aa7e-81cd8ddd97b7/element
04-13 07:56:06.557 22687 22716 I appium  : FindElement command
04-13 07:56:06.557 22687 22716 I appium  : method: 'id', selector: 'ru.otus.wishlist:id/description_input'
04-13 07:56:06.558 22687 22716 I appium  : Waiting up to 10000ms for the device to idle
04-13 07:56:06.564 22687 22716 I appium  : AppiumResponse: {"sessionId":"232f4979-f46f-400d-aa7e-81cd8ddd97b7","value":{"ELEMENT":"00000000-0000-0c96-ffff-ffff000000e0","element-6066-11e4-a52e-4f735466cecf":"00000000-0000-0c96-ffff-ffff000000e0"}}
04-13 07:56:06.569 22687 22716 I appium  : channel read: GET /session/232f4979-f46f-400d-aa7e-81cd8ddd97b7/element/00000000-0000-0c96-ffff-ffff000000e0/attribute/displayed
04-13 07:56:06.569 22687 22716 I appium  : GetElementAttribute command
04-13 07:56:06.573 22687 22716 I appium  : AppiumResponse: {"sessionId":"232f4979-f46f-400d-aa7e-81cd8ddd97b7","value":"true"}
04-13 07:56:06.579 22687 22716 I appium  : channel read: POST /session/232f4979-f46f-400d-aa7e-81cd8ddd97b7/element
04-13 07:56:06.579 22687 22716 I appium  : FindElement command
04-13 07:56:06.580 22687 22716 I appium  : method: 'id', selector: 'ru.otus.wishlist:id/description_input'
04-13 07:56:06.580 22687 22716 I appium  : Waiting up to 10000ms for the device to idle
04-13 07:56:06.587 22687 22716 I appium  : AppiumResponse: {"sessionId":"232f4979-f46f-400d-aa7e-81cd8ddd97b7","value":{"ELEMENT":"00000000-0000-0c96-ffff-ffff000000e0","element-6066-11e4-a52e-4f735466cecf":"00000000-0000-0c96-ffff-ffff000000e0"}}
04-13 07:56:06.592 22687 22716 I appium  : channel read: GET /session/232f4979-f46f-400d-aa7e-81cd8ddd97b7/element/00000000-0000-0c96-ffff-ffff000000e0/attribute/displayed
04-13 07:56:06.592 22687 22716 I appium  : GetElementAttribute command
04-13 07:56:06.596 22687 22716 I appium  : AppiumResponse: {"sessionId":"232f4979-f46f-400d-aa7e-81cd8ddd97b7","value":"true"}
04-13 07:56:06.602 22687 22716 I appium  : channel read: POST /session/232f4979-f46f-400d-aa7e-81cd8ddd97b7/element/00000000-0000-0c96-ffff-ffff000000e0/clear
04-13 07:56:06.602 22687 22716 I appium  : Clear command
04-13 07:56:06.606 22687 22716 D UiObject2: Setting text to ''.
04-13 07:56:06.609 22687 22716 I appium  : AppiumResponse: {"sessionId":"232f4979-f46f-400d-aa7e-81cd8ddd97b7","value":null}
04-13 07:56:06.615 22687 22716 I appium  : channel read: POST /session/232f4979-f46f-400d-aa7e-81cd8ddd97b7/element
04-13 07:56:06.615 22687 22716 I appium  : FindElement command
04-13 07:56:06.616 22687 22716 I appium  : method: 'id', selector: 'ru.otus.wishlist:id/description_input'
04-13 07:56:06.616 22687 22716 I appium  : Waiting up to 10000ms for the device to idle
04-13 07:56:06.625 22687 22716 I appium  : AppiumResponse: {"sessionId":"232f4979-f46f-400d-aa7e-81cd8ddd97b7","value":{"ELEMENT":"00000000-0000-0c96-ffff-ffff000000e0","element-6066-11e4-a52e-4f735466cecf":"00000000-0000-0c96-ffff-ffff000000e0"}}
04-13 07:56:06.632 22687 22716 I appium  : channel read: POST /session/232f4979-f46f-400d-aa7e-81cd8ddd97b7/element/00000000-0000-0c96-ffff-ffff000000e0/value
04-13 07:56:06.632 22687 22716 I appium  : SendKeysToElement command
04-13 07:56:06.820 12833 12920 D EGL_emulation: app_time_stats: avg=99.05ms min=3.14ms max=1983.69ms count=21
04-13 07:56:06.872 22728 22747 D EGL_emulation: app_time_stats: avg=27.42ms min=2.25ms max=483.89ms count=32
04-13 07:56:07.055 12660 13533 W InputManager-JNI: Input channel object 'd4954f7 Toast (client)' was disposed without first being removed with the input manager!
04-13 07:56:07.057 12660 13533 W NotificationService: Toast already killed. pkg=ru.otus.wishlist token=android.os.BinderProxy@6ae0d73
04-13 07:56:07.113 22687 22716 D UiObject2: Setting text to ''.
04-13 07:56:07.623 22687 22716 I appium  : AppiumResponse: {"sessionId":"232f4979-f46f-400d-aa7e-81cd8ddd97b7","value":null}
04-13 07:56:07.624 13314 13314 I ShortcutsDataManager: ShortcutsDataManager.onContentChanged():73 onContentChanged()
04-13 07:56:07.647 22687 22716 I appium  : channel read: POST /session/232f4979-f46f-400d-aa7e-81cd8ddd97b7/element
04-13 07:56:07.648 22687 22716 I appium  : FindElement command
04-13 07:56:07.649 22687 22716 I appium  : method: 'id', selector: 'ru.otus.wishlist:id/save_button'
04-13 07:56:07.650 22687 22716 I appium  : Waiting up to 10000ms for the device to idle
04-13 07:56:07.885 22728 22747 D EGL_emulation: app_time_stats: avg=38.86ms min=13.32ms max=502.77ms count=26
04-13 07:56:08.128 22687 22716 I appium  : AppiumResponse: {"sessionId":"232f4979-f46f-400d-aa7e-81cd8ddd97b7","value":{"ELEMENT":"00000000-0000-0c96-ffff-ffff000000e9","element-6066-11e4-a52e-4f735466cecf":"00000000-0000-0c96-ffff-ffff000000e9"}}
04-13 07:56:08.135 22687 22716 I appium  : channel read: GET /session/232f4979-f46f-400d-aa7e-81cd8ddd97b7/element/00000000-0000-0c96-ffff-ffff000000e9/attribute/displayed
04-13 07:56:08.136 22687 22716 I appium  : GetElementAttribute command
04-13 07:56:08.139 22687 22716 I appium  : AppiumResponse: {"sessionId":"232f4979-f46f-400d-aa7e-81cd8ddd97b7","value":"true"}
04-13 07:56:08.145 22687 22716 I appium  : channel read: POST /session/232f4979-f46f-400d-aa7e-81cd8ddd97b7/element
04-13 07:56:08.146 22687 22716 I appium  : FindElement command
04-13 07:56:08.147 22687 22716 I appium  : method: 'id', selector: 'ru.otus.wishlist:id/save_button'
04-13 07:56:08.148 22687 22716 I appium  : Waiting up to 10000ms for the device to idle
04-13 07:56:08.156 22687 22716 I appium  : AppiumResponse: {"sessionId":"232f4979-f46f-400d-aa7e-81cd8ddd97b7","value":{"ELEMENT":"00000000-0000-0c96-ffff-ffff000000e9","element-6066-11e4-a52e-4f735466cecf":"00000000-0000-0c96-ffff-ffff000000e9"}}
04-13 07:56:08.162 22687 22716 I appium  : channel read: GET /session/232f4979-f46f-400d-aa7e-81cd8ddd97b7/element/00000000-0000-0c96-ffff-ffff000000e9/attribute/displayed
04-13 07:56:08.162 22687 22716 I appium  : GetElementAttribute command
04-13 07:56:08.166 22687 22716 I appium  : AppiumResponse: {"sessionId":"232f4979-f46f-400d-aa7e-81cd8ddd97b7","value":"true"}
04-13 07:56:08.173 22687 22716 I appium  : channel read: POST /session/232f4979-f46f-400d-aa7e-81cd8ddd97b7/element/00000000-0000-0c96-ffff-ffff000000e9/click
04-13 07:56:08.173 22687 22716 I appium  : Click command
04-13 07:56:08.209 22687 22716 W GestureController: Gestures took longer than expected (33ms >> 16ms), device might be in a busy state.
04-13 07:56:08.209 22687 22716 I appium  : Waiting up to 10000ms for the device to idle
04-13 07:56:08.276 22728 22747 D OpenGLRenderer: endAllActiveAnimators on 0x7dab03eefc50 (RippleDrawable) with handle 0x7daa13eb3aa0
04-13 07:56:08.277 12660 13522 W InputManager-JNI: Input channel object '7b67ba6 ru.otus.wishlist/ru.otus.wishlist.MainActivity (client)' was disposed without first being removed with the input manager!
04-13 07:56:08.287 12833 12833 W ziparchive: Unable to open '/data/app/~~E7HUVOVE1_qGCqO9F55iMw==/ru.otus.wishlist-KvzObjiROZidZodhEA4kDA==/base.apk': No such file or directory
04-13 07:56:08.287 12833 12833 E ndroid.systemu: Failed to open APK '/data/app/~~E7HUVOVE1_qGCqO9F55iMw==/ru.otus.wishlist-KvzObjiROZidZodhEA4kDA==/base.apk': I/O error
04-13 07:56:08.287 12833 12833 W ResourcesManager: failed to preload asset path '/data/app/~~E7HUVOVE1_qGCqO9F55iMw==/ru.otus.wishlist-KvzObjiROZidZodhEA4kDA==/base.apk'
04-13 07:56:08.287 12833 12833 W ResourcesManager: java.io.IOException: Failed to load asset path /data/app/~~E7HUVOVE1_qGCqO9F55iMw==/ru.otus.wishlist-KvzObjiROZidZodhEA4kDA==/base.apk
04-13 07:56:08.287 12833 12833 W ResourcesManager: 	at android.content.res.ApkAssets.nativeLoad(Native Method)
04-13 07:56:08.287 12833 12833 W ResourcesManager: 	at android.content.res.ApkAssets.<init>(ApkAssets.java:295)
04-13 07:56:08.287 12833 12833 W ResourcesManager: 	at android.content.res.ApkAssets.loadFromPath(ApkAssets.java:144)
04-13 07:56:08.287 12833 12833 W ResourcesManager: 	at android.app.ResourcesManager.loadApkAssets(ResourcesManager.java:454)
04-13 07:56:08.287 12833 12833 W ResourcesManager: 	at android.app.ResourcesManager.access$000(ResourcesManager.java:72)
04-13 07:56:08.287 12833 12833 W ResourcesManager: 	at android.app.ResourcesManager$ApkAssetsSupplier.load(ResourcesManager.java:168)
04-13 07:56:08.287 12833 12833 W ResourcesManager: 	at android.app.ResourcesManager.createApkAssetsSupplierNotLocked(ResourcesManager.java:980)
04-13 07:56:08.287 12833 12833 W ResourcesManager: 	at android.app.ResourcesManager.getResources(ResourcesManager.java:1101)
04-13 07:56:08.287 12833 12833 W ResourcesManager: 	at android.app.ActivityThread.getTopLevelResources(ActivityThread.java:2372)
04-13 07:56:08.287 12833 12833 W ResourcesManager: 	at android.app.ApplicationPackageManager.getResourcesForApplication(ApplicationPackageManager.java:1751)
04-13 07:56:08.287 12833 12833 W ResourcesManager: 	at android.app.ApplicationPackageManager.getResourcesForApplication(ApplicationPackageManager.java:1737)
04-13 07:56:08.287 12833 12833 W ResourcesManager: 	at android.app.ApplicationPackageManager.getDrawable(ApplicationPackageManager.java:1506)
