04-15 11:33:50.337 25858 25886 I appium  : GetElementAttribute command
04-15 11:33:50.341 25858 25886 I appium  : AppiumResponse: {"sessionId":"248b73b2-7a53-4678-b85a-1dd359e8c6e9","value":"true"}
04-15 11:33:50.347 25858 25886 I appium  : channel read: POST /session/248b73b2-7a53-4678-b85a-1dd359e8c6e9/element
04-15 11:33:50.348 25858 25886 I appium  : FindElement command
04-15 11:33:50.348 25858 25886 I appium  : method: 'id', selector: 'ru.otus.wishlist:id/log_in_button'
04-15 11:33:50.348 25858 25886 I appium  : Waiting up to 10000ms for the device to idle
04-15 11:33:50.362 25858 25886 I appium  : AppiumResponse: {"sessionId":"248b73b2-7a53-4678-b85a-1dd359e8c6e9","value":{"ELEMENT":"00000000-0000-0cfb-ffff-ffff0000002a","element-6066-11e4-a52e-4f735466cecf":"00000000-0000-0cfb-ffff-ffff0000002a"}}
04-15 11:33:50.369 25858 25886 I appium  : channel read: GET /session/248b73b2-7a53-4678-b85a-1dd359e8c6e9/element/00000000-0000-0cfb-ffff-ffff0000002a/attribute/displayed
04-15 11:33:50.370 25858 25886 I appium  : GetElementAttribute command
04-15 11:33:50.374 25858 25886 I appium  : AppiumResponse: {"sessionId":"248b73b2-7a53-4678-b85a-1dd359e8c6e9","value":"true"}
04-15 11:33:50.381 25858 25886 I appium  : channel read: POST /session/248b73b2-7a53-4678-b85a-1dd359e8c6e9/element/00000000-0000-0cfb-ffff-ffff0000002a/click
04-15 11:33:50.382 25858 25886 I appium  : Click command
04-15 11:33:50.431 25858 25886 W GestureController: Gestures took longer than expected (44ms >> 16ms), device might be in a busy state.
04-15 11:33:50.431 25858 25886 I appium  : Waiting up to 10000ms for the device to idle
04-15 11:33:50.433 25858 25886 I appium  : AppiumResponse: {"sessionId":"248b73b2-7a53-4678-b85a-1dd359e8c6e9","value":null}
04-15 11:33:50.442 25858 25886 I appium  : channel read: POST /session/248b73b2-7a53-4678-b85a-1dd359e8c6e9/element
04-15 11:33:50.443 25858 25886 I appium  : FindElement command
04-15 11:33:50.445 25858 25886 I appium  : method: 'id', selector: 'ru.otus.wishlist:id/add_button'
04-15 11:33:50.445 25858 25886 I appium  : Waiting up to 10000ms for the device to idle
04-15 11:33:50.482 25858 25886 I appium  : AppiumResponse: {"sessionId":"248b73b2-7a53-4678-b85a-1dd359e8c6e9","value":{"error":"no such element","message":"An element could not be located on the page using the given search parameters","stacktrace":"io.appium.uiautomator2.common.exceptions.ElementNotFoundException: An element could not be located on the page using the given search parameters\n\tat io.appium.uiautomator2.handler.FindElement.safeHandle(FindElement.java:63)\n\tat io.appium.uiautomator2.handler.request.SafeRequestHandler.handle(SafeRequestHandler.java:59)\n\tat io.appium.uiautomator2.server.AppiumServlet.handleRequest(AppiumServlet.java:267)\n\tat io.appium.uiautomator2.server.AppiumServlet.handleHttpRequest(AppiumServlet.java:261)\n\tat io.appium.uiautomator2.http.ServerHandler.channelRead(ServerHandler.java:77)\n\tat io.netty.channel.AbstractChannelHandlerContext.fireChannelRead(AbstractChannelHandlerContext.java:356)\n\tat io.netty.handler.codec.MessageToMessageDecoder.channelRead(MessageToMessageDecoder.java:107)\n\tat io.netty.channel.AbstractChannelHandlerContext.fireChannelRead(AbstractChannelHandlerContext.java:356)\n\tat io.netty.channel.CombinedChannelDuplexHandler$DelegatingChannelHandlerContext.fireChannelRead(CombinedChannelDuplexHandler.java:434)\n\tat io.netty.handler.codec.ByteToMessageDecoder.fireChannelRead(ByteToMessageDecoder.java:361)\n\tat io.netty.handler.codec.ByteToMessageDecoder.channelRead(ByteToMessageDecoder.java:325)\n\tat io.netty.channel.CombinedChannelDuplexHandler.channelRead(CombinedChannelDuplexHandler.java:249)\n\tat io.netty.channel.AbstractChannelHandlerContext.fireChannelRead(AbstractChannelHandlerContext.java:354)\n\tat io.netty.handler.timeout.IdleStateHandler.channelRead(IdleStateHandler.java:293)\n\tat io.netty.channel.AbstractChannelHandlerContext.fireChannelRead(AbstractChannelHandlerContext.java:354)\n\tat io.netty.channel.DefaultChannelPipeline$HeadContext.channelRead(DefaultChannelPipeline.java:1429)\n\tat io.netty.channel.DefaultChannelPipeline.fireChannelRead(DefaultChannelPipeline.java:918)\n\tat io.netty.channel.nio.AbstractNioByteChannel$NioByteUnsafe.read(AbstractNioByteChannel.java:172)\n\tat io.netty.channel.nio.AbstractNioChannel$AbstractNioUnsafe.handle(AbstractNioChannel.java:445)\n\tat io.netty.channel.nio.NioIoHandler$DefaultNioRegistration.handle(NioIoHandler.java:388)\n\tat io.netty.channel.nio.NioIoHandler.processSelectedKey(NioIoHandler.java:596)\n\tat io.netty.channel.nio.NioIoHandler.processSelectedKeysOptimized(NioIoHandler.java:571)\n\tat io.netty.channel.nio.NioIoHandler.processSelectedKeys(NioIoHandler.java:512)\n\tat io.netty.channel.nio.NioIoHandler.run(NioIoHandler.java:484)\n\tat io.netty.channel.SingleThreadIoEventLoop.runIo(SingleThreadIoEventLoop.java:225)\n\tat io.netty.channel.SingleThreadIoEventLoop.run(SingleThreadIoEventLoop.java:196)\n\tat io.netty.util.concurrent.SingleThreadEventExecutor$5.run(SingleThreadEventExecutor.java:1195)\n\tat io.netty.util.internal.ThreadExecutorMap$2.run(ThreadExecutorMap.java:74)\n\tat io.netty.util.concurrent.FastThreadLocalRunnable.run(FastThreadLocalRunnable.java:30)\n\tat java.lang.Thread.run(Thread.java:920)\n"}}
04-15 11:33:50.501 12592 25934 D resolv  : GetAddrInfoHandler::run: {103 103 103 983143 10151 0}
04-15 11:33:50.501 12592 25934 D resolv  : resolv_getaddrinfo: explore_fqdn(): ai_family=0 ai_socktype=1 ai_protocol=6
04-15 11:33:50.502 12592 25936 D resolv  : doQuery: (1, 1)
04-15 11:33:50.502 12592 25935 D resolv  : doQuery: (1, 28)
04-15 11:33:50.502 12592 25935 D resolv  : res_nmkquery: (QUERY, IN, AAAA)
04-15 11:33:50.502 12592 25935 D resolv  : res_nsend
04-15 11:33:50.502 12592 25935 I resolv  : resolv_cache_lookup: lookup
04-15 11:33:50.502 12592 25935 I resolv  : resolv_cache_lookup: FOUND IN CACHE entry=0x790037b51b50
04-15 11:33:50.503 12592 25936 D resolv  : res_nmkquery: (QUERY, IN, A)
04-15 11:33:50.503 12592 25936 D resolv  : res_nsend
04-15 11:33:50.503 12592 25935 D resolv  : doQuery: rcode=0, ancount=0
04-15 11:33:50.504 12592 25936 I resolv  : resolv_cache_lookup: lookup
04-15 11:33:50.504 12592 25936 I resolv  : resolv_cache_lookup: FOUND IN CACHE entry=0x790027b561d0
04-15 11:33:50.505 12592 25936 D resolv  : doQuery: rcode=0, ancount=1
04-15 11:33:50.507 12592 25934 I ResolverController: No valid NAT64 prefix (103, <unspecified>/0)
04-15 11:33:50.990 25858 25886 I appium  : channel read: POST /session/248b73b2-7a53-4678-b85a-1dd359e8c6e9/element
04-15 11:33:50.992 25858 25886 I appium  : FindElement command
04-15 11:33:50.994 25858 25886 I appium  : method: 'id', selector: 'ru.otus.wishlist:id/add_button'
04-15 11:33:50.994 25858 25886 I appium  : Waiting up to 10000ms for the device to idle
04-15 11:33:51.068 25858 25886 I appium  : AppiumResponse: {"sessionId":"248b73b2-7a53-4678-b85a-1dd359e8c6e9","value":{"error":"no such element","message":"An element could not be located on the page using the given search parameters","stacktrace":"io.appium.uiautomator2.common.exceptions.ElementNotFoundException: An element could not be located on the page using the given search parameters\n\tat io.appium.uiautomator2.handler.FindElement.safeHandle(FindElement.java:63)\n\tat io.appium.uiautomator2.handler.request.SafeRequestHandler.handle(SafeRequestHandler.java:59)\n\tat io.appium.uiautomator2.server.AppiumServlet.handleRequest(AppiumServlet.java:267)\n\tat io.appium.uiautomator2.server.AppiumServlet.handleHttpRequest(AppiumServlet.java:261)\n\tat io.appium.uiautomator2.http.ServerHandler.channelRead(ServerHandler.java:77)\n\tat io.netty.channel.AbstractChannelHandlerContext.fireChannelRead(AbstractChannelHandlerContext.java:356)\n\tat io.netty.handler.codec.MessageToMessageDecoder.channelRead(MessageToMessageDecoder.java:107)\n\tat io.netty.channel.AbstractChannelHandlerContext.fireChannelRead(AbstractChannelHandlerContext.java:356)\n\tat io.netty.channel.CombinedChannelDuplexHandler$DelegatingChannelHandlerContext.fireChannelRead(CombinedChannelDuplexHandler.java:434)\n\tat io.netty.handler.codec.ByteToMessageDecoder.fireChannelRead(ByteToMessageDecoder.java:361)\n\tat io.netty.handler.codec.ByteToMessageDecoder.channelRead(ByteToMessageDecoder.java:325)\n\tat io.netty.channel.CombinedChannelDuplexHandler.channelRead(CombinedChannelDuplexHandler.java:249)\n\tat io.netty.channel.AbstractChannelHandlerContext.fireChannelRead(AbstractChannelHandlerContext.java:354)\n\tat io.netty.handler.timeout.IdleStateHandler.channelRead(IdleStateHandler.java:293)\n\tat io.netty.channel.AbstractChannelHandlerContext.fireChannelRead(AbstractChannelHandlerContext.java:354)\n\tat io.netty.channel.DefaultChannelPipeline$HeadContext.channelRead(DefaultChannelPipeline.java:1429)\n\tat io.netty.channel.DefaultChannelPipeline.fireChannelRead(DefaultChannelPipeline.java:918)\n\tat io.netty.channel.nio.AbstractNioByteChannel$NioByteUnsafe.read(AbstractNioByteChannel.java:172)\n\tat io.netty.channel.nio.AbstractNioChannel$AbstractNioUnsafe.handle(AbstractNioChannel.java:445)\n\tat io.netty.channel.nio.NioIoHandler$DefaultNioRegistration.handle(NioIoHandler.java:388)\n\tat io.netty.channel.nio.NioIoHandler.processSelectedKey(NioIoHandler.java:596)\n\tat io.netty.channel.nio.NioIoHandler.processSelectedKeysOptimized(NioIoHandler.java:571)\n\tat io.netty.channel.nio.NioIoHandler.processSelectedKeys(NioIoHandler.java:512)\n\tat io.netty.channel.nio.NioIoHandler.run(NioIoHandler.java:484)\n\tat io.netty.channel.SingleThreadIoEventLoop.runIo(SingleThreadIoEventLoop.java:225)\n\tat io.netty.channel.SingleThreadIoEventLoop.run(SingleThreadIoEventLoop.java:196)\n\tat io.netty.util.concurrent.SingleThreadEventExecutor$5.run(SingleThreadEventExecutor.java:1195)\n\tat io.netty.util.internal.ThreadExecutorMap$2.run(ThreadExecutorMap.java:74)\n\tat io.netty.util.concurrent.FastThreadLocalRunnable.run(FastThreadLocalRunnable.java:30)\n\tat java.lang.Thread.run(Thread.java:920)\n"}}
04-15 11:33:51.246 12592 25939 D resolv  : GetAddrInfoHandler::run: {103 786535 103 983143 10100 0}
04-15 11:33:51.246 12592 25939 D resolv  : resolv_getaddrinfo: explore_fqdn(): ai_family=0 ai_socktype=1 ai_protocol=6
04-15 11:33:51.247 12592 25941 D resolv  : doQuery: (1, 1)
04-15 11:33:51.247 12592 25940 D resolv  : doQuery: (1, 28)
04-15 11:33:51.247 12592 25941 D resolv  : res_nmkquery: (QUERY, IN, A)
04-15 11:33:51.247 12592 25940 D resolv  : res_nmkquery: (QUERY, IN, AAAA)
04-15 11:33:51.247 12592 25941 D resolv  : res_nsend
04-15 11:33:51.247 12592 25940 D resolv  : res_nsend
04-15 11:33:51.247 12592 25940 I resolv  : resolv_cache_lookup: lookup
04-15 11:33:51.247 12592 25941 I resolv  : resolv_cache_lookup: lookup
04-15 11:33:51.247 12592 25940 I resolv  : resolv_cache_lookup: NOT IN CACHE (STALE ENTRY 0x790047b57110DISCARDED)
04-15 11:33:51.247 12592 25940 I resolv  : _cache_remove_p: entry 408 removed (count=33)
04-15 11:33:51.247 12592 25940 I resolv  : resolv_populate_res_for_net: netid=103
04-15 11:33:51.247 12592 25940 I resolv  : res_stats_usable_server: NS stats: S 0 + E 0 + T 64 + I 0 = 64, rtt = -1, min_samples = 8
04-15 11:33:51.247 12592 25940 I resolv  : res_stats_usable_server: success rate 0
04-15 11:33:51.247 12592 25940 I resolv  : res_stats_usable_server: too many resolution errors, ignoring server
04-15 11:33:51.248 12592 25940 I resolv  : res_stats_usable_server: NS stats: S 64 + E 0 + T 0 + I 0 = 64, rtt = 303, min_samples = 8
04-15 11:33:51.248 12592 25940 I resolv  : res_stats_usable_server: success rate 100
04-15 11:33:51.248 12592 25940 D resolv  : res_nsend: Querying server (# 2) address = 10.0.2.3:53
04-15 11:33:51.248 12592 25941 I resolv  : resolv_cache_lookup: FOUND IN CACHE entry=0x790037b51c70
04-15 11:33:51.248 12592 25940 D resolv  : send_dg: new DG socket
04-15 11:33:51.248 12592 25941 D resolv  : doQuery: rcode=0, ancount=4
04-15 11:33:51.248 12592 25940 I resolv  : get_timeout: using timeout of 5000 msec
04-15 11:33:51.249 12592 25940 I resolv  : retrying_poll: 56 retrying_poll
04-15 11:33:51.330 12592 25940 I resolv  : retrying_poll: 56 retrying_poll returning 1
04-15 11:33:51.330 12592 25940 I resolv  : res_nsend: used send_dg 164 terrno: 0
04-15 11:33:51.330 12592 25940 I resolv  : res_stats_set_sample: rcode = 0, sec = 81
04-15 11:33:51.330 12592 25940 I resolv  : res_cache_add_stats_sample_locked: adding sample to stats, next = 16, count = 64
04-15 11:33:51.330 12592 25940 D resolv  : res_nsend: got answer:
04-15 11:33:51.330 12592 25940 I resolv  : answer_getTTL: TTL = 237
04-15 11:33:51.330 12592 25940 I resolv  : _cache_add_p: entry 425 added (count=34)
04-15 11:33:51.331 12592 25940 I resolv  : cache_dump_mru_locked: MRU LIST (34):  425 412 409 410 424 423 422 421 400 420 419 394 418 417 414 415 416 413 411 405 402 401 398 396 393 391 389 388 369 368 331 330 329 328
04-15 11:33:51.331 12592 25940 D resolv  : doQuery: rcode=0, ancount=4
04-15 11:33:51.551 25898 25918 D EGL_emulation: app_time_stats: avg=51.66ms min=9.73ms max=992.31ms count=33
04-15 11:33:51.578 25858 25886 I appium  : channel read: POST /session/248b73b2-7a53-4678-b85a-1dd359e8c6e9/element
04-15 11:33:51.579 25858 25886 I appium  : FindElement command
04-15 11:33:51.580 25858 25886 I appium  : method: 'id', selector: 'ru.otus.wishlist:id/add_button'
04-15 11:33:51.580 25858 25886 I appium  : Waiting up to 10000ms for the device to idle
04-15 11:33:52.119 12660 13558 D IntervalStats: Unable to parse usage stats packages: [138, 140]
04-15 11:33:52.119 12660 13558 D IntervalStats: Unable to parse event packages: [138, 140]
04-15 11:33:52.151 25858 25886 I appium  : AppiumResponse: {"sessionId":"248b73b2-7a53-4678-b85a-1dd359e8c6e9","value":{"ELEMENT":"00000000-0000-0cfb-ffff-ffff00000065","element-6066-11e4-a52e-4f735466cecf":"00000000-0000-0cfb-ffff-ffff00000065"}}
04-15 11:33:52.158 25858 25886 I appium  : channel read: GET /session/248b73b2-7a53-4678-b85a-1dd359e8c6e9/element/00000000-0000-0cfb-ffff-ffff00000065/attribute/displayed
04-15 11:33:52.159 25858 25886 I appium  : GetElementAttribute command
04-15 11:33:52.162 25858 25886 I appium  : AppiumResponse: {"sessionId":"248b73b2-7a53-4678-b85a-1dd359e8c6e9","value":"true"}
04-15 11:33:52.169 25858 25886 I appium  : channel read: POST /session/248b73b2-7a53-4678-b85a-1dd359e8c6e9/element
04-15 11:33:52.170 25858 25886 I appium  : FindElement command
04-15 11:33:52.171 25858 25886 I appium  : method: 'id', selector: 'ru.otus.wishlist:id/add_button'
04-15 11:33:52.171 25858 25886 I appium  : Waiting up to 10000ms for the device to idle
04-15 11:33:52.178 25858 25886 I appium  : AppiumResponse: {"sessionId":"248b73b2-7a53-4678-b85a-1dd359e8c6e9","value":{"ELEMENT":"00000000-0000-0cfb-ffff-ffff00000065","element-6066-11e4-a52e-4f735466cecf":"00000000-0000-0cfb-ffff-ffff00000065"}}
04-15 11:33:52.194 25858 25886 I appium  : channel read: GET /session/248b73b2-7a53-4678-b85a-1dd359e8c6e9/element/00000000-0000-0cfb-ffff-ffff00000065/attribute/displayed
04-15 11:33:52.194 25858 25886 I appium  : GetElementAttribute command
04-15 11:33:52.199 25858 25886 I appium  : AppiumResponse: {"sessionId":"248b73b2-7a53-4678-b85a-1dd359e8c6e9","value":"true"}
04-15 11:33:52.207 25858 25886 I appium  : channel read: POST /session/248b73b2-7a53-4678-b85a-1dd359e8c6e9/element/00000000-0000-0cfb-ffff-ffff00000065/click
04-15 11:33:52.207 25858 25886 I appium  : Click command
04-15 11:33:52.247 25858 25886 W GestureController: Gestures took longer than expected (36ms >> 16ms), device might be in a busy state.
04-15 11:33:52.248 25858 25886 I appium  : Waiting up to 10000ms for the device to idle
04-15 11:33:52.249 25858 25886 I appium  : AppiumResponse: {"sessionId":"248b73b2-7a53-4678-b85a-1dd359e8c6e9","value":null}
04-15 11:33:52.258 25858 25886 I appium  : channel read: POST /session/248b73b2-7a53-4678-b85a-1dd359e8c6e9/element
04-15 11:33:52.259 25858 25886 I appium  : FindElement command
04-15 11:33:52.261 25858 25886 I appium  : method: 'id', selector: 'ru.otus.wishlist:id/wishlist_edit_title'
04-15 11:33:52.262 25858 25886 I appium  : Waiting up to 10000ms for the device to idle
04-15 11:33:52.295 25898 25906 I u.otus.wishlis: JIT allocated 77KB for compiled code of void android.view.View.<init>(android.content.Context, android.util.AttributeSet, int, int)
04-15 11:33:52.331   371   410 D goldfish-address-space: claimShared: Ask to claim region [0x3f1cec000 0x3f28fb000]
04-15 11:33:52.352 12833 12920 D EGL_emulation: app_time_stats: avg=140.19ms min=11.61ms max=3729.02ms count=30
04-15 11:33:52.358   371   410 D goldfish-address-space: claimShared: Ask to claim region [0x3f5967000 0x3f6576000]
04-15 11:33:52.400   371   410 D goldfish-address-space: claimShared: Ask to claim region [0x3f6576000 0x3f7185000]
04-15 11:33:52.459 25858 25886 W ByMatcher: Node returned null child: android.view.accessibility.AccessibilityNodeInfo@15734; boundsInParent: Rect(0, 0 - 88, 88); boundsInScreen: Rect(135, 2010 - 223, 2098); packageName: ru.otus.wishlist; className: android.widget.LinearLayout; text: null; error: null; maxTextLength: -1; stateDescription: null; contentDescription: null; tooltipText: null; viewIdResName: ru.otus.wishlist:id/navigation_bar_item_inner_content_container; checkable: false; checked: false; focusable: false; focused: false; selected: true; clickable: false; longClickable: false; contextClickable: false; enabled: true; password: false; scrollable: false; importantForAccessibility: false; visible: true; actions: [AccessibilityAction: ACTION_SELECT - null, AccessibilityAction: ACTION_CLEAR_SELECTION - null, AccessibilityAction: ACTION_ACCESSIBILITY_FOCUS - null, AccessibilityAction: ACTION_SHOW_ON_SCREEN - null]
04-15 11:33:52.460 25858 25886 W ByMatcher: Skipping null child (0 of 1)
04-15 11:33:52.462 25858 25886 W ByMatcher: Node returned null child: android.view.accessibility.AccessibilityNodeInfo@15eb6; boundsInParent: Rect(0, 0 - 253, 99); boundsInScreen: Rect(53, 2109 - 306, 2208); packageName: ru.otus.wishlist; className: android.view.ViewGroup; text: null; error: null; maxTextLength: -1; stateDescription: null; contentDescription: null; tooltipText: null; viewIdResName: ru.otus.wishlist:id/navigation_bar_item_labels_group; checkable: false; checked: false; focusable: false; focused: false; selected: true; clickable: false; longClickable: false; contextClickable: false; enabled: true; password: false; scrollable: false; importantForAccessibility: false; visible: true; actions: [AccessibilityAction: ACTION_SELECT - null, AccessibilityAction: ACTION_CLEAR_SELECTION - null, AccessibilityAction: ACTION_ACCESSIBILITY_FOCUS - null, AccessibilityAction: ACTION_SHOW_ON_SCREEN - null]
04-15 11:33:52.465 25858 25886 W ByMatcher: Skipping null child (0 of 1)
04-15 11:33:52.467 25858 25886 W ByMatcher: Node returned null child: android.view.accessibility.AccessibilityNodeInfo@15734; boundsInParent: Rect(0, 0 - 88, 88); boundsInScreen: Rect(135, 2010 - 223, 2098); packageName: ru.otus.wishlist; className: android.widget.LinearLayout; text: null; error: null; maxTextLength: -1; stateDescription: null; contentDescription: null; tooltipText: null; viewIdResName: ru.otus.wishlist:id/navigation_bar_item_inner_content_container; checkable: false; checked: false; focusable: false; focused: false; selected: true; clickable: false; longClickable: false; contextClickable: false; enabled: true; password: false; scrollable: false; importantForAccessibility: false; visible: true; actions: [AccessibilityAction: ACTION_SELECT - null, AccessibilityAction: ACTION_CLEAR_SELECTION - null, AccessibilityAction: ACTION_ACCESSIBILITY_FOCUS - null, AccessibilityAction: ACTION_SHOW_ON_SCREEN - null]
04-15 11:33:52.468 25858 25886 W ByMatcher: Skipping null child (0 of 1)
04-15 11:33:52.468 25858 25886 W ByMatcher: Node returned null child: android.view.accessibility.AccessibilityNodeInfo@15eb6; boundsInParent: Rect(0, 0 - 253, 99); boundsInScreen: Rect(53, 2109 - 306, 2208); packageName: ru.otus.wishlist; className: android.view.ViewGroup; text: null; error: null; maxTextLength: -1; stateDescription: null; contentDescription: null; tooltipText: null; viewIdResName: ru.otus.wishlist:id/navigation_bar_item_labels_group; checkable: false; checked: false; focusable: false; focused: false; selected: true; clickable: false; longClickable: false; contextClickable: false; enabled: true; password: false; scrollable: false; importantForAccessibility: false; visible: true; actions: [AccessibilityAction: ACTION_SELECT - null, AccessibilityAction: ACTION_CLEAR_SELECTION - null, AccessibilityAction: ACTION_ACCESSIBILITY_FOCUS - null, AccessibilityAction: ACTION_SHOW_ON_SCREEN - null]
04-15 11:33:52.469 25858 25886 W ByMatcher: Skipping null child (0 of 1)
04-15 11:33:52.472 25858 25886 I appium  : AppiumResponse: {"sessionId":"248b73b2-7a53-4678-b85a-1dd359e8c6e9","value":{"error":"no such element","message":"An element could not be located on the page using the given search parameters","stacktrace":"io.appium.uiautomator2.common.exceptions.ElementNotFoundException: An element could not be located on the page using the given search parameters\n\tat io.appium.uiautomator2.handler.FindElement.safeHandle(FindElement.java:63)\n\tat io.appium.uiautomator2.handler.request.SafeRequestHandler.handle(SafeRequestHandler.java:59)\n\tat io.appium.uiautomator2.server.AppiumServlet.handleRequest(AppiumServlet.java:267)\n\tat io.appium.uiautomator2.server.AppiumServlet.handleHttpRequest(AppiumServlet.java:261)\n\tat io.appium.uiautomator2.http.ServerHandler.channelRead(ServerHandler.java:77)\n\tat io.netty.channel.AbstractChannelHandlerContext.fireChannelRead(AbstractChannelHandlerContext.java:356)\n\tat io.netty.handler.codec.MessageToMessageDecoder.channelRead(MessageToMessageDecoder.java:107)\n\tat io.netty.channel.AbstractChannelHandlerContext.fireChannelRead(AbstractChannelHandlerContext.java:356)\n\tat io.netty.channel.CombinedChannelDuplexHandler$DelegatingChannelHandlerContext.fireChannelRead(CombinedChannelDuplexHandler.java:434)\n\tat io.netty.handler.codec.ByteToMessageDecoder.fireChannelRead(ByteToMessageDecoder.java:361)\n\tat io.netty.handler.codec.ByteToMessageDecoder.channelRead(ByteToMessageDecoder.java:325)\n\tat io.netty.channel.CombinedChannelDuplexHandler.channelRead(CombinedChannelDuplexHandler.java:249)\n\tat io.netty.channel.AbstractChannelHandlerContext.fireChannelRead(AbstractChannelHandlerContext.java:354)\n\tat io.netty.handler.timeout.IdleStateHandler.channelRead(IdleStateHandler.java:293)\n\tat io.netty.channel.AbstractChannelHandlerContext.fireChannelRead(AbstractChannelHandlerContext.java:354)\n\tat io.netty.channel.DefaultChannelPipeline$HeadContext.channelRead(DefaultChannelPipeline.java:1429)\n\tat io.netty.channel.DefaultChannelPipeline.fireChannelRead(DefaultChannelPipeline.java:918)\n\tat io.netty.channel.nio.AbstractNioByteChannel$NioByteUnsafe.read(AbstractNioByteChannel.java:172)\n\tat io.netty.channel.nio.AbstractNioChannel$AbstractNioUnsafe.handle(AbstractNioChannel.java:445)\n\tat io.netty.channel.nio.NioIoHandler$DefaultNioRegistration.handle(NioIoHandler.java:388)\n\tat io.netty.channel.nio.NioIoHandler.processSelectedKey(NioIoHandler.java:596)\n\tat io.netty.channel.nio.NioIoHandler.processSelectedKeysOptimized(NioIoHandler.java:571)\n\tat io.netty.channel.nio.NioIoHandler.processSelectedKeys(NioIoHandler.java:512)\n\tat io.netty.channel.nio.NioIoHandler.run(NioIoHandler.java:484)\n\tat io.netty.channel.SingleThreadIoEventLoop.runIo(SingleThreadIoEventLoop.java:225)\n\tat io.netty.channel.SingleThreadIoEventLoop.run(SingleThreadIoEventLoop.java:196)\n\tat io.netty.util.concurrent.SingleThreadEventExecutor$5.run(SingleThreadEventExecutor.java:1195)\n\tat io.netty.util.internal.ThreadExecutorMap$2.run(ThreadExecutorMap.java:74)\n\tat io.netty.util.concurrent.FastThreadLocalRunnable.run(FastThreadLocalRunnable.java:30)\n\tat java.lang.Thread.run(Thread.java:920)\n"}}
04-15 11:33:52.512 13314 13314 I GoogleInputMethodService: GoogleInputMethodService.onFinishInput():3420 
04-15 11:33:52.512 13314 13314 W KeyboardViewController: KeyboardViewController.show():477 Requesting to show sub view with id 2131428268(#0x7f0b03ac) when keyboard HEADER view is not ready to show
04-15 11:33:52.512 13314 13314 I GoogleInputMethodService: GoogleInputMethodService.onStartInput():2002 
04-15 11:33:52.514 13314 13314 I DeviceUnlockedTag: DeviceUnlockedTag.notifyDeviceLockStatusChanged():31 Notify device unlocked.
04-15 11:33:52.514 13314 13314 I ShortcutsDataManager: AbstractContentDataManager.startImportContentTask():235 startImportContentTask()
04-15 11:33:52.515 13314 13602 I ShortcutsDataManager: AbstractContentDataManager$ImportContentTask.doInBackground():249 doInBackground()
04-15 11:33:52.515 13314 13602 I PersonalDictionaryDataHandler: PersonalDictionaryDataHandler.beginProcess():111 LanguageTags = [en-US]
04-15 11:33:52.521 13314 13602 I ShortcutsDataManager: AbstractContentDataManager.importRecords():339 importRecords() : Success : Count = 0
04-15 11:33:52.522 13314 13602 I ShortcutsDataManager: AbstractContentDataManager.importContentData():289 importContentData() : Ending import process
04-15 11:33:52.523 13314 15962 I Delight5Decoder: Delight5DecoderWrapper.unloadLanguageModel():820 unloadLanguageModel() : 4, version [n/a]
04-15 11:33:52.533 13314 13602 I PersonalLanguageModelUpdater: PersonalLanguageModelUpdater$UpdateOperation.performInternal():162 run() : Added 0 words and 0 shortcuts
04-15 11:33:52.533 13314 13602 I DynamicLanguageModelOperation: DynamicLanguageModelOperation.perform():38 perform() : 4 : cny : Completed
04-15 11:33:52.533 13314 13314 I ShortcutsDataManager: AbstractContentDataManager$ImportContentTask.onPostExecute():260 onPostExecute() : Result = [2,0]
04-15 11:33:52.533 13314 13314 I ShortcutsDataManager: ShortcutsDataManager.onImportFinished():83 onImportFinished() : Result = 2 : Count = 0
04-15 11:33:52.534 13314 15962 I Delight5Decoder: Delight5DecoderWrapper.loadLanguageModel():614 loadLanguageModel() : 4, version [n/a]
04-15 11:33:52.534 13314 15962 I Delight5Decoder: Delight5DecoderWrapper.loadLanguageModel():652 Loaded dynamic LM 4.en
04-15 11:33:52.559 25898 25918 D EGL_emulation: app_time_stats: avg=46.87ms min=1.46ms max=603.57ms count=19
04-15 11:33:52.619 25898 25945 D ProfileInstaller: Installing profile for ru.otus.wishlist
04-15 11:33:52.758 13674 13674 V ClearcutMetricXmitter: Transmission is done.
04-15 11:33:52.979 25858 25886 I appium  : channel read: POST /session/248b73b2-7a53-4678-b85a-1dd359e8c6e9/element
04-15 11:33:52.980 25858 25886 I appium  : FindElement command
04-15 11:33:52.980 25858 25886 I appium  : method: 'id', selector: 'ru.otus.wishlist:id/wishlist_edit_title'
04-15 11:33:52.980 25858 25886 I appium  : Waiting up to 10000ms for the device to idle
04-15 11:33:53.094 25858 25886 I appium  : AppiumResponse: {"sessionId":"248b73b2-7a53-4678-b85a-1dd359e8c6e9","value":{"ELEMENT":"00000000-0000-0cfc-ffff-ffff00000070","element-6066-11e4-a52e-4f735466cecf":"00000000-0000-0cfc-ffff-ffff00000070"}}
04-15 11:33:53.102 25858 25886 I appium  : channel read: GET /session/248b73b2-7a53-4678-b85a-1dd359e8c6e9/element/00000000-0000-0cfc-ffff-ffff00000070/attribute/displayed
04-15 11:33:53.102 25858 25886 I appium  : GetElementAttribute command
04-15 11:33:53.109 25858 25886 I appium  : AppiumResponse: {"sessionId":"248b73b2-7a53-4678-b85a-1dd359e8c6e9","value":"true"}
04-15 11:33:53.118 25858 25886 I appium  : channel read: POST /session/248b73b2-7a53-4678-b85a-1dd359e8c6e9/element
04-15 11:33:53.119 25858 25886 I appium  : FindElement command
04-15 11:33:53.122 25858 25886 I appium  : method: 'id', selector: 'ru.otus.wishlist:id/wishlist_edit_title'
04-15 11:33:53.122 25858 25886 I appium  : Waiting up to 10000ms for the device to idle
04-15 11:33:53.128 25858 25886 I appium  : AppiumResponse: {"sessionId":"248b73b2-7a53-4678-b85a-1dd359e8c6e9","value":{"ELEMENT":"00000000-0000-0cfc-ffff-ffff00000070","element-6066-11e4-a52e-4f735466cecf":"00000000-0000-0cfc-ffff-ffff00000070"}}
04-15 11:33:53.136 25858 25886 I appium  : channel read: GET /session/248b73b2-7a53-4678-b85a-1dd359e8c6e9/element/00000000-0000-0cfc-ffff-ffff00000070/name
04-15 11:33:53.136 25858 25886 I appium  : GetName command
04-15 11:33:53.140 25858 25886 I appium  : AppiumResponse: {"sessionId":"248b73b2-7a53-4678-b85a-1dd359e8c6e9","value":null}
04-15 11:33:53.147 25858 25886 I appium  : channel read: GET /session/248b73b2-7a53-4678-b85a-1dd359e8c6e9/element/00000000-0000-0cfc-ffff-ffff00000070/text
04-15 11:33:53.147 25858 25886 I appium  : GetText command
04-15 11:33:53.151 25858 25886 I appium  : AppiumResponse: {"sessionId":"248b73b2-7a53-4678-b85a-1dd359e8c6e9","value":"Новый список желаний"}
04-15 11:33:53.158 25858 25886 I appium  : channel read: POST /session/248b73b2-7a53-4678-b85a-1dd359e8c6e9/element
04-15 11:33:53.158 25858 25886 I appium  : FindElement command
04-15 11:33:53.160 25858 25886 I appium  : method: 'id', selector: 'ru.otus.wishlist:id/title_input'
04-15 11:33:53.160 25858 25886 I appium  : Waiting up to 10000ms for the device to idle
04-15 11:33:53.166 25858 25886 I appium  : AppiumResponse: {"sessionId":"248b73b2-7a53-4678-b85a-1dd359e8c6e9","value":{"ELEMENT":"00000000-0000-0cfc-ffff-ffff00000073","element-6066-11e4-a52e-4f735466cecf":"00000000-0000-0cfc-ffff-ffff00000073"}}
04-15 11:33:53.173 25858 25886 I appium  : channel read: GET /session/248b73b2-7a53-4678-b85a-1dd359e8c6e9/element/00000000-0000-0cfc-ffff-ffff00000073/attribute/displayed
04-15 11:33:53.174 25858 25886 I appium  : GetElementAttribute command
04-15 11:33:53.177 25858 25886 I appium  : AppiumResponse: {"sessionId":"248b73b2-7a53-4678-b85a-1dd359e8c6e9","value":"true"}
04-15 11:33:53.185 25858 25886 I appium  : channel read: POST /session/248b73b2-7a53-4678-b85a-1dd359e8c6e9/element
04-15 11:33:53.185 25858 25886 I appium  : FindElement command
04-15 11:33:53.187 25858 25886 I appium  : method: 'id', selector: 'ru.otus.wishlist:id/title_input'
04-15 11:33:53.187 25858 25886 I appium  : Waiting up to 10000ms for the device to idle
04-15 11:33:53.193 25858 25886 I appium  : AppiumResponse: {"sessionId":"248b73b2-7a53-4678-b85a-1dd359e8c6e9","value":{"ELEMENT":"00000000-0000-0cfc-ffff-ffff00000073","element-6066-11e4-a52e-4f735466cecf":"00000000-0000-0cfc-ffff-ffff00000073"}}
04-15 11:33:53.199 25858 25886 I appium  : channel read: GET /session/248b73b2-7a53-4678-b85a-1dd359e8c6e9/element/00000000-0000-0cfc-ffff-ffff00000073/attribute/displayed
04-15 11:33:53.200 25858 25886 I appium  : GetElementAttribute command
04-15 11:33:53.204 25858 25886 I appium  : AppiumResponse: {"sessionId":"248b73b2-7a53-4678-b85a-1dd359e8c6e9","value":"true"}
04-15 11:33:53.211 25858 25886 I appium  : channel read: POST /session/248b73b2-7a53-4678-b85a-1dd359e8c6e9/element/00000000-0000-0cfc-ffff-ffff00000073/clear
04-15 11:33:53.211 25858 25886 I appium  : Clear command
04-15 11:33:53.215 25858 25886 D UiObject2: Setting text to ''.
04-15 11:33:53.218 25858 25886 I appium  : AppiumResponse: {"sessionId":"248b73b2-7a53-4678-b85a-1dd359e8c6e9","value":null}
04-15 11:33:53.226 25858 25886 I appium  : channel read: POST /session/248b73b2-7a53-4678-b85a-1dd359e8c6e9/element
04-15 11:33:53.228 25858 25886 I appium  : FindElement command
04-15 11:33:53.228 25858 25886 I appium  : method: 'id', selector: 'ru.otus.wishlist:id/title_input'
04-15 11:33:53.229 25858 25886 I appium  : Waiting up to 10000ms for the device to idle
04-15 11:33:53.734 25858 25886 I appium  : AppiumResponse: {"sessionId":"248b73b2-7a53-4678-b85a-1dd359e8c6e9","value":{"ELEMENT":"00000000-0000-0cfc-ffff-ffff00000073","element-6066-11e4-a52e-4f735466cecf":"00000000-0000-0cfc-ffff-ffff00000073"}}
04-15 11:33:53.748 25858 25886 I appium  : channel read: POST /session/248b73b2-7a53-4678-b85a-1dd359e8c6e9/element/00000000-0000-0cfc-ffff-ffff00000073/value
04-15 11:33:53.748 25858 25886 I appium  : SendKeysToElement command
04-15 11:33:53.755 25858 25886 D UiObject2: Setting text to ''.
04-15 11:33:53.775 25898 25918 D EGL_emulation: app_time_stats: avg=105.60ms min=2.43ms max=569.97ms count=12
04-15 11:33:53.982 12660 12660 W WindowManager: removeWindowToken: Attempted to remove non-existing token: android.os.Binder@90d3153
04-15 11:33:54.270 25858 25886 I appium  : AppiumResponse: {"sessionId":"248b73b2-7a53-4678-b85a-1dd359e8c6e9","value":null}
04-15 11:33:54.271 13314 13314 I ShortcutsDataManager: ShortcutsDataManager.onContentChanged():73 onContentChanged()
04-15 11:33:54.284 25858 25886 I appium  : channel read: POST /session/248b73b2-7a53-4678-b85a-1dd359e8c6e9/element
04-15 11:33:54.285 25858 25886 I appium  : FindElement command
04-15 11:33:54.286 25858 25886 I appium  : method: 'id', selector: 'ru.otus.wishlist:id/description_input'
04-15 11:33:54.287 25858 25886 I appium  : Waiting up to 10000ms for the device to idle
04-15 11:33:54.776 25858 25886 I appium  : AppiumResponse: {"sessionId":"248b73b2-7a53-4678-b85a-1dd359e8c6e9","value":{"ELEMENT":"00000000-0000-0cfc-ffff-ffff0000007e","element-6066-11e4-a52e-4f735466cecf":"00000000-0000-0cfc-ffff-ffff0000007e"}}
04-15 11:33:54.784 25858 25886 I appium  : channel read: GET /session/248b73b2-7a53-4678-b85a-1dd359e8c6e9/element/00000000-0000-0cfc-ffff-ffff0000007e/attribute/displayed
04-15 11:33:54.785 25858 25886 I appium  : GetElementAttribute command
04-15 11:33:54.788 25858 25886 I appium  : AppiumResponse: {"sessionId":"248b73b2-7a53-4678-b85a-1dd359e8c6e9","value":"true"}
04-15 11:33:54.797 25858 25886 I appium  : channel read: POST /session/248b73b2-7a53-4678-b85a-1dd359e8c6e9/element
04-15 11:33:54.798 25858 25886 I appium  : FindElement command
04-15 11:33:54.800 25858 25886 I appium  : method: 'id', selector: 'ru.otus.wishlist:id/description_input'
04-15 11:33:54.801 25858 25886 I appium  : Waiting up to 10000ms for the device to idle
04-15 11:33:54.807 25858 25886 I appium  : AppiumResponse: {"sessionId":"248b73b2-7a53-4678-b85a-1dd359e8c6e9","value":{"ELEMENT":"00000000-0000-0cfc-ffff-ffff0000007e","element-6066-11e4-a52e-4f735466cecf":"00000000-0000-0cfc-ffff-ffff0000007e"}}
04-15 11:33:54.816 25858 25886 I appium  : channel read: GET /session/248b73b2-7a53-4678-b85a-1dd359e8c6e9/element/00000000-0000-0cfc-ffff-ffff0000007e/attribute/displayed
04-15 11:33:54.817 25858 25886 I appium  : GetElementAttribute command
04-15 11:33:54.820 25858 25886 I appium  : AppiumResponse: {"sessionId":"248b73b2-7a53-4678-b85a-1dd359e8c6e9","value":"true"}
04-15 11:33:54.829 25858 25886 I appium  : channel read: POST /session/248b73b2-7a53-4678-b85a-1dd359e8c6e9/element/00000000-0000-0cfc-ffff-ffff0000007e/clear
04-15 11:33:54.831 25858 25886 I appium  : Clear command
04-15 11:33:54.833 25858 25886 D UiObject2: Setting text to ''.
04-15 11:33:54.837 25858 25886 I appium  : AppiumResponse: {"sessionId":"248b73b2-7a53-4678-b85a-1dd359e8c6e9","value":null}
04-15 11:33:54.840 25898 25918 D EGL_emulation: app_time_stats: avg=40.94ms min=11.67ms max=507.54ms count=26
04-15 11:33:54.845 25858 25886 I appium  : channel read: POST /session/248b73b2-7a53-4678-b85a-1dd359e8c6e9/element
04-15 11:33:54.846 25858 25886 I appium  : FindElement command
04-15 11:33:54.847 25858 25886 I appium  : method: 'id', selector: 'ru.otus.wishlist:id/description_input'
04-15 11:33:54.848 25858 25886 I appium  : Waiting up to 10000ms for the device to idle
04-15 11:33:55.348 25858 25886 I appium  : AppiumResponse: {"sessionId":"248b73b2-7a53-4678-b85a-1dd359e8c6e9","value":{"ELEMENT":"00000000-0000-0cfc-ffff-ffff0000007e","element-6066-11e4-a52e-4f735466cecf":"00000000-0000-0cfc-ffff-ffff0000007e"}}
04-15 11:33:55.361 25858 25886 I appium  : channel read: POST /session/248b73b2-7a53-4678-b85a-1dd359e8c6e9/element/00000000-0000-0cfc-ffff-ffff0000007e/value
04-15 11:33:55.364 25858 25886 I appium  : SendKeysToElement command
04-15 11:33:55.368 25858 25886 D UiObject2: Setting text to ''.
04-15 11:33:55.626   211 25805 I keystore2: keystore2::watchdog: Watchdog thread idle -> terminating. Have a great day.
04-15 11:33:55.889 25858 25886 I appium  : AppiumResponse: {"sessionId":"248b73b2-7a53-4678-b85a-1dd359e8c6e9","value":null}
04-15 11:33:55.899 25898 25918 D EGL_emulation: app_time_stats: avg=529.35ms min=508.13ms max=550.58ms count=2
04-15 11:33:55.904 25858 25886 I appium  : channel read: POST /session/248b73b2-7a53-4678-b85a-1dd359e8c6e9/element
04-15 11:33:55.904 25858 25886 I appium  : FindElement command
04-15 11:33:55.904 25858 25886 I appium  : method: 'id', selector: 'ru.otus.wishlist:id/save_button'
04-15 11:33:55.905 25858 25886 I appium  : Waiting up to 10000ms for the device to idle
04-15 11:33:56.393 25858 25886 I appium  : AppiumResponse: {"sessionId":"248b73b2-7a53-4678-b85a-1dd359e8c6e9","value":{"ELEMENT":"00000000-0000-0cfc-ffff-ffff00000087","element-6066-11e4-a52e-4f735466cecf":"00000000-0000-0cfc-ffff-ffff00000087"}}
04-15 11:33:56.455 25858 25886 I appium  : channel read: GET /session/248b73b2-7a53-4678-b85a-1dd359e8c6e9/element/00000000-0000-0cfc-ffff-ffff00000087/attribute/displayed
04-15 11:33:56.455 25858 25886 I appium  : GetElementAttribute command
04-15 11:33:56.459 25858 25886 I appium  : AppiumResponse: {"sessionId":"248b73b2-7a53-4678-b85a-1dd359e8c6e9","value":"true"}
04-15 11:33:56.466 25858 25886 I appium  : channel read: POST /session/248b73b2-7a53-4678-b85a-1dd359e8c6e9/element
04-15 11:33:56.467 25858 25886 I appium  : FindElement command
04-15 11:33:56.468 25858 25886 I appium  : method: 'id', selector: 'ru.otus.wishlist:id/save_button'
04-15 11:33:56.468 25858 25886 I appium  : Waiting up to 10000ms for the device to idle
04-15 11:33:56.475 25858 25886 I appium  : AppiumResponse: {"sessionId":"248b73b2-7a53-4678-b85a-1dd359e8c6e9","value":{"ELEMENT":"00000000-0000-0cfc-ffff-ffff00000087","element-6066-11e4-a52e-4f735466cecf":"00000000-0000-0cfc-ffff-ffff00000087"}}
04-15 11:33:56.482 25858 25886 I appium  : channel read: GET /session/248b73b2-7a53-4678-b85a-1dd359e8c6e9/element/00000000-0000-0cfc-ffff-ffff00000087/attribute/displayed
04-15 11:33:56.482 25858 25886 I appium  : GetElementAttribute command
04-15 11:33:56.485 25858 25886 I appium  : AppiumResponse: {"sessionId":"248b73b2-7a53-4678-b85a-1dd359e8c6e9","value":"true"}
04-15 11:33:56.492 25858 25886 I appium  : channel read: POST /session/248b73b2-7a53-4678-b85a-1dd359e8c6e9/element/00000000-0000-0cfc-ffff-ffff00000087/click
04-15 11:33:56.493 25858 25886 I appium  : Click command
04-15 11:33:56.496 12660 12984 D CompatibilityChangeReporter: Compat change id reported: 158002302; UID 10151; state: ENABLED
04-15 11:33:56.531 25858 25886 W GestureController: Gestures took longer than expected (36ms >> 16ms), device might be in a busy state.
04-15 11:33:56.532 25858 25886 I appium  : Waiting up to 10000ms for the device to idle
04-15 11:33:56.595 12660 12984 W ProcessStats: Tracking association SourceState{6713a1b system/1000 BTopFgs #35846} whose proc state 2 is better than process ProcessState{9cc27b8 com.google.android.gms.persistent/10101 pkg=com.google.android.gms} proc state 3 (70 skipped)
04-15 11:33:56.598 25898 25918 D OpenGLRenderer: endAllActiveAnimators on 0x7dab03ebb100 (RippleDrawable) with handle 0x7daa13ea9d80
04-15 11:33:56.599 12660 12984 W InputManager-JNI: Input channel object 'bb41d9a ru.otus.wishlist/ru.otus.wishlist.MainActivity (client)' was disposed without first being removed with the input manager!
04-15 11:33:56.603 25898 25898 D CompatibilityChangeReporter: Compat change id reported: 147798919; UID 10151; state: ENABLED
04-15 11:33:56.608 12833 12833 W ziparchive: Unable to open '/data/app/~~E7HUVOVE1_qGCqO9F55iMw==/ru.otus.wishlist-KvzObjiROZidZodhEA4kDA==/base.apk': No such file or directory
04-15 11:33:56.608 12833 12833 E ndroid.systemu: Failed to open APK '/data/app/~~E7HUVOVE1_qGCqO9F55iMw==/ru.otus.wishlist-KvzObjiROZidZodhEA4kDA==/base.apk': I/O error
04-15 11:33:56.608 12833 12833 W ResourcesManager: failed to preload asset path '/data/app/~~E7HUVOVE1_qGCqO9F55iMw==/ru.otus.wishlist-KvzObjiROZidZodhEA4kDA==/base.apk'
04-15 11:33:56.608 12833 12833 W ResourcesManager: java.io.IOException: Failed to load asset path /data/app/~~E7HUVOVE1_qGCqO9F55iMw==/ru.otus.wishlist-KvzObjiROZidZodhEA4kDA==/base.apk
04-15 11:33:56.608 12833 12833 W ResourcesManager: 	at android.content.res.ApkAssets.nativeLoad(Native Method)
04-15 11:33:56.608 12833 12833 W ResourcesManager: 	at android.content.res.ApkAssets.<init>(ApkAssets.java:295)
04-15 11:33:56.608 12833 12833 W ResourcesManager: 	at android.content.res.ApkAssets.loadFromPath(ApkAssets.java:144)
04-15 11:33:56.608 12833 12833 W ResourcesManager: 	at android.app.ResourcesManager.loadApkAssets(ResourcesManager.java:454)
04-15 11:33:56.608 12833 12833 W ResourcesManager: 	at android.app.ResourcesManager.access$000(ResourcesManager.java:72)
04-15 11:33:56.608 12833 12833 W ResourcesManager: 	at android.app.ResourcesManager$ApkAssetsSupplier.load(ResourcesManager.java:168)
04-15 11:33:56.608 12833 12833 W ResourcesManager: 	at android.app.ResourcesManager.createApkAssetsSupplierNotLocked(ResourcesManager.java:980)
04-15 11:33:56.608 12833 12833 W ResourcesManager: 	at android.app.ResourcesManager.getResources(ResourcesManager.java:1101)
04-15 11:33:56.608 12833 12833 W ResourcesManager: 	at android.app.ActivityThread.getTopLevelResources(ActivityThread.java:2372)
04-15 11:33:56.608 12833 12833 W ResourcesManager: 	at android.app.ApplicationPackageManager.getResourcesForApplication(ApplicationPackageManager.java:1751)
04-15 11:33:56.608 12833 12833 W ResourcesManager: 	at android.app.ApplicationPackageManager.getResourcesForApplication(ApplicationPackageManager.java:1737)
04-15 11:33:56.608 12833 12833 W ResourcesManager: 	at android.app.ApplicationPackageManager.getDrawable(ApplicationPackageManager.java:1506)
04-15 11:33:56.608 12833 12833 W ResourcesManager: 	at android.app.ApplicationPackageManager.loadUnbadgedItemIcon(ApplicationPackageManager.java:3029)
04-15 11:33:56.608 12833 12833 W ResourcesManager: 	at android.content.pm.PackageItemInfo.loadUnbadgedIcon(PackageItemInfo.java:290)
04-15 11:33:56.608 12833 12833 W ResourcesManager: 	at com.android.systemui.toast.SystemUIToast.getBadgedIcon(SystemUIToast.java:284)
04-15 11:33:56.608 12833 12833 W ResourcesManager: 	at com.android.systemui.toast.SystemUIToast.inflateToastView(SystemUIToast.java:198)
04-15 11:33:56.608 12833 12833 W ResourcesManager: 	at com.android.systemui.toast.SystemUIToast.<init>(SystemUIToast.java:90)
04-15 11:33:56.608 12833 12833 W ResourcesManager: 	at com.android.systemui.toast.SystemUIToast.<init>(SystemUIToast.java:77)
04-15 11:33:56.608 12833 12833 W ResourcesManager: 	at com.android.systemui.toast.ToastFactory.createToast(ToastFactory.java:78)
04-15 11:33:56.608 12833 12833 W ResourcesManager: 	at com.android.systemui.toast.ToastUI.lambda$showToast$0(ToastUI.java:113)
04-15 11:33:56.608 12833 12833 W ResourcesManager: 	at com.android.systemui.toast.ToastUI.$r8$lambda$w_gPCh3F8Xxn1jN4lkQZoUci71c(Unknown Source:0)
04-15 11:33:56.608 12833 12833 W ResourcesManager: 	at com.android.systemui.toast.ToastUI$$ExternalSyntheticLambda0.run(Unknown Source:16)
04-15 11:33:56.608 12833 12833 W ResourcesManager: 	at com.android.systemui.toast.ToastUI.showToast(ToastUI.java:140)
04-15 11:33:56.608 12833 12833 W ResourcesManager: 	at com.android.systemui.statusbar.CommandQueue$H.handleMessage(CommandQueue.java:1431)
04-15 11:33:56.608 12833 12833 W ResourcesManager: 	at android.os.Handler.dispatchMessage(Handler.java:106)
04-15 11:33:56.608 12833 12833 W ResourcesManager: 	at android.os.Looper.loopOnce(Looper.java:201)
04-15 11:33:56.608 12833 12833 W ResourcesManager: 	at android.os.Looper.loop(Looper.java:288)
04-15 11:33:56.608 12833 12833 W ResourcesManager: 	at android.app.ActivityThread.main(ActivityThread.java:7839)
04-15 11:33:56.608 12833 12833 W ResourcesManager: 	at java.lang.reflect.Method.invoke(Native Method)
04-15 11:33:56.608 12833 12833 W ResourcesManager: 	at com.android.internal.os.RuntimeInit$MethodAndArgsCaller.run(RuntimeInit.java:548)
04-15 11:33:56.608 12833 12833 W ResourcesManager: 	at com.android.internal.os.ZygoteInit.main(ZygoteInit.java:1003)
04-15 11:33:56.608 12833 12833 W ziparchive: Unable to open '/data/app/~~E7HUVOVE1_qGCqO9F55iMw==/ru.otus.wishlist-KvzObjiROZidZodhEA4kDA==/base.apk': No such file or directory
04-15 11:33:56.608 12833 12833 E ndroid.systemu: Failed to open APK '/data/app/~~E7HUVOVE1_qGCqO9F55iMw==/ru.otus.wishlist-KvzObjiROZidZodhEA4kDA==/base.apk': I/O error
04-15 11:33:56.609 12833 12833 E ResourcesManager: failed to add asset path '/data/app/~~E7HUVOVE1_qGCqO9F55iMw==/ru.otus.wishlist-KvzObjiROZidZodhEA4kDA==/base.apk'
04-15 11:33:56.609 12833 12833 E ResourcesManager: java.io.IOException: Failed to load asset path /data/app/~~E7HUVOVE1_qGCqO9F55iMw==/ru.otus.wishlist-KvzObjiROZidZodhEA4kDA==/base.apk
04-15 11:33:56.609 12833 12833 E ResourcesManager: 	at android.content.res.ApkAssets.nativeLoad(Native Method)
04-15 11:33:56.609 12833 12833 E ResourcesManager: 	at android.content.res.ApkAssets.<init>(ApkAssets.java:295)
04-15 11:33:56.609 12833 12833 E ResourcesManager: 	at android.content.res.ApkAssets.loadFromPath(ApkAssets.java:144)
04-15 11:33:56.609 12833 12833 E ResourcesManager: 	at android.app.ResourcesManager.loadApkAssets(ResourcesManager.java:454)
04-15 11:33:56.609 12833 12833 E ResourcesManager: 	at android.app.ResourcesManager.access$000(ResourcesManager.java:72)
04-15 11:33:56.609 12833 12833 E ResourcesManager: 	at android.app.ResourcesManager$ApkAssetsSupplier.load(ResourcesManager.java:168)
04-15 11:33:56.609 12833 12833 E ResourcesManager: 	at android.app.ResourcesManager.createAssetManager(ResourcesManager.java:530)
04-15 11:33:56.609 12833 12833 E ResourcesManager: 	at android.app.ResourcesManager.createResourcesImpl(ResourcesManager.java:612)
04-15 11:33:56.609 12833 12833 E ResourcesManager: 	at android.app.ResourcesManager.findOrCreateResourcesImplForKeyLocked(ResourcesManager.java:664)
04-15 11:33:56.609 12833 12833 E ResourcesManager: 	at android.app.ResourcesManager.createResources(ResourcesManager.java:1011)
04-15 11:33:56.609 12833 12833 E ResourcesManager: 	at android.app.ResourcesManager.getResources(ResourcesManager.java:1114)
04-15 11:33:56.609 12833 12833 E ResourcesManager: 	at android.app.ActivityThread.getTopLevelResources(ActivityThread.java:2372)
04-15 11:33:56.609 12833 12833 E ResourcesManager: 	at android.app.ApplicationPackageManager.getResourcesForApplication(ApplicationPackageManager.java:1751)
04-15 11:33:56.609 12833 12833 E ResourcesManager: 	at android.app.ApplicationPackageManager.getResourcesForApplication(ApplicationPackageManager.java:1737)
04-15 11:33:56.609 12833 12833 E ResourcesManager: 	at android.app.ApplicationPackageManager.getDrawable(ApplicationPackageManager.java:1506)
04-15 11:33:56.609 12833 12833 E ResourcesManager: 	at android.app.ApplicationPackageManager.loadUnbadgedItemIcon(ApplicationPackageManager.java:3029)
04-15 11:33:56.609 12833 12833 E ResourcesManager: 	at android.content.pm.PackageItemInfo.loadUnbadgedIcon(PackageItemInfo.java:290)
04-15 11:33:56.609 12833 12833 E ResourcesManager: 	at com.android.systemui.toast.SystemUIToast.getBadgedIcon(SystemUIToast.java:284)
04-15 11:33:56.609 12833 12833 E ResourcesManager: 	at com.android.systemui.toast.SystemUIToast.inflateToastView(SystemUIToast.java:198)
04-15 11:33:56.609 12833 12833 E ResourcesManager: 	at com.android.systemui.toast.SystemUIToast.<init>(SystemUIToast.java:90)
04-15 11:33:56.609 12833 12833 E ResourcesManager: 	at com.android.systemui.toast.SystemUIToast.<init>(SystemUIToast.java:77)
04-15 11:33:56.609 12833 12833 E ResourcesManager: 	at com.android.systemui.toast.ToastFactory.createToast(ToastFactory.java:78)
04-15 11:33:56.609 12833 12833 E ResourcesManager: 	at com.android.systemui.toast.ToastUI.lambda$showToast$0(ToastUI.java:113)
04-15 11:33:56.609 12833 12833 E ResourcesManager: 	at com.android.systemui.toast.ToastUI.$r8$lambda$w_gPCh3F8Xxn1jN4lkQZoUci71c(Unknown Source:0)
04-15 11:33:56.609 12833 12833 E ResourcesManager: 	at com.android.systemui.toast.ToastUI$$ExternalSyntheticLambda0.run(Unknown Source:16)
04-15 11:33:56.609 12833 12833 E ResourcesManager: 	at com.android.systemui.toast.ToastUI.showToast(ToastUI.java:140)
04-15 11:33:56.609 12833 12833 E ResourcesManager: 	at com.android.systemui.statusbar.CommandQueue$H.handleMessage(CommandQueue.java:1431)
04-15 11:33:56.609 12833 12833 E ResourcesManager: 	at android.os.Handler.dispatchMessage(Handler.java:106)
04-15 11:33:56.609 12833 12833 E ResourcesManager: 	at android.os.Looper.loopOnce(Looper.java:201)
04-15 11:33:56.609 12833 12833 E ResourcesManager: 	at android.os.Looper.loop(Looper.java:288)
04-15 11:33:56.609 12833 12833 E ResourcesManager: 	at android.app.ActivityThread.main(ActivityThread.java:7839)
04-15 11:33:56.609 12833 12833 E ResourcesManager: 	at java.lang.reflect.Method.invoke(Native Method)
04-15 11:33:56.609 12833 12833 E ResourcesManager: 	at com.android.internal.os.RuntimeInit$MethodAndArgsCaller.run(RuntimeInit.java:548)
04-15 11:33:56.609 12833 12833 E ResourcesManager: 	at com.android.internal.os.ZygoteInit.main(ZygoteInit.java:1003)
04-15 11:33:56.609 12833 12833 W PackageManager: Failure retrieving resources for ru.otus.wishlist
04-15 11:33:56.625   371   410 D goldfish-address-space: claimShared: Ask to claim region [0x3f28fb000 0x3f2958000]
04-15 11:33:56.633   371   410 D goldfish-address-space: claimShared: Ask to claim region [0x3f2958000 0x3f29b5000]
04-15 11:33:56.638   371   411 D goldfish-address-space: claimShared: Ask to claim region [0x3f29b5000 0x3f2a12000]
04-15 11:33:56.660 25898 25918 D EGL_emulation: app_time_stats: avg=136.63ms min=11.71ms max=3554.04ms count=30
