04-26 02:14:30.905   371   411 D goldfish-address-space: claimShared: Ask to claim region [0x3f3efc000 0x3f3f44000]
04-26 02:14:30.921   371   411 D goldfish-address-space: claimShared: Ask to claim region [0x3f398c000 0x3f39d4000]
04-26 02:14:30.944   371   411 D goldfish-address-space: claimShared: Ask to claim region [0x3f1cec000 0x3f1d34000]
04-26 02:14:30.979  5391  5409 D EGL_emulation: app_time_stats: avg=114.92ms min=4.57ms max=4626.08ms count=45
04-26 02:14:30.987 13314 13314 I GoogleInputMethodService: GoogleInputMethodService.onFinishInput():3420 
04-26 02:14:30.988 13314 13314 I GoogleInputMethodService: GoogleInputMethodService.onStartInput():2002 
04-26 02:14:30.988 13314 13314 I DeviceUnlockedTag: DeviceUnlockedTag.notifyDeviceLockStatusChanged():31 Notify device unlocked.
04-26 02:14:30.988 13314 13314 I ShortcutsDataManager: AbstractContentDataManager.startImportContentTask():235 startImportContentTask()
04-26 02:14:30.989 13314 13602 I ShortcutsDataManager: AbstractContentDataManager$ImportContentTask.doInBackground():249 doInBackground()
04-26 02:14:30.989 13314 13602 I PersonalDictionaryDataHandler: PersonalDictionaryDataHandler.beginProcess():111 LanguageTags = [en-US]
04-26 02:14:30.995 13314 13602 I ShortcutsDataManager: AbstractContentDataManager.importRecords():339 importRecords() : Success : Count = 0
04-26 02:14:30.996 13314 13602 I ShortcutsDataManager: AbstractContentDataManager.importContentData():289 importContentData() : Ending import process
04-26 02:14:30.997 13314 15962 I Delight5Decoder: Delight5DecoderWrapper.unloadLanguageModel():820 unloadLanguageModel() : 4, version [n/a]
04-26 02:14:31.007 13314 13602 I PersonalLanguageModelUpdater: PersonalLanguageModelUpdater$UpdateOperation.performInternal():162 run() : Added 0 words and 0 shortcuts
04-26 02:14:31.007 13314 13602 I DynamicLanguageModelOperation: DynamicLanguageModelOperation.perform():38 perform() : 4 : cny : Completed
04-26 02:14:31.007 13314 15962 I Delight5Decoder: Delight5DecoderWrapper.loadLanguageModel():614 loadLanguageModel() : 4, version [n/a]
04-26 02:14:31.010 13314 15962 I Delight5Decoder: Delight5DecoderWrapper.loadLanguageModel():652 Loaded dynamic LM 4.en
04-26 02:14:31.012 13314 13314 I ShortcutsDataManager: AbstractContentDataManager$ImportContentTask.onPostExecute():260 onPostExecute() : Result = [2,0]
04-26 02:14:31.015 13314 13314 I ShortcutsDataManager: ShortcutsDataManager.onImportFinished():83 onImportFinished() : Result = 2 : Count = 0
04-26 02:14:31.276 12833 12920 D EGL_emulation: app_time_stats: avg=940.26ms min=4.51ms max=5507.59ms count=6
04-26 02:14:31.554  5351  5379 I appium  : AppiumResponse: {"sessionId":"17af0bf9-75e2-4dd2-9f44-ead40f34d2b5","value":null}
04-26 02:14:31.563  5351  5379 I appium  : channel read: POST /session/17af0bf9-75e2-4dd2-9f44-ead40f34d2b5/element
04-26 02:14:31.563  5351  5379 I appium  : FindElement command
04-26 02:14:31.564  5351  5379 I appium  : method: 'id', selector: 'ru.otus.wishlist:id/gifts'
04-26 02:14:31.566  5351  5379 I appium  : Waiting up to 10000ms for the device to idle
04-26 02:14:31.576  5351  5379 I appium  : AppiumResponse: {"sessionId":"17af0bf9-75e2-4dd2-9f44-ead40f34d2b5","value":{"ELEMENT":"00000000-0000-0f49-ffff-ffff00000078","element-6066-11e4-a52e-4f735466cecf":"00000000-0000-0f49-ffff-ffff00000078"}}
04-26 02:14:31.583  5351  5379 I appium  : channel read: GET /session/17af0bf9-75e2-4dd2-9f44-ead40f34d2b5/element/00000000-0000-0f49-ffff-ffff00000078/attribute/displayed
04-26 02:14:31.584  5351  5379 I appium  : GetElementAttribute command
04-26 02:14:31.587  5351  5379 I appium  : AppiumResponse: {"sessionId":"17af0bf9-75e2-4dd2-9f44-ead40f34d2b5","value":"true"}
04-26 02:14:31.594  5351  5379 I appium  : channel read: POST /session/17af0bf9-75e2-4dd2-9f44-ead40f34d2b5/element
04-26 02:14:31.595  5351  5379 I appium  : FindElement command
04-26 02:14:31.596  5351  5379 I appium  : method: 'id', selector: 'ru.otus.wishlist:id/gifts'
04-26 02:14:31.597  5351  5379 I appium  : Waiting up to 10000ms for the device to idle
04-26 02:14:31.606  5351  5379 I appium  : AppiumResponse: {"sessionId":"17af0bf9-75e2-4dd2-9f44-ead40f34d2b5","value":{"ELEMENT":"00000000-0000-0f49-ffff-ffff00000078","element-6066-11e4-a52e-4f735466cecf":"00000000-0000-0f49-ffff-ffff00000078"}}
04-26 02:14:31.613  5351  5379 I appium  : channel read: POST /session/17af0bf9-75e2-4dd2-9f44-ead40f34d2b5/elements
04-26 02:14:31.614  5351  5379 I appium  : FindElements command
04-26 02:14:31.615  5351  5379 I appium  : method: 'id', selector: 'ru.otus.wishlist:id/gift_item', contextId: '00000000-0000-0f49-ffff-ffff00000078'
04-26 02:14:31.618  5351  5379 D UiObject2: Retrieving nodes with selector: BySelector [RES='\Qru.otus.wishlist:id/gift_item\E'].
04-26 02:14:31.621  5351  5379 I appium  : Caching 1 found element
04-26 02:14:31.621  5351  5379 I appium  : Cached 1 element
04-26 02:14:31.622  5351  5379 I appium  : AppiumResponse: {"sessionId":"17af0bf9-75e2-4dd2-9f44-ead40f34d2b5","value":[{"ELEMENT":"00000000-0000-0f49-ffff-ffff000000b0","element-6066-11e4-a52e-4f735466cecf":"00000000-0000-0f49-ffff-ffff000000b0"}]}
04-26 02:14:31.629  5351  5379 I appium  : channel read: POST /session/17af0bf9-75e2-4dd2-9f44-ead40f34d2b5/element
04-26 02:14:31.629  5351  5379 I appium  : FindElement command
04-26 02:14:31.630  5351  5379 I appium  : method: 'id', selector: 'ru.otus.wishlist:id/gifts'
04-26 02:14:31.631  5351  5379 I appium  : Waiting up to 10000ms for the device to idle
04-26 02:14:31.639  5351  5379 I appium  : AppiumResponse: {"sessionId":"17af0bf9-75e2-4dd2-9f44-ead40f34d2b5","value":{"ELEMENT":"00000000-0000-0f49-ffff-ffff00000078","element-6066-11e4-a52e-4f735466cecf":"00000000-0000-0f49-ffff-ffff00000078"}}
04-26 02:14:31.645  5351  5379 I appium  : channel read: POST /session/17af0bf9-75e2-4dd2-9f44-ead40f34d2b5/element
04-26 02:14:31.645  5351  5379 I appium  : FindElement command
04-26 02:14:31.646  5351  5379 I appium  : method: 'id', selector: 'ru.otus.wishlist:id/gift_item', contextId: '00000000-0000-0f49-ffff-ffff00000078'
04-26 02:14:31.648  5351  5379 D UiObject2: Retrieving node with selector: BySelector [RES='\Qru.otus.wishlist:id/gift_item\E'].
04-26 02:14:31.651  5351  5379 I appium  : AppiumResponse: {"sessionId":"17af0bf9-75e2-4dd2-9f44-ead40f34d2b5","value":{"ELEMENT":"00000000-0000-0f49-ffff-ffff000000b0","element-6066-11e4-a52e-4f735466cecf":"00000000-0000-0f49-ffff-ffff000000b0"}}
04-26 02:14:31.658  5351  5379 I appium  : channel read: GET /session/17af0bf9-75e2-4dd2-9f44-ead40f34d2b5/element/00000000-0000-0f49-ffff-ffff000000b0/attribute/displayed
04-26 02:14:31.658  5351  5379 I appium  : GetElementAttribute command
04-26 02:14:31.663  5351  5379 I appium  : AppiumResponse: {"sessionId":"17af0bf9-75e2-4dd2-9f44-ead40f34d2b5","value":"true"}
04-26 02:14:31.669  5351  5379 I appium  : channel read: POST /session/17af0bf9-75e2-4dd2-9f44-ead40f34d2b5/element
04-26 02:14:31.670  5351  5379 I appium  : FindElement command
04-26 02:14:31.671  5351  5379 I appium  : method: 'id', selector: 'ru.otus.wishlist:id/gifts'
04-26 02:14:31.671  5351  5379 I appium  : Waiting up to 10000ms for the device to idle
04-26 02:14:31.679  5351  5379 I appium  : AppiumResponse: {"sessionId":"17af0bf9-75e2-4dd2-9f44-ead40f34d2b5","value":{"ELEMENT":"00000000-0000-0f49-ffff-ffff00000078","element-6066-11e4-a52e-4f735466cecf":"00000000-0000-0f49-ffff-ffff00000078"}}
04-26 02:14:31.687  5351  5379 I appium  : channel read: POST /session/17af0bf9-75e2-4dd2-9f44-ead40f34d2b5/element
04-26 02:14:31.689  5351  5379 I appium  : FindElement command
04-26 02:14:31.690  5351  5379 I appium  : method: 'id', selector: 'ru.otus.wishlist:id/gift_item', contextId: '00000000-0000-0f49-ffff-ffff00000078'
04-26 02:14:31.693  5351  5379 D UiObject2: Retrieving node with selector: BySelector [RES='\Qru.otus.wishlist:id/gift_item\E'].
04-26 02:14:31.696  5351  5379 I appium  : AppiumResponse: {"sessionId":"17af0bf9-75e2-4dd2-9f44-ead40f34d2b5","value":{"ELEMENT":"00000000-0000-0f49-ffff-ffff000000b0","element-6066-11e4-a52e-4f735466cecf":"00000000-0000-0f49-ffff-ffff000000b0"}}
04-26 02:14:31.704  5351  5379 I appium  : channel read: POST /session/17af0bf9-75e2-4dd2-9f44-ead40f34d2b5/element
04-26 02:14:31.705  5351  5379 I appium  : FindElement command
04-26 02:14:31.706  5351  5379 I appium  : method: 'id', selector: 'ru.otus.wishlist:id/title', contextId: '00000000-0000-0f49-ffff-ffff000000b0'
04-26 02:14:31.710  5351  5379 D UiObject2: Retrieving node with selector: BySelector [RES='\Qru.otus.wishlist:id/title\E'].
04-26 02:14:31.715  5351  5379 I appium  : AppiumResponse: {"sessionId":"17af0bf9-75e2-4dd2-9f44-ead40f34d2b5","value":{"ELEMENT":"00000000-0000-0f49-ffff-ffff000000b1","element-6066-11e4-a52e-4f735466cecf":"00000000-0000-0f49-ffff-ffff000000b1"}}
04-26 02:14:31.723  5351  5379 I appium  : channel read: GET /session/17af0bf9-75e2-4dd2-9f44-ead40f34d2b5/element/00000000-0000-0f49-ffff-ffff000000b1/name
04-26 02:14:31.724  5351  5379 I appium  : GetName command
04-26 02:14:31.727  5351  5379 I appium  : AppiumResponse: {"sessionId":"17af0bf9-75e2-4dd2-9f44-ead40f34d2b5","value":null}
04-26 02:14:31.734  5351  5379 I appium  : channel read: GET /session/17af0bf9-75e2-4dd2-9f44-ead40f34d2b5/element/00000000-0000-0f49-ffff-ffff000000b1/text
04-26 02:14:31.735  5351  5379 I appium  : GetText command
04-26 02:14:31.738  5351  5379 I appium  : AppiumResponse: {"sessionId":"17af0bf9-75e2-4dd2-9f44-ead40f34d2b5","value":"Новый подарок"}
04-26 02:14:31.744  5351  5379 I appium  : channel read: POST /session/17af0bf9-75e2-4dd2-9f44-ead40f34d2b5/element
04-26 02:14:31.745  5351  5379 I appium  : FindElement command
04-26 02:14:31.747  5351  5379 I appium  : method: 'id', selector: 'ru.otus.wishlist:id/gifts'
04-26 02:14:31.747  5351  5379 I appium  : Waiting up to 10000ms for the device to idle
04-26 02:14:31.755  5351  5379 I appium  : AppiumResponse: {"sessionId":"17af0bf9-75e2-4dd2-9f44-ead40f34d2b5","value":{"ELEMENT":"00000000-0000-0f49-ffff-ffff00000078","element-6066-11e4-a52e-4f735466cecf":"00000000-0000-0f49-ffff-ffff00000078"}}
04-26 02:14:31.761  5351  5379 I appium  : channel read: POST /session/17af0bf9-75e2-4dd2-9f44-ead40f34d2b5/element
04-26 02:14:31.763  5351  5379 I appium  : FindElement command
04-26 02:14:31.764  5351  5379 I appium  : method: 'id', selector: 'ru.otus.wishlist:id/gift_item', contextId: '00000000-0000-0f49-ffff-ffff00000078'
04-26 02:14:31.766  5351  5379 D UiObject2: Retrieving node with selector: BySelector [RES='\Qru.otus.wishlist:id/gift_item\E'].
04-26 02:14:31.768  5351  5379 I appium  : AppiumResponse: {"sessionId":"17af0bf9-75e2-4dd2-9f44-ead40f34d2b5","value":{"ELEMENT":"00000000-0000-0f49-ffff-ffff000000b0","element-6066-11e4-a52e-4f735466cecf":"00000000-0000-0f49-ffff-ffff000000b0"}}
04-26 02:14:31.775  5351  5379 I appium  : channel read: GET /session/17af0bf9-75e2-4dd2-9f44-ead40f34d2b5/element/00000000-0000-0f49-ffff-ffff000000b0/attribute/displayed
04-26 02:14:31.776  5351  5379 I appium  : GetElementAttribute command
04-26 02:14:31.780  5351  5379 I appium  : AppiumResponse: {"sessionId":"17af0bf9-75e2-4dd2-9f44-ead40f34d2b5","value":"true"}
04-26 02:14:31.786  5351  5379 I appium  : channel read: POST /session/17af0bf9-75e2-4dd2-9f44-ead40f34d2b5/element
04-26 02:14:31.787  5351  5379 I appium  : FindElement command
04-26 02:14:31.788  5351  5379 I appium  : method: 'id', selector: 'ru.otus.wishlist:id/gifts'
04-26 02:14:31.788  5351  5379 I appium  : Waiting up to 10000ms for the device to idle
04-26 02:14:31.796  5351  5379 I appium  : AppiumResponse: {"sessionId":"17af0bf9-75e2-4dd2-9f44-ead40f34d2b5","value":{"ELEMENT":"00000000-0000-0f49-ffff-ffff00000078","element-6066-11e4-a52e-4f735466cecf":"00000000-0000-0f49-ffff-ffff00000078"}}
04-26 02:14:31.803  5351  5379 I appium  : channel read: POST /session/17af0bf9-75e2-4dd2-9f44-ead40f34d2b5/element
04-26 02:14:31.804  5351  5379 I appium  : FindElement command
04-26 02:14:31.805  5351  5379 I appium  : method: 'id', selector: 'ru.otus.wishlist:id/gift_item', contextId: '00000000-0000-0f49-ffff-ffff00000078'
04-26 02:14:31.808  5351  5379 D UiObject2: Retrieving node with selector: BySelector [RES='\Qru.otus.wishlist:id/gift_item\E'].
04-26 02:14:31.810  5351  5379 I appium  : AppiumResponse: {"sessionId":"17af0bf9-75e2-4dd2-9f44-ead40f34d2b5","value":{"ELEMENT":"00000000-0000-0f49-ffff-ffff000000b0","element-6066-11e4-a52e-4f735466cecf":"00000000-0000-0f49-ffff-ffff000000b0"}}
04-26 02:14:31.816  5351  5379 I appium  : channel read: POST /session/17af0bf9-75e2-4dd2-9f44-ead40f34d2b5/element
04-26 02:14:31.817  5351  5379 I appium  : FindElement command
04-26 02:14:31.817  5351  5379 I appium  : method: 'id', selector: 'ru.otus.wishlist:id/price', contextId: '00000000-0000-0f49-ffff-ffff000000b0'
04-26 02:14:31.820  5351  5379 D UiObject2: Retrieving node with selector: BySelector [RES='\Qru.otus.wishlist:id/price\E'].
04-26 02:14:31.822  5351  5379 I appium  : AppiumResponse: {"sessionId":"17af0bf9-75e2-4dd2-9f44-ead40f34d2b5","value":{"ELEMENT":"00000000-0000-0f49-ffff-ffff000000b3","element-6066-11e4-a52e-4f735466cecf":"00000000-0000-0f49-ffff-ffff000000b3"}}
04-26 02:14:31.829  5351  5379 I appium  : channel read: GET /session/17af0bf9-75e2-4dd2-9f44-ead40f34d2b5/element/00000000-0000-0f49-ffff-ffff000000b3/name
04-26 02:14:31.829  5351  5379 I appium  : GetName command
04-26 02:14:31.833  5351  5379 I appium  : AppiumResponse: {"sessionId":"17af0bf9-75e2-4dd2-9f44-ead40f34d2b5","value":null}
04-26 02:14:31.840  5351  5379 I appium  : channel read: GET /session/17af0bf9-75e2-4dd2-9f44-ead40f34d2b5/element/00000000-0000-0f49-ffff-ffff000000b3/text
04-26 02:14:31.840  5351  5379 I appium  : GetText command
04-26 02:14:31.844  5351  5379 I appium  : AppiumResponse: {"sessionId":"17af0bf9-75e2-4dd2-9f44-ead40f34d2b5","value":"555 ₽"}
04-26 02:14:31.851  5351  5379 I appium  : channel read: POST /session/17af0bf9-75e2-4dd2-9f44-ead40f34d2b5/element
04-26 02:14:31.851  5351  5379 I appium  : FindElement command
04-26 02:14:31.853  5351  5379 I appium  : method: 'id', selector: 'ru.otus.wishlist:id/gifts'
04-26 02:14:31.853  5351  5379 I appium  : Waiting up to 10000ms for the device to idle
04-26 02:14:31.860  5351  5379 I appium  : AppiumResponse: {"sessionId":"17af0bf9-75e2-4dd2-9f44-ead40f34d2b5","value":{"ELEMENT":"00000000-0000-0f49-ffff-ffff00000078","element-6066-11e4-a52e-4f735466cecf":"00000000-0000-0f49-ffff-ffff00000078"}}
04-26 02:14:31.868  5351  5379 I appium  : channel read: POST /session/17af0bf9-75e2-4dd2-9f44-ead40f34d2b5/element
04-26 02:14:31.868  5351  5379 I appium  : FindElement command
04-26 02:14:31.869  5351  5379 I appium  : method: 'id', selector: 'ru.otus.wishlist:id/gift_item', contextId: '00000000-0000-0f49-ffff-ffff00000078'
04-26 02:14:31.871  5351  5379 D UiObject2: Retrieving node with selector: BySelector [RES='\Qru.otus.wishlist:id/gift_item\E'].
04-26 02:14:31.874  5351  5379 I appium  : AppiumResponse: {"sessionId":"17af0bf9-75e2-4dd2-9f44-ead40f34d2b5","value":{"ELEMENT":"00000000-0000-0f49-ffff-ffff000000b0","element-6066-11e4-a52e-4f735466cecf":"00000000-0000-0f49-ffff-ffff000000b0"}}
04-26 02:14:31.882  5351  5379 I appium  : channel read: GET /session/17af0bf9-75e2-4dd2-9f44-ead40f34d2b5/element/00000000-0000-0f49-ffff-ffff000000b0/attribute/displayed
04-26 02:14:31.882  5351  5379 I appium  : GetElementAttribute command
04-26 02:14:31.888  5351  5379 I appium  : AppiumResponse: {"sessionId":"17af0bf9-75e2-4dd2-9f44-ead40f34d2b5","value":"true"}
04-26 02:14:31.894  5351  5379 I appium  : channel read: POST /session/17af0bf9-75e2-4dd2-9f44-ead40f34d2b5/element
04-26 02:14:31.894  5351  5379 I appium  : FindElement command
04-26 02:14:31.895  5351  5379 I appium  : method: 'id', selector: 'ru.otus.wishlist:id/gifts'
04-26 02:14:31.896  5351  5379 I appium  : Waiting up to 10000ms for the device to idle
04-26 02:14:31.903  5351  5379 I appium  : AppiumResponse: {"sessionId":"17af0bf9-75e2-4dd2-9f44-ead40f34d2b5","value":{"ELEMENT":"00000000-0000-0f49-ffff-ffff00000078","element-6066-11e4-a52e-4f735466cecf":"00000000-0000-0f49-ffff-ffff00000078"}}
04-26 02:14:31.909  5351  5379 I appium  : channel read: POST /session/17af0bf9-75e2-4dd2-9f44-ead40f34d2b5/element
04-26 02:14:31.909  5351  5379 I appium  : FindElement command
04-26 02:14:31.910  5351  5379 I appium  : method: 'id', selector: 'ru.otus.wishlist:id/gift_item', contextId: '00000000-0000-0f49-ffff-ffff00000078'
04-26 02:14:31.913  5351  5379 D UiObject2: Retrieving node with selector: BySelector [RES='\Qru.otus.wishlist:id/gift_item\E'].
04-26 02:14:31.916  5351  5379 I appium  : AppiumResponse: {"sessionId":"17af0bf9-75e2-4dd2-9f44-ead40f34d2b5","value":{"ELEMENT":"00000000-0000-0f49-ffff-ffff000000b0","element-6066-11e4-a52e-4f735466cecf":"00000000-0000-0f49-ffff-ffff000000b0"}}
04-26 02:14:31.921  5351  5379 I appium  : channel read: POST /session/17af0bf9-75e2-4dd2-9f44-ead40f34d2b5/element
04-26 02:14:31.922  5351  5379 I appium  : FindElement command
04-26 02:14:31.922  5351  5379 I appium  : method: 'id', selector: 'ru.otus.wishlist:id/subtitle', contextId: '00000000-0000-0f49-ffff-ffff000000b0'
04-26 02:14:31.924  5351  5379 D UiObject2: Retrieving node with selector: BySelector [RES='\Qru.otus.wishlist:id/subtitle\E'].
04-26 02:14:31.926  5351  5379 I appium  : AppiumResponse: {"sessionId":"17af0bf9-75e2-4dd2-9f44-ead40f34d2b5","value":{"ELEMENT":"00000000-0000-0f49-ffff-ffff000000b2","element-6066-11e4-a52e-4f735466cecf":"00000000-0000-0f49-ffff-ffff000000b2"}}
04-26 02:14:31.932  5351  5379 I appium  : channel read: GET /session/17af0bf9-75e2-4dd2-9f44-ead40f34d2b5/element/00000000-0000-0f49-ffff-ffff000000b2/name
04-26 02:14:31.933  5351  5379 I appium  : GetName command
04-26 02:14:31.937  5351  5379 I appium  : AppiumResponse: {"sessionId":"17af0bf9-75e2-4dd2-9f44-ead40f34d2b5","value":null}
04-26 02:14:31.942  5351  5379 I appium  : channel read: GET /session/17af0bf9-75e2-4dd2-9f44-ead40f34d2b5/element/00000000-0000-0f49-ffff-ffff000000b2/text
04-26 02:14:31.943  5351  5379 I appium  : GetText command
04-26 02:14:31.947  5351  5379 I appium  : AppiumResponse: {"sessionId":"17af0bf9-75e2-4dd2-9f44-ead40f34d2b5","value":"Нам дарят"}
04-26 02:14:31.953  5351  5379 I appium  : channel read: POST /session/17af0bf9-75e2-4dd2-9f44-ead40f34d2b5/element
04-26 02:14:31.953  5351  5379 I appium  : FindElement command
04-26 02:14:31.954  5351  5379 I appium  : method: 'id', selector: 'ru.otus.wishlist:id/gifts'
04-26 02:14:31.954  5351  5379 I appium  : Waiting up to 10000ms for the device to idle
04-26 02:14:31.962  5351  5379 I appium  : AppiumResponse: {"sessionId":"17af0bf9-75e2-4dd2-9f44-ead40f34d2b5","value":{"ELEMENT":"00000000-0000-0f49-ffff-ffff00000078","element-6066-11e4-a52e-4f735466cecf":"00000000-0000-0f49-ffff-ffff00000078"}}
04-26 02:14:31.968  5351  5379 I appium  : channel read: POST /session/17af0bf9-75e2-4dd2-9f44-ead40f34d2b5/element
04-26 02:14:31.968  5351  5379 I appium  : FindElement command
04-26 02:14:31.969  5351  5379 I appium  : method: 'id', selector: 'ru.otus.wishlist:id/gift_item', contextId: '00000000-0000-0f49-ffff-ffff00000078'
04-26 02:14:31.972  5351  5379 D UiObject2: Retrieving node with selector: BySelector [RES='\Qru.otus.wishlist:id/gift_item\E'].
04-26 02:14:31.974  5351  5379 I appium  : AppiumResponse: {"sessionId":"17af0bf9-75e2-4dd2-9f44-ead40f34d2b5","value":{"ELEMENT":"00000000-0000-0f49-ffff-ffff000000b0","element-6066-11e4-a52e-4f735466cecf":"00000000-0000-0f49-ffff-ffff000000b0"}}
04-26 02:14:31.980  5351  5379 I appium  : channel read: GET /session/17af0bf9-75e2-4dd2-9f44-ead40f34d2b5/element/00000000-0000-0f49-ffff-ffff000000b0/attribute/displayed
04-26 02:14:31.980  5351  5379 I appium  : GetElementAttribute command
04-26 02:14:31.985  5351  5379 I appium  : AppiumResponse: {"sessionId":"17af0bf9-75e2-4dd2-9f44-ead40f34d2b5","value":"true"}
04-26 02:14:31.996  5351  5379 I appium  : channel read: POST /session/17af0bf9-75e2-4dd2-9f44-ead40f34d2b5/element
04-26 02:14:31.997  5351  5379 I appium  : FindElement command
04-26 02:14:31.997  5351  5379 I appium  : method: 'id', selector: 'ru.otus.wishlist:id/gifts'
04-26 02:14:31.997  5351  5379 I appium  : Waiting up to 10000ms for the device to idle
04-26 02:14:32.004  5351  5379 I appium  : AppiumResponse: {"sessionId":"17af0bf9-75e2-4dd2-9f44-ead40f34d2b5","value":{"ELEMENT":"00000000-0000-0f49-ffff-ffff00000078","element-6066-11e4-a52e-4f735466cecf":"00000000-0000-0f49-ffff-ffff00000078"}}
04-26 02:14:32.012  5351  5379 I appium  : channel read: POST /session/17af0bf9-75e2-4dd2-9f44-ead40f34d2b5/element
04-26 02:14:32.012  5351  5379 I appium  : FindElement command
04-26 02:14:32.014  5351  5379 I appium  : method: 'id', selector: 'ru.otus.wishlist:id/gift_item', contextId: '00000000-0000-0f49-ffff-ffff00000078'
04-26 02:14:32.016  5351  5379 D UiObject2: Retrieving node with selector: BySelector [RES='\Qru.otus.wishlist:id/gift_item\E'].
04-26 02:14:32.018  5351  5379 I appium  : AppiumResponse: {"sessionId":"17af0bf9-75e2-4dd2-9f44-ead40f34d2b5","value":{"ELEMENT":"00000000-0000-0f49-ffff-ffff000000b0","element-6066-11e4-a52e-4f735466cecf":"00000000-0000-0f49-ffff-ffff000000b0"}}
04-26 02:14:32.024  5351  5379 I appium  : channel read: POST /session/17af0bf9-75e2-4dd2-9f44-ead40f34d2b5/element
04-26 02:14:32.025  5351  5379 I appium  : FindElement command
04-26 02:14:32.026  5351  5379 I appium  : method: 'id', selector: 'ru.otus.wishlist:id/edit_button', contextId: '00000000-0000-0f49-ffff-ffff000000b0'
04-26 02:14:32.028  5351  5379 D UiObject2: Retrieving node with selector: BySelector [RES='\Qru.otus.wishlist:id/edit_button\E'].
04-26 02:14:32.030  5351  5379 I appium  : AppiumResponse: {"sessionId":"17af0bf9-75e2-4dd2-9f44-ead40f34d2b5","value":{"ELEMENT":"00000000-0000-0f49-ffff-ffff000000b7","element-6066-11e4-a52e-4f735466cecf":"00000000-0000-0f49-ffff-ffff000000b7"}}
04-26 02:14:32.037  5351  5379 I appium  : channel read: GET /session/17af0bf9-75e2-4dd2-9f44-ead40f34d2b5/element/00000000-0000-0f49-ffff-ffff000000b7/attribute/displayed
04-26 02:14:32.038  5351  5379 I appium  : GetElementAttribute command
04-26 02:14:32.040  5351  5379 I appium  : AppiumResponse: {"sessionId":"17af0bf9-75e2-4dd2-9f44-ead40f34d2b5","value":"true"}
04-26 02:14:32.046  5351  5379 I appium  : channel read: POST /session/17af0bf9-75e2-4dd2-9f44-ead40f34d2b5/element
04-26 02:14:32.047  5351  5379 I appium  : FindElement command
04-26 02:14:32.048  5351  5379 I appium  : method: 'id', selector: 'ru.otus.wishlist:id/gifts'
04-26 02:14:32.049  5351  5379 I appium  : Waiting up to 10000ms for the device to idle
04-26 02:14:32.054  5351  5379 I appium  : AppiumResponse: {"sessionId":"17af0bf9-75e2-4dd2-9f44-ead40f34d2b5","value":{"ELEMENT":"00000000-0000-0f49-ffff-ffff00000078","element-6066-11e4-a52e-4f735466cecf":"00000000-0000-0f49-ffff-ffff00000078"}}
04-26 02:14:32.061  5351  5379 I appium  : channel read: POST /session/17af0bf9-75e2-4dd2-9f44-ead40f34d2b5/element
04-26 02:14:32.062  5351  5379 I appium  : FindElement command
04-26 02:14:32.063  5351  5379 I appium  : method: 'id', selector: 'ru.otus.wishlist:id/gift_item', contextId: '00000000-0000-0f49-ffff-ffff00000078'
04-26 02:14:32.065  5351  5379 D UiObject2: Retrieving node with selector: BySelector [RES='\Qru.otus.wishlist:id/gift_item\E'].
04-26 02:14:32.068  5351  5379 I appium  : AppiumResponse: {"sessionId":"17af0bf9-75e2-4dd2-9f44-ead40f34d2b5","value":{"ELEMENT":"00000000-0000-0f49-ffff-ffff000000b0","element-6066-11e4-a52e-4f735466cecf":"00000000-0000-0f49-ffff-ffff000000b0"}}
04-26 02:14:32.074  5351  5379 I appium  : channel read: POST /session/17af0bf9-75e2-4dd2-9f44-ead40f34d2b5/element
04-26 02:14:32.075  5351  5379 I appium  : FindElement command
04-26 02:14:32.076  5351  5379 I appium  : method: 'id', selector: 'ru.otus.wishlist:id/edit_button', contextId: '00000000-0000-0f49-ffff-ffff000000b0'
04-26 02:14:32.078  5351  5379 D UiObject2: Retrieving node with selector: BySelector [RES='\Qru.otus.wishlist:id/edit_button\E'].
04-26 02:14:32.080  5351  5379 I appium  : AppiumResponse: {"sessionId":"17af0bf9-75e2-4dd2-9f44-ead40f34d2b5","value":{"ELEMENT":"00000000-0000-0f49-ffff-ffff000000b7","element-6066-11e4-a52e-4f735466cecf":"00000000-0000-0f49-ffff-ffff000000b7"}}
04-26 02:14:32.086  5351  5379 I appium  : channel read: GET /session/17af0bf9-75e2-4dd2-9f44-ead40f34d2b5/element/00000000-0000-0f49-ffff-ffff000000b7/attribute/displayed
04-26 02:14:32.088  5351  5379 I appium  : GetElementAttribute command
04-26 02:14:32.090  5351  5379 I appium  : AppiumResponse: {"sessionId":"17af0bf9-75e2-4dd2-9f44-ead40f34d2b5","value":"true"}
04-26 02:14:32.096  5351  5379 I appium  : channel read: POST /session/17af0bf9-75e2-4dd2-9f44-ead40f34d2b5/element/00000000-0000-0f49-ffff-ffff000000b7/click
04-26 02:14:32.097  5351  5379 I appium  : Click command
04-26 02:14:32.140  5351  5379 W GestureController: Gestures took longer than expected (40ms >> 16ms), device might be in a busy state.
04-26 02:14:32.140  5351  5379 I appium  : Waiting up to 10000ms for the device to idle
04-26 02:14:32.141  5391  5409 D EGL_emulation: app_time_stats: avg=119.77ms min=4.37ms max=1022.00ms count=9
04-26 02:14:32.142  5351  5379 I appium  : AppiumResponse: {"sessionId":"17af0bf9-75e2-4dd2-9f44-ead40f34d2b5","value":null}
04-26 02:14:32.154  5351  5379 I appium  : channel read: POST /session/17af0bf9-75e2-4dd2-9f44-ead40f34d2b5/element
04-26 02:14:32.156  5351  5379 I appium  : FindElement command
04-26 02:14:32.157  5351  5379 I appium  : method: 'id', selector: 'ru.otus.wishlist:id/gift_edit_title'
04-26 02:14:32.158  5351  5379 I appium  : Waiting up to 10000ms for the device to idle
04-26 02:14:32.209 12660 12679 D CompatibilityChangeReporter: Compat change id reported: 168419799; UID 10151; state: DISABLED
04-26 02:14:32.230   371   411 D goldfish-address-space: claimShared: Ask to claim region [0x3f4fc3000 0x3f5bd2000]
04-26 02:14:32.267   371   411 D goldfish-address-space: claimShared: Ask to claim region [0x3f5bd2000 0x3f67e1000]
04-26 02:14:32.306   371   411 D goldfish-address-space: claimShared: Ask to claim region [0x3f67e1000 0x3f73f0000]
04-26 02:14:32.313 12833 12920 D EGL_emulation: app_time_stats: avg=95.27ms min=1.76ms max=857.78ms count=10
04-26 02:14:32.370  5351  5379 W ByMatcher: Node returned null child: android.view.accessibility.AccessibilityNodeInfo@16104; boundsInParent: Rect(0, 0 - 253, 99); boundsInScreen: Rect(53, 2109 - 306, 2208); packageName: ru.otus.wishlist; className: android.view.ViewGroup; text: null; error: null; maxTextLength: -1; stateDescription: null; contentDescription: null; tooltipText: null; viewIdResName: ru.otus.wishlist:id/navigation_bar_item_labels_group; checkable: false; checked: false; focusable: false; focused: false; selected: true; clickable: false; longClickable: false; contextClickable: false; enabled: true; password: false; scrollable: false; importantForAccessibility: false; visible: true; actions: [AccessibilityAction: ACTION_SELECT - null, AccessibilityAction: ACTION_CLEAR_SELECTION - null, AccessibilityAction: ACTION_ACCESSIBILITY_FOCUS - null, AccessibilityAction: ACTION_SHOW_ON_SCREEN - null]
04-26 02:14:32.370  5351  5379 W ByMatcher: Skipping null child (0 of 1)
04-26 02:14:32.372  5351  5379 W ByMatcher: Node returned null child: android.view.accessibility.AccessibilityNodeInfo@80007c07; boundsInParent: Rect(0, 0 - 1080, 2340); boundsInScreen: Rect(0, 0 - 1080, 2340); packageName: ru.otus.wishlist; className: android.widget.FrameLayout; text: null; error: null; maxTextLength: -1; stateDescription: null; contentDescription: null; tooltipText: null; viewIdResName: null; checkable: false; checked: false; focusable: false; focused: false; selected: false; clickable: false; longClickable: false; contextClickable: false; enabled: true; password: false; scrollable: false; importantForAccessibility: true; visible: true; actions: [AccessibilityAction: ACTION_SELECT - null, AccessibilityAction: ACTION_CLEAR_SELECTION - null, AccessibilityAction: ACTION_ACCESSIBILITY_FOCUS - null, AccessibilityAction: ACTION_SHOW_ON_SCREEN - null]
04-26 02:14:32.372  5351  5379 W ByMatcher: Skipping null child (1 of 2)
04-26 02:14:32.373  5351  5379 W ByMatcher: Node returned null child: android.view.accessibility.AccessibilityNodeInfo@80007c07; boundsInParent: Rect(0, 0 - 1080, 2340); boundsInScreen: Rect(0, 0 - 1080, 2340); packageName: ru.otus.wishlist; className: android.widget.FrameLayout; text: null; error: null; maxTextLength: -1; stateDescription: null; contentDescription: null; tooltipText: null; viewIdResName: null; checkable: false; checked: false; focusable: false; focused: false; selected: false; clickable: false; longClickable: false; contextClickable: false; enabled: true; password: false; scrollable: false; importantForAccessibility: true; visible: true; actions: [AccessibilityAction: ACTION_SELECT - null, AccessibilityAction: ACTION_CLEAR_SELECTION - null, AccessibilityAction: ACTION_ACCESSIBILITY_FOCUS - null, AccessibilityAction: ACTION_SHOW_ON_SCREEN - null]
04-26 02:14:32.373  5351  5379 W ByMatcher: Skipping null child (0 of 2)
04-26 02:14:32.375  5351  5379 W ByMatcher: Skipping null child (1 of 2)
04-26 02:14:32.376  5351  5379 I appium  : AppiumResponse: {"sessionId":"17af0bf9-75e2-4dd2-9f44-ead40f34d2b5","value":{"error":"no such element","message":"An element could not be located on the page using the given search parameters","stacktrace":"io.appium.uiautomator2.common.exceptions.ElementNotFoundException: An element could not be located on the page using the given search parameters\n\tat io.appium.uiautomator2.handler.FindElement.safeHandle(FindElement.java:63)\n\tat io.appium.uiautomator2.handler.request.SafeRequestHandler.handle(SafeRequestHandler.java:59)\n\tat io.appium.uiautomator2.server.AppiumServlet.handleRequest(AppiumServlet.java:267)\n\tat io.appium.uiautomator2.server.AppiumServlet.handleHttpRequest(AppiumServlet.java:261)\n\tat io.appium.uiautomator2.http.ServerHandler.channelRead(ServerHandler.java:77)\n\tat io.netty.channel.AbstractChannelHandlerContext.fireChannelRead(AbstractChannelHandlerContext.java:356)\n\tat io.netty.handler.codec.MessageToMessageDecoder.channelRead(MessageToMessageDecoder.java:107)\n\tat io.netty.channel.AbstractChannelHandlerContext.fireChannelRead(AbstractChannelHandlerContext.java:356)\n\tat io.netty.channel.CombinedChannelDuplexHandler$DelegatingChannelHandlerContext.fireChannelRead(CombinedChannelDuplexHandler.java:434)\n\tat io.netty.handler.codec.ByteToMessageDecoder.fireChannelRead(ByteToMessageDecoder.java:361)\n\tat io.netty.handler.codec.ByteToMessageDecoder.channelRead(ByteToMessageDecoder.java:325)\n\tat io.netty.channel.CombinedChannelDuplexHandler.channelRead(CombinedChannelDuplexHandler.java:249)\n\tat io.netty.channel.AbstractChannelHandlerContext.fireChannelRead(AbstractChannelHandlerContext.java:354)\n\tat io.netty.handler.timeout.IdleStateHandler.channelRead(IdleStateHandler.java:293)\n\tat io.netty.channel.AbstractChannelHandlerContext.fireChannelRead(AbstractChannelHandlerContext.java:354)\n\tat io.netty.channel.DefaultChannelPipeline$HeadContext.channelRead(DefaultChannelPipeline.java:1429)\n\tat io.netty.channel.DefaultChannelPipeline.fireChannelRead(DefaultChannelPipeline.java:918)\n\tat io.netty.channel.nio.AbstractNioByteChannel$NioByteUnsafe.read(AbstractNioByteChannel.java:172)\n\tat io.netty.channel.nio.AbstractNioChannel$AbstractNioUnsafe.handle(AbstractNioChannel.java:445)\n\tat io.netty.channel.nio.NioIoHandler$DefaultNioRegistration.handle(NioIoHandler.java:388)\n\tat io.netty.channel.nio.NioIoHandler.processSelectedKey(NioIoHandler.java:596)\n\tat io.netty.channel.nio.NioIoHandler.processSelectedKeysOptimized(NioIoHandler.java:571)\n\tat io.netty.channel.nio.NioIoHandler.processSelectedKeys(NioIoHandler.java:512)\n\tat io.netty.channel.nio.NioIoHandler.run(NioIoHandler.java:484)\n\tat io.netty.channel.SingleThreadIoEventLoop.runIo(SingleThreadIoEventLoop.java:225)\n\tat io.netty.channel.SingleThreadIoEventLoop.run(SingleThreadIoEventLoop.java:196)\n\tat io.netty.util.concurrent.SingleThreadEventExecutor$5.run(SingleThreadEventExecutor.java:1195)\n\tat io.netty.util.internal.ThreadExecutorMap$2.run(ThreadExecutorMap.java:74)\n\tat io.netty.util.concurrent.FastThreadLocalRunnable.run(FastThreadLocalRunnable.java:30)\n\tat java.lang.Thread.run(Thread.java:920)\n"}}
04-26 02:14:32.403 13314 13314 I GoogleInputMethodService: GoogleInputMethodService.onFinishInput():3420 
04-26 02:14:32.404 13314 13314 I GoogleInputMethodService: GoogleInputMethodService.onStartInput():2002 
04-26 02:14:32.405 13314 13314 I DeviceUnlockedTag: DeviceUnlockedTag.notifyDeviceLockStatusChanged():31 Notify device unlocked.
04-26 02:14:32.897  5351  5379 I appium  : channel read: POST /session/17af0bf9-75e2-4dd2-9f44-ead40f34d2b5/element
04-26 02:14:32.898  5351  5379 I appium  : FindElement command
04-26 02:14:32.898  5351  5379 I appium  : method: 'id', selector: 'ru.otus.wishlist:id/gift_edit_title'
04-26 02:14:32.899  5351  5379 I appium  : Waiting up to 10000ms for the device to idle
04-26 02:14:33.013  5351  5379 I appium  : AppiumResponse: {"sessionId":"17af0bf9-75e2-4dd2-9f44-ead40f34d2b5","value":{"ELEMENT":"00000000-0000-0f4c-ffff-ffff000000c7","element-6066-11e4-a52e-4f735466cecf":"00000000-0000-0f4c-ffff-ffff000000c7"}}
04-26 02:14:33.024  5351  5379 I appium  : channel read: GET /session/17af0bf9-75e2-4dd2-9f44-ead40f34d2b5/element/00000000-0000-0f4c-ffff-ffff000000c7/attribute/displayed
04-26 02:14:33.024  5351  5379 I appium  : GetElementAttribute command
04-26 02:14:33.028  5351  5379 I appium  : AppiumResponse: {"sessionId":"17af0bf9-75e2-4dd2-9f44-ead40f34d2b5","value":"true"}
04-26 02:14:33.034  5351  5379 I appium  : channel read: POST /session/17af0bf9-75e2-4dd2-9f44-ead40f34d2b5/element
04-26 02:14:33.034  5351  5379 I appium  : FindElement command
04-26 02:14:33.035  5351  5379 I appium  : method: 'id', selector: 'ru.otus.wishlist:id/gift_edit_title'
04-26 02:14:33.035  5351  5379 I appium  : Waiting up to 10000ms for the device to idle
04-26 02:14:33.041  5351  5379 I appium  : AppiumResponse: {"sessionId":"17af0bf9-75e2-4dd2-9f44-ead40f34d2b5","value":{"ELEMENT":"00000000-0000-0f4c-ffff-ffff000000c7","element-6066-11e4-a52e-4f735466cecf":"00000000-0000-0f4c-ffff-ffff000000c7"}}
04-26 02:14:33.046  5351  5379 I appium  : channel read: GET /session/17af0bf9-75e2-4dd2-9f44-ead40f34d2b5/element/00000000-0000-0f4c-ffff-ffff000000c7/name
04-26 02:14:33.047  5351  5379 I appium  : GetName command
04-26 02:14:33.050  5351  5379 I appium  : AppiumResponse: {"sessionId":"17af0bf9-75e2-4dd2-9f44-ead40f34d2b5","value":null}
04-26 02:14:33.055  5351  5379 I appium  : channel read: GET /session/17af0bf9-75e2-4dd2-9f44-ead40f34d2b5/element/00000000-0000-0f4c-ffff-ffff000000c7/text
04-26 02:14:33.056  5351  5379 I appium  : GetText command
04-26 02:14:33.059  5351  5379 I appium  : AppiumResponse: {"sessionId":"17af0bf9-75e2-4dd2-9f44-ead40f34d2b5","value":"Изменить подарок"}
04-26 02:14:33.064  5351  5379 I appium  : channel read: POST /session/17af0bf9-75e2-4dd2-9f44-ead40f34d2b5/element
04-26 02:14:33.065  5351  5379 I appium  : FindElement command
04-26 02:14:33.065  5351  5379 I appium  : method: 'id', selector: 'ru.otus.wishlist:id/description_input'
04-26 02:14:33.066  5351  5379 I appium  : Waiting up to 10000ms for the device to idle
04-26 02:14:33.073  5351  5379 I appium  : AppiumResponse: {"sessionId":"17af0bf9-75e2-4dd2-9f44-ead40f34d2b5","value":{"ELEMENT":"00000000-0000-0f4c-ffff-ffff000000e0","element-6066-11e4-a52e-4f735466cecf":"00000000-0000-0f4c-ffff-ffff000000e0"}}
04-26 02:14:33.079  5351  5379 I appium  : channel read: GET /session/17af0bf9-75e2-4dd2-9f44-ead40f34d2b5/element/00000000-0000-0f4c-ffff-ffff000000e0/attribute/displayed
04-26 02:14:33.079  5351  5379 I appium  : GetElementAttribute command
04-26 02:14:33.083  5351  5379 I appium  : AppiumResponse: {"sessionId":"17af0bf9-75e2-4dd2-9f44-ead40f34d2b5","value":"true"}
04-26 02:14:33.089  5351  5379 I appium  : channel read: POST /session/17af0bf9-75e2-4dd2-9f44-ead40f34d2b5/element
04-26 02:14:33.090  5351  5379 I appium  : FindElement command
04-26 02:14:33.090  5351  5379 I appium  : method: 'id', selector: 'ru.otus.wishlist:id/description_input'
04-26 02:14:33.090  5351  5379 I appium  : Waiting up to 10000ms for the device to idle
04-26 02:14:33.096  5351  5379 I appium  : AppiumResponse: {"sessionId":"17af0bf9-75e2-4dd2-9f44-ead40f34d2b5","value":{"ELEMENT":"00000000-0000-0f4c-ffff-ffff000000e0","element-6066-11e4-a52e-4f735466cecf":"00000000-0000-0f4c-ffff-ffff000000e0"}}
04-26 02:14:33.101  5351  5379 I appium  : channel read: GET /session/17af0bf9-75e2-4dd2-9f44-ead40f34d2b5/element/00000000-0000-0f4c-ffff-ffff000000e0/attribute/displayed
04-26 02:14:33.101  5351  5379 I appium  : GetElementAttribute command
04-26 02:14:33.104  5351  5379 I appium  : AppiumResponse: {"sessionId":"17af0bf9-75e2-4dd2-9f44-ead40f34d2b5","value":"true"}
04-26 02:14:33.109  5351  5379 I appium  : channel read: POST /session/17af0bf9-75e2-4dd2-9f44-ead40f34d2b5/element/00000000-0000-0f4c-ffff-ffff000000e0/clear
04-26 02:14:33.110  5351  5379 I appium  : Clear command
04-26 02:14:33.113  5351  5379 D UiObject2: Setting text to ''.
04-26 02:14:33.118  5351  5379 I appium  : AppiumResponse: {"sessionId":"17af0bf9-75e2-4dd2-9f44-ead40f34d2b5","value":null}
04-26 02:14:33.124  5351  5379 I appium  : channel read: POST /session/17af0bf9-75e2-4dd2-9f44-ead40f34d2b5/element
04-26 02:14:33.124  5351  5379 I appium  : FindElement command
04-26 02:14:33.125  5351  5379 I appium  : method: 'id', selector: 'ru.otus.wishlist:id/description_input'
04-26 02:14:33.125  5351  5379 I appium  : Waiting up to 10000ms for the device to idle
04-26 02:14:33.136  5351  5379 I appium  : AppiumResponse: {"sessionId":"17af0bf9-75e2-4dd2-9f44-ead40f34d2b5","value":{"ELEMENT":"00000000-0000-0f4c-ffff-ffff000000e0","element-6066-11e4-a52e-4f735466cecf":"00000000-0000-0f4c-ffff-ffff000000e0"}}
04-26 02:14:33.142  5351  5379 I appium  : channel read: POST /session/17af0bf9-75e2-4dd2-9f44-ead40f34d2b5/element/00000000-0000-0f4c-ffff-ffff000000e0/value
04-26 02:14:33.144  5351  5379 I appium  : SendKeysToElement command
04-26 02:14:33.245 12833 12920 D EGL_emulation: app_time_stats: avg=110.92ms min=4.23ms max=1977.44ms count=19
04-26 02:14:33.388  5391  5409 D EGL_emulation: app_time_stats: avg=28.03ms min=5.04ms max=481.13ms count=32
04-26 02:14:33.472 12660 15804 W InputManager-JNI: Input channel object '32c7b70 Toast (client)' was disposed without first being removed with the input manager!
04-26 02:14:33.474 12660 15804 W NotificationService: Toast already killed. pkg=ru.otus.wishlist token=android.os.BinderProxy@abcdafc
04-26 02:14:33.625  5351  5379 D UiObject2: Setting text to ''.
04-26 02:14:33.636  5351  5379 I appium  : AppiumResponse: {"sessionId":"17af0bf9-75e2-4dd2-9f44-ead40f34d2b5","value":null}
04-26 02:14:33.638 13314 13314 I ShortcutsDataManager: ShortcutsDataManager.onContentChanged():73 onContentChanged()
04-26 02:14:33.644  5351  5379 I appium  : channel read: POST /session/17af0bf9-75e2-4dd2-9f44-ead40f34d2b5/element
04-26 02:14:33.644  5351  5379 I appium  : FindElement command
04-26 02:14:33.644  5351  5379 I appium  : method: 'id', selector: 'ru.otus.wishlist:id/save_button'
04-26 02:14:33.645  5351  5379 I appium  : Waiting up to 10000ms for the device to idle
04-26 02:14:34.144  5351  5379 I appium  : AppiumResponse: {"sessionId":"17af0bf9-75e2-4dd2-9f44-ead40f34d2b5","value":{"ELEMENT":"00000000-0000-0f4c-ffff-ffff000000e9","element-6066-11e4-a52e-4f735466cecf":"00000000-0000-0f4c-ffff-ffff000000e9"}}
04-26 02:14:34.151  5351  5379 I appium  : channel read: GET /session/17af0bf9-75e2-4dd2-9f44-ead40f34d2b5/element/00000000-0000-0f4c-ffff-ffff000000e9/attribute/displayed
04-26 02:14:34.152  5351  5379 I appium  : GetElementAttribute command
04-26 02:14:34.156  5351  5379 I appium  : AppiumResponse: {"sessionId":"17af0bf9-75e2-4dd2-9f44-ead40f34d2b5","value":"true"}
04-26 02:14:34.162  5351  5379 I appium  : channel read: POST /session/17af0bf9-75e2-4dd2-9f44-ead40f34d2b5/element
04-26 02:14:34.163  5351  5379 I appium  : FindElement command
04-26 02:14:34.164  5351  5379 I appium  : method: 'id', selector: 'ru.otus.wishlist:id/save_button'
04-26 02:14:34.165  5351  5379 I appium  : Waiting up to 10000ms for the device to idle
04-26 02:14:34.171  5351  5379 I appium  : AppiumResponse: {"sessionId":"17af0bf9-75e2-4dd2-9f44-ead40f34d2b5","value":{"ELEMENT":"00000000-0000-0f4c-ffff-ffff000000e9","element-6066-11e4-a52e-4f735466cecf":"00000000-0000-0f4c-ffff-ffff000000e9"}}
04-26 02:14:34.176  5351  5379 I appium  : channel read: GET /session/17af0bf9-75e2-4dd2-9f44-ead40f34d2b5/element/00000000-0000-0f4c-ffff-ffff000000e9/attribute/displayed
04-26 02:14:34.178  5351  5379 I appium  : GetElementAttribute command
04-26 02:14:34.181  5351  5379 I appium  : AppiumResponse: {"sessionId":"17af0bf9-75e2-4dd2-9f44-ead40f34d2b5","value":"true"}
04-26 02:14:34.186  5351  5379 I appium  : channel read: POST /session/17af0bf9-75e2-4dd2-9f44-ead40f34d2b5/element/00000000-0000-0f4c-ffff-ffff000000e9/click
04-26 02:14:34.186  5351  5379 I appium  : Click command
04-26 02:14:34.229  5351  5379 W GestureController: Gestures took longer than expected (39ms >> 16ms), device might be in a busy state.
04-26 02:14:34.229  5351  5379 I appium  : Waiting up to 10000ms for the device to idle
04-26 02:14:34.295  5391  5409 D OpenGLRenderer: endAllActiveAnimators on 0x7dab03eedc20 (RippleDrawable) with handle 0x7daa13eb3e00
04-26 02:14:34.295 12660 12679 W InputManager-JNI: Input channel object 'baae5a3 ru.otus.wishlist/ru.otus.wishlist.MainActivity (client)' was disposed without first being removed with the input manager!
04-26 02:14:34.305 12833 12833 W ziparchive: Unable to open '/data/app/~~E7HUVOVE1_qGCqO9F55iMw==/ru.otus.wishlist-KvzObjiROZidZodhEA4kDA==/base.apk': No such file or directory
04-26 02:14:34.305 12833 12833 E ndroid.systemu: Failed to open APK '/data/app/~~E7HUVOVE1_qGCqO9F55iMw==/ru.otus.wishlist-KvzObjiROZidZodhEA4kDA==/base.apk': I/O error
04-26 02:14:34.305 12833 12833 W ResourcesManager: failed to preload asset path '/data/app/~~E7HUVOVE1_qGCqO9F55iMw==/ru.otus.wishlist-KvzObjiROZidZodhEA4kDA==/base.apk'
04-26 02:14:34.305 12833 12833 W ResourcesManager: java.io.IOException: Failed to load asset path /data/app/~~E7HUVOVE1_qGCqO9F55iMw==/ru.otus.wishlist-KvzObjiROZidZodhEA4kDA==/base.apk
04-26 02:14:34.305 12833 12833 W ResourcesManager: 	at android.content.res.ApkAssets.nativeLoad(Native Method)
04-26 02:14:34.305 12833 12833 W ResourcesManager: 	at android.content.res.ApkAssets.<init>(ApkAssets.java:295)
04-26 02:14:34.305 12833 12833 W ResourcesManager: 	at android.content.res.ApkAssets.loadFromPath(ApkAssets.java:144)
04-26 02:14:34.305 12833 12833 W ResourcesManager: 	at android.app.ResourcesManager.loadApkAssets(ResourcesManager.java:454)
04-26 02:14:34.305 12833 12833 W ResourcesManager: 	at android.app.ResourcesManager.access$000(ResourcesManager.java:72)
04-26 02:14:34.305 12833 12833 W ResourcesManager: 	at android.app.ResourcesManager$ApkAssetsSupplier.load(ResourcesManager.java:168)
04-26 02:14:34.305 12833 12833 W ResourcesManager: 	at android.app.ResourcesManager.createApkAssetsSupplierNotLocked(ResourcesManager.java:980)
04-26 02:14:34.305 12833 12833 W ResourcesManager: 	at android.app.ResourcesManager.getResources(ResourcesManager.java:1101)
04-26 02:14:34.305 12833 12833 W ResourcesManager: 	at android.app.ActivityThread.getTopLevelResources(ActivityThread.java:2372)
04-26 02:14:34.305 12833 12833 W ResourcesManager: 	at android.app.ApplicationPackageManager.getResourcesForApplication(ApplicationPackageManager.java:1751)
04-26 02:14:34.305 12833 12833 W ResourcesManager: 	at android.app.ApplicationPackageManager.getResourcesForApplication(ApplicationPackageManager.java:1737)
04-26 02:14:34.305 12833 12833 W ResourcesManager: 	at android.app.ApplicationPackageManager.getDrawable(ApplicationPackageManager.java:1506)
04-26 02:14:34.305 12833 12833 W ResourcesManager: 	at android.app.ApplicationPackageManager.loadUnbadgedItemIcon(ApplicationPackageManager.java:3029)
04-26 02:14:34.305 12833 12833 W ResourcesManager: 	at android.content.pm.PackageItemInfo.loadUnbadgedIcon(PackageItemInfo.java:290)
04-26 02:14:34.305 12833 12833 W ResourcesManager: 	at com.android.systemui.toast.SystemUIToast.getBadgedIcon(SystemUIToast.java:284)
04-26 02:14:34.305 12833 12833 W ResourcesManager: 	at com.android.systemui.toast.SystemUIToast.inflateToastView(SystemUIToast.java:198)
04-26 02:14:34.305 12833 12833 W ResourcesManager: 	at com.android.systemui.toast.SystemUIToast.<init>(SystemUIToast.java:90)
04-26 02:14:34.305 12833 12833 W ResourcesManager: 	at com.android.systemui.toast.SystemUIToast.<init>(SystemUIToast.java:77)
04-26 02:14:34.305 12833 12833 W ResourcesManager: 	at com.android.systemui.toast.ToastFactory.createToast(ToastFactory.java:78)
04-26 02:14:34.305 12833 12833 W ResourcesManager: 	at com.android.systemui.toast.ToastUI.lambda$showToast$0(ToastUI.java:113)
04-26 02:14:34.305 12833 12833 W ResourcesManager: 	at com.android.systemui.toast.ToastUI.$r8$lambda$w_gPCh3F8Xxn1jN4lkQZoUci71c(Unknown Source:0)
04-26 02:14:34.305 12833 12833 W ResourcesManager: 	at com.android.systemui.toast.ToastUI$$ExternalSyntheticLambda0.run(Unknown Source:16)
04-26 02:14:34.305 12833 12833 W ResourcesManager: 	at com.android.systemui.toast.ToastUI.showToast(ToastUI.java:140)
04-26 02:14:34.305 12833 12833 W ResourcesManager: 	at com.android.systemui.statusbar.CommandQueue$H.handleMessage(CommandQueue.java:1431)
04-26 02:14:34.305 12833 12833 W ResourcesManager: 	at android.os.Handler.dispatchMessage(Handler.java:106)
04-26 02:14:34.305 12833 12833 W ResourcesManager: 	at android.os.Looper.loopOnce(Looper.java:201)
04-26 02:14:34.305 12833 12833 W ResourcesManager: 	at android.os.Looper.loop(Looper.java:288)
04-26 02:14:34.305 12833 12833 W ResourcesManager: 	at android.app.ActivityThread.main(ActivityThread.java:7839)
04-26 02:14:34.305 12833 12833 W ResourcesManager: 	at java.lang.reflect.Method.invoke(Native Method)
04-26 02:14:34.305 12833 12833 W ResourcesManager: 	at com.android.internal.os.RuntimeInit$MethodAndArgsCaller.run(RuntimeInit.java:548)
04-26 02:14:34.305 12833 12833 W ResourcesManager: 	at com.android.internal.os.ZygoteInit.main(ZygoteInit.java:1003)
04-26 02:14:34.306 12833 12833 W ziparchive: Unable to open '/data/app/~~E7HUVOVE1_qGCqO9F55iMw==/ru.otus.wishlist-KvzObjiROZidZodhEA4kDA==/base.apk': No such file or directory
04-26 02:14:34.306 12833 12833 E ndroid.systemu: Failed to open APK '/data/app/~~E7HUVOVE1_qGCqO9F55iMw==/ru.otus.wishlist-KvzObjiROZidZodhEA4kDA==/base.apk': I/O error
04-26 02:14:34.306 12833 12833 E ResourcesManager: failed to add asset path '/data/app/~~E7HUVOVE1_qGCqO9F55iMw==/ru.otus.wishlist-KvzObjiROZidZodhEA4kDA==/base.apk'
04-26 02:14:34.306 12833 12833 E ResourcesManager: java.io.IOException: Failed to load asset path /data/app/~~E7HUVOVE1_qGCqO9F55iMw==/ru.otus.wishlist-KvzObjiROZidZodhEA4kDA==/base.apk
04-26 02:14:34.306 12833 12833 E ResourcesManager: 	at android.content.res.ApkAssets.nativeLoad(Native Method)
04-26 02:14:34.306 12833 12833 E ResourcesManager: 	at android.content.res.ApkAssets.<init>(ApkAssets.java:295)
04-26 02:14:34.306 12833 12833 E ResourcesManager: 	at android.content.res.ApkAssets.loadFromPath(ApkAssets.java:144)
04-26 02:14:34.306 12833 12833 E ResourcesManager: 	at android.app.ResourcesManager.loadApkAssets(ResourcesManager.java:454)
04-26 02:14:34.306 12833 12833 E ResourcesManager: 	at android.app.ResourcesManager.access$000(ResourcesManager.java:72)
04-26 02:14:34.306 12833 12833 E ResourcesManager: 	at android.app.ResourcesManager$ApkAssetsSupplier.load(ResourcesManager.java:168)
04-26 02:14:34.306 12833 12833 E ResourcesManager: 	at android.app.ResourcesManager.createAssetManager(ResourcesManager.java:530)
04-26 02:14:34.306 12833 12833 E ResourcesManager: 	at android.app.ResourcesManager.createResourcesImpl(ResourcesManager.java:612)
04-26 02:14:34.306 12833 12833 E ResourcesManager: 	at android.app.ResourcesManager.findOrCreateResourcesImplForKeyLocked(ResourcesManager.java:664)
04-26 02:14:34.306 12833 12833 E ResourcesManager: 	at android.app.ResourcesManager.createResources(ResourcesManager.java:1011)
04-26 02:14:34.306 12833 12833 E ResourcesManager: 	at android.app.ResourcesManager.getResources(ResourcesManager.java:1114)
04-26 02:14:34.306 12833 12833 E ResourcesManager: 	at android.app.ActivityThread.getTopLevelResources(ActivityThread.java:2372)
04-26 02:14:34.306 12833 12833 E ResourcesManager: 	at android.app.ApplicationPackageManager.getResourcesForApplication(ApplicationPackageManager.java:1751)
04-26 02:14:34.306 12833 12833 E ResourcesManager: 	at android.app.ApplicationPackageManager.getResourcesForApplication(ApplicationPackageManager.java:1737)
04-26 02:14:34.306 12833 12833 E ResourcesManager: 	at android.app.ApplicationPackageManager.getDrawable(ApplicationPackageManager.java:1506)
04-26 02:14:34.306 12833 12833 E ResourcesManager: 	at android.app.ApplicationPackageManager.loadUnbadgedItemIcon(ApplicationPackageManager.java:3029)
04-26 02:14:34.306 12833 12833 E ResourcesManager: 	at android.content.pm.PackageItemInfo.loadUnbadgedIcon(PackageItemInfo.java:290)
04-26 02:14:34.306 12833 12833 E ResourcesManager: 	at com.android.systemui.toast.SystemUIToast.getBadgedIcon(SystemUIToast.java:284)
04-26 02:14:34.306 12833 12833 E ResourcesManager: 	at com.android.systemui.toast.SystemUIToast.inflateToastView(SystemUIToast.java:198)
