04-10 07:56:41.759 28046 28071 I appium  : AppiumResponse: {"sessionId":"e884e053-60f4-4418-973b-063f5f01f0e0","value":"true"}
04-10 07:56:41.767 28046 28071 I appium  : channel read: POST /wd/hub/session/e884e053-60f4-4418-973b-063f5f01f0e0/element
04-10 07:56:41.768 28046 28071 I appium  : FindElement command
04-10 07:56:41.768 28046 28071 I appium  : method: 'id', selector: 'ru.otus.wishlist:id/wishlists'
04-10 07:56:41.768 28046 28071 I appium  : Waiting up to 10000ms for the device to idle
04-10 07:56:41.779 28046 28071 I appium  : AppiumResponse: {"sessionId":"e884e053-60f4-4418-973b-063f5f01f0e0","value":{"ELEMENT":"00000000-0000-0866-ffff-ffff0000005e","element-6066-11e4-a52e-4f735466cecf":"00000000-0000-0866-ffff-ffff0000005e"}}
04-10 07:56:41.787 28046 28071 I appium  : channel read: POST /wd/hub/session/e884e053-60f4-4418-973b-063f5f01f0e0/element
04-10 07:56:41.787 28046 28071 I appium  : FindElement command
04-10 07:56:41.788 28046 28071 I appium  : method: 'id', selector: 'ru.otus.wishlist:id/wishlist_item', contextId: '00000000-0000-0866-ffff-ffff0000005e'
04-10 07:56:41.794 28046 28071 I appium  : AppiumResponse: {"sessionId":"e884e053-60f4-4418-973b-063f5f01f0e0","value":{"ELEMENT":"00000000-0000-0866-ffff-ffff0000008b","element-6066-11e4-a52e-4f735466cecf":"00000000-0000-0866-ffff-ffff0000008b"}}
04-10 07:56:41.802 28046 28071 I appium  : channel read: POST /wd/hub/session/e884e053-60f4-4418-973b-063f5f01f0e0/element
04-10 07:56:41.802 28046 28071 I appium  : FindElement command
04-10 07:56:41.805 28046 28071 I appium  : method: 'id', selector: 'ru.otus.wishlist:id/subtitle', contextId: '00000000-0000-0866-ffff-ffff0000008b'
04-10 07:56:41.809 28046 28071 I appium  : AppiumResponse: {"sessionId":"e884e053-60f4-4418-973b-063f5f01f0e0","value":{"ELEMENT":"00000000-0000-0866-ffff-ffff0000008d","element-6066-11e4-a52e-4f735466cecf":"00000000-0000-0866-ffff-ffff0000008d"}}
04-10 07:56:41.818 28046 28071 I appium  : channel read: GET /wd/hub/session/e884e053-60f4-4418-973b-063f5f01f0e0/element/00000000-0000-0866-ffff-ffff0000008d/name
04-10 07:56:41.818 28046 28071 I appium  : GetName command
04-10 07:56:41.821 28046 28071 I appium  : AppiumResponse: {"sessionId":"e884e053-60f4-4418-973b-063f5f01f0e0","value":null}
04-10 07:56:41.828 28046 28071 I appium  : channel read: GET /wd/hub/session/e884e053-60f4-4418-973b-063f5f01f0e0/element/00000000-0000-0866-ffff-ffff0000008d/text
04-10 07:56:41.828 28046 28071 I appium  : GetText command
04-10 07:56:41.833 28046 28071 I appium  : AppiumResponse: {"sessionId":"e884e053-60f4-4418-973b-063f5f01f0e0","value":"К нам мчится, скоро все случится"}
04-10 07:56:41.840 28046 28071 I appium  : channel read: POST /wd/hub/session/e884e053-60f4-4418-973b-063f5f01f0e0/element
04-10 07:56:41.840 28046 28071 I appium  : FindElement command
04-10 07:56:41.841 28046 28071 I appium  : method: 'id', selector: 'ru.otus.wishlist:id/wishlists'
04-10 07:56:41.842 28046 28071 I appium  : Waiting up to 10000ms for the device to idle
04-10 07:56:41.854 28046 28071 I appium  : AppiumResponse: {"sessionId":"e884e053-60f4-4418-973b-063f5f01f0e0","value":{"ELEMENT":"00000000-0000-0866-ffff-ffff0000005e","element-6066-11e4-a52e-4f735466cecf":"00000000-0000-0866-ffff-ffff0000005e"}}
04-10 07:56:41.863 28046 28071 I appium  : channel read: POST /wd/hub/session/e884e053-60f4-4418-973b-063f5f01f0e0/element
04-10 07:56:41.863 28046 28071 I appium  : FindElement command
04-10 07:56:41.864 28046 28071 I appium  : method: 'id', selector: 'ru.otus.wishlist:id/wishlist_item', contextId: '00000000-0000-0866-ffff-ffff0000005e'
04-10 07:56:41.869 28046 28071 I appium  : AppiumResponse: {"sessionId":"e884e053-60f4-4418-973b-063f5f01f0e0","value":{"ELEMENT":"00000000-0000-0866-ffff-ffff0000008b","element-6066-11e4-a52e-4f735466cecf":"00000000-0000-0866-ffff-ffff0000008b"}}
04-10 07:56:41.876 28046 28071 I appium  : channel read: GET /wd/hub/session/e884e053-60f4-4418-973b-063f5f01f0e0/element/00000000-0000-0866-ffff-ffff0000008b/attribute/displayed
04-10 07:56:41.877 28046 28071 I appium  : GetElementAttribute command
04-10 07:56:41.880 28046 28071 I appium  : AppiumResponse: {"sessionId":"e884e053-60f4-4418-973b-063f5f01f0e0","value":"true"}
04-10 07:56:41.888 28046 28071 I appium  : channel read: POST /wd/hub/session/e884e053-60f4-4418-973b-063f5f01f0e0/element
04-10 07:56:41.888 28046 28071 I appium  : FindElement command
04-10 07:56:41.889 28046 28071 I appium  : method: 'id', selector: 'ru.otus.wishlist:id/wishlists'
04-10 07:56:41.889 28046 28071 I appium  : Waiting up to 10000ms for the device to idle
04-10 07:56:41.899 28046 28071 I appium  : AppiumResponse: {"sessionId":"e884e053-60f4-4418-973b-063f5f01f0e0","value":{"ELEMENT":"00000000-0000-0866-ffff-ffff0000005e","element-6066-11e4-a52e-4f735466cecf":"00000000-0000-0866-ffff-ffff0000005e"}}
04-10 07:56:41.907 28046 28071 I appium  : channel read: POST /wd/hub/session/e884e053-60f4-4418-973b-063f5f01f0e0/element
04-10 07:56:41.909 28046 28071 I appium  : FindElement command
04-10 07:56:41.911 28046 28071 I appium  : method: 'id', selector: 'ru.otus.wishlist:id/wishlist_item', contextId: '00000000-0000-0866-ffff-ffff0000005e'
04-10 07:56:41.916 28046 28071 I appium  : AppiumResponse: {"sessionId":"e884e053-60f4-4418-973b-063f5f01f0e0","value":{"ELEMENT":"00000000-0000-0866-ffff-ffff0000008b","element-6066-11e4-a52e-4f735466cecf":"00000000-0000-0866-ffff-ffff0000008b"}}
04-10 07:56:41.923 28046 28071 I appium  : channel read: POST /wd/hub/session/e884e053-60f4-4418-973b-063f5f01f0e0/element
04-10 07:56:41.925 28046 28071 I appium  : FindElement command
04-10 07:56:41.926 28046 28071 I appium  : method: 'id', selector: 'ru.otus.wishlist:id/edit_button', contextId: '00000000-0000-0866-ffff-ffff0000008b'
04-10 07:56:41.930 28046 28071 I appium  : AppiumResponse: {"sessionId":"e884e053-60f4-4418-973b-063f5f01f0e0","value":{"ELEMENT":"00000000-0000-0866-ffff-ffff0000008f","element-6066-11e4-a52e-4f735466cecf":"00000000-0000-0866-ffff-ffff0000008f"}}
04-10 07:56:41.937 28046 28071 I appium  : channel read: GET /wd/hub/session/e884e053-60f4-4418-973b-063f5f01f0e0/element/00000000-0000-0866-ffff-ffff0000008f/attribute/displayed
04-10 07:56:41.937 28046 28071 I appium  : GetElementAttribute command
04-10 07:56:41.941 28046 28071 I appium  : AppiumResponse: {"sessionId":"e884e053-60f4-4418-973b-063f5f01f0e0","value":"true"}
04-10 07:56:41.948 28046 28071 I appium  : channel read: POST /wd/hub/session/e884e053-60f4-4418-973b-063f5f01f0e0/element
04-10 07:56:41.949 28046 28071 I appium  : FindElement command
04-10 07:56:41.949 28046 28071 I appium  : method: 'id', selector: 'ru.otus.wishlist:id/wishlists'
04-10 07:56:41.949 28046 28071 I appium  : Waiting up to 10000ms for the device to idle
04-10 07:56:41.964 28046 28071 I appium  : AppiumResponse: {"sessionId":"e884e053-60f4-4418-973b-063f5f01f0e0","value":{"ELEMENT":"00000000-0000-0866-ffff-ffff0000005e","element-6066-11e4-a52e-4f735466cecf":"00000000-0000-0866-ffff-ffff0000005e"}}
04-10 07:56:41.972 28046 28071 I appium  : channel read: POST /wd/hub/session/e884e053-60f4-4418-973b-063f5f01f0e0/element
04-10 07:56:41.972 28046 28071 I appium  : FindElement command
04-10 07:56:41.974 28046 28071 I appium  : method: 'id', selector: 'ru.otus.wishlist:id/wishlist_item', contextId: '00000000-0000-0866-ffff-ffff0000005e'
04-10 07:56:41.978 28046 28071 I appium  : AppiumResponse: {"sessionId":"e884e053-60f4-4418-973b-063f5f01f0e0","value":{"ELEMENT":"00000000-0000-0866-ffff-ffff0000008b","element-6066-11e4-a52e-4f735466cecf":"00000000-0000-0866-ffff-ffff0000008b"}}
04-10 07:56:41.986 28046 28071 I appium  : channel read: POST /wd/hub/session/e884e053-60f4-4418-973b-063f5f01f0e0/element
04-10 07:56:41.986 28046 28071 I appium  : FindElement command
04-10 07:56:41.987 28046 28071 I appium  : method: 'id', selector: 'ru.otus.wishlist:id/edit_button', contextId: '00000000-0000-0866-ffff-ffff0000008b'
04-10 07:56:41.992 28046 28071 I appium  : AppiumResponse: {"sessionId":"e884e053-60f4-4418-973b-063f5f01f0e0","value":{"ELEMENT":"00000000-0000-0866-ffff-ffff0000008f","element-6066-11e4-a52e-4f735466cecf":"00000000-0000-0866-ffff-ffff0000008f"}}
04-10 07:56:41.998 28046 28071 I appium  : channel read: GET /wd/hub/session/e884e053-60f4-4418-973b-063f5f01f0e0/element/00000000-0000-0866-ffff-ffff0000008f/attribute/displayed
04-10 07:56:41.998 28046 28071 I appium  : GetElementAttribute command
04-10 07:56:42.002 28046 28071 I appium  : AppiumResponse: {"sessionId":"e884e053-60f4-4418-973b-063f5f01f0e0","value":"true"}
04-10 07:56:42.008 28046 28071 I appium  : channel read: POST /wd/hub/session/e884e053-60f4-4418-973b-063f5f01f0e0/element/00000000-0000-0866-ffff-ffff0000008f/click
04-10 07:56:42.008 28046 28071 I appium  : Click command
04-10 07:56:42.067 28046 28071 I appium  : Waiting up to 10000ms for the device to idle
04-10 07:56:42.070 28046 28071 I appium  : AppiumResponse: {"sessionId":"e884e053-60f4-4418-973b-063f5f01f0e0","value":null}
04-10 07:56:42.079 28046 28071 I appium  : channel read: POST /wd/hub/session/e884e053-60f4-4418-973b-063f5f01f0e0/element
04-10 07:56:42.081 28046 28071 I appium  : FindElement command
04-10 07:56:42.082 28046 28071 I appium  : method: 'id', selector: 'ru.otus.wishlist:id/wishlist_edit_title'
04-10 07:56:42.084 28046 28071 I appium  : Waiting up to 10000ms for the device to idle
04-10 07:56:42.086 28083 28101 D EGL_emulation: app_time_stats: avg=196.22ms min=19.59ms max=930.55ms count=6
04-10 07:56:42.208   371   371 D goldfish-address-space: claimShared: Ask to claim region [0x3f4fc3000 0x3f5bd2000]
04-10 07:56:42.290 12833 12920 D EGL_emulation: app_time_stats: avg=252.97ms min=35.78ms max=902.16ms count=4
04-10 07:56:42.308   371   371 D goldfish-address-space: claimShared: Ask to claim region [0x3f4000000 0x3f4c0f000]
04-10 07:56:42.376   371   371 D goldfish-address-space: claimShared: Ask to claim region [0x3f8000000 0x3f8c0f000]
04-10 07:56:42.498 28046 28071 W ByMatcher: Node returned null child: android.view.accessibility.AccessibilityNodeInfo@1a8f6; boundsInParent: Rect(0, 0 - 1080, 1832); boundsInScreen: Rect(0, 145 - 1080, 1977); packageName: ru.otus.wishlist; className: android.widget.FrameLayout; text: null; error: null; maxTextLength: -1; stateDescription: null; contentDescription: null; tooltipText: null; viewIdResName: ru.otus.wishlist:id/app_main_fragment_container; checkable: false; checked: false; focusable: false; focused: false; selected: false; clickable: false; longClickable: false; contextClickable: false; enabled: true; password: false; scrollable: false; importantForAccessibility: false; visible: true; actions: [AccessibilityAction: ACTION_SELECT - null, AccessibilityAction: ACTION_CLEAR_SELECTION - null, AccessibilityAction: ACTION_ACCESSIBILITY_FOCUS - null, AccessibilityAction: ACTION_SHOW_ON_SCREEN - null]
04-10 07:56:42.498 28046 28071 W ByMatcher: Skipping null child (0 of 1)
04-10 07:56:42.501 28046 28071 W ByMatcher: Node returned null child: android.view.accessibility.AccessibilityNodeInfo@13497; boundsInParent: Rect(0, 0 - 1080, 2063); boundsInScreen: Rect(0, 145 - 1080, 2208); packageName: ru.otus.wishlist; className: android.view.ViewGroup; text: null; error: null; maxTextLength: -1; stateDescription: null; contentDescription: null; tooltipText: null; viewIdResName: ru.otus.wishlist:id/main; checkable: false; checked: false; focusable: false; focused: false; selected: false; clickable: false; longClickable: false; contextClickable: false; enabled: true; password: false; scrollable: false; importantForAccessibility: false; visible: true; actions: [AccessibilityAction: ACTION_SELECT - null, AccessibilityAction: ACTION_CLEAR_SELECTION - null, AccessibilityAction: ACTION_ACCESSIBILITY_FOCUS - null, AccessibilityAction: ACTION_SHOW_ON_SCREEN - null]
04-10 07:56:42.502 28046 28071 W ByMatcher: Skipping null child (1 of 2)
04-10 07:56:42.504 28046 28071 W ByMatcher: Node returned null child: android.view.accessibility.AccessibilityNodeInfo@80007524; boundsInParent: Rect(0, 0 - 1080, 2340); boundsInScreen: Rect(0, 0 - 1080, 2340); packageName: ru.otus.wishlist; className: android.widget.FrameLayout; text: null; error: null; maxTextLength: -1; stateDescription: null; contentDescription: null; tooltipText: null; viewIdResName: null; checkable: false; checked: false; focusable: false; focused: false; selected: false; clickable: false; longClickable: false; contextClickable: false; enabled: true; password: false; scrollable: false; importantForAccessibility: true; visible: true; actions: [AccessibilityAction: ACTION_SELECT - null, AccessibilityAction: ACTION_CLEAR_SELECTION - null, AccessibilityAction: ACTION_ACCESSIBILITY_FOCUS - null, AccessibilityAction: ACTION_SHOW_ON_SCREEN - null]
04-10 07:56:42.505 28046 28071 W ByMatcher: Skipping null child (1 of 2)
04-10 07:56:42.506 28046 28071 W ByMatcher: Node returned null child: android.view.accessibility.AccessibilityNodeInfo@80007524; boundsInParent: Rect(0, 0 - 1080, 2340); boundsInScreen: Rect(0, 0 - 1080, 2340); packageName: ru.otus.wishlist; className: android.widget.FrameLayout; text: null; error: null; maxTextLength: -1; stateDescription: null; contentDescription: null; tooltipText: null; viewIdResName: null; checkable: false; checked: false; focusable: false; focused: false; selected: false; clickable: false; longClickable: false; contextClickable: false; enabled: true; password: false; scrollable: false; importantForAccessibility: true; visible: true; actions: [AccessibilityAction: ACTION_SELECT - null, AccessibilityAction: ACTION_CLEAR_SELECTION - null, AccessibilityAction: ACTION_ACCESSIBILITY_FOCUS - null, AccessibilityAction: ACTION_SHOW_ON_SCREEN - null]
04-10 07:56:42.506 28046 28071 W ByMatcher: Skipping null child (0 of 2)
04-10 07:56:42.508 28046 28071 W ByMatcher: Skipping null child (1 of 2)
04-10 07:56:42.509 28046 28071 I appium  : AppiumResponse: {"sessionId":"e884e053-60f4-4418-973b-063f5f01f0e0","value":{"error":"no such element","message":"An element could not be located on the page using the given search parameters","stacktrace":"io.appium.uiautomator2.common.exceptions.ElementNotFoundException: An element could not be located on the page using the given search parameters\n\tat io.appium.uiautomator2.handler.FindElement.safeHandle(FindElement.java:70)\n\tat io.appium.uiautomator2.handler.request.SafeRequestHandler.handle(SafeRequestHandler.java:59)\n\tat io.appium.uiautomator2.server.AppiumServlet.handleRequest(AppiumServlet.java:266)\n\tat io.appium.uiautomator2.server.AppiumServlet.handleHttpRequest(AppiumServlet.java:260)\n\tat io.appium.uiautomator2.http.ServerHandler.channelRead(ServerHandler.java:68)\n\tat io.netty.channel.AbstractChannelHandlerContext.invokeChannelRead(AbstractChannelHandlerContext.java:366)\n\tat io.netty.channel.AbstractChannelHandlerContext.invokeChannelRead(AbstractChannelHandlerContext.java:352)\n\tat io.netty.channel.AbstractChannelHandlerContext.fireChannelRead(AbstractChannelHandlerContext.java:345)\n\tat io.netty.handler.codec.MessageToMessageDecoder.channelRead(MessageToMessageDecoder.java:102)\n\tat io.netty.channel.AbstractChannelHandlerContext.invokeChannelRead(AbstractChannelHandlerContext.java:366)\n\tat io.netty.channel.AbstractChannelHandlerContext.invokeChannelRead(AbstractChannelHandlerContext.java:352)\n\tat io.netty.channel.AbstractChannelHandlerContext.fireChannelRead(AbstractChannelHandlerContext.java:345)\n\tat io.netty.channel.CombinedChannelDuplexHandler$DelegatingChannelHandlerContext.fireChannelRead(CombinedChannelDuplexHandler.java:435)\n\tat io.netty.handler.codec.ByteToMessageDecoder.fireChannelRead(ByteToMessageDecoder.java:293)\n\tat io.netty.handler.codec.ByteToMessageDecoder.channelRead(ByteToMessageDecoder.java:267)\n\tat io.netty.channel.CombinedChannelDuplexHandler.channelRead(CombinedChannelDuplexHandler.java:250)\n\tat io.netty.channel.AbstractChannelHandlerContext.invokeChannelRead(AbstractChannelHandlerContext.java:366)\n\tat io.netty.channel.AbstractChannelHandlerContext.invokeChannelRead(AbstractChannelHandlerContext.java:352)\n\tat io.netty.channel.AbstractChannelHandlerContext.fireChannelRead(AbstractChannelHandlerContext.java:345)\n\tat io.netty.handler.timeout.IdleStateHandler.channelRead(IdleStateHandler.java:266)\n\tat io.netty.channel.AbstractChannelHandlerContext.invokeChannelRead(AbstractChannelHandlerContext.java:366)\n\tat io.netty.channel.AbstractChannelHandlerContext.invokeChannelRead(AbstractChannelHandlerContext.java:352)\n\tat io.netty.channel.AbstractChannelHandlerContext.fireChannelRead(AbstractChannelHandlerContext.java:345)\n\tat io.netty.channel.DefaultChannelPipeline$HeadContext.channelRead(DefaultChannelPipeline.java:1294)\n\tat io.netty.channel.AbstractChannelHandlerContext.invokeChannelRead(AbstractChannelHandlerContext.java:366)\n\tat io.netty.channel.AbstractChannelHandlerContext.invokeChannelRead(AbstractChannelHandlerContext.java:352)\n\tat io.netty.channel.DefaultChannelPipeline.fireChannelRead(DefaultChannelPipeline.java:911)\n\tat io.netty.channel.nio.AbstractNioByteChannel$NioByteUnsafe.read(AbstractNioByteChannel.java:131)\n\tat io.netty.channel.nio.NioEventLoop.processSelectedKey(NioEventLoop.java:611)\n\tat io.netty.channel.nio.NioEventLoop.processSelectedKeysOptimized(NioEventLoop.java:552)\n\tat io.netty.channel.nio.NioEventLoop.processSelectedKeys(NioEventLoop.java:466)\n\tat io.netty.channel.nio.NioEventLoop.run(NioEventLoop.java:438)\n\tat io.netty.util.concurrent.SingleThreadEventExecutor$2.run(SingleThreadEventExecutor.java:140)\n\tat io.netty.util.concurrent.DefaultThreadFactory$DefaultRunnableDecorator.run(DefaultThreadFactory.java:144)\n\tat java.lang.Thread.run(Thread.java:920)\n"}}
04-10 07:56:42.512 12660 12692 W ProcessStats: Tracking association SourceState{6713a1b system/1000 BTopFgs #21065} whose proc state 2 is better than process ProcessState{9cc27b8 com.google.android.gms.persistent/10101 pkg=com.google.android.gms} proc state 3 (7 skipped)
04-10 07:56:42.632 13314 13314 I GoogleInputMethodService: GoogleInputMethodService.onFinishInput():3420 
04-10 07:56:42.633 13314 13314 I GoogleInputMethodService: GoogleInputMethodService.onStartInput():2002 
04-10 07:56:42.634 13314 13314 I DeviceUnlockedTag: DeviceUnlockedTag.notifyDeviceLockStatusChanged():31 Notify device unlocked.
04-10 07:56:43.023 28046 28071 I appium  : channel read: POST /wd/hub/session/e884e053-60f4-4418-973b-063f5f01f0e0/element
04-10 07:56:43.023 28046 28071 I appium  : FindElement command
04-10 07:56:43.024 28046 28071 I appium  : method: 'id', selector: 'ru.otus.wishlist:id/wishlist_edit_title'
04-10 07:56:43.024 28046 28071 I appium  : Waiting up to 10000ms for the device to idle
04-10 07:56:43.133 12833 12920 D EGL_emulation: app_time_stats: avg=311.12ms min=18.18ms max=1941.44ms count=7
04-10 07:56:43.337 28046 28071 I appium  : AppiumResponse: {"sessionId":"e884e053-60f4-4418-973b-063f5f01f0e0","value":{"ELEMENT":"00000000-0000-0869-ffff-ffff0000009d","element-6066-11e4-a52e-4f735466cecf":"00000000-0000-0869-ffff-ffff0000009d"}}
04-10 07:56:43.376 28046 28071 I appium  : channel read: GET /wd/hub/session/e884e053-60f4-4418-973b-063f5f01f0e0/element/00000000-0000-0869-ffff-ffff0000009d/attribute/displayed
04-10 07:56:43.377 28046 28071 I appium  : GetElementAttribute command
04-10 07:56:43.382 28046 28071 I appium  : AppiumResponse: {"sessionId":"e884e053-60f4-4418-973b-063f5f01f0e0","value":"true"}
04-10 07:56:43.389 28046 28071 I appium  : channel read: POST /wd/hub/session/e884e053-60f4-4418-973b-063f5f01f0e0/element
04-10 07:56:43.389 28046 28071 I appium  : FindElement command
04-10 07:56:43.390 28046 28071 I appium  : method: 'id', selector: 'ru.otus.wishlist:id/wishlist_edit_title'
04-10 07:56:43.394 28046 28071 I appium  : Waiting up to 10000ms for the device to idle
04-10 07:56:43.424 28046 28071 I appium  : AppiumResponse: {"sessionId":"e884e053-60f4-4418-973b-063f5f01f0e0","value":{"ELEMENT":"00000000-0000-0869-ffff-ffff0000009d","element-6066-11e4-a52e-4f735466cecf":"00000000-0000-0869-ffff-ffff0000009d"}}
04-10 07:56:43.432 28046 28071 I appium  : channel read: GET /wd/hub/session/e884e053-60f4-4418-973b-063f5f01f0e0/element/00000000-0000-0869-ffff-ffff0000009d/name
04-10 07:56:43.433 28046 28071 I appium  : GetName command
04-10 07:56:43.435 28046 28071 I appium  : AppiumResponse: {"sessionId":"e884e053-60f4-4418-973b-063f5f01f0e0","value":null}
04-10 07:56:43.442 28046 28071 I appium  : channel read: GET /wd/hub/session/e884e053-60f4-4418-973b-063f5f01f0e0/element/00000000-0000-0869-ffff-ffff0000009d/text
04-10 07:56:43.442 28046 28071 I appium  : GetText command
04-10 07:56:43.445 28046 28071 I appium  : AppiumResponse: {"sessionId":"e884e053-60f4-4418-973b-063f5f01f0e0","value":"Изменить список желаний"}
04-10 07:56:43.453 12660 12811 W InputManager-JNI: Input channel object '816911f Toast (client)' was disposed without first being removed with the input manager!
04-10 07:56:43.454 28046 28071 I appium  : channel read: POST /wd/hub/session/e884e053-60f4-4418-973b-063f5f01f0e0/element
04-10 07:56:43.454 28046 28071 I appium  : FindElement command
04-10 07:56:43.457 12660 12811 W NotificationService: Toast already killed. pkg=ru.otus.wishlist token=android.os.BinderProxy@777581b
04-10 07:56:43.457 28046 28071 I appium  : method: 'id', selector: 'ru.otus.wishlist:id/description_input'
04-10 07:56:43.458 28046 28071 I appium  : Waiting up to 10000ms for the device to idle
04-10 07:56:43.465 28046 28071 I appium  : AppiumResponse: {"sessionId":"e884e053-60f4-4418-973b-063f5f01f0e0","value":{"ELEMENT":"00000000-0000-0869-ffff-ffff000000ab","element-6066-11e4-a52e-4f735466cecf":"00000000-0000-0869-ffff-ffff000000ab"}}
04-10 07:56:43.473 28046 28071 I appium  : channel read: GET /wd/hub/session/e884e053-60f4-4418-973b-063f5f01f0e0/element/00000000-0000-0869-ffff-ffff000000ab/attribute/displayed
04-10 07:56:43.475 28046 28071 I appium  : GetElementAttribute command
04-10 07:56:43.480 28046 28071 I appium  : AppiumResponse: {"sessionId":"e884e053-60f4-4418-973b-063f5f01f0e0","value":"true"}
04-10 07:56:43.488 28046 28071 I appium  : channel read: POST /wd/hub/session/e884e053-60f4-4418-973b-063f5f01f0e0/element
04-10 07:56:43.488 28046 28071 I appium  : FindElement command
04-10 07:56:43.490 28046 28071 I appium  : method: 'id', selector: 'ru.otus.wishlist:id/description_input'
04-10 07:56:43.491 28046 28071 I appium  : Waiting up to 10000ms for the device to idle
04-10 07:56:43.499 28046 28071 I appium  : AppiumResponse: {"sessionId":"e884e053-60f4-4418-973b-063f5f01f0e0","value":{"ELEMENT":"00000000-0000-0869-ffff-ffff000000ab","element-6066-11e4-a52e-4f735466cecf":"00000000-0000-0869-ffff-ffff000000ab"}}
04-10 07:56:43.506 28046 28071 I appium  : channel read: GET /wd/hub/session/e884e053-60f4-4418-973b-063f5f01f0e0/element/00000000-0000-0869-ffff-ffff000000ab/attribute/displayed
04-10 07:56:43.507 28046 28071 I appium  : GetElementAttribute command
04-10 07:56:43.511 28046 28071 I appium  : AppiumResponse: {"sessionId":"e884e053-60f4-4418-973b-063f5f01f0e0","value":"true"}
04-10 07:56:43.519 28046 28071 I appium  : channel read: POST /wd/hub/session/e884e053-60f4-4418-973b-063f5f01f0e0/element/00000000-0000-0869-ffff-ffff000000ab/clear
04-10 07:56:43.520 28046 28071 I appium  : Clear command
04-10 07:56:43.527 28046 28071 I appium  : AppiumResponse: {"sessionId":"e884e053-60f4-4418-973b-063f5f01f0e0","value":null}
04-10 07:56:43.534 28046 28071 I appium  : channel read: POST /wd/hub/session/e884e053-60f4-4418-973b-063f5f01f0e0/element
04-10 07:56:43.535 28046 28071 I appium  : FindElement command
04-10 07:56:43.535 28046 28071 I appium  : method: 'id', selector: 'ru.otus.wishlist:id/description_input'
04-10 07:56:43.535 28046 28071 I appium  : Waiting up to 10000ms for the device to idle
04-10 07:56:43.547 28083 28101 D EGL_emulation: app_time_stats: avg=176.10ms min=45.22ms max=665.71ms count=6
04-10 07:56:43.548 28046 28071 I appium  : AppiumResponse: {"sessionId":"e884e053-60f4-4418-973b-063f5f01f0e0","value":{"ELEMENT":"00000000-0000-0869-ffff-ffff000000ab","element-6066-11e4-a52e-4f735466cecf":"00000000-0000-0869-ffff-ffff000000ab"}}
04-10 07:56:43.555 28046 28071 I appium  : channel read: POST /wd/hub/session/e884e053-60f4-4418-973b-063f5f01f0e0/element/00000000-0000-0869-ffff-ffff000000ab/value
04-10 07:56:43.556 28046 28071 I appium  : SendKeysToElement command
04-10 07:56:44.571 28046 28071 I appium  : AppiumResponse: {"sessionId":"e884e053-60f4-4418-973b-063f5f01f0e0","value":null}
04-10 07:56:44.572 13314 13314 I ShortcutsDataManager: ShortcutsDataManager.onContentChanged():73 onContentChanged()
04-10 07:56:44.584 28046 28071 I appium  : channel read: POST /wd/hub/session/e884e053-60f4-4418-973b-063f5f01f0e0/element
04-10 07:56:44.585 28046 28071 I appium  : FindElement command
04-10 07:56:44.586 28046 28071 I appium  : method: 'id', selector: 'ru.otus.wishlist:id/save_button'
04-10 07:56:44.588 28046 28071 I appium  : Waiting up to 10000ms for the device to idle
04-10 07:56:44.590 28083 28101 D EGL_emulation: app_time_stats: avg=59.05ms min=1.79ms max=467.71ms count=16
04-10 07:56:45.079 28046 28071 I appium  : AppiumResponse: {"sessionId":"e884e053-60f4-4418-973b-063f5f01f0e0","value":{"ELEMENT":"00000000-0000-0869-ffff-ffff000000b4","element-6066-11e4-a52e-4f735466cecf":"00000000-0000-0869-ffff-ffff000000b4"}}
04-10 07:56:45.108 28046 28071 I appium  : channel read: GET /wd/hub/session/e884e053-60f4-4418-973b-063f5f01f0e0/element/00000000-0000-0869-ffff-ffff000000b4/attribute/displayed
04-10 07:56:45.108 28046 28071 I appium  : GetElementAttribute command
04-10 07:56:45.112 28046 28071 I appium  : AppiumResponse: {"sessionId":"e884e053-60f4-4418-973b-063f5f01f0e0","value":"true"}
04-10 07:56:45.147 28046 28071 I appium  : channel read: POST /wd/hub/session/e884e053-60f4-4418-973b-063f5f01f0e0/element
04-10 07:56:45.147 28046 28071 I appium  : FindElement command
04-10 07:56:45.148 28046 28071 I appium  : method: 'id', selector: 'ru.otus.wishlist:id/save_button'
04-10 07:56:45.148 28046 28071 I appium  : Waiting up to 10000ms for the device to idle
04-10 07:56:45.156 28046 28071 I appium  : AppiumResponse: {"sessionId":"e884e053-60f4-4418-973b-063f5f01f0e0","value":{"ELEMENT":"00000000-0000-0869-ffff-ffff000000b4","element-6066-11e4-a52e-4f735466cecf":"00000000-0000-0869-ffff-ffff000000b4"}}
04-10 07:56:45.162 28046 28071 I appium  : channel read: GET /wd/hub/session/e884e053-60f4-4418-973b-063f5f01f0e0/element/00000000-0000-0869-ffff-ffff000000b4/attribute/displayed
04-10 07:56:45.162 28046 28071 I appium  : GetElementAttribute command
04-10 07:56:45.166 28046 28071 I appium  : AppiumResponse: {"sessionId":"e884e053-60f4-4418-973b-063f5f01f0e0","value":"true"}
04-10 07:56:45.172 28046 28071 I appium  : channel read: POST /wd/hub/session/e884e053-60f4-4418-973b-063f5f01f0e0/element/00000000-0000-0869-ffff-ffff000000b4/click
04-10 07:56:45.172 28046 28071 I appium  : Click command
04-10 07:56:45.228 28046 28071 I appium  : Waiting up to 10000ms for the device to idle
04-10 07:56:45.383 28083 28101 D OpenGLRenderer: endAllActiveAnimators on 0x7dab03ed59e0 (RippleDrawable) with handle 0x7daa13eb07d0
04-10 07:56:45.384 12660 12811 W InputManager-JNI: Input channel object 'b98716e ru.otus.wishlist/ru.otus.wishlist.MainActivity (client)' was disposed without first being removed with the input manager!
04-10 07:56:45.405   371   371 D goldfish-address-space: claimShared: Ask to claim region [0x3f3723000 0x3f3787000]
04-10 07:56:45.509   371   371 D goldfish-address-space: claimShared: Ask to claim region [0x3f3787000 0x3f37eb000]
04-10 07:56:45.553   371   410 D goldfish-address-space: claimShared: Ask to claim region [0x3f37eb000 0x3f384f000]
04-10 07:56:45.555 28083 28101 D EGL_emulation: app_time_stats: avg=225.60ms min=19.44ms max=2501.52ms count=15
04-10 07:56:45.564 13314 13314 I GoogleInputMethodService: GoogleInputMethodService.onFinishInput():3420 
04-10 07:56:45.564 13314 13314 I GoogleInputMethodService: GoogleInputMethodService.onStartInput():2002 
04-10 07:56:45.566 13314 13314 I DeviceUnlockedTag: DeviceUnlockedTag.notifyDeviceLockStatusChanged():31 Notify device unlocked.
04-10 07:56:45.567 13314 13314 I ShortcutsDataManager: AbstractContentDataManager.startImportContentTask():235 startImportContentTask()
04-10 07:56:45.567 13314 13602 I ShortcutsDataManager: AbstractContentDataManager$ImportContentTask.doInBackground():249 doInBackground()
04-10 07:56:45.568 13314 13602 I PersonalDictionaryDataHandler: PersonalDictionaryDataHandler.beginProcess():111 LanguageTags = [en-US]
04-10 07:56:45.584 13314 13602 I ShortcutsDataManager: AbstractContentDataManager.importRecords():339 importRecords() : Success : Count = 0
04-10 07:56:45.585 13314 13602 I ShortcutsDataManager: AbstractContentDataManager.importContentData():289 importContentData() : Ending import process
04-10 07:56:45.586 13314 15962 I Delight5Decoder: Delight5DecoderWrapper.unloadLanguageModel():820 unloadLanguageModel() : 4, version [n/a]
04-10 07:56:45.603 13314 13602 I PersonalLanguageModelUpdater: PersonalLanguageModelUpdater$UpdateOperation.performInternal():162 run() : Added 0 words and 0 shortcuts
04-10 07:56:45.603 13314 13602 I DynamicLanguageModelOperation: DynamicLanguageModelOperation.perform():38 perform() : 4 : cny : Completed
04-10 07:56:45.605 13314 15962 I Delight5Decoder: Delight5DecoderWrapper.loadLanguageModel():614 loadLanguageModel() : 4, version [n/a]
04-10 07:56:45.606 13314 15962 I Delight5Decoder: Delight5DecoderWrapper.loadLanguageModel():652 Loaded dynamic LM 4.en
04-10 07:56:45.606 13314 13314 I ShortcutsDataManager: AbstractContentDataManager$ImportContentTask.onPostExecute():260 onPostExecute() : Result = [2,0]
04-10 07:56:45.606 13314 13314 I ShortcutsDataManager: ShortcutsDataManager.onImportFinished():83 onImportFinished() : Result = 2 : Count = 0
04-10 07:56:45.879 12833 12920 D EGL_emulation: app_time_stats: avg=874.19ms min=22.46ms max=3362.14ms count=4
04-10 07:56:46.362 28046 28071 I appium  : AppiumResponse: {"sessionId":"e884e053-60f4-4418-973b-063f5f01f0e0","value":null}
04-10 07:56:46.370 28046 28071 I appium  : channel read: POST /wd/hub/session/e884e053-60f4-4418-973b-063f5f01f0e0/element
04-10 07:56:46.371 28046 28071 I appium  : FindElement command
04-10 07:56:46.373 28046 28071 I appium  : method: 'id', selector: 'ru.otus.wishlist:id/wishlists'
04-10 07:56:46.373 28046 28071 I appium  : Waiting up to 10000ms for the device to idle
04-10 07:56:46.382 28046 28071 I appium  : AppiumResponse: {"sessionId":"e884e053-60f4-4418-973b-063f5f01f0e0","value":{"ELEMENT":"00000000-0000-0866-ffff-ffff0000005e","element-6066-11e4-a52e-4f735466cecf":"00000000-0000-0866-ffff-ffff0000005e"}}
04-10 07:56:46.392 28046 28071 I appium  : channel read: GET /wd/hub/session/e884e053-60f4-4418-973b-063f5f01f0e0/element/00000000-0000-0866-ffff-ffff0000005e/attribute/displayed
04-10 07:56:46.393 28046 28071 I appium  : GetElementAttribute command
04-10 07:56:46.396 28046 28071 I appium  : AppiumResponse: {"sessionId":"e884e053-60f4-4418-973b-063f5f01f0e0","value":"true"}
04-10 07:56:46.404 28046 28071 I appium  : channel read: POST /wd/hub/session/e884e053-60f4-4418-973b-063f5f01f0e0/element
04-10 07:56:46.404 28046 28071 I appium  : FindElement command
04-10 07:56:46.405 28046 28071 I appium  : method: 'id', selector: 'ru.otus.wishlist:id/wishlists'
04-10 07:56:46.405 28046 28071 I appium  : Waiting up to 10000ms for the device to idle
04-10 07:56:46.417 28046 28071 I appium  : AppiumResponse: {"sessionId":"e884e053-60f4-4418-973b-063f5f01f0e0","value":{"ELEMENT":"00000000-0000-0866-ffff-ffff0000005e","element-6066-11e4-a52e-4f735466cecf":"00000000-0000-0866-ffff-ffff0000005e"}}
04-10 07:56:46.423 28046 28071 I appium  : channel read: POST /wd/hub/session/e884e053-60f4-4418-973b-063f5f01f0e0/elements
04-10 07:56:46.424 28046 28071 I appium  : FindElements command
04-10 07:56:46.424 28046 28071 I appium  : method: 'id', selector: 'ru.otus.wishlist:id/wishlist_item', contextId: '00000000-0000-0866-ffff-ffff0000005e'
04-10 07:56:46.428 28046 28071 I appium  : Caching 1 found element
04-10 07:56:46.428 28046 28071 I appium  : Cached 1 element
04-10 07:56:46.429 28046 28071 I appium  : AppiumResponse: {"sessionId":"e884e053-60f4-4418-973b-063f5f01f0e0","value":[{"ELEMENT":"00000000-0000-0866-ffff-ffff000000b8","element-6066-11e4-a52e-4f735466cecf":"00000000-0000-0866-ffff-ffff000000b8"}]}
04-10 07:56:46.436 28046 28071 I appium  : channel read: POST /wd/hub/session/e884e053-60f4-4418-973b-063f5f01f0e0/element
04-10 07:56:46.437 28046 28071 I appium  : FindElement command
04-10 07:56:46.437 28046 28071 I appium  : method: 'id', selector: 'ru.otus.wishlist:id/wishlists'
04-10 07:56:46.437 28046 28071 I appium  : Waiting up to 10000ms for the device to idle
04-10 07:56:46.446 28046 28071 I appium  : AppiumResponse: {"sessionId":"e884e053-60f4-4418-973b-063f5f01f0e0","value":{"ELEMENT":"00000000-0000-0866-ffff-ffff0000005e","element-6066-11e4-a52e-4f735466cecf":"00000000-0000-0866-ffff-ffff0000005e"}}
04-10 07:56:46.452 28046 28071 I appium  : channel read: POST /wd/hub/session/e884e053-60f4-4418-973b-063f5f01f0e0/element
04-10 07:56:46.453 28046 28071 I appium  : FindElement command
04-10 07:56:46.453 28046 28071 I appium  : method: 'id', selector: 'ru.otus.wishlist:id/wishlist_item', contextId: '00000000-0000-0866-ffff-ffff0000005e'
04-10 07:56:46.456 28046 28071 I appium  : AppiumResponse: {"sessionId":"e884e053-60f4-4418-973b-063f5f01f0e0","value":{"ELEMENT":"00000000-0000-0866-ffff-ffff000000b8","element-6066-11e4-a52e-4f735466cecf":"00000000-0000-0866-ffff-ffff000000b8"}}
04-10 07:56:46.463 28046 28071 I appium  : channel read: GET /wd/hub/session/e884e053-60f4-4418-973b-063f5f01f0e0/element/00000000-0000-0866-ffff-ffff000000b8/attribute/displayed
04-10 07:56:46.463 28046 28071 I appium  : GetElementAttribute command
04-10 07:56:46.467 28046 28071 I appium  : AppiumResponse: {"sessionId":"e884e053-60f4-4418-973b-063f5f01f0e0","value":"true"}
04-10 07:56:46.472 28046 28071 I appium  : channel read: POST /wd/hub/session/e884e053-60f4-4418-973b-063f5f01f0e0/element
04-10 07:56:46.472 28046 28071 I appium  : FindElement command
04-10 07:56:46.474 28046 28071 I appium  : method: 'id', selector: 'ru.otus.wishlist:id/wishlists'
04-10 07:56:46.474 28046 28071 I appium  : Waiting up to 10000ms for the device to idle
04-10 07:56:46.487 28046 28071 I appium  : AppiumResponse: {"sessionId":"e884e053-60f4-4418-973b-063f5f01f0e0","value":{"ELEMENT":"00000000-0000-0866-ffff-ffff0000005e","element-6066-11e4-a52e-4f735466cecf":"00000000-0000-0866-ffff-ffff0000005e"}}
04-10 07:56:46.494 28046 28071 I appium  : channel read: POST /wd/hub/session/e884e053-60f4-4418-973b-063f5f01f0e0/element
04-10 07:56:46.495 28046 28071 I appium  : FindElement command
04-10 07:56:46.497 28046 28071 I appium  : method: 'id', selector: 'ru.otus.wishlist:id/wishlist_item', contextId: '00000000-0000-0866-ffff-ffff0000005e'
04-10 07:56:46.501 28046 28071 I appium  : AppiumResponse: {"sessionId":"e884e053-60f4-4418-973b-063f5f01f0e0","value":{"ELEMENT":"00000000-0000-0866-ffff-ffff000000b8","element-6066-11e4-a52e-4f735466cecf":"00000000-0000-0866-ffff-ffff000000b8"}}
04-10 07:56:46.508 28046 28071 I appium  : channel read: POST /wd/hub/session/e884e053-60f4-4418-973b-063f5f01f0e0/element
04-10 07:56:46.509 28046 28071 I appium  : FindElement command
04-10 07:56:46.509 28046 28071 I appium  : method: 'id', selector: 'ru.otus.wishlist:id/title', contextId: '00000000-0000-0866-ffff-ffff000000b8'
04-10 07:56:46.514 28046 28071 I appium  : AppiumResponse: {"sessionId":"e884e053-60f4-4418-973b-063f5f01f0e0","value":{"ELEMENT":"00000000-0000-0866-ffff-ffff000000b9","element-6066-11e4-a52e-4f735466cecf":"00000000-0000-0866-ffff-ffff000000b9"}}
04-10 07:56:46.520 28046 28071 I appium  : channel read: GET /wd/hub/session/e884e053-60f4-4418-973b-063f5f01f0e0/element/00000000-0000-0866-ffff-ffff000000b9/name
04-10 07:56:46.521 28046 28071 I appium  : GetName command
04-10 07:56:46.526 28046 28071 I appium  : AppiumResponse: {"sessionId":"e884e053-60f4-4418-973b-063f5f01f0e0","value":null}
04-10 07:56:46.533 28046 28071 I appium  : channel read: GET /wd/hub/session/e884e053-60f4-4418-973b-063f5f01f0e0/element/00000000-0000-0866-ffff-ffff000000b9/text
04-10 07:56:46.534 28046 28071 I appium  : GetText command
04-10 07:56:46.538 28046 28071 I appium  : AppiumResponse: {"sessionId":"e884e053-60f4-4418-973b-063f5f01f0e0","value":"Новый год"}
04-10 07:56:46.548 28046 28071 I appium  : channel read: POST /wd/hub/session/e884e053-60f4-4418-973b-063f5f01f0e0/element
04-10 07:56:46.548 28046 28071 I appium  : FindElement command
04-10 07:56:46.548 28046 28071 I appium  : method: 'id', selector: 'ru.otus.wishlist:id/wishlists'
04-10 07:56:46.549 28046 28071 I appium  : Waiting up to 10000ms for the device to idle
04-10 07:56:46.560 28046 28071 I appium  : AppiumResponse: {"sessionId":"e884e053-60f4-4418-973b-063f5f01f0e0","value":{"ELEMENT":"00000000-0000-0866-ffff-ffff0000005e","element-6066-11e4-a52e-4f735466cecf":"00000000-0000-0866-ffff-ffff0000005e"}}
04-10 07:56:46.568 28046 28071 I appium  : channel read: POST /wd/hub/session/e884e053-60f4-4418-973b-063f5f01f0e0/element
04-10 07:56:46.568 28046 28071 I appium  : FindElement command
04-10 07:56:46.568 28046 28071 I appium  : method: 'id', selector: 'ru.otus.wishlist:id/wishlist_item', contextId: '00000000-0000-0866-ffff-ffff0000005e'
04-10 07:56:46.572 28046 28071 I appium  : AppiumResponse: {"sessionId":"e884e053-60f4-4418-973b-063f5f01f0e0","value":{"ELEMENT":"00000000-0000-0866-ffff-ffff000000b8","element-6066-11e4-a52e-4f735466cecf":"00000000-0000-0866-ffff-ffff000000b8"}}
04-10 07:56:46.578 28046 28071 I appium  : channel read: GET /wd/hub/session/e884e053-60f4-4418-973b-063f5f01f0e0/element/00000000-0000-0866-ffff-ffff000000b8/attribute/displayed
04-10 07:56:46.578 28046 28071 I appium  : GetElementAttribute command
04-10 07:56:46.581 28046 28071 I appium  : AppiumResponse: {"sessionId":"e884e053-60f4-4418-973b-063f5f01f0e0","value":"true"}
04-10 07:56:46.588 28046 28071 I appium  : channel read: POST /wd/hub/session/e884e053-60f4-4418-973b-063f5f01f0e0/element
04-10 07:56:46.588 28046 28071 I appium  : FindElement command
04-10 07:56:46.589 28046 28071 I appium  : method: 'id', selector: 'ru.otus.wishlist:id/wishlists'
04-10 07:56:46.589 28046 28071 I appium  : Waiting up to 10000ms for the device to idle
04-10 07:56:46.599 28046 28071 I appium  : AppiumResponse: {"sessionId":"e884e053-60f4-4418-973b-063f5f01f0e0","value":{"ELEMENT":"00000000-0000-0866-ffff-ffff0000005e","element-6066-11e4-a52e-4f735466cecf":"00000000-0000-0866-ffff-ffff0000005e"}}
04-10 07:56:46.606 28046 28071 I appium  : channel read: POST /wd/hub/session/e884e053-60f4-4418-973b-063f5f01f0e0/element
04-10 07:56:46.606 28046 28071 I appium  : FindElement command
04-10 07:56:46.607 28046 28071 I appium  : method: 'id', selector: 'ru.otus.wishlist:id/wishlist_item', contextId: '00000000-0000-0866-ffff-ffff0000005e'
04-10 07:56:46.613 28046 28071 I appium  : AppiumResponse: {"sessionId":"e884e053-60f4-4418-973b-063f5f01f0e0","value":{"ELEMENT":"00000000-0000-0866-ffff-ffff000000b8","element-6066-11e4-a52e-4f735466cecf":"00000000-0000-0866-ffff-ffff000000b8"}}
04-10 07:56:46.620 28046 28071 I appium  : channel read: POST /wd/hub/session/e884e053-60f4-4418-973b-063f5f01f0e0/element
04-10 07:56:46.620 28046 28071 I appium  : FindElement command
04-10 07:56:46.621 28046 28071 I appium  : method: 'id', selector: 'ru.otus.wishlist:id/subtitle', contextId: '00000000-0000-0866-ffff-ffff000000b8'
04-10 07:56:46.626 28046 28071 I appium  : AppiumResponse: {"sessionId":"e884e053-60f4-4418-973b-063f5f01f0e0","value":{"ELEMENT":"00000000-0000-0866-ffff-ffff000000ba","element-6066-11e4-a52e-4f735466cecf":"00000000-0000-0866-ffff-ffff000000ba"}}
04-10 07:56:46.635 28046 28071 I appium  : channel read: GET /wd/hub/session/e884e053-60f4-4418-973b-063f5f01f0e0/element/00000000-0000-0866-ffff-ffff000000ba/name
04-10 07:56:46.635 28046 28071 I appium  : GetName command
04-10 07:56:46.640 28046 28071 I appium  : AppiumResponse: {"sessionId":"e884e053-60f4-4418-973b-063f5f01f0e0","value":null}
04-10 07:56:46.648 28046 28071 I appium  : channel read: GET /wd/hub/session/e884e053-60f4-4418-973b-063f5f01f0e0/element/00000000-0000-0866-ffff-ffff000000ba/text
04-10 07:56:46.648 28046 28071 I appium  : GetText command
04-10 07:56:46.653 28046 28071 I appium  : AppiumResponse: {"sessionId":"e884e053-60f4-4418-973b-063f5f01f0e0","value":"К нам уже не мчатся"}
04-10 07:56:46.674     0     0 I logd    : logdr: UID=2000 GID=2000 PID=28134 n tail=0 logMask=99 pid=0 start=0ns deadline=0ns
