04-13 07:55:45.273 22428 22456 I appium  : channel read: POST /session/a8393b2f-ec0b-45b9-ad77-8bac47d6704e/element
04-13 07:55:45.274 22428 22456 I appium  : FindElement command
04-13 07:55:45.275 22428 22456 I appium  : method: 'id', selector: 'ru.otus.wishlist:id/wishlist_item', contextId: '00000000-0000-0c83-ffff-ffff0000005e'
04-13 07:55:45.277 22428 22456 D UiObject2: Retrieving node with selector: BySelector [RES='\Qru.otus.wishlist:id/wishlist_item\E'].
04-13 07:55:45.280 22428 22456 I appium  : AppiumResponse: {"sessionId":"a8393b2f-ec0b-45b9-ad77-8bac47d6704e","value":{"ELEMENT":"00000000-0000-0c83-ffff-ffff0000008b","element-6066-11e4-a52e-4f735466cecf":"00000000-0000-0c83-ffff-ffff0000008b"}}
04-13 07:55:45.288 22428 22456 I appium  : channel read: GET /session/a8393b2f-ec0b-45b9-ad77-8bac47d6704e/element/00000000-0000-0c83-ffff-ffff0000008b/attribute/displayed
04-13 07:55:45.288 22428 22456 I appium  : GetElementAttribute command
04-13 07:55:45.293 22428 22456 I appium  : AppiumResponse: {"sessionId":"a8393b2f-ec0b-45b9-ad77-8bac47d6704e","value":"true"}
04-13 07:55:45.301 22428 22456 I appium  : channel read: POST /session/a8393b2f-ec0b-45b9-ad77-8bac47d6704e/element
04-13 07:55:45.301 22428 22456 I appium  : FindElement command
04-13 07:55:45.302 22428 22456 I appium  : method: 'id', selector: 'ru.otus.wishlist:id/wishlists'
04-13 07:55:45.302 22428 22456 I appium  : Waiting up to 10000ms for the device to idle
04-13 07:55:45.310 22428 22456 I appium  : AppiumResponse: {"sessionId":"a8393b2f-ec0b-45b9-ad77-8bac47d6704e","value":{"ELEMENT":"00000000-0000-0c83-ffff-ffff0000005e","element-6066-11e4-a52e-4f735466cecf":"00000000-0000-0c83-ffff-ffff0000005e"}}
04-13 07:55:45.321 22428 22456 I appium  : channel read: POST /session/a8393b2f-ec0b-45b9-ad77-8bac47d6704e/element
04-13 07:55:45.321 22428 22456 I appium  : FindElement command
04-13 07:55:45.322 22428 22456 I appium  : method: 'id', selector: 'ru.otus.wishlist:id/wishlist_item', contextId: '00000000-0000-0c83-ffff-ffff0000005e'
04-13 07:55:45.324 22428 22456 D UiObject2: Retrieving node with selector: BySelector [RES='\Qru.otus.wishlist:id/wishlist_item\E'].
04-13 07:55:45.327 22428 22456 I appium  : AppiumResponse: {"sessionId":"a8393b2f-ec0b-45b9-ad77-8bac47d6704e","value":{"ELEMENT":"00000000-0000-0c83-ffff-ffff0000008b","element-6066-11e4-a52e-4f735466cecf":"00000000-0000-0c83-ffff-ffff0000008b"}}
04-13 07:55:45.340 22428 22456 I appium  : channel read: POST /session/a8393b2f-ec0b-45b9-ad77-8bac47d6704e/element
04-13 07:55:45.340 22428 22456 I appium  : FindElement command
04-13 07:55:45.340 22428 22456 I appium  : method: 'id', selector: 'ru.otus.wishlist:id/title', contextId: '00000000-0000-0c83-ffff-ffff0000008b'
04-13 07:55:45.342 22428 22456 D UiObject2: Retrieving node with selector: BySelector [RES='\Qru.otus.wishlist:id/title\E'].
04-13 07:55:45.345 22428 22456 I appium  : AppiumResponse: {"sessionId":"a8393b2f-ec0b-45b9-ad77-8bac47d6704e","value":{"ELEMENT":"00000000-0000-0c83-ffff-ffff0000008c","element-6066-11e4-a52e-4f735466cecf":"00000000-0000-0c83-ffff-ffff0000008c"}}
04-13 07:55:45.358 22428 22456 I appium  : channel read: GET /session/a8393b2f-ec0b-45b9-ad77-8bac47d6704e/element/00000000-0000-0c83-ffff-ffff0000008c/name
04-13 07:55:45.358 22428 22456 I appium  : GetName command
04-13 07:55:45.362 22428 22456 I appium  : AppiumResponse: {"sessionId":"a8393b2f-ec0b-45b9-ad77-8bac47d6704e","value":null}
04-13 07:55:45.383 22428 22456 I appium  : channel read: GET /session/a8393b2f-ec0b-45b9-ad77-8bac47d6704e/element/00000000-0000-0c83-ffff-ffff0000008c/text
04-13 07:55:45.384 22428 22456 I appium  : GetText command
04-13 07:55:45.387 22428 22456 I appium  : AppiumResponse: {"sessionId":"a8393b2f-ec0b-45b9-ad77-8bac47d6704e","value":"Новый год"}
04-13 07:55:45.398 22428 22456 I appium  : channel read: POST /session/a8393b2f-ec0b-45b9-ad77-8bac47d6704e/element
04-13 07:55:45.398 22428 22456 I appium  : FindElement command
04-13 07:55:45.400 22428 22456 I appium  : method: 'id', selector: 'ru.otus.wishlist:id/wishlists'
04-13 07:55:45.400 22428 22456 I appium  : Waiting up to 10000ms for the device to idle
04-13 07:55:45.408 22428 22456 I appium  : AppiumResponse: {"sessionId":"a8393b2f-ec0b-45b9-ad77-8bac47d6704e","value":{"ELEMENT":"00000000-0000-0c83-ffff-ffff0000005e","element-6066-11e4-a52e-4f735466cecf":"00000000-0000-0c83-ffff-ffff0000005e"}}
04-13 07:55:45.417 22428 22456 I appium  : channel read: POST /session/a8393b2f-ec0b-45b9-ad77-8bac47d6704e/element
04-13 07:55:45.417 22428 22456 I appium  : FindElement command
04-13 07:55:45.418 22428 22456 I appium  : method: 'id', selector: 'ru.otus.wishlist:id/wishlist_item', contextId: '00000000-0000-0c83-ffff-ffff0000005e'
04-13 07:55:45.421 22428 22456 D UiObject2: Retrieving node with selector: BySelector [RES='\Qru.otus.wishlist:id/wishlist_item\E'].
04-13 07:55:45.424 22428 22456 I appium  : AppiumResponse: {"sessionId":"a8393b2f-ec0b-45b9-ad77-8bac47d6704e","value":{"ELEMENT":"00000000-0000-0c83-ffff-ffff0000008b","element-6066-11e4-a52e-4f735466cecf":"00000000-0000-0c83-ffff-ffff0000008b"}}
04-13 07:55:45.435 22428 22456 I appium  : channel read: GET /session/a8393b2f-ec0b-45b9-ad77-8bac47d6704e/element/00000000-0000-0c83-ffff-ffff0000008b/attribute/displayed
04-13 07:55:45.435 22428 22456 I appium  : GetElementAttribute command
04-13 07:55:45.439 22428 22456 I appium  : AppiumResponse: {"sessionId":"a8393b2f-ec0b-45b9-ad77-8bac47d6704e","value":"true"}
04-13 07:55:45.449 22428 22456 I appium  : channel read: POST /session/a8393b2f-ec0b-45b9-ad77-8bac47d6704e/element
04-13 07:55:45.450 22428 22456 I appium  : FindElement command
04-13 07:55:45.451 22428 22456 I appium  : method: 'id', selector: 'ru.otus.wishlist:id/wishlists'
04-13 07:55:45.451 22428 22456 I appium  : Waiting up to 10000ms for the device to idle
04-13 07:55:45.461 22428 22456 I appium  : AppiumResponse: {"sessionId":"a8393b2f-ec0b-45b9-ad77-8bac47d6704e","value":{"ELEMENT":"00000000-0000-0c83-ffff-ffff0000005e","element-6066-11e4-a52e-4f735466cecf":"00000000-0000-0c83-ffff-ffff0000005e"}}
04-13 07:55:45.471 22428 22456 I appium  : channel read: POST /session/a8393b2f-ec0b-45b9-ad77-8bac47d6704e/element
04-13 07:55:45.471 22428 22456 I appium  : FindElement command
04-13 07:55:45.472 22428 22456 I appium  : method: 'id', selector: 'ru.otus.wishlist:id/wishlist_item', contextId: '00000000-0000-0c83-ffff-ffff0000005e'
04-13 07:55:45.475 22428 22456 D UiObject2: Retrieving node with selector: BySelector [RES='\Qru.otus.wishlist:id/wishlist_item\E'].
04-13 07:55:45.478 22428 22456 I appium  : AppiumResponse: {"sessionId":"a8393b2f-ec0b-45b9-ad77-8bac47d6704e","value":{"ELEMENT":"00000000-0000-0c83-ffff-ffff0000008b","element-6066-11e4-a52e-4f735466cecf":"00000000-0000-0c83-ffff-ffff0000008b"}}
04-13 07:55:45.490 22428 22456 I appium  : channel read: POST /session/a8393b2f-ec0b-45b9-ad77-8bac47d6704e/element
04-13 07:55:45.490 22428 22456 I appium  : FindElement command
04-13 07:55:45.492 22428 22456 I appium  : method: 'id', selector: 'ru.otus.wishlist:id/subtitle', contextId: '00000000-0000-0c83-ffff-ffff0000008b'
04-13 07:55:45.494 22428 22456 D UiObject2: Retrieving node with selector: BySelector [RES='\Qru.otus.wishlist:id/subtitle\E'].
04-13 07:55:45.496 22428 22456 I appium  : AppiumResponse: {"sessionId":"a8393b2f-ec0b-45b9-ad77-8bac47d6704e","value":{"ELEMENT":"00000000-0000-0c83-ffff-ffff0000008d","element-6066-11e4-a52e-4f735466cecf":"00000000-0000-0c83-ffff-ffff0000008d"}}
04-13 07:55:45.504 22428 22456 I appium  : channel read: GET /session/a8393b2f-ec0b-45b9-ad77-8bac47d6704e/element/00000000-0000-0c83-ffff-ffff0000008d/name
04-13 07:55:45.505 22428 22456 I appium  : GetName command
04-13 07:55:45.509 22428 22456 I appium  : AppiumResponse: {"sessionId":"a8393b2f-ec0b-45b9-ad77-8bac47d6704e","value":null}
04-13 07:55:45.516 22428 22456 I appium  : channel read: GET /session/a8393b2f-ec0b-45b9-ad77-8bac47d6704e/element/00000000-0000-0c83-ffff-ffff0000008d/text
04-13 07:55:45.517 22428 22456 I appium  : GetText command
04-13 07:55:45.523 22428 22456 I appium  : AppiumResponse: {"sessionId":"a8393b2f-ec0b-45b9-ad77-8bac47d6704e","value":"К нам мчится, скоро все случится"}
04-13 07:55:45.531 22428 22456 I appium  : channel read: POST /session/a8393b2f-ec0b-45b9-ad77-8bac47d6704e/element
04-13 07:55:45.532 22428 22456 I appium  : FindElement command
04-13 07:55:45.532 22428 22456 I appium  : method: 'id', selector: 'ru.otus.wishlist:id/wishlists'
04-13 07:55:45.532 22428 22456 I appium  : Waiting up to 10000ms for the device to idle
04-13 07:55:45.543 22428 22456 I appium  : AppiumResponse: {"sessionId":"a8393b2f-ec0b-45b9-ad77-8bac47d6704e","value":{"ELEMENT":"00000000-0000-0c83-ffff-ffff0000005e","element-6066-11e4-a52e-4f735466cecf":"00000000-0000-0c83-ffff-ffff0000005e"}}
04-13 07:55:45.550 22428 22456 I appium  : channel read: POST /session/a8393b2f-ec0b-45b9-ad77-8bac47d6704e/element
04-13 07:55:45.551 22428 22456 I appium  : FindElement command
04-13 07:55:45.551 22428 22456 I appium  : method: 'id', selector: 'ru.otus.wishlist:id/wishlist_item', contextId: '00000000-0000-0c83-ffff-ffff0000005e'
04-13 07:55:45.554 22428 22456 D UiObject2: Retrieving node with selector: BySelector [RES='\Qru.otus.wishlist:id/wishlist_item\E'].
04-13 07:55:45.557 22428 22456 I appium  : AppiumResponse: {"sessionId":"a8393b2f-ec0b-45b9-ad77-8bac47d6704e","value":{"ELEMENT":"00000000-0000-0c83-ffff-ffff0000008b","element-6066-11e4-a52e-4f735466cecf":"00000000-0000-0c83-ffff-ffff0000008b"}}
04-13 07:55:45.564 22428 22456 I appium  : channel read: GET /session/a8393b2f-ec0b-45b9-ad77-8bac47d6704e/element/00000000-0000-0c83-ffff-ffff0000008b/attribute/displayed
04-13 07:55:45.564 22428 22456 I appium  : GetElementAttribute command
04-13 07:55:45.568 22428 22456 I appium  : AppiumResponse: {"sessionId":"a8393b2f-ec0b-45b9-ad77-8bac47d6704e","value":"true"}
04-13 07:55:45.575 22428 22456 I appium  : channel read: POST /session/a8393b2f-ec0b-45b9-ad77-8bac47d6704e/element
04-13 07:55:45.576 22428 22456 I appium  : FindElement command
04-13 07:55:45.577 22428 22456 I appium  : method: 'id', selector: 'ru.otus.wishlist:id/wishlists'
04-13 07:55:45.578 22428 22456 I appium  : Waiting up to 10000ms for the device to idle
04-13 07:55:45.588 22428 22456 I appium  : AppiumResponse: {"sessionId":"a8393b2f-ec0b-45b9-ad77-8bac47d6704e","value":{"ELEMENT":"00000000-0000-0c83-ffff-ffff0000005e","element-6066-11e4-a52e-4f735466cecf":"00000000-0000-0c83-ffff-ffff0000005e"}}
04-13 07:55:45.595 22428 22456 I appium  : channel read: POST /session/a8393b2f-ec0b-45b9-ad77-8bac47d6704e/element
04-13 07:55:45.596 22428 22456 I appium  : FindElement command
04-13 07:55:45.596 22428 22456 I appium  : method: 'id', selector: 'ru.otus.wishlist:id/wishlist_item', contextId: '00000000-0000-0c83-ffff-ffff0000005e'
04-13 07:55:45.599 22428 22456 D UiObject2: Retrieving node with selector: BySelector [RES='\Qru.otus.wishlist:id/wishlist_item\E'].
04-13 07:55:45.601 22428 22456 I appium  : AppiumResponse: {"sessionId":"a8393b2f-ec0b-45b9-ad77-8bac47d6704e","value":{"ELEMENT":"00000000-0000-0c83-ffff-ffff0000008b","element-6066-11e4-a52e-4f735466cecf":"00000000-0000-0c83-ffff-ffff0000008b"}}
04-13 07:55:45.609 22428 22456 I appium  : channel read: POST /session/a8393b2f-ec0b-45b9-ad77-8bac47d6704e/element
04-13 07:55:45.609 22428 22456 I appium  : FindElement command
04-13 07:55:45.610 22428 22456 I appium  : method: 'id', selector: 'ru.otus.wishlist:id/edit_button', contextId: '00000000-0000-0c83-ffff-ffff0000008b'
04-13 07:55:45.612 22428 22456 D UiObject2: Retrieving node with selector: BySelector [RES='\Qru.otus.wishlist:id/edit_button\E'].
04-13 07:55:45.614 22428 22456 I appium  : AppiumResponse: {"sessionId":"a8393b2f-ec0b-45b9-ad77-8bac47d6704e","value":{"ELEMENT":"00000000-0000-0c83-ffff-ffff0000008f","element-6066-11e4-a52e-4f735466cecf":"00000000-0000-0c83-ffff-ffff0000008f"}}
04-13 07:55:45.621 22428 22456 I appium  : channel read: GET /session/a8393b2f-ec0b-45b9-ad77-8bac47d6704e/element/00000000-0000-0c83-ffff-ffff0000008f/attribute/displayed
04-13 07:55:45.621 22428 22456 I appium  : GetElementAttribute command
04-13 07:55:45.624 22428 22456 I appium  : AppiumResponse: {"sessionId":"a8393b2f-ec0b-45b9-ad77-8bac47d6704e","value":"true"}
04-13 07:55:45.633 22428 22456 I appium  : channel read: POST /session/a8393b2f-ec0b-45b9-ad77-8bac47d6704e/element
04-13 07:55:45.633 22428 22456 I appium  : FindElement command
04-13 07:55:45.634 22428 22456 I appium  : method: 'id', selector: 'ru.otus.wishlist:id/wishlists'
04-13 07:55:45.634 22428 22456 I appium  : Waiting up to 10000ms for the device to idle
04-13 07:55:45.643 22428 22456 I appium  : AppiumResponse: {"sessionId":"a8393b2f-ec0b-45b9-ad77-8bac47d6704e","value":{"ELEMENT":"00000000-0000-0c83-ffff-ffff0000005e","element-6066-11e4-a52e-4f735466cecf":"00000000-0000-0c83-ffff-ffff0000005e"}}
04-13 07:55:45.650 22428 22456 I appium  : channel read: POST /session/a8393b2f-ec0b-45b9-ad77-8bac47d6704e/element
04-13 07:55:45.651 22428 22456 I appium  : FindElement command
04-13 07:55:45.651 22428 22456 I appium  : method: 'id', selector: 'ru.otus.wishlist:id/wishlist_item', contextId: '00000000-0000-0c83-ffff-ffff0000005e'
04-13 07:55:45.653 22428 22456 D UiObject2: Retrieving node with selector: BySelector [RES='\Qru.otus.wishlist:id/wishlist_item\E'].
04-13 07:55:45.656 22428 22456 I appium  : AppiumResponse: {"sessionId":"a8393b2f-ec0b-45b9-ad77-8bac47d6704e","value":{"ELEMENT":"00000000-0000-0c83-ffff-ffff0000008b","element-6066-11e4-a52e-4f735466cecf":"00000000-0000-0c83-ffff-ffff0000008b"}}
04-13 07:55:45.664 22428 22456 I appium  : channel read: POST /session/a8393b2f-ec0b-45b9-ad77-8bac47d6704e/element
04-13 07:55:45.664 22428 22456 I appium  : FindElement command
04-13 07:55:45.665 22428 22456 I appium  : method: 'id', selector: 'ru.otus.wishlist:id/edit_button', contextId: '00000000-0000-0c83-ffff-ffff0000008b'
04-13 07:55:45.666 22428 22456 D UiObject2: Retrieving node with selector: BySelector [RES='\Qru.otus.wishlist:id/edit_button\E'].
04-13 07:55:45.668 22428 22456 I appium  : AppiumResponse: {"sessionId":"a8393b2f-ec0b-45b9-ad77-8bac47d6704e","value":{"ELEMENT":"00000000-0000-0c83-ffff-ffff0000008f","element-6066-11e4-a52e-4f735466cecf":"00000000-0000-0c83-ffff-ffff0000008f"}}
04-13 07:55:45.674 22428 22456 I appium  : channel read: GET /session/a8393b2f-ec0b-45b9-ad77-8bac47d6704e/element/00000000-0000-0c83-ffff-ffff0000008f/attribute/displayed
04-13 07:55:45.675 22428 22456 I appium  : GetElementAttribute command
04-13 07:55:45.678 22428 22456 I appium  : AppiumResponse: {"sessionId":"a8393b2f-ec0b-45b9-ad77-8bac47d6704e","value":"true"}
04-13 07:55:45.685 22428 22456 I appium  : channel read: POST /session/a8393b2f-ec0b-45b9-ad77-8bac47d6704e/element/00000000-0000-0c83-ffff-ffff0000008f/click
04-13 07:55:45.686 22428 22456 I appium  : Click command
04-13 07:55:45.720 22468 22487 D EGL_emulation: app_time_stats: avg=115.17ms min=3.09ms max=1001.78ms count=9
04-13 07:55:45.723 22428 22456 W GestureController: Gestures took longer than expected (35ms >> 16ms), device might be in a busy state.
04-13 07:55:45.723 22428 22456 I appium  : Waiting up to 10000ms for the device to idle
04-13 07:55:45.725 22428 22456 I appium  : AppiumResponse: {"sessionId":"a8393b2f-ec0b-45b9-ad77-8bac47d6704e","value":null}
04-13 07:55:45.731 22428 22456 I appium  : channel read: POST /session/a8393b2f-ec0b-45b9-ad77-8bac47d6704e/element
04-13 07:55:45.731 22428 22456 I appium  : FindElement command
04-13 07:55:45.735 22428 22456 I appium  : method: 'id', selector: 'ru.otus.wishlist:id/wishlist_edit_title'
04-13 07:55:45.736 22428 22456 I appium  : Waiting up to 10000ms for the device to idle
04-13 07:55:45.773 12660 13882 D CompatibilityChangeReporter: Compat change id reported: 168419799; UID 10151; state: DISABLED
04-13 07:55:45.791   371   411 D goldfish-address-space: claimShared: Ask to claim region [0x3f1cec000 0x3f28fb000]
04-13 07:55:45.820   371   411 D goldfish-address-space: claimShared: Ask to claim region [0x3f630b000 0x3f6f1a000]
04-13 07:55:45.853   371   411 D goldfish-address-space: claimShared: Ask to claim region [0x3f6f1a000 0x3f7b29000]
04-13 07:55:45.907 12833 12920 D EGL_emulation: app_time_stats: avg=73.59ms min=5.72ms max=778.54ms count=13
04-13 07:55:45.921 22428 22456 W ByMatcher: Node returned null child: android.view.accessibility.AccessibilityNodeInfo@143f7; boundsInParent: Rect(0, 0 - 1080, 231); boundsInScreen: Rect(0, 1977 - 1080, 2208); packageName: ru.otus.wishlist; className: android.view.ViewGroup; text: null; error: null; maxTextLength: -1; stateDescription: null; contentDescription: null; tooltipText: null; viewIdResName: null; checkable: false; checked: false; focusable: false; focused: false; selected: false; clickable: false; longClickable: false; contextClickable: false; enabled: true; password: false; scrollable: false; importantForAccessibility: true; visible: true; actions: [AccessibilityAction: ACTION_SELECT - null, AccessibilityAction: ACTION_CLEAR_SELECTION - null, AccessibilityAction: ACTION_ACCESSIBILITY_FOCUS - null, AccessibilityAction: ACTION_SHOW_ON_SCREEN - null]
04-13 07:55:45.921 22428 22456 W ByMatcher: Skipping null child (0 of 3)
04-13 07:55:45.923 22428 22456 W ByMatcher: Skipping null child (1 of 3)
04-13 07:55:45.923 22428 22456 W ByMatcher: Skipping null child (2 of 3)
04-13 07:55:45.925 22428 22456 W ByMatcher: Node returned null child: android.view.accessibility.AccessibilityNodeInfo@80007941; boundsInParent: Rect(0, 0 - 1080, 2340); boundsInScreen: Rect(0, 0 - 1080, 2340); packageName: ru.otus.wishlist; className: android.widget.FrameLayout; text: null; error: null; maxTextLength: -1; stateDescription: null; contentDescription: null; tooltipText: null; viewIdResName: null; checkable: false; checked: false; focusable: false; focused: false; selected: false; clickable: false; longClickable: false; contextClickable: false; enabled: true; password: false; scrollable: false; importantForAccessibility: true; visible: true; actions: [AccessibilityAction: ACTION_SELECT - null, AccessibilityAction: ACTION_CLEAR_SELECTION - null, AccessibilityAction: ACTION_ACCESSIBILITY_FOCUS - null, AccessibilityAction: ACTION_SHOW_ON_SCREEN - null]
04-13 07:55:45.926 22428 22456 W ByMatcher: Skipping null child (1 of 2)
04-13 07:55:45.926 22428 22456 W ByMatcher: Node returned null child: android.view.accessibility.AccessibilityNodeInfo@80007941; boundsInParent: Rect(0, 0 - 1080, 2340); boundsInScreen: Rect(0, 0 - 1080, 2340); packageName: ru.otus.wishlist; className: android.widget.FrameLayout; text: null; error: null; maxTextLength: -1; stateDescription: null; contentDescription: null; tooltipText: null; viewIdResName: null; checkable: false; checked: false; focusable: false; focused: false; selected: false; clickable: false; longClickable: false; contextClickable: false; enabled: true; password: false; scrollable: false; importantForAccessibility: true; visible: true; actions: [AccessibilityAction: ACTION_SELECT - null, AccessibilityAction: ACTION_CLEAR_SELECTION - null, AccessibilityAction: ACTION_ACCESSIBILITY_FOCUS - null, AccessibilityAction: ACTION_SHOW_ON_SCREEN - null]
04-13 07:55:45.926 22428 22456 W ByMatcher: Skipping null child (0 of 2)
04-13 07:55:45.927 22428 22456 W ByMatcher: Skipping null child (1 of 2)
04-13 07:55:45.928 22428 22456 I appium  : AppiumResponse: {"sessionId":"a8393b2f-ec0b-45b9-ad77-8bac47d6704e","value":{"error":"no such element","message":"An element could not be located on the page using the given search parameters","stacktrace":"io.appium.uiautomator2.common.exceptions.ElementNotFoundException: An element could not be located on the page using the given search parameters\n\tat io.appium.uiautomator2.handler.FindElement.safeHandle(FindElement.java:63)\n\tat io.appium.uiautomator2.handler.request.SafeRequestHandler.handle(SafeRequestHandler.java:59)\n\tat io.appium.uiautomator2.server.AppiumServlet.handleRequest(AppiumServlet.java:267)\n\tat io.appium.uiautomator2.server.AppiumServlet.handleHttpRequest(AppiumServlet.java:261)\n\tat io.appium.uiautomator2.http.ServerHandler.channelRead(ServerHandler.java:77)\n\tat io.netty.channel.AbstractChannelHandlerContext.fireChannelRead(AbstractChannelHandlerContext.java:356)\n\tat io.netty.handler.codec.MessageToMessageDecoder.channelRead(MessageToMessageDecoder.java:107)\n\tat io.netty.channel.AbstractChannelHandlerContext.fireChannelRead(AbstractChannelHandlerContext.java:356)\n\tat io.netty.channel.CombinedChannelDuplexHandler$DelegatingChannelHandlerContext.fireChannelRead(CombinedChannelDuplexHandler.java:434)\n\tat io.netty.handler.codec.ByteToMessageDecoder.fireChannelRead(ByteToMessageDecoder.java:361)\n\tat io.netty.handler.codec.ByteToMessageDecoder.channelRead(ByteToMessageDecoder.java:325)\n\tat io.netty.channel.CombinedChannelDuplexHandler.channelRead(CombinedChannelDuplexHandler.java:249)\n\tat io.netty.channel.AbstractChannelHandlerContext.fireChannelRead(AbstractChannelHandlerContext.java:354)\n\tat io.netty.handler.timeout.IdleStateHandler.channelRead(IdleStateHandler.java:293)\n\tat io.netty.channel.AbstractChannelHandlerContext.fireChannelRead(AbstractChannelHandlerContext.java:354)\n\tat io.netty.channel.DefaultChannelPipeline$HeadContext.channelRead(DefaultChannelPipeline.java:1429)\n\tat io.netty.channel.DefaultChannelPipeline.fireChannelRead(DefaultChannelPipeline.java:918)\n\tat io.netty.channel.nio.AbstractNioByteChannel$NioByteUnsafe.read(AbstractNioByteChannel.java:172)\n\tat io.netty.channel.nio.AbstractNioChannel$AbstractNioUnsafe.handle(AbstractNioChannel.java:445)\n\tat io.netty.channel.nio.NioIoHandler$DefaultNioRegistration.handle(NioIoHandler.java:388)\n\tat io.netty.channel.nio.NioIoHandler.processSelectedKey(NioIoHandler.java:596)\n\tat io.netty.channel.nio.NioIoHandler.processSelectedKeysOptimized(NioIoHandler.java:571)\n\tat io.netty.channel.nio.NioIoHandler.processSelectedKeys(NioIoHandler.java:512)\n\tat io.netty.channel.nio.NioIoHandler.run(NioIoHandler.java:484)\n\tat io.netty.channel.SingleThreadIoEventLoop.runIo(SingleThreadIoEventLoop.java:225)\n\tat io.netty.channel.SingleThreadIoEventLoop.run(SingleThreadIoEventLoop.java:196)\n\tat io.netty.util.concurrent.SingleThreadEventExecutor$5.run(SingleThreadEventExecutor.java:1195)\n\tat io.netty.util.internal.ThreadExecutorMap$2.run(ThreadExecutorMap.java:74)\n\tat io.netty.util.concurrent.FastThreadLocalRunnable.run(FastThreadLocalRunnable.java:30)\n\tat java.lang.Thread.run(Thread.java:920)\n"}}
04-13 07:55:45.944 13314 13314 I GoogleInputMethodService: GoogleInputMethodService.onFinishInput():3420 
04-13 07:55:45.944 13314 13314 I GoogleInputMethodService: GoogleInputMethodService.onStartInput():2002 
04-13 07:55:45.945 13314 13314 I DeviceUnlockedTag: DeviceUnlockedTag.notifyDeviceLockStatusChanged():31 Notify device unlocked.
04-13 07:55:46.443 22428 22456 I appium  : channel read: POST /session/a8393b2f-ec0b-45b9-ad77-8bac47d6704e/element
04-13 07:55:46.443 22428 22456 I appium  : FindElement command
04-13 07:55:46.444 22428 22456 I appium  : method: 'id', selector: 'ru.otus.wishlist:id/wishlist_edit_title'
04-13 07:55:46.444 22428 22456 I appium  : Waiting up to 10000ms for the device to idle
04-13 07:55:46.586 22428 22456 I appium  : AppiumResponse: {"sessionId":"a8393b2f-ec0b-45b9-ad77-8bac47d6704e","value":{"ELEMENT":"00000000-0000-0c86-ffff-ffff0000009d","element-6066-11e4-a52e-4f735466cecf":"00000000-0000-0c86-ffff-ffff0000009d"}}
04-13 07:55:46.594 22428 22456 I appium  : channel read: GET /session/a8393b2f-ec0b-45b9-ad77-8bac47d6704e/element/00000000-0000-0c86-ffff-ffff0000009d/attribute/displayed
04-13 07:55:46.595 22428 22456 I appium  : GetElementAttribute command
04-13 07:55:46.598 22428 22456 I appium  : AppiumResponse: {"sessionId":"a8393b2f-ec0b-45b9-ad77-8bac47d6704e","value":"true"}
04-13 07:55:46.606 22428 22456 I appium  : channel read: POST /session/a8393b2f-ec0b-45b9-ad77-8bac47d6704e/element
04-13 07:55:46.606 22428 22456 I appium  : FindElement command
04-13 07:55:46.607 22428 22456 I appium  : method: 'id', selector: 'ru.otus.wishlist:id/wishlist_edit_title'
04-13 07:55:46.608 22428 22456 I appium  : Waiting up to 10000ms for the device to idle
04-13 07:55:46.613 22428 22456 I appium  : AppiumResponse: {"sessionId":"a8393b2f-ec0b-45b9-ad77-8bac47d6704e","value":{"ELEMENT":"00000000-0000-0c86-ffff-ffff0000009d","element-6066-11e4-a52e-4f735466cecf":"00000000-0000-0c86-ffff-ffff0000009d"}}
04-13 07:55:46.619 22428 22456 I appium  : channel read: GET /session/a8393b2f-ec0b-45b9-ad77-8bac47d6704e/element/00000000-0000-0c86-ffff-ffff0000009d/name
04-13 07:55:46.619 22428 22456 I appium  : GetName command
04-13 07:55:46.623 22428 22456 I appium  : AppiumResponse: {"sessionId":"a8393b2f-ec0b-45b9-ad77-8bac47d6704e","value":null}
04-13 07:55:46.629 22428 22456 I appium  : channel read: GET /session/a8393b2f-ec0b-45b9-ad77-8bac47d6704e/element/00000000-0000-0c86-ffff-ffff0000009d/text
04-13 07:55:46.629 22428 22456 I appium  : GetText command
04-13 07:55:46.632 22428 22456 I appium  : AppiumResponse: {"sessionId":"a8393b2f-ec0b-45b9-ad77-8bac47d6704e","value":"Изменить список желаний"}
04-13 07:55:46.637 22428 22456 I appium  : channel read: POST /session/a8393b2f-ec0b-45b9-ad77-8bac47d6704e/element
04-13 07:55:46.638 22428 22456 I appium  : FindElement command
04-13 07:55:46.638 22428 22456 I appium  : method: 'id', selector: 'ru.otus.wishlist:id/description_input'
04-13 07:55:46.639 22428 22456 I appium  : Waiting up to 10000ms for the device to idle
04-13 07:55:46.643 22428 22456 I appium  : AppiumResponse: {"sessionId":"a8393b2f-ec0b-45b9-ad77-8bac47d6704e","value":{"ELEMENT":"00000000-0000-0c86-ffff-ffff000000ab","element-6066-11e4-a52e-4f735466cecf":"00000000-0000-0c86-ffff-ffff000000ab"}}
04-13 07:55:46.649 22428 22456 I appium  : channel read: GET /session/a8393b2f-ec0b-45b9-ad77-8bac47d6704e/element/00000000-0000-0c86-ffff-ffff000000ab/attribute/displayed
04-13 07:55:46.649 22428 22456 I appium  : GetElementAttribute command
04-13 07:55:46.652 22428 22456 I appium  : AppiumResponse: {"sessionId":"a8393b2f-ec0b-45b9-ad77-8bac47d6704e","value":"true"}
04-13 07:55:46.658 22428 22456 I appium  : channel read: POST /session/a8393b2f-ec0b-45b9-ad77-8bac47d6704e/element
04-13 07:55:46.659 22428 22456 I appium  : FindElement command
04-13 07:55:46.660 22428 22456 I appium  : method: 'id', selector: 'ru.otus.wishlist:id/description_input'
04-13 07:55:46.660 22428 22456 I appium  : Waiting up to 10000ms for the device to idle
04-13 07:55:46.664 22428 22456 I appium  : AppiumResponse: {"sessionId":"a8393b2f-ec0b-45b9-ad77-8bac47d6704e","value":{"ELEMENT":"00000000-0000-0c86-ffff-ffff000000ab","element-6066-11e4-a52e-4f735466cecf":"00000000-0000-0c86-ffff-ffff000000ab"}}
04-13 07:55:46.670 22428 22456 I appium  : channel read: GET /session/a8393b2f-ec0b-45b9-ad77-8bac47d6704e/element/00000000-0000-0c86-ffff-ffff000000ab/attribute/displayed
04-13 07:55:46.671 22428 22456 I appium  : GetElementAttribute command
04-13 07:55:46.674 22428 22456 I appium  : AppiumResponse: {"sessionId":"a8393b2f-ec0b-45b9-ad77-8bac47d6704e","value":"true"}
04-13 07:55:46.680 22428 22456 I appium  : channel read: POST /session/a8393b2f-ec0b-45b9-ad77-8bac47d6704e/element/00000000-0000-0c86-ffff-ffff000000ab/clear
04-13 07:55:46.680 22428 22456 I appium  : Clear command
04-13 07:55:46.683 22428 22456 D UiObject2: Setting text to ''.
04-13 07:55:46.686 22428 22456 I appium  : AppiumResponse: {"sessionId":"a8393b2f-ec0b-45b9-ad77-8bac47d6704e","value":null}
04-13 07:55:46.692 22428 22456 I appium  : channel read: POST /session/a8393b2f-ec0b-45b9-ad77-8bac47d6704e/element
04-13 07:55:46.692 22428 22456 I appium  : FindElement command
04-13 07:55:46.693 22428 22456 I appium  : method: 'id', selector: 'ru.otus.wishlist:id/description_input'
04-13 07:55:46.694 22428 22456 I appium  : Waiting up to 10000ms for the device to idle
04-13 07:55:46.708 22428 22456 I appium  : AppiumResponse: {"sessionId":"a8393b2f-ec0b-45b9-ad77-8bac47d6704e","value":{"ELEMENT":"00000000-0000-0c86-ffff-ffff000000ab","element-6066-11e4-a52e-4f735466cecf":"00000000-0000-0c86-ffff-ffff000000ab"}}
04-13 07:55:46.715 22428 22456 I appium  : channel read: POST /session/a8393b2f-ec0b-45b9-ad77-8bac47d6704e/element/00000000-0000-0c86-ffff-ffff000000ab/value
04-13 07:55:46.716 22428 22456 I appium  : SendKeysToElement command
04-13 07:55:46.886 12833 12920 D EGL_emulation: app_time_stats: avg=104.41ms min=2.44ms max=2000.57ms count=20
04-13 07:55:46.941 22468 22487 D EGL_emulation: app_time_stats: avg=37.38ms min=13.12ms max=479.67ms count=28
04-13 07:55:47.124 12660 16367 W InputManager-JNI: Input channel object '8cdb486 Toast (client)' was disposed without first being removed with the input manager!
04-13 07:55:47.126 12660 16367 W NotificationService: Toast already killed. pkg=ru.otus.wishlist token=android.os.BinderProxy@aef0272
04-13 07:55:47.190 22428 22456 D UiObject2: Setting text to ''.
04-13 07:55:47.701 22428 22456 I appium  : AppiumResponse: {"sessionId":"a8393b2f-ec0b-45b9-ad77-8bac47d6704e","value":null}
04-13 07:55:47.708 13314 13314 I ShortcutsDataManager: ShortcutsDataManager.onContentChanged():73 onContentChanged()
04-13 07:55:47.714 22428 22456 I appium  : channel read: POST /session/a8393b2f-ec0b-45b9-ad77-8bac47d6704e/element
04-13 07:55:47.714 22428 22456 I appium  : FindElement command
04-13 07:55:47.721 22428 22456 I appium  : method: 'id', selector: 'ru.otus.wishlist:id/save_button'
04-13 07:55:47.721 22428 22456 I appium  : Waiting up to 10000ms for the device to idle
04-13 07:55:47.951 22468 22487 D EGL_emulation: app_time_stats: avg=37.24ms min=13.12ms max=506.36ms count=27
04-13 07:55:48.210 22428 22456 I appium  : AppiumResponse: {"sessionId":"a8393b2f-ec0b-45b9-ad77-8bac47d6704e","value":{"ELEMENT":"00000000-0000-0c86-ffff-ffff000000b4","element-6066-11e4-a52e-4f735466cecf":"00000000-0000-0c86-ffff-ffff000000b4"}}
04-13 07:55:48.219 22428 22456 I appium  : channel read: GET /session/a8393b2f-ec0b-45b9-ad77-8bac47d6704e/element/00000000-0000-0c86-ffff-ffff000000b4/attribute/displayed
04-13 07:55:48.219 22428 22456 I appium  : GetElementAttribute command
04-13 07:55:48.223 22428 22456 I appium  : AppiumResponse: {"sessionId":"a8393b2f-ec0b-45b9-ad77-8bac47d6704e","value":"true"}
04-13 07:55:48.230 22428 22456 I appium  : channel read: POST /session/a8393b2f-ec0b-45b9-ad77-8bac47d6704e/element
04-13 07:55:48.230 22428 22456 I appium  : FindElement command
04-13 07:55:48.232 22428 22456 I appium  : method: 'id', selector: 'ru.otus.wishlist:id/save_button'
04-13 07:55:48.232 22428 22456 I appium  : Waiting up to 10000ms for the device to idle
04-13 07:55:48.238 22428 22456 I appium  : AppiumResponse: {"sessionId":"a8393b2f-ec0b-45b9-ad77-8bac47d6704e","value":{"ELEMENT":"00000000-0000-0c86-ffff-ffff000000b4","element-6066-11e4-a52e-4f735466cecf":"00000000-0000-0c86-ffff-ffff000000b4"}}
04-13 07:55:48.244 22428 22456 I appium  : channel read: GET /session/a8393b2f-ec0b-45b9-ad77-8bac47d6704e/element/00000000-0000-0c86-ffff-ffff000000b4/attribute/displayed
04-13 07:55:48.244 22428 22456 I appium  : GetElementAttribute command
04-13 07:55:48.248 22428 22456 I appium  : AppiumResponse: {"sessionId":"a8393b2f-ec0b-45b9-ad77-8bac47d6704e","value":"true"}
04-13 07:55:48.254 22428 22456 I appium  : channel read: POST /session/a8393b2f-ec0b-45b9-ad77-8bac47d6704e/element/00000000-0000-0c86-ffff-ffff000000b4/click
04-13 07:55:48.254 22428 22456 I appium  : Click command
04-13 07:55:48.292 22428 22456 W GestureController: Gestures took longer than expected (35ms >> 16ms), device might be in a busy state.
04-13 07:55:48.293 22428 22456 I appium  : Waiting up to 10000ms for the device to idle
04-13 07:55:48.320 12589 12645 D AudioFlinger: mixer(0x7a33667bfa70) throttle end: throttle time(6)
04-13 07:55:48.359 22468 22487 D OpenGLRenderer: endAllActiveAnimators on 0x7dab03ed1980 (RippleDrawable) with handle 0x7daa13eb0710
04-13 07:55:48.360 12660 16367 W InputManager-JNI: Input channel object 'cdfe4d1 ru.otus.wishlist/ru.otus.wishlist.MainActivity (client)' was disposed without first being removed with the input manager!
04-13 07:55:48.365 12833 12833 W ziparchive: Unable to open '/data/app/~~E7HUVOVE1_qGCqO9F55iMw==/ru.otus.wishlist-KvzObjiROZidZodhEA4kDA==/base.apk': No such file or directory
04-13 07:55:48.366 12833 12833 E ndroid.systemu: Failed to open APK '/data/app/~~E7HUVOVE1_qGCqO9F55iMw==/ru.otus.wishlist-KvzObjiROZidZodhEA4kDA==/base.apk': I/O error
04-13 07:55:48.367 12833 12833 W ResourcesManager: failed to preload asset path '/data/app/~~E7HUVOVE1_qGCqO9F55iMw==/ru.otus.wishlist-KvzObjiROZidZodhEA4kDA==/base.apk'
04-13 07:55:48.367 12833 12833 W ResourcesManager: java.io.IOException: Failed to load asset path /data/app/~~E7HUVOVE1_qGCqO9F55iMw==/ru.otus.wishlist-KvzObjiROZidZodhEA4kDA==/base.apk
04-13 07:55:48.367 12833 12833 W ResourcesManager: 	at android.content.res.ApkAssets.nativeLoad(Native Method)
04-13 07:55:48.367 12833 12833 W ResourcesManager: 	at android.content.res.ApkAssets.<init>(ApkAssets.java:295)
04-13 07:55:48.367 12833 12833 W ResourcesManager: 	at android.content.res.ApkAssets.loadFromPath(ApkAssets.java:144)
04-13 07:55:48.367 12833 12833 W ResourcesManager: 	at android.app.ResourcesManager.loadApkAssets(ResourcesManager.java:454)
04-13 07:55:48.367 12833 12833 W ResourcesManager: 	at android.app.ResourcesManager.access$000(ResourcesManager.java:72)
04-13 07:55:48.367 12833 12833 W ResourcesManager: 	at android.app.ResourcesManager$ApkAssetsSupplier.load(ResourcesManager.java:168)
04-13 07:55:48.367 12833 12833 W ResourcesManager: 	at android.app.ResourcesManager.createApkAssetsSupplierNotLocked(ResourcesManager.java:980)
04-13 07:55:48.367 12833 12833 W ResourcesManager: 	at android.app.ResourcesManager.getResources(ResourcesManager.java:1101)
04-13 07:55:48.367 12833 12833 W ResourcesManager: 	at android.app.ActivityThread.getTopLevelResources(ActivityThread.java:2372)
04-13 07:55:48.367 12833 12833 W ResourcesManager: 	at android.app.ApplicationPackageManager.getResourcesForApplication(ApplicationPackageManager.java:1751)
04-13 07:55:48.367 12833 12833 W ResourcesManager: 	at android.app.ApplicationPackageManager.getResourcesForApplication(ApplicationPackageManager.java:1737)
04-13 07:55:48.367 12833 12833 W ResourcesManager: 	at android.app.ApplicationPackageManager.getDrawable(ApplicationPackageManager.java:1506)
04-13 07:55:48.367 12833 12833 W ResourcesManager: 	at android.app.ApplicationPackageManager.loadUnbadgedItemIcon(ApplicationPackageManager.java:3029)
04-13 07:55:48.367 12833 12833 W ResourcesManager: 	at android.content.pm.PackageItemInfo.loadUnbadgedIcon(PackageItemInfo.java:290)
04-13 07:55:48.367 12833 12833 W ResourcesManager: 	at com.android.systemui.toast.SystemUIToast.getBadgedIcon(SystemUIToast.java:284)
04-13 07:55:48.367 12833 12833 W ResourcesManager: 	at com.android.systemui.toast.SystemUIToast.inflateToastView(SystemUIToast.java:198)
04-13 07:55:48.367 12833 12833 W ResourcesManager: 	at com.android.systemui.toast.SystemUIToast.<init>(SystemUIToast.java:90)
04-13 07:55:48.367 12833 12833 W ResourcesManager: 	at com.android.systemui.toast.SystemUIToast.<init>(SystemUIToast.java:77)
04-13 07:55:48.367 12833 12833 W ResourcesManager: 	at com.android.systemui.toast.ToastFactory.createToast(ToastFactory.java:78)
04-13 07:55:48.367 12833 12833 W ResourcesManager: 	at com.android.systemui.toast.ToastUI.lambda$showToast$0(ToastUI.java:113)
04-13 07:55:48.367 12833 12833 W ResourcesManager: 	at com.android.systemui.toast.ToastUI.$r8$lambda$w_gPCh3F8Xxn1jN4lkQZoUci71c(Unknown Source:0)
04-13 07:55:48.367 12833 12833 W ResourcesManager: 	at com.android.systemui.toast.ToastUI$$ExternalSyntheticLambda0.run(Unknown Source:16)
04-13 07:55:48.367 12833 12833 W ResourcesManager: 	at com.android.systemui.toast.ToastUI.showToast(ToastUI.java:140)
04-13 07:55:48.367 12833 12833 W ResourcesManager: 	at com.android.systemui.statusbar.CommandQueue$H.handleMessage(CommandQueue.java:1431)
04-13 07:55:48.367 12833 12833 W ResourcesManager: 	at android.os.Handler.dispatchMessage(Handler.java:106)
04-13 07:55:48.367 12833 12833 W ResourcesManager: 	at android.os.Looper.loopOnce(Looper.java:201)
04-13 07:55:48.367 12833 12833 W ResourcesManager: 	at android.os.Looper.loop(Looper.java:288)
04-13 07:55:48.367 12833 12833 W ResourcesManager: 	at android.app.ActivityThread.main(ActivityThread.java:7839)
04-13 07:55:48.367 12833 12833 W ResourcesManager: 	at java.lang.reflect.Method.invoke(Native Method)
04-13 07:55:48.367 12833 12833 W ResourcesManager: 	at com.android.internal.os.RuntimeInit$MethodAndArgsCaller.run(RuntimeInit.java:548)
04-13 07:55:48.367 12833 12833 W ResourcesManager: 	at com.android.internal.os.ZygoteInit.main(ZygoteInit.java:1003)
04-13 07:55:48.372 12833 12833 W ziparchive: Unable to open '/data/app/~~E7HUVOVE1_qGCqO9F55iMw==/ru.otus.wishlist-KvzObjiROZidZodhEA4kDA==/base.apk': No such file or directory
04-13 07:55:48.372 12833 12833 E ndroid.systemu: Failed to open APK '/data/app/~~E7HUVOVE1_qGCqO9F55iMw==/ru.otus.wishlist-KvzObjiROZidZodhEA4kDA==/base.apk': I/O error
04-13 07:55:48.373 12833 12833 E ResourcesManager: failed to add asset path '/data/app/~~E7HUVOVE1_qGCqO9F55iMw==/ru.otus.wishlist-KvzObjiROZidZodhEA4kDA==/base.apk'
04-13 07:55:48.373 12833 12833 E ResourcesManager: java.io.IOException: Failed to load asset path /data/app/~~E7HUVOVE1_qGCqO9F55iMw==/ru.otus.wishlist-KvzObjiROZidZodhEA4kDA==/base.apk
04-13 07:55:48.373 12833 12833 E ResourcesManager: 	at android.content.res.ApkAssets.nativeLoad(Native Method)
04-13 07:55:48.373 12833 12833 E ResourcesManager: 	at android.content.res.ApkAssets.<init>(ApkAssets.java:295)
04-13 07:55:48.373 12833 12833 E ResourcesManager: 	at android.content.res.ApkAssets.loadFromPath(ApkAssets.java:144)
04-13 07:55:48.373 12833 12833 E ResourcesManager: 	at android.app.ResourcesManager.loadApkAssets(ResourcesManager.java:454)
04-13 07:55:48.373 12833 12833 E ResourcesManager: 	at android.app.ResourcesManager.access$000(ResourcesManager.java:72)
04-13 07:55:48.373 12833 12833 E ResourcesManager: 	at android.app.ResourcesManager$ApkAssetsSupplier.load(ResourcesManager.java:168)
04-13 07:55:48.373 12833 12833 E ResourcesManager: 	at android.app.ResourcesManager.createAssetManager(ResourcesManager.java:530)
04-13 07:55:48.373 12833 12833 E ResourcesManager: 	at android.app.ResourcesManager.createResourcesImpl(ResourcesManager.java:612)
04-13 07:55:48.373 12833 12833 E ResourcesManager: 	at android.app.ResourcesManager.findOrCreateResourcesImplForKeyLocked(ResourcesManager.java:664)
04-13 07:55:48.373 12833 12833 E ResourcesManager: 	at android.app.ResourcesManager.createResources(ResourcesManager.java:1011)
04-13 07:55:48.373 12833 12833 E ResourcesManager: 	at android.app.ResourcesManager.getResources(ResourcesManager.java:1114)
04-13 07:55:48.373 12833 12833 E ResourcesManager: 	at android.app.ActivityThread.getTopLevelResources(ActivityThread.java:2372)
04-13 07:55:48.373 12833 12833 E ResourcesManager: 	at android.app.ApplicationPackageManager.getResourcesForApplication(ApplicationPackageManager.java:1751)
04-13 07:55:48.373 12833 12833 E ResourcesManager: 	at android.app.ApplicationPackageManager.getResourcesForApplication(ApplicationPackageManager.java:1737)
04-13 07:55:48.373 12833 12833 E ResourcesManager: 	at android.app.ApplicationPackageManager.getDrawable(ApplicationPackageManager.java:1506)
04-13 07:55:48.373 12833 12833 E ResourcesManager: 	at android.app.ApplicationPackageManager.loadUnbadgedItemIcon(ApplicationPackageManager.java:3029)
04-13 07:55:48.373 12833 12833 E ResourcesManager: 	at android.content.pm.PackageItemInfo.loadUnbadgedIcon(PackageItemInfo.java:290)
04-13 07:55:48.373 12833 12833 E ResourcesManager: 	at com.android.systemui.toast.SystemUIToast.getBadgedIcon(SystemUIToast.java:284)
04-13 07:55:48.373 12833 12833 E ResourcesManager: 	at com.android.systemui.toast.SystemUIToast.inflateToastView(SystemUIToast.java:198)
04-13 07:55:48.373 12833 12833 E ResourcesManager: 	at com.android.systemui.toast.SystemUIToast.<init>(SystemUIToast.java:90)
04-13 07:55:48.373 12833 12833 E ResourcesManager: 	at com.android.systemui.toast.SystemUIToast.<init>(SystemUIToast.java:77)
04-13 07:55:48.373 12833 12833 E ResourcesManager: 	at com.android.systemui.toast.ToastFactory.createToast(ToastFactory.java:78)
04-13 07:55:48.373 12833 12833 E ResourcesManager: 	at com.android.systemui.toast.ToastUI.lambda$showToast$0(ToastUI.java:113)
04-13 07:55:48.373 12833 12833 E ResourcesManager: 	at com.android.systemui.toast.ToastUI.$r8$lambda$w_gPCh3F8Xxn1jN4lkQZoUci71c(Unknown Source:0)
04-13 07:55:48.373 12833 12833 E ResourcesManager: 	at com.android.systemui.toast.ToastUI$$ExternalSyntheticLambda0.run(Unknown Source:16)
04-13 07:55:48.373 12833 12833 E ResourcesManager: 	at com.android.systemui.toast.ToastUI.showToast(ToastUI.java:140)
04-13 07:55:48.373 12833 12833 E ResourcesManager: 	at com.android.systemui.statusbar.CommandQueue$H.handleMessage(CommandQueue.java:1431)
04-13 07:55:48.373 12833 12833 E ResourcesManager: 	at android.os.Handler.dispatchMessage(Handler.java:106)
04-13 07:55:48.373 12833 12833 E ResourcesManager: 	at android.os.Looper.loopOnce(Looper.java:201)
04-13 07:55:48.373 12833 12833 E ResourcesManager: 	at android.os.Looper.loop(Looper.java:288)
04-13 07:55:48.373 12833 12833 E ResourcesManager: 	at android.app.ActivityThread.main(ActivityThread.java:7839)
04-13 07:55:48.373 12833 12833 E ResourcesManager: 	at java.lang.reflect.Method.invoke(Native Method)
04-13 07:55:48.373 12833 12833 E ResourcesManager: 	at com.android.internal.os.RuntimeInit$MethodAndArgsCaller.run(RuntimeInit.java:548)
04-13 07:55:48.373 12833 12833 E ResourcesManager: 	at com.android.internal.os.ZygoteInit.main(ZygoteInit.java:1003)
04-13 07:55:48.374 12833 12833 W PackageManager: Failure retrieving resources for ru.otus.wishlist
04-13 07:55:48.387   371   411 D goldfish-address-space: claimShared: Ask to claim region [0x3f28fb000 0x3f295f000]
04-13 07:55:48.409   371   411 D goldfish-address-space: claimShared: Ask to claim region [0x3f295f000 0x3f29c3000]
04-13 07:55:48.421 22468 22487 D EGL_emulation: app_time_stats: avg=51.97ms min=2.63ms max=1832.41ms count=48
04-13 07:55:48.421   371   411 D goldfish-address-space: claimShared: Ask to claim region [0x3f29c3000 0x3f2a27000]
04-13 07:55:48.424 13314 13314 I GoogleInputMethodService: GoogleInputMethodService.onFinishInput():3420 
04-13 07:55:48.424 13314 13314 I GoogleInputMethodService: GoogleInputMethodService.onStartInput():2002 
04-13 07:55:48.425 13314 13314 I DeviceUnlockedTag: DeviceUnlockedTag.notifyDeviceLockStatusChanged():31 Notify device unlocked.
04-13 07:55:48.426 13314 13314 I ShortcutsDataManager: AbstractContentDataManager.startImportContentTask():235 startImportContentTask()
04-13 07:55:48.426 13314 13602 I ShortcutsDataManager: AbstractContentDataManager$ImportContentTask.doInBackground():249 doInBackground()
04-13 07:55:48.427 13314 13602 I PersonalDictionaryDataHandler: PersonalDictionaryDataHandler.beginProcess():111 LanguageTags = [en-US]
04-13 07:55:48.437 13314 13602 I ShortcutsDataManager: AbstractContentDataManager.importRecords():339 importRecords() : Success : Count = 0
04-13 07:55:48.439 13314 13602 I ShortcutsDataManager: AbstractContentDataManager.importContentData():289 importContentData() : Ending import process
04-13 07:55:48.439 13314 15962 I Delight5Decoder: Delight5DecoderWrapper.unloadLanguageModel():820 unloadLanguageModel() : 4, version [n/a]
04-13 07:55:48.449 13314 13602 I PersonalLanguageModelUpdater: PersonalLanguageModelUpdater$UpdateOperation.performInternal():162 run() : Added 0 words and 0 shortcuts
04-13 07:55:48.450 13314 13602 I DynamicLanguageModelOperation: DynamicLanguageModelOperation.perform():38 perform() : 4 : cny : Completed
04-13 07:55:48.450 13314 15962 I Delight5Decoder: Delight5DecoderWrapper.loadLanguageModel():614 loadLanguageModel() : 4, version [n/a]
04-13 07:55:48.450 13314 15962 I Delight5Decoder: Delight5DecoderWrapper.loadLanguageModel():652 Loaded dynamic LM 4.en
04-13 07:55:48.451 13314 13314 I ShortcutsDataManager: AbstractContentDataManager$ImportContentTask.onPostExecute():260 onPostExecute() : Result = [2,0]
04-13 07:55:48.451 13314 13314 I ShortcutsDataManager: ShortcutsDataManager.onImportFinished():83 onImportFinished() : Result = 2 : Count = 0
04-13 07:55:48.739 12833 12920 D EGL_emulation: app_time_stats: avg=696.40ms min=3.78ms max=2769.87ms count=4
04-13 07:55:48.889 12833 12920 D EGL_emulation: app_time_stats: avg=1800.15ms min=7.29ms max=16119.73ms count=9
04-13 07:55:49.376 22428 22456 I appium  : AppiumResponse: {"sessionId":"a8393b2f-ec0b-45b9-ad77-8bac47d6704e","value":null}
04-13 07:55:49.384 22428 22456 I appium  : channel read: POST /session/a8393b2f-ec0b-45b9-ad77-8bac47d6704e/element
04-13 07:55:49.384 22428 22456 I appium  : FindElement command
04-13 07:55:49.385 22428 22456 I appium  : method: 'id', selector: 'ru.otus.wishlist:id/wishlists'
04-13 07:55:49.385 22428 22456 I appium  : Waiting up to 10000ms for the device to idle
04-13 07:55:49.395 22428 22456 I appium  : AppiumResponse: {"sessionId":"a8393b2f-ec0b-45b9-ad77-8bac47d6704e","value":{"ELEMENT":"00000000-0000-0c83-ffff-ffff0000005e","element-6066-11e4-a52e-4f735466cecf":"00000000-0000-0c83-ffff-ffff0000005e"}}
04-13 07:55:49.402 22428 22456 I appium  : channel read: GET /session/a8393b2f-ec0b-45b9-ad77-8bac47d6704e/element/00000000-0000-0c83-ffff-ffff0000005e/attribute/displayed
04-13 07:55:49.402 22428 22456 I appium  : GetElementAttribute command
04-13 07:55:49.407 22428 22456 I appium  : AppiumResponse: {"sessionId":"a8393b2f-ec0b-45b9-ad77-8bac47d6704e","value":"true"}
04-13 07:55:49.415 22428 22456 I appium  : channel read: POST /session/a8393b2f-ec0b-45b9-ad77-8bac47d6704e/element
04-13 07:55:49.415 22428 22456 I appium  : FindElement command
04-13 07:55:49.416 22428 22456 I appium  : method: 'id', selector: 'ru.otus.wishlist:id/wishlists'
04-13 07:55:49.416 22428 22456 I appium  : Waiting up to 10000ms for the device to idle
04-13 07:55:49.424 22428 22456 I appium  : AppiumResponse: {"sessionId":"a8393b2f-ec0b-45b9-ad77-8bac47d6704e","value":{"ELEMENT":"00000000-0000-0c83-ffff-ffff0000005e","element-6066-11e4-a52e-4f735466cecf":"00000000-0000-0c83-ffff-ffff0000005e"}}
04-13 07:55:49.431 22428 22456 I appium  : channel read: POST /session/a8393b2f-ec0b-45b9-ad77-8bac47d6704e/elements
04-13 07:55:49.431 22428 22456 I appium  : FindElements command
04-13 07:55:49.432 22428 22456 I appium  : method: 'id', selector: 'ru.otus.wishlist:id/wishlist_item', contextId: '00000000-0000-0c83-ffff-ffff0000005e'
04-13 07:55:49.434 22428 22456 D UiObject2: Retrieving nodes with selector: BySelector [RES='\Qru.otus.wishlist:id/wishlist_item\E'].
04-13 07:55:49.437 22428 22456 I appium  : Caching 1 found element
04-13 07:55:49.438 22428 22456 I appium  : Cached 1 element
04-13 07:55:49.439 22428 22456 I appium  : AppiumResponse: {"sessionId":"a8393b2f-ec0b-45b9-ad77-8bac47d6704e","value":[{"ELEMENT":"00000000-0000-0c83-ffff-ffff000000b8","element-6066-11e4-a52e-4f735466cecf":"00000000-0000-0c83-ffff-ffff000000b8"}]}
04-13 07:55:49.447 22428 22456 I appium  : channel read: POST /session/a8393b2f-ec0b-45b9-ad77-8bac47d6704e/element
04-13 07:55:49.447 22428 22456 I appium  : FindElement command
04-13 07:55:49.448 22428 22456 I appium  : method: 'id', selector: 'ru.otus.wishlist:id/wishlists'
04-13 07:55:49.448 22428 22456 I appium  : Waiting up to 10000ms for the device to idle
04-13 07:55:49.456 22428 22456 I appium  : AppiumResponse: {"sessionId":"a8393b2f-ec0b-45b9-ad77-8bac47d6704e","value":{"ELEMENT":"00000000-0000-0c83-ffff-ffff0000005e","element-6066-11e4-a52e-4f735466cecf":"00000000-0000-0c83-ffff-ffff0000005e"}}
04-13 07:55:49.463 22428 22456 I appium  : channel read: POST /session/a8393b2f-ec0b-45b9-ad77-8bac47d6704e/element
04-13 07:55:49.464 22428 22456 I appium  : FindElement command
04-13 07:55:49.464 22428 22456 I appium  : method: 'id', selector: 'ru.otus.wishlist:id/wishlist_item', contextId: '00000000-0000-0c83-ffff-ffff0000005e'
04-13 07:55:49.467 22428 22456 D UiObject2: Retrieving node with selector: BySelector [RES='\Qru.otus.wishlist:id/wishlist_item\E'].
04-13 07:55:49.469 22428 22456 I appium  : AppiumResponse: {"sessionId":"a8393b2f-ec0b-45b9-ad77-8bac47d6704e","value":{"ELEMENT":"00000000-0000-0c83-ffff-ffff000000b8","element-6066-11e4-a52e-4f735466cecf":"00000000-0000-0c83-ffff-ffff000000b8"}}
04-13 07:55:49.478 22428 22456 I appium  : channel read: GET /session/a8393b2f-ec0b-45b9-ad77-8bac47d6704e/element/00000000-0000-0c83-ffff-ffff000000b8/attribute/displayed
04-13 07:55:49.478 22428 22456 I appium  : GetElementAttribute command
04-13 07:55:49.482 22428 22456 I appium  : AppiumResponse: {"sessionId":"a8393b2f-ec0b-45b9-ad77-8bac47d6704e","value":"true"}
04-13 07:55:49.489 22428 22456 I appium  : channel read: POST /session/a8393b2f-ec0b-45b9-ad77-8bac47d6704e/element
04-13 07:55:49.489 22428 22456 I appium  : FindElement command
04-13 07:55:49.490 22428 22456 I appium  : method: 'id', selector: 'ru.otus.wishlist:id/wishlists'
04-13 07:55:49.490 22428 22456 I appium  : Waiting up to 10000ms for the device to idle
04-13 07:55:49.496 22428 22456 I appium  : AppiumResponse: {"sessionId":"a8393b2f-ec0b-45b9-ad77-8bac47d6704e","value":{"ELEMENT":"00000000-0000-0c83-ffff-ffff0000005e","element-6066-11e4-a52e-4f735466cecf":"00000000-0000-0c83-ffff-ffff0000005e"}}
04-13 07:55:49.502 22428 22456 I appium  : channel read: POST /session/a8393b2f-ec0b-45b9-ad77-8bac47d6704e/element
04-13 07:55:49.503 22428 22456 I appium  : FindElement command
