04-15 11:34:06.904 12660 12692 W ProcessStats: Tracking association SourceState{5d4d019 system/1000 BTopFgs #35934} whose proc state 2 is better than process ProcessState{f5a68de io.appium.settings/10149 pkg=io.appium.settings} proc state 3 (71 skipped)
04-15 11:34:07.216 26119 26149 I appium  : AppiumResponse: {"sessionId":"d881b2af-69d1-4a39-9226-2fdde70631cb","value":null}
04-15 11:34:07.231 26119 26149 I appium  : channel read: POST /session/d881b2af-69d1-4a39-9226-2fdde70631cb/element
04-15 11:34:07.234 26119 26149 I appium  : FindElement command
04-15 11:34:07.236 26119 26149 I appium  : method: 'id', selector: 'ru.otus.wishlist:id/log_in_button'
04-15 11:34:07.237 26119 26149 I appium  : Waiting up to 10000ms for the device to idle
04-15 11:34:07.727 26119 26149 I appium  : AppiumResponse: {"sessionId":"d881b2af-69d1-4a39-9226-2fdde70631cb","value":{"ELEMENT":"00000000-0000-0d0b-ffff-ffff0000002a","element-6066-11e4-a52e-4f735466cecf":"00000000-0000-0d0b-ffff-ffff0000002a"}}
04-15 11:34:07.735 26119 26149 I appium  : channel read: GET /session/d881b2af-69d1-4a39-9226-2fdde70631cb/element/00000000-0000-0d0b-ffff-ffff0000002a/attribute/displayed
04-15 11:34:07.735 26119 26149 I appium  : GetElementAttribute command
04-15 11:34:07.739 26119 26149 I appium  : AppiumResponse: {"sessionId":"d881b2af-69d1-4a39-9226-2fdde70631cb","value":"true"}
04-15 11:34:07.745 26119 26149 I appium  : channel read: POST /session/d881b2af-69d1-4a39-9226-2fdde70631cb/element
04-15 11:34:07.745 26119 26149 I appium  : FindElement command
04-15 11:34:07.747 26119 26149 I appium  : method: 'id', selector: 'ru.otus.wishlist:id/log_in_button'
04-15 11:34:07.747 26119 26149 I appium  : Waiting up to 10000ms for the device to idle
04-15 11:34:07.763 26119 26149 I appium  : AppiumResponse: {"sessionId":"d881b2af-69d1-4a39-9226-2fdde70631cb","value":{"ELEMENT":"00000000-0000-0d0b-ffff-ffff0000002a","element-6066-11e4-a52e-4f735466cecf":"00000000-0000-0d0b-ffff-ffff0000002a"}}
04-15 11:34:07.769 26119 26149 I appium  : channel read: GET /session/d881b2af-69d1-4a39-9226-2fdde70631cb/element/00000000-0000-0d0b-ffff-ffff0000002a/attribute/displayed
04-15 11:34:07.769 26119 26149 I appium  : GetElementAttribute command
04-15 11:34:07.773 26119 26149 I appium  : AppiumResponse: {"sessionId":"d881b2af-69d1-4a39-9226-2fdde70631cb","value":"true"}
04-15 11:34:07.779 26119 26149 I appium  : channel read: POST /session/d881b2af-69d1-4a39-9226-2fdde70631cb/element/00000000-0000-0d0b-ffff-ffff0000002a/click
04-15 11:34:07.780 26119 26149 I appium  : Click command
04-15 11:34:07.833 26159 26178 D EGL_emulation: app_time_stats: avg=43.27ms min=12.39ms max=525.00ms count=26
04-15 11:34:07.833 26119 26149 W GestureController: Gestures took longer than expected (47ms >> 16ms), device might be in a busy state.
04-15 11:34:07.833 26119 26149 I appium  : Waiting up to 10000ms for the device to idle
04-15 11:34:07.835 26119 26149 I appium  : AppiumResponse: {"sessionId":"d881b2af-69d1-4a39-9226-2fdde70631cb","value":null}
04-15 11:34:07.896 12592 26197 D resolv  : GetAddrInfoHandler::run: {103 103 103 983143 10151 0}
04-15 11:34:07.897 12592 26197 D resolv  : resolv_getaddrinfo: explore_fqdn(): ai_family=0 ai_socktype=1 ai_protocol=6
04-15 11:34:07.898 12592 26199 D resolv  : doQuery: (1, 1)
04-15 11:34:07.898 12592 26198 D resolv  : doQuery: (1, 28)
04-15 11:34:07.898 12592 26198 D resolv  : res_nmkquery: (QUERY, IN, AAAA)
04-15 11:34:07.898 12592 26198 D resolv  : res_nsend
04-15 11:34:07.898 12592 26199 D resolv  : res_nmkquery: (QUERY, IN, A)
04-15 11:34:07.898 12592 26198 I resolv  : resolv_cache_lookup: lookup
04-15 11:34:07.898 12592 26199 D resolv  : res_nsend
04-15 11:34:07.898 12592 26198 I resolv  : resolv_cache_lookup: FOUND IN CACHE entry=0x790037b51b50
04-15 11:34:07.898 12592 26199 I resolv  : resolv_cache_lookup: lookup
04-15 11:34:07.898 12592 26198 D resolv  : doQuery: rcode=0, ancount=0
04-15 11:34:07.898 12592 26199 I resolv  : resolv_cache_lookup: FOUND IN CACHE entry=0x790027b561d0
04-15 11:34:07.899 12592 26199 D resolv  : doQuery: rcode=0, ancount=1
04-15 11:34:07.899 12592 26197 I ResolverController: No valid NAT64 prefix (103, <unspecified>/0)
04-15 11:34:08.200 26119 26149 I appium  : channel read: POST /session/d881b2af-69d1-4a39-9226-2fdde70631cb/element
04-15 11:34:08.201 26119 26149 I appium  : FindElement command
04-15 11:34:08.203 26119 26149 I appium  : method: 'id', selector: 'ru.otus.wishlist:id/wishlists'
04-15 11:34:08.203 26119 26149 I appium  : Waiting up to 10000ms for the device to idle
04-15 11:34:08.502 26119 26149 I appium  : AppiumResponse: {"sessionId":"d881b2af-69d1-4a39-9226-2fdde70631cb","value":{"error":"no such element","message":"An element could not be located on the page using the given search parameters","stacktrace":"io.appium.uiautomator2.common.exceptions.ElementNotFoundException: An element could not be located on the page using the given search parameters\n\tat io.appium.uiautomator2.handler.FindElement.safeHandle(FindElement.java:63)\n\tat io.appium.uiautomator2.handler.request.SafeRequestHandler.handle(SafeRequestHandler.java:59)\n\tat io.appium.uiautomator2.server.AppiumServlet.handleRequest(AppiumServlet.java:267)\n\tat io.appium.uiautomator2.server.AppiumServlet.handleHttpRequest(AppiumServlet.java:261)\n\tat io.appium.uiautomator2.http.ServerHandler.channelRead(ServerHandler.java:77)\n\tat io.netty.channel.AbstractChannelHandlerContext.fireChannelRead(AbstractChannelHandlerContext.java:356)\n\tat io.netty.handler.codec.MessageToMessageDecoder.channelRead(MessageToMessageDecoder.java:107)\n\tat io.netty.channel.AbstractChannelHandlerContext.fireChannelRead(AbstractChannelHandlerContext.java:356)\n\tat io.netty.channel.CombinedChannelDuplexHandler$DelegatingChannelHandlerContext.fireChannelRead(CombinedChannelDuplexHandler.java:434)\n\tat io.netty.handler.codec.ByteToMessageDecoder.fireChannelRead(ByteToMessageDecoder.java:361)\n\tat io.netty.handler.codec.ByteToMessageDecoder.channelRead(ByteToMessageDecoder.java:325)\n\tat io.netty.channel.CombinedChannelDuplexHandler.channelRead(CombinedChannelDuplexHandler.java:249)\n\tat io.netty.channel.AbstractChannelHandlerContext.fireChannelRead(AbstractChannelHandlerContext.java:354)\n\tat io.netty.handler.timeout.IdleStateHandler.channelRead(IdleStateHandler.java:293)\n\tat io.netty.channel.AbstractChannelHandlerContext.fireChannelRead(AbstractChannelHandlerContext.java:354)\n\tat io.netty.channel.DefaultChannelPipeline$HeadContext.channelRead(DefaultChannelPipeline.java:1429)\n\tat io.netty.channel.DefaultChannelPipeline.fireChannelRead(DefaultChannelPipeline.java:918)\n\tat io.netty.channel.nio.AbstractNioByteChannel$NioByteUnsafe.read(AbstractNioByteChannel.java:172)\n\tat io.netty.channel.nio.AbstractNioChannel$AbstractNioUnsafe.handle(AbstractNioChannel.java:445)\n\tat io.netty.channel.nio.NioIoHandler$DefaultNioRegistration.handle(NioIoHandler.java:388)\n\tat io.netty.channel.nio.NioIoHandler.processSelectedKey(NioIoHandler.java:596)\n\tat io.netty.channel.nio.NioIoHandler.processSelectedKeysOptimized(NioIoHandler.java:571)\n\tat io.netty.channel.nio.NioIoHandler.processSelectedKeys(NioIoHandler.java:512)\n\tat io.netty.channel.nio.NioIoHandler.run(NioIoHandler.java:484)\n\tat io.netty.channel.SingleThreadIoEventLoop.runIo(SingleThreadIoEventLoop.java:225)\n\tat io.netty.channel.SingleThreadIoEventLoop.run(SingleThreadIoEventLoop.java:196)\n\tat io.netty.util.concurrent.SingleThreadEventExecutor$5.run(SingleThreadEventExecutor.java:1195)\n\tat io.netty.util.internal.ThreadExecutorMap$2.run(ThreadExecutorMap.java:74)\n\tat io.netty.util.concurrent.FastThreadLocalRunnable.run(FastThreadLocalRunnable.java:30)\n\tat java.lang.Thread.run(Thread.java:920)\n"}}
04-15 11:34:09.022 26119 26149 I appium  : channel read: POST /session/d881b2af-69d1-4a39-9226-2fdde70631cb/element
04-15 11:34:09.023 26119 26149 I appium  : FindElement command
04-15 11:34:09.023 26119 26149 I appium  : method: 'id', selector: 'ru.otus.wishlist:id/wishlists'
04-15 11:34:09.023 26119 26149 I appium  : Waiting up to 10000ms for the device to idle
04-15 11:34:09.188 26159 26178 D EGL_emulation: app_time_stats: avg=135.23ms min=7.88ms max=1211.75ms count=10
04-15 11:34:09.259 26119 26149 I appium  : AppiumResponse: {"sessionId":"d881b2af-69d1-4a39-9226-2fdde70631cb","value":{"ELEMENT":"00000000-0000-0d0b-ffff-ffff0000005e","element-6066-11e4-a52e-4f735466cecf":"00000000-0000-0d0b-ffff-ffff0000005e"}}
04-15 11:34:09.269 26119 26149 I appium  : channel read: POST /session/d881b2af-69d1-4a39-9226-2fdde70631cb/element
04-15 11:34:09.271 26119 26149 I appium  : FindElement command
04-15 11:34:09.273 26119 26149 I appium  : method: 'id', selector: 'ru.otus.wishlist:id/wishlist_item', contextId: '00000000-0000-0d0b-ffff-ffff0000005e'
04-15 11:34:09.848 26119 26149 D UiObject2: Retrieving node with selector: BySelector [RES='\Qru.otus.wishlist:id/wishlist_item\E'].
04-15 11:34:09.855 26119 26149 I appium  : AppiumResponse: {"sessionId":"d881b2af-69d1-4a39-9226-2fdde70631cb","value":{"ELEMENT":"00000000-0000-0d0b-ffff-ffff00000066","element-6066-11e4-a52e-4f735466cecf":"00000000-0000-0d0b-ffff-ffff00000066"}}
04-15 11:34:09.863 26119 26149 I appium  : channel read: GET /session/d881b2af-69d1-4a39-9226-2fdde70631cb/element/00000000-0000-0d0b-ffff-ffff00000066/attribute/displayed
04-15 11:34:09.864 26119 26149 I appium  : GetElementAttribute command
04-15 11:34:09.867 26119 26149 I appium  : AppiumResponse: {"sessionId":"d881b2af-69d1-4a39-9226-2fdde70631cb","value":"true"}
04-15 11:34:09.876 26119 26149 I appium  : channel read: POST /session/d881b2af-69d1-4a39-9226-2fdde70631cb/element
04-15 11:34:09.876 26119 26149 I appium  : FindElement command
04-15 11:34:09.877 26119 26149 I appium  : method: 'id', selector: 'ru.otus.wishlist:id/wishlists'
04-15 11:34:09.878 26119 26149 I appium  : Waiting up to 10000ms for the device to idle
04-15 11:34:09.889 26119 26149 I appium  : AppiumResponse: {"sessionId":"d881b2af-69d1-4a39-9226-2fdde70631cb","value":{"ELEMENT":"00000000-0000-0d0b-ffff-ffff0000005e","element-6066-11e4-a52e-4f735466cecf":"00000000-0000-0d0b-ffff-ffff0000005e"}}
04-15 11:34:09.898 26119 26149 I appium  : channel read: POST /session/d881b2af-69d1-4a39-9226-2fdde70631cb/element
04-15 11:34:09.898 26119 26149 I appium  : FindElement command
04-15 11:34:09.899 26119 26149 I appium  : method: 'id', selector: 'ru.otus.wishlist:id/wishlist_item', contextId: '00000000-0000-0d0b-ffff-ffff0000005e'
04-15 11:34:09.901 26119 26149 D UiObject2: Retrieving node with selector: BySelector [RES='\Qru.otus.wishlist:id/wishlist_item\E'].
04-15 11:34:09.904 26119 26149 I appium  : AppiumResponse: {"sessionId":"d881b2af-69d1-4a39-9226-2fdde70631cb","value":{"ELEMENT":"00000000-0000-0d0b-ffff-ffff00000066","element-6066-11e4-a52e-4f735466cecf":"00000000-0000-0d0b-ffff-ffff00000066"}}
04-15 11:34:09.911 26119 26149 I appium  : channel read: POST /session/d881b2af-69d1-4a39-9226-2fdde70631cb/element
04-15 11:34:09.912 26119 26149 I appium  : FindElement command
04-15 11:34:09.912 26119 26149 I appium  : method: 'id', selector: 'ru.otus.wishlist:id/title', contextId: '00000000-0000-0d0b-ffff-ffff00000066'
04-15 11:34:09.915 26119 26149 D UiObject2: Retrieving node with selector: BySelector [RES='\Qru.otus.wishlist:id/title\E'].
04-15 11:34:09.917 26119 26149 I appium  : AppiumResponse: {"sessionId":"d881b2af-69d1-4a39-9226-2fdde70631cb","value":{"ELEMENT":"00000000-0000-0d0b-ffff-ffff00000067","element-6066-11e4-a52e-4f735466cecf":"00000000-0000-0d0b-ffff-ffff00000067"}}
04-15 11:34:09.925 26119 26149 I appium  : channel read: GET /session/d881b2af-69d1-4a39-9226-2fdde70631cb/element/00000000-0000-0d0b-ffff-ffff00000067/attribute/displayed
04-15 11:34:09.926 26119 26149 I appium  : GetElementAttribute command
04-15 11:34:09.930 26119 26149 I appium  : AppiumResponse: {"sessionId":"d881b2af-69d1-4a39-9226-2fdde70631cb","value":"true"}
04-15 11:34:09.937 26119 26149 I appium  : channel read: POST /session/d881b2af-69d1-4a39-9226-2fdde70631cb/element
04-15 11:34:09.938 26119 26149 I appium  : FindElement command
04-15 11:34:09.939 26119 26149 I appium  : method: 'id', selector: 'ru.otus.wishlist:id/wishlists'
04-15 11:34:09.939 26119 26149 I appium  : Waiting up to 10000ms for the device to idle
04-15 11:34:09.943 12660 12660 W WindowManager: removeWindowToken: Attempted to remove non-existing token: android.os.Binder@8cfa0a1
04-15 11:34:09.950 26119 26149 I appium  : AppiumResponse: {"sessionId":"d881b2af-69d1-4a39-9226-2fdde70631cb","value":{"ELEMENT":"00000000-0000-0d0b-ffff-ffff0000005e","element-6066-11e4-a52e-4f735466cecf":"00000000-0000-0d0b-ffff-ffff0000005e"}}
04-15 11:34:09.957 26119 26149 I appium  : channel read: POST /session/d881b2af-69d1-4a39-9226-2fdde70631cb/element
04-15 11:34:09.958 26119 26149 I appium  : FindElement command
04-15 11:34:09.959 26119 26149 I appium  : method: 'id', selector: 'ru.otus.wishlist:id/wishlist_item', contextId: '00000000-0000-0d0b-ffff-ffff0000005e'
04-15 11:34:09.961 26119 26149 D UiObject2: Retrieving node with selector: BySelector [RES='\Qru.otus.wishlist:id/wishlist_item\E'].
04-15 11:34:09.964 26119 26149 I appium  : AppiumResponse: {"sessionId":"d881b2af-69d1-4a39-9226-2fdde70631cb","value":{"ELEMENT":"00000000-0000-0d0b-ffff-ffff00000066","element-6066-11e4-a52e-4f735466cecf":"00000000-0000-0d0b-ffff-ffff00000066"}}
04-15 11:34:09.971 26119 26149 I appium  : channel read: POST /session/d881b2af-69d1-4a39-9226-2fdde70631cb/element
04-15 11:34:09.971 26119 26149 I appium  : FindElement command
04-15 11:34:09.972 26119 26149 I appium  : method: 'id', selector: 'ru.otus.wishlist:id/title', contextId: '00000000-0000-0d0b-ffff-ffff00000066'
04-15 11:34:09.975 26119 26149 D UiObject2: Retrieving node with selector: BySelector [RES='\Qru.otus.wishlist:id/title\E'].
04-15 11:34:09.977 26119 26149 I appium  : AppiumResponse: {"sessionId":"d881b2af-69d1-4a39-9226-2fdde70631cb","value":{"ELEMENT":"00000000-0000-0d0b-ffff-ffff00000067","element-6066-11e4-a52e-4f735466cecf":"00000000-0000-0d0b-ffff-ffff00000067"}}
04-15 11:34:09.984 26119 26149 I appium  : channel read: GET /session/d881b2af-69d1-4a39-9226-2fdde70631cb/element/00000000-0000-0d0b-ffff-ffff00000067/attribute/displayed
04-15 11:34:09.985 26119 26149 I appium  : GetElementAttribute command
04-15 11:34:09.989 26119 26149 I appium  : AppiumResponse: {"sessionId":"d881b2af-69d1-4a39-9226-2fdde70631cb","value":"true"}
04-15 11:34:09.996 26119 26149 I appium  : channel read: POST /session/d881b2af-69d1-4a39-9226-2fdde70631cb/element/00000000-0000-0d0b-ffff-ffff00000067/click
04-15 11:34:09.996 26119 26149 I appium  : Click command
04-15 11:34:10.032 26119 26149 W GestureController: Gestures took longer than expected (33ms >> 16ms), device might be in a busy state.
04-15 11:34:10.033 26119 26149 I appium  : Waiting up to 10000ms for the device to idle
04-15 11:34:10.034 26119 26149 I appium  : AppiumResponse: {"sessionId":"d881b2af-69d1-4a39-9226-2fdde70631cb","value":null}
04-15 11:34:10.048 26119 26149 I appium  : channel read: POST /session/d881b2af-69d1-4a39-9226-2fdde70631cb/element
04-15 11:34:10.049 26119 26149 I appium  : FindElement command
04-15 11:34:10.051 26119 26149 I appium  : method: 'id', selector: 'ru.otus.wishlist:id/add_button'
04-15 11:34:10.053 26119 26149 I appium  : Waiting up to 10000ms for the device to idle
04-15 11:34:10.063 26159 26168 I u.otus.wishlis: JIT allocated 77KB for compiled code of void android.view.View.<init>(android.content.Context, android.util.AttributeSet, int, int)
04-15 11:34:10.111 26119 26149 I appium  : AppiumResponse: {"sessionId":"d881b2af-69d1-4a39-9226-2fdde70631cb","value":{"ELEMENT":"00000000-0000-0d0b-ffff-ffff0000007f","element-6066-11e4-a52e-4f735466cecf":"00000000-0000-0d0b-ffff-ffff0000007f"}}
04-15 11:34:10.118 26119 26149 I appium  : channel read: GET /session/d881b2af-69d1-4a39-9226-2fdde70631cb/element/00000000-0000-0d0b-ffff-ffff0000007f/attribute/displayed
04-15 11:34:10.118 26119 26149 I appium  : GetElementAttribute command
04-15 11:34:10.343 26159 26201 D ProfileInstaller: Installing profile for ru.otus.wishlist
04-15 11:34:10.514 22935 23039 V NativeCrypto: SSL handshake aborted: ssl=0x7daa83e60698: I/O error during system call, Connection reset by peer
04-15 11:34:10.656 26119 26149 I appium  : AppiumResponse: {"sessionId":"d881b2af-69d1-4a39-9226-2fdde70631cb","value":"true"}
04-15 11:34:10.665 26119 26149 I appium  : channel read: POST /session/d881b2af-69d1-4a39-9226-2fdde70631cb/element
04-15 11:34:10.667 26119 26149 I appium  : FindElement command
04-15 11:34:10.668 26119 26149 I appium  : method: 'id', selector: 'ru.otus.wishlist:id/add_button'
04-15 11:34:10.669 26119 26149 I appium  : Waiting up to 10000ms for the device to idle
04-15 11:34:10.678 26119 26149 I appium  : AppiumResponse: {"sessionId":"d881b2af-69d1-4a39-9226-2fdde70631cb","value":{"ELEMENT":"00000000-0000-0d0b-ffff-ffff0000007f","element-6066-11e4-a52e-4f735466cecf":"00000000-0000-0d0b-ffff-ffff0000007f"}}
04-15 11:34:10.687 26119 26149 I appium  : channel read: GET /session/d881b2af-69d1-4a39-9226-2fdde70631cb/element/00000000-0000-0d0b-ffff-ffff0000007f/attribute/displayed
04-15 11:34:10.687 26119 26149 I appium  : GetElementAttribute command
04-15 11:34:10.691 26119 26149 I appium  : AppiumResponse: {"sessionId":"d881b2af-69d1-4a39-9226-2fdde70631cb","value":"true"}
04-15 11:34:10.698 26119 26149 I appium  : channel read: POST /session/d881b2af-69d1-4a39-9226-2fdde70631cb/element/00000000-0000-0d0b-ffff-ffff0000007f/click
04-15 11:34:10.699 26119 26149 I appium  : Click command
04-15 11:34:10.726 26159 26178 D EGL_emulation: app_time_stats: avg=81.18ms min=1.89ms max=758.81ms count=17
04-15 11:34:10.732 26119 26149 I appium  : Waiting up to 10000ms for the device to idle
04-15 11:34:10.733 26119 26149 I appium  : AppiumResponse: {"sessionId":"d881b2af-69d1-4a39-9226-2fdde70631cb","value":null}
04-15 11:34:10.742 26119 26149 I appium  : channel read: POST /session/d881b2af-69d1-4a39-9226-2fdde70631cb/element
04-15 11:34:10.742 26119 26149 I appium  : FindElement command
04-15 11:34:10.743 26119 26149 I appium  : method: 'id', selector: 'ru.otus.wishlist:id/gift_edit_title'
04-15 11:34:10.744 26119 26149 I appium  : Waiting up to 10000ms for the device to idle
04-15 11:34:10.824   371   411 D goldfish-address-space: claimShared: Ask to claim region [0x3f6caf000 0x3f78be000]
04-15 11:34:10.847 12833 12920 D EGL_emulation: app_time_stats: avg=152.74ms min=1.23ms max=4474.88ms count=30
04-15 11:34:10.862   371   411 D goldfish-address-space: claimShared: Ask to claim region [0x3f4fc3000 0x3f5bd2000]
04-15 11:34:10.894   371   410 D goldfish-address-space: claimShared: Ask to claim region [0x3f8000000 0x3f8c0f000]
04-15 11:34:10.949 26119 26149 W ByMatcher: Node returned null child: android.view.accessibility.AccessibilityNodeInfo@800079c9; boundsInParent: Rect(0, 0 - 1080, 2340); boundsInScreen: Rect(0, 0 - 1080, 2340); packageName: ru.otus.wishlist; className: android.widget.FrameLayout; text: null; error: null; maxTextLength: -1; stateDescription: null; contentDescription: null; tooltipText: null; viewIdResName: null; checkable: false; checked: false; focusable: false; focused: false; selected: false; clickable: false; longClickable: false; contextClickable: false; enabled: true; password: false; scrollable: false; importantForAccessibility: true; visible: true; actions: [AccessibilityAction: ACTION_SELECT - null, AccessibilityAction: ACTION_CLEAR_SELECTION - null, AccessibilityAction: ACTION_ACCESSIBILITY_FOCUS - null, AccessibilityAction: ACTION_SHOW_ON_SCREEN - null]
04-15 11:34:10.949 26119 26149 W ByMatcher: Skipping null child (0 of 2)
04-15 11:34:10.950 26119 26149 W ByMatcher: Skipping null child (1 of 2)
04-15 11:34:10.950 26119 26149 W ByMatcher: Node returned null child: android.view.accessibility.AccessibilityNodeInfo@800079c9; boundsInParent: Rect(0, 0 - 1080, 2340); boundsInScreen: Rect(0, 0 - 1080, 2340); packageName: ru.otus.wishlist; className: android.widget.FrameLayout; text: null; error: null; maxTextLength: -1; stateDescription: null; contentDescription: null; tooltipText: null; viewIdResName: null; checkable: false; checked: false; focusable: false; focused: false; selected: false; clickable: false; longClickable: false; contextClickable: false; enabled: true; password: false; scrollable: false; importantForAccessibility: true; visible: true; actions: [AccessibilityAction: ACTION_SELECT - null, AccessibilityAction: ACTION_CLEAR_SELECTION - null, AccessibilityAction: ACTION_ACCESSIBILITY_FOCUS - null, AccessibilityAction: ACTION_SHOW_ON_SCREEN - null]
04-15 11:34:10.951 26119 26149 W ByMatcher: Skipping null child (0 of 2)
04-15 11:34:10.951 26119 26149 W ByMatcher: Skipping null child (1 of 2)
04-15 11:34:10.953 26119 26149 I appium  : AppiumResponse: {"sessionId":"d881b2af-69d1-4a39-9226-2fdde70631cb","value":{"error":"no such element","message":"An element could not be located on the page using the given search parameters","stacktrace":"io.appium.uiautomator2.common.exceptions.ElementNotFoundException: An element could not be located on the page using the given search parameters\n\tat io.appium.uiautomator2.handler.FindElement.safeHandle(FindElement.java:63)\n\tat io.appium.uiautomator2.handler.request.SafeRequestHandler.handle(SafeRequestHandler.java:59)\n\tat io.appium.uiautomator2.server.AppiumServlet.handleRequest(AppiumServlet.java:267)\n\tat io.appium.uiautomator2.server.AppiumServlet.handleHttpRequest(AppiumServlet.java:261)\n\tat io.appium.uiautomator2.http.ServerHandler.channelRead(ServerHandler.java:77)\n\tat io.netty.channel.AbstractChannelHandlerContext.fireChannelRead(AbstractChannelHandlerContext.java:356)\n\tat io.netty.handler.codec.MessageToMessageDecoder.channelRead(MessageToMessageDecoder.java:107)\n\tat io.netty.channel.AbstractChannelHandlerContext.fireChannelRead(AbstractChannelHandlerContext.java:356)\n\tat io.netty.channel.CombinedChannelDuplexHandler$DelegatingChannelHandlerContext.fireChannelRead(CombinedChannelDuplexHandler.java:434)\n\tat io.netty.handler.codec.ByteToMessageDecoder.fireChannelRead(ByteToMessageDecoder.java:361)\n\tat io.netty.handler.codec.ByteToMessageDecoder.channelRead(ByteToMessageDecoder.java:325)\n\tat io.netty.channel.CombinedChannelDuplexHandler.channelRead(CombinedChannelDuplexHandler.java:249)\n\tat io.netty.channel.AbstractChannelHandlerContext.fireChannelRead(AbstractChannelHandlerContext.java:354)\n\tat io.netty.handler.timeout.IdleStateHandler.channelRead(IdleStateHandler.java:293)\n\tat io.netty.channel.AbstractChannelHandlerContext.fireChannelRead(AbstractChannelHandlerContext.java:354)\n\tat io.netty.channel.DefaultChannelPipeline$HeadContext.channelRead(DefaultChannelPipeline.java:1429)\n\tat io.netty.channel.DefaultChannelPipeline.fireChannelRead(DefaultChannelPipeline.java:918)\n\tat io.netty.channel.nio.AbstractNioByteChannel$NioByteUnsafe.read(AbstractNioByteChannel.java:172)\n\tat io.netty.channel.nio.AbstractNioChannel$AbstractNioUnsafe.handle(AbstractNioChannel.java:445)\n\tat io.netty.channel.nio.NioIoHandler$DefaultNioRegistration.handle(NioIoHandler.java:388)\n\tat io.netty.channel.nio.NioIoHandler.processSelectedKey(NioIoHandler.java:596)\n\tat io.netty.channel.nio.NioIoHandler.processSelectedKeysOptimized(NioIoHandler.java:571)\n\tat io.netty.channel.nio.NioIoHandler.processSelectedKeys(NioIoHandler.java:512)\n\tat io.netty.channel.nio.NioIoHandler.run(NioIoHandler.java:484)\n\tat io.netty.channel.SingleThreadIoEventLoop.runIo(SingleThreadIoEventLoop.java:225)\n\tat io.netty.channel.SingleThreadIoEventLoop.run(SingleThreadIoEventLoop.java:196)\n\tat io.netty.util.concurrent.SingleThreadEventExecutor$5.run(SingleThreadEventExecutor.java:1195)\n\tat io.netty.util.internal.ThreadExecutorMap$2.run(ThreadExecutorMap.java:74)\n\tat io.netty.util.concurrent.FastThreadLocalRunnable.run(FastThreadLocalRunnable.java:30)\n\tat java.lang.Thread.run(Thread.java:920)\n"}}
04-15 11:34:11.015 13314 13314 I GoogleInputMethodService: GoogleInputMethodService.onFinishInput():3420 
04-15 11:34:11.015 13314 13314 W KeyboardViewController: KeyboardViewController.show():477 Requesting to show sub view with id 2131428268(#0x7f0b03ac) when keyboard HEADER view is not ready to show
04-15 11:34:11.015 13314 13314 I GoogleInputMethodService: GoogleInputMethodService.onStartInput():2002 
04-15 11:34:11.017 13314 13314 I DeviceUnlockedTag: DeviceUnlockedTag.notifyDeviceLockStatusChanged():31 Notify device unlocked.
04-15 11:34:11.017 13314 13314 I ShortcutsDataManager: AbstractContentDataManager.startImportContentTask():235 startImportContentTask()
04-15 11:34:11.017 13314 13602 I ShortcutsDataManager: AbstractContentDataManager$ImportContentTask.doInBackground():249 doInBackground()
04-15 11:34:11.017 13314 13602 I PersonalDictionaryDataHandler: PersonalDictionaryDataHandler.beginProcess():111 LanguageTags = [en-US]
04-15 11:34:11.026 13314 13602 I ShortcutsDataManager: AbstractContentDataManager.importRecords():339 importRecords() : Success : Count = 0
04-15 11:34:11.027 13314 13602 I ShortcutsDataManager: AbstractContentDataManager.importContentData():289 importContentData() : Ending import process
04-15 11:34:11.027 13314 15962 I Delight5Decoder: Delight5DecoderWrapper.unloadLanguageModel():820 unloadLanguageModel() : 4, version [n/a]
04-15 11:34:11.036 13314 13602 I PersonalLanguageModelUpdater: PersonalLanguageModelUpdater$UpdateOperation.performInternal():162 run() : Added 0 words and 0 shortcuts
04-15 11:34:11.036 13314 13602 I DynamicLanguageModelOperation: DynamicLanguageModelOperation.perform():38 perform() : 4 : cny : Completed
04-15 11:34:11.036 13314 15962 I Delight5Decoder: Delight5DecoderWrapper.loadLanguageModel():614 loadLanguageModel() : 4, version [n/a]
04-15 11:34:11.037 13314 15962 I Delight5Decoder: Delight5DecoderWrapper.loadLanguageModel():652 Loaded dynamic LM 4.en
04-15 11:34:11.037 13314 13314 I ShortcutsDataManager: AbstractContentDataManager$ImportContentTask.onPostExecute():260 onPostExecute() : Result = [2,0]
04-15 11:34:11.038 13314 13314 I ShortcutsDataManager: ShortcutsDataManager.onImportFinished():83 onImportFinished() : Result = 2 : Count = 0
04-15 11:34:11.478 26119 26149 I appium  : channel read: POST /session/d881b2af-69d1-4a39-9226-2fdde70631cb/element
04-15 11:34:11.479 26119 26149 I appium  : FindElement command
04-15 11:34:11.479 26119 26149 I appium  : method: 'id', selector: 'ru.otus.wishlist:id/gift_edit_title'
04-15 11:34:11.480 26119 26149 I appium  : Waiting up to 10000ms for the device to idle
04-15 11:34:11.601 26119 26149 I appium  : AppiumResponse: {"sessionId":"d881b2af-69d1-4a39-9226-2fdde70631cb","value":{"ELEMENT":"00000000-0000-0d0c-ffff-ffff0000008a","element-6066-11e4-a52e-4f735466cecf":"00000000-0000-0d0c-ffff-ffff0000008a"}}
04-15 11:34:11.609 26119 26149 I appium  : channel read: GET /session/d881b2af-69d1-4a39-9226-2fdde70631cb/element/00000000-0000-0d0c-ffff-ffff0000008a/attribute/displayed
04-15 11:34:11.609 26119 26149 I appium  : GetElementAttribute command
04-15 11:34:11.619 26119 26149 I appium  : AppiumResponse: {"sessionId":"d881b2af-69d1-4a39-9226-2fdde70631cb","value":"true"}
04-15 11:34:11.627 26119 26149 I appium  : channel read: POST /session/d881b2af-69d1-4a39-9226-2fdde70631cb/element
04-15 11:34:11.627 26119 26149 I appium  : FindElement command
04-15 11:34:11.628 26119 26149 I appium  : method: 'id', selector: 'ru.otus.wishlist:id/gift_edit_title'
04-15 11:34:11.628 26119 26149 I appium  : Waiting up to 10000ms for the device to idle
04-15 11:34:11.634 26119 26149 I appium  : AppiumResponse: {"sessionId":"d881b2af-69d1-4a39-9226-2fdde70631cb","value":{"ELEMENT":"00000000-0000-0d0c-ffff-ffff0000008a","element-6066-11e4-a52e-4f735466cecf":"00000000-0000-0d0c-ffff-ffff0000008a"}}
04-15 11:34:11.641 26119 26149 I appium  : channel read: GET /session/d881b2af-69d1-4a39-9226-2fdde70631cb/element/00000000-0000-0d0c-ffff-ffff0000008a/name
04-15 11:34:11.641 26119 26149 I appium  : GetName command
04-15 11:34:11.645 26119 26149 I appium  : AppiumResponse: {"sessionId":"d881b2af-69d1-4a39-9226-2fdde70631cb","value":null}
04-15 11:34:11.651 26119 26149 I appium  : channel read: GET /session/d881b2af-69d1-4a39-9226-2fdde70631cb/element/00000000-0000-0d0c-ffff-ffff0000008a/text
04-15 11:34:11.652 26119 26149 I appium  : GetText command
04-15 11:34:11.655 26119 26149 I appium  : AppiumResponse: {"sessionId":"d881b2af-69d1-4a39-9226-2fdde70631cb","value":"Новый подарок"}
04-15 11:34:11.662 26119 26149 I appium  : channel read: POST /session/d881b2af-69d1-4a39-9226-2fdde70631cb/element
04-15 11:34:11.663 26119 26149 I appium  : FindElement command
04-15 11:34:11.663 26119 26149 I appium  : method: 'id', selector: 'ru.otus.wishlist:id/name_input'
04-15 11:34:11.663 26119 26149 I appium  : Waiting up to 10000ms for the device to idle
04-15 11:34:11.669 26119 26149 I appium  : AppiumResponse: {"sessionId":"d881b2af-69d1-4a39-9226-2fdde70631cb","value":{"ELEMENT":"00000000-0000-0d0c-ffff-ffff0000008d","element-6066-11e4-a52e-4f735466cecf":"00000000-0000-0d0c-ffff-ffff0000008d"}}
04-15 11:34:11.677 26119 26149 I appium  : channel read: GET /session/d881b2af-69d1-4a39-9226-2fdde70631cb/element/00000000-0000-0d0c-ffff-ffff0000008d/attribute/displayed
04-15 11:34:11.678 26119 26149 I appium  : GetElementAttribute command
04-15 11:34:11.682 26119 26149 I appium  : AppiumResponse: {"sessionId":"d881b2af-69d1-4a39-9226-2fdde70631cb","value":"true"}
04-15 11:34:11.691 26119 26149 I appium  : channel read: POST /session/d881b2af-69d1-4a39-9226-2fdde70631cb/element
04-15 11:34:11.691 26119 26149 I appium  : FindElement command
04-15 11:34:11.692 26119 26149 I appium  : method: 'id', selector: 'ru.otus.wishlist:id/name_input'
04-15 11:34:11.693 26119 26149 I appium  : Waiting up to 10000ms for the device to idle
04-15 11:34:11.698 26119 26149 I appium  : AppiumResponse: {"sessionId":"d881b2af-69d1-4a39-9226-2fdde70631cb","value":{"ELEMENT":"00000000-0000-0d0c-ffff-ffff0000008d","element-6066-11e4-a52e-4f735466cecf":"00000000-0000-0d0c-ffff-ffff0000008d"}}
04-15 11:34:11.705 26119 26149 I appium  : channel read: GET /session/d881b2af-69d1-4a39-9226-2fdde70631cb/element/00000000-0000-0d0c-ffff-ffff0000008d/attribute/displayed
04-15 11:34:11.706 26119 26149 I appium  : GetElementAttribute command
04-15 11:34:11.711 26119 26149 I appium  : AppiumResponse: {"sessionId":"d881b2af-69d1-4a39-9226-2fdde70631cb","value":"true"}
04-15 11:34:11.718 26119 26149 I appium  : channel read: POST /session/d881b2af-69d1-4a39-9226-2fdde70631cb/element/00000000-0000-0d0c-ffff-ffff0000008d/clear
04-15 11:34:11.719 26119 26149 I appium  : Clear command
04-15 11:34:11.722 26119 26149 D UiObject2: Setting text to ''.
04-15 11:34:11.725 26119 26149 I appium  : AppiumResponse: {"sessionId":"d881b2af-69d1-4a39-9226-2fdde70631cb","value":null}
04-15 11:34:11.733 26119 26149 I appium  : channel read: POST /session/d881b2af-69d1-4a39-9226-2fdde70631cb/element
04-15 11:34:11.733 26119 26149 I appium  : FindElement command
04-15 11:34:11.734 26119 26149 I appium  : method: 'id', selector: 'ru.otus.wishlist:id/name_input'
04-15 11:34:11.734 26119 26149 I appium  : Waiting up to 10000ms for the device to idle
04-15 11:34:11.743 26119 26149 I appium  : AppiumResponse: {"sessionId":"d881b2af-69d1-4a39-9226-2fdde70631cb","value":{"ELEMENT":"00000000-0000-0d0c-ffff-ffff0000008d","element-6066-11e4-a52e-4f735466cecf":"00000000-0000-0d0c-ffff-ffff0000008d"}}
04-15 11:34:11.752 26119 26149 I appium  : channel read: POST /session/d881b2af-69d1-4a39-9226-2fdde70631cb/element/00000000-0000-0d0c-ffff-ffff0000008d/value
04-15 11:34:11.753 26119 26149 I appium  : SendKeysToElement command
04-15 11:34:12.229 26119 26149 D UiObject2: Setting text to ''.
04-15 11:34:12.240 26159 26178 D EGL_emulation: app_time_stats: avg=118.23ms min=10.43ms max=614.21ms count=11
04-15 11:34:12.280 24438 24606 V NativeCrypto: SSL handshake aborted: ssl=0x7daa83e5ac98: I/O error during system call, Connection reset by peer
04-15 11:34:12.745 26119 26149 I appium  : AppiumResponse: {"sessionId":"d881b2af-69d1-4a39-9226-2fdde70631cb","value":null}
04-15 11:34:12.746 13314 13314 I ShortcutsDataManager: ShortcutsDataManager.onContentChanged():73 onContentChanged()
04-15 11:34:12.753 26119 26149 I appium  : channel read: POST /session/d881b2af-69d1-4a39-9226-2fdde70631cb/element
04-15 11:34:12.754 26119 26149 I appium  : FindElement command
04-15 11:34:12.755 26119 26149 I appium  : method: 'id', selector: 'ru.otus.wishlist:id/price_input'
04-15 11:34:12.755 26119 26149 I appium  : Waiting up to 10000ms for the device to idle
04-15 11:34:12.766 26119 26149 I appium  : AppiumResponse: {"sessionId":"d881b2af-69d1-4a39-9226-2fdde70631cb","value":{"ELEMENT":"00000000-0000-0d0c-ffff-ffff00000098","element-6066-11e4-a52e-4f735466cecf":"00000000-0000-0d0c-ffff-ffff00000098"}}
04-15 11:34:12.774 26119 26149 I appium  : channel read: GET /session/d881b2af-69d1-4a39-9226-2fdde70631cb/element/00000000-0000-0d0c-ffff-ffff00000098/attribute/displayed
04-15 11:34:12.775 26119 26149 I appium  : GetElementAttribute command
04-15 11:34:12.858 12814 12814 I wpa_supplicant: wlan0: CTRL-EVENT-BEACON-LOSS 
04-15 11:34:13.249 26119 26149 I appium  : AppiumResponse: {"sessionId":"d881b2af-69d1-4a39-9226-2fdde70631cb","value":"true"}
04-15 11:34:13.258 26119 26149 I appium  : channel read: POST /session/d881b2af-69d1-4a39-9226-2fdde70631cb/element
04-15 11:34:13.258 26119 26149 I appium  : FindElement command
04-15 11:34:13.259 26119 26149 I appium  : method: 'id', selector: 'ru.otus.wishlist:id/price_input'
04-15 11:34:13.260 26119 26149 I appium  : Waiting up to 10000ms for the device to idle
04-15 11:34:13.266 26119 26149 I appium  : AppiumResponse: {"sessionId":"d881b2af-69d1-4a39-9226-2fdde70631cb","value":{"ELEMENT":"00000000-0000-0d0c-ffff-ffff00000098","element-6066-11e4-a52e-4f735466cecf":"00000000-0000-0d0c-ffff-ffff00000098"}}
04-15 11:34:13.274 26119 26149 I appium  : channel read: GET /session/d881b2af-69d1-4a39-9226-2fdde70631cb/element/00000000-0000-0d0c-ffff-ffff00000098/attribute/displayed
04-15 11:34:13.274 26119 26149 I appium  : GetElementAttribute command
04-15 11:34:13.278 26119 26149 I appium  : AppiumResponse: {"sessionId":"d881b2af-69d1-4a39-9226-2fdde70631cb","value":"true"}
04-15 11:34:13.287 26119 26149 I appium  : channel read: POST /session/d881b2af-69d1-4a39-9226-2fdde70631cb/element/00000000-0000-0d0c-ffff-ffff00000098/clear
04-15 11:34:13.288 26119 26149 I appium  : Clear command
04-15 11:34:13.292 26119 26149 D UiObject2: Setting text to ''.
04-15 11:34:13.295 26119 26149 I appium  : AppiumResponse: {"sessionId":"d881b2af-69d1-4a39-9226-2fdde70631cb","value":null}
04-15 11:34:13.308 26159 26178 D EGL_emulation: app_time_stats: avg=41.03ms min=13.01ms max=519.69ms count=26
04-15 11:34:13.308   211 26067 I keystore2: keystore2::watchdog: Watchdog thread idle -> terminating. Have a great day.
04-15 11:34:13.310 26119 26149 I appium  : channel read: POST /session/d881b2af-69d1-4a39-9226-2fdde70631cb/element
04-15 11:34:13.310 26119 26149 I appium  : FindElement command
04-15 11:34:13.312 26119 26149 I appium  : method: 'id', selector: 'ru.otus.wishlist:id/price_input'
04-15 11:34:13.312 26119 26149 I appium  : Waiting up to 10000ms for the device to idle
04-15 11:34:13.805 26119 26149 I appium  : AppiumResponse: {"sessionId":"d881b2af-69d1-4a39-9226-2fdde70631cb","value":{"ELEMENT":"00000000-0000-0d0c-ffff-ffff00000098","element-6066-11e4-a52e-4f735466cecf":"00000000-0000-0d0c-ffff-ffff00000098"}}
04-15 11:34:13.814 26119 26149 I appium  : channel read: POST /session/d881b2af-69d1-4a39-9226-2fdde70631cb/element/00000000-0000-0d0c-ffff-ffff00000098/value
04-15 11:34:13.815 26119 26149 I appium  : SendKeysToElement command
04-15 11:34:13.822 26119 26149 D UiObject2: Setting text to ''.
04-15 11:34:14.126 12660 12660 W WindowManager: removeWindowToken: Attempted to remove non-existing token: android.os.Binder@1157444
04-15 11:34:14.337 26119 26149 I appium  : AppiumResponse: {"sessionId":"d881b2af-69d1-4a39-9226-2fdde70631cb","value":null}
04-15 11:34:14.341 26159 26178 D EGL_emulation: app_time_stats: avg=516.32ms min=500.52ms max=532.13ms count=2
04-15 11:34:14.346 26119 26149 I appium  : channel read: POST /session/d881b2af-69d1-4a39-9226-2fdde70631cb/element
04-15 11:34:14.347 26119 26149 I appium  : FindElement command
04-15 11:34:14.349 26119 26149 I appium  : method: 'id', selector: 'ru.otus.wishlist:id/description_input'
04-15 11:34:14.349 26119 26149 I appium  : Waiting up to 10000ms for the device to idle
04-15 11:34:14.844 26119 26149 I appium  : AppiumResponse: {"sessionId":"d881b2af-69d1-4a39-9226-2fdde70631cb","value":{"ELEMENT":"00000000-0000-0d0c-ffff-ffff000000a3","element-6066-11e4-a52e-4f735466cecf":"00000000-0000-0d0c-ffff-ffff000000a3"}}
04-15 11:34:14.852 26119 26149 I appium  : channel read: GET /session/d881b2af-69d1-4a39-9226-2fdde70631cb/element/00000000-0000-0d0c-ffff-ffff000000a3/attribute/displayed
04-15 11:34:14.852 26119 26149 I appium  : GetElementAttribute command
04-15 11:34:14.856 26119 26149 I appium  : AppiumResponse: {"sessionId":"d881b2af-69d1-4a39-9226-2fdde70631cb","value":"true"}
04-15 11:34:14.864 26119 26149 I appium  : channel read: POST /session/d881b2af-69d1-4a39-9226-2fdde70631cb/element
04-15 11:34:14.864 26119 26149 I appium  : FindElement command
04-15 11:34:14.866 26119 26149 I appium  : method: 'id', selector: 'ru.otus.wishlist:id/description_input'
04-15 11:34:14.866 26119 26149 I appium  : Waiting up to 10000ms for the device to idle
04-15 11:34:14.875 26119 26149 I appium  : AppiumResponse: {"sessionId":"d881b2af-69d1-4a39-9226-2fdde70631cb","value":{"ELEMENT":"00000000-0000-0d0c-ffff-ffff000000a3","element-6066-11e4-a52e-4f735466cecf":"00000000-0000-0d0c-ffff-ffff000000a3"}}
04-15 11:34:14.881 26119 26149 I appium  : channel read: GET /session/d881b2af-69d1-4a39-9226-2fdde70631cb/element/00000000-0000-0d0c-ffff-ffff000000a3/attribute/displayed
04-15 11:34:14.882 26119 26149 I appium  : GetElementAttribute command
04-15 11:34:14.886 26119 26149 I appium  : AppiumResponse: {"sessionId":"d881b2af-69d1-4a39-9226-2fdde70631cb","value":"true"}
04-15 11:34:14.893 26119 26149 I appium  : channel read: POST /session/d881b2af-69d1-4a39-9226-2fdde70631cb/element/00000000-0000-0d0c-ffff-ffff000000a3/clear
04-15 11:34:14.894 26119 26149 I appium  : Clear command
04-15 11:34:14.897 26119 26149 D UiObject2: Setting text to ''.
04-15 11:34:14.901 26119 26149 I appium  : AppiumResponse: {"sessionId":"d881b2af-69d1-4a39-9226-2fdde70631cb","value":null}
04-15 11:34:14.909 26119 26149 I appium  : channel read: POST /session/d881b2af-69d1-4a39-9226-2fdde70631cb/element
04-15 11:34:14.909 26119 26149 I appium  : FindElement command
04-15 11:34:14.911 26119 26149 I appium  : method: 'id', selector: 'ru.otus.wishlist:id/description_input'
04-15 11:34:14.911 26119 26149 I appium  : Waiting up to 10000ms for the device to idle
04-15 11:34:15.422 26119 26149 I appium  : AppiumResponse: {"sessionId":"d881b2af-69d1-4a39-9226-2fdde70631cb","value":{"ELEMENT":"00000000-0000-0d0c-ffff-ffff000000a3","element-6066-11e4-a52e-4f735466cecf":"00000000-0000-0d0c-ffff-ffff000000a3"}}
04-15 11:34:15.433 26119 26149 I appium  : channel read: POST /session/d881b2af-69d1-4a39-9226-2fdde70631cb/element/00000000-0000-0d0c-ffff-ffff000000a3/value
04-15 11:34:15.434 26119 26149 I appium  : SendKeysToElement command
04-15 11:34:15.440 26119 26149 D UiObject2: Setting text to ''.
04-15 11:34:15.456 26159 26178 D EGL_emulation: app_time_stats: avg=42.79ms min=11.59ms max=550.99ms count=26
04-15 11:34:15.960 26119 26149 I appium  : AppiumResponse: {"sessionId":"d881b2af-69d1-4a39-9226-2fdde70631cb","value":null}
04-15 11:34:15.972 26119 26149 I appium  : channel read: POST /session/d881b2af-69d1-4a39-9226-2fdde70631cb/element
04-15 11:34:15.973 26119 26149 I appium  : FindElement command
04-15 11:34:15.973 26119 26149 I appium  : method: 'id', selector: 'ru.otus.wishlist:id/save_button'
04-15 11:34:15.974 26119 26149 I appium  : Waiting up to 10000ms for the device to idle
04-15 11:34:16.470 26119 26149 I appium  : AppiumResponse: {"sessionId":"d881b2af-69d1-4a39-9226-2fdde70631cb","value":{"ELEMENT":"00000000-0000-0d0c-ffff-ffff000000ac","element-6066-11e4-a52e-4f735466cecf":"00000000-0000-0d0c-ffff-ffff000000ac"}}
04-15 11:34:16.478 26119 26149 I appium  : channel read: GET /session/d881b2af-69d1-4a39-9226-2fdde70631cb/element/00000000-0000-0d0c-ffff-ffff000000ac/attribute/displayed
04-15 11:34:16.478 26119 26149 I appium  : GetElementAttribute command
04-15 11:34:16.481 26119 26149 I appium  : AppiumResponse: {"sessionId":"d881b2af-69d1-4a39-9226-2fdde70631cb","value":"true"}
04-15 11:34:16.488 26119 26149 I appium  : channel read: POST /session/d881b2af-69d1-4a39-9226-2fdde70631cb/element
04-15 11:34:16.489 26119 26149 I appium  : FindElement command
04-15 11:34:16.491 26119 26149 I appium  : method: 'id', selector: 'ru.otus.wishlist:id/save_button'
04-15 11:34:16.491 26119 26149 I appium  : Waiting up to 10000ms for the device to idle
04-15 11:34:16.499 26119 26149 I appium  : AppiumResponse: {"sessionId":"d881b2af-69d1-4a39-9226-2fdde70631cb","value":{"ELEMENT":"00000000-0000-0d0c-ffff-ffff000000ac","element-6066-11e4-a52e-4f735466cecf":"00000000-0000-0d0c-ffff-ffff000000ac"}}
04-15 11:34:16.506 26119 26149 I appium  : channel read: GET /session/d881b2af-69d1-4a39-9226-2fdde70631cb/element/00000000-0000-0d0c-ffff-ffff000000ac/attribute/displayed
04-15 11:34:16.507 26119 26149 I appium  : GetElementAttribute command
04-15 11:34:16.510 26119 26149 I appium  : AppiumResponse: {"sessionId":"d881b2af-69d1-4a39-9226-2fdde70631cb","value":"true"}
04-15 11:34:16.518 26119 26149 I appium  : channel read: POST /session/d881b2af-69d1-4a39-9226-2fdde70631cb/element/00000000-0000-0d0c-ffff-ffff000000ac/click
04-15 11:34:16.519 26119 26149 I appium  : Click command
04-15 11:34:16.524 12660 13672 D CompatibilityChangeReporter: Compat change id reported: 158002302; UID 10151; state: ENABLED
04-15 11:34:16.565 26159 26178 D EGL_emulation: app_time_stats: avg=42.57ms min=11.71ms max=511.13ms count=26
04-15 11:34:16.567 26119 26149 W GestureController: Gestures took longer than expected (44ms >> 16ms), device might be in a busy state.
04-15 11:34:16.567 26119 26149 I appium  : Waiting up to 10000ms for the device to idle
04-15 11:34:16.644 26159 26178 D OpenGLRenderer: endAllActiveAnimators on 0x7dab03ece600 (RippleDrawable) with handle 0x7daa13ead140
04-15 11:34:16.646 12660 13672 W InputManager-JNI: Input channel object '38b1998 ru.otus.wishlist/ru.otus.wishlist.MainActivity (client)' was disposed without first being removed with the input manager!
04-15 11:34:16.650 26159 26159 D CompatibilityChangeReporter: Compat change id reported: 147798919; UID 10151; state: ENABLED
04-15 11:34:16.653 12833 12833 W ziparchive: Unable to open '/data/app/~~E7HUVOVE1_qGCqO9F55iMw==/ru.otus.wishlist-KvzObjiROZidZodhEA4kDA==/base.apk': No such file or directory
04-15 11:34:16.653 12833 12833 E ndroid.systemu: Failed to open APK '/data/app/~~E7HUVOVE1_qGCqO9F55iMw==/ru.otus.wishlist-KvzObjiROZidZodhEA4kDA==/base.apk': I/O error
04-15 11:34:16.653 12833 12833 W ResourcesManager: failed to preload asset path '/data/app/~~E7HUVOVE1_qGCqO9F55iMw==/ru.otus.wishlist-KvzObjiROZidZodhEA4kDA==/base.apk'
04-15 11:34:16.653 12833 12833 W ResourcesManager: java.io.IOException: Failed to load asset path /data/app/~~E7HUVOVE1_qGCqO9F55iMw==/ru.otus.wishlist-KvzObjiROZidZodhEA4kDA==/base.apk
04-15 11:34:16.653 12833 12833 W ResourcesManager: 	at android.content.res.ApkAssets.nativeLoad(Native Method)
04-15 11:34:16.653 12833 12833 W ResourcesManager: 	at android.content.res.ApkAssets.<init>(ApkAssets.java:295)
04-15 11:34:16.653 12833 12833 W ResourcesManager: 	at android.content.res.ApkAssets.loadFromPath(ApkAssets.java:144)
04-15 11:34:16.653 12833 12833 W ResourcesManager: 	at android.app.ResourcesManager.loadApkAssets(ResourcesManager.java:454)
04-15 11:34:16.653 12833 12833 W ResourcesManager: 	at android.app.ResourcesManager.access$000(ResourcesManager.java:72)
04-15 11:34:16.653 12833 12833 W ResourcesManager: 	at android.app.ResourcesManager$ApkAssetsSupplier.load(ResourcesManager.java:168)
04-15 11:34:16.653 12833 12833 W ResourcesManager: 	at android.app.ResourcesManager.createApkAssetsSupplierNotLocked(ResourcesManager.java:980)
04-15 11:34:16.653 12833 12833 W ResourcesManager: 	at android.app.ResourcesManager.getResources(ResourcesManager.java:1101)
04-15 11:34:16.653 12833 12833 W ResourcesManager: 	at android.app.ActivityThread.getTopLevelResources(ActivityThread.java:2372)
04-15 11:34:16.653 12833 12833 W ResourcesManager: 	at android.app.ApplicationPackageManager.getResourcesForApplication(ApplicationPackageManager.java:1751)
04-15 11:34:16.653 12833 12833 W ResourcesManager: 	at android.app.ApplicationPackageManager.getResourcesForApplication(ApplicationPackageManager.java:1737)
04-15 11:34:16.653 12833 12833 W ResourcesManager: 	at android.app.ApplicationPackageManager.getDrawable(ApplicationPackageManager.java:1506)
04-15 11:34:16.653 12833 12833 W ResourcesManager: 	at android.app.ApplicationPackageManager.loadUnbadgedItemIcon(ApplicationPackageManager.java:3029)
04-15 11:34:16.653 12833 12833 W ResourcesManager: 	at android.content.pm.PackageItemInfo.loadUnbadgedIcon(PackageItemInfo.java:290)
04-15 11:34:16.653 12833 12833 W ResourcesManager: 	at com.android.systemui.toast.SystemUIToast.getBadgedIcon(SystemUIToast.java:284)
04-15 11:34:16.653 12833 12833 W ResourcesManager: 	at com.android.systemui.toast.SystemUIToast.inflateToastView(SystemUIToast.java:198)
04-15 11:34:16.653 12833 12833 W ResourcesManager: 	at com.android.systemui.toast.SystemUIToast.<init>(SystemUIToast.java:90)
04-15 11:34:16.653 12833 12833 W ResourcesManager: 	at com.android.systemui.toast.SystemUIToast.<init>(SystemUIToast.java:77)
04-15 11:34:16.653 12833 12833 W ResourcesManager: 	at com.android.systemui.toast.ToastFactory.createToast(ToastFactory.java:78)
04-15 11:34:16.653 12833 12833 W ResourcesManager: 	at com.android.systemui.toast.ToastUI.lambda$showToast$0(ToastUI.java:113)
04-15 11:34:16.653 12833 12833 W ResourcesManager: 	at com.android.systemui.toast.ToastUI.$r8$lambda$w_gPCh3F8Xxn1jN4lkQZoUci71c(Unknown Source:0)
04-15 11:34:16.653 12833 12833 W ResourcesManager: 	at com.android.systemui.toast.ToastUI$$ExternalSyntheticLambda0.run(Unknown Source:16)
04-15 11:34:16.653 12833 12833 W ResourcesManager: 	at com.android.systemui.toast.ToastUI.showToast(ToastUI.java:140)
04-15 11:34:16.653 12833 12833 W ResourcesManager: 	at com.android.systemui.statusbar.CommandQueue$H.handleMessage(CommandQueue.java:1431)
04-15 11:34:16.653 12833 12833 W ResourcesManager: 	at android.os.Handler.dispatchMessage(Handler.java:106)
04-15 11:34:16.653 12833 12833 W ResourcesManager: 	at android.os.Looper.loopOnce(Looper.java:201)
04-15 11:34:16.653 12833 12833 W ResourcesManager: 	at android.os.Looper.loop(Looper.java:288)
04-15 11:34:16.653 12833 12833 W ResourcesManager: 	at android.app.ActivityThread.main(ActivityThread.java:7839)
04-15 11:34:16.653 12833 12833 W ResourcesManager: 	at java.lang.reflect.Method.invoke(Native Method)
04-15 11:34:16.653 12833 12833 W ResourcesManager: 	at com.android.internal.os.RuntimeInit$MethodAndArgsCaller.run(RuntimeInit.java:548)
04-15 11:34:16.653 12833 12833 W ResourcesManager: 	at com.android.internal.os.ZygoteInit.main(ZygoteInit.java:1003)
04-15 11:34:16.658 12833 12833 W ziparchive: Unable to open '/data/app/~~E7HUVOVE1_qGCqO9F55iMw==/ru.otus.wishlist-KvzObjiROZidZodhEA4kDA==/base.apk': No such file or directory
04-15 11:34:16.658 12833 12833 E ndroid.systemu: Failed to open APK '/data/app/~~E7HUVOVE1_qGCqO9F55iMw==/ru.otus.wishlist-KvzObjiROZidZodhEA4kDA==/base.apk': I/O error
04-15 11:34:16.658 12833 12833 E ResourcesManager: failed to add asset path '/data/app/~~E7HUVOVE1_qGCqO9F55iMw==/ru.otus.wishlist-KvzObjiROZidZodhEA4kDA==/base.apk'
04-15 11:34:16.658 12833 12833 E ResourcesManager: java.io.IOException: Failed to load asset path /data/app/~~E7HUVOVE1_qGCqO9F55iMw==/ru.otus.wishlist-KvzObjiROZidZodhEA4kDA==/base.apk
04-15 11:34:16.658 12833 12833 E ResourcesManager: 	at android.content.res.ApkAssets.nativeLoad(Native Method)
04-15 11:34:16.658 12833 12833 E ResourcesManager: 	at android.content.res.ApkAssets.<init>(ApkAssets.java:295)
04-15 11:34:16.658 12833 12833 E ResourcesManager: 	at android.content.res.ApkAssets.loadFromPath(ApkAssets.java:144)
04-15 11:34:16.658 12833 12833 E ResourcesManager: 	at android.app.ResourcesManager.loadApkAssets(ResourcesManager.java:454)
04-15 11:34:16.658 12833 12833 E ResourcesManager: 	at android.app.ResourcesManager.access$000(ResourcesManager.java:72)
04-15 11:34:16.658 12833 12833 E ResourcesManager: 	at android.app.ResourcesManager$ApkAssetsSupplier.load(ResourcesManager.java:168)
04-15 11:34:16.658 12833 12833 E ResourcesManager: 	at android.app.ResourcesManager.createAssetManager(ResourcesManager.java:530)
04-15 11:34:16.658 12833 12833 E ResourcesManager: 	at android.app.ResourcesManager.createResourcesImpl(ResourcesManager.java:612)
04-15 11:34:16.658 12833 12833 E ResourcesManager: 	at android.app.ResourcesManager.findOrCreateResourcesImplForKeyLocked(ResourcesManager.java:664)
04-15 11:34:16.658 12833 12833 E ResourcesManager: 	at android.app.ResourcesManager.createResources(ResourcesManager.java:1011)
04-15 11:34:16.658 12833 12833 E ResourcesManager: 	at android.app.ResourcesManager.getResources(ResourcesManager.java:1114)
04-15 11:34:16.658 12833 12833 E ResourcesManager: 	at android.app.ActivityThread.getTopLevelResources(ActivityThread.java:2372)
