04-26 02:14:22.772  5351  5379 I appium  : Click command
04-26 02:14:22.807  5351  5379 I appium  : Waiting up to 10000ms for the device to idle
04-26 02:14:22.808  5351  5379 I appium  : AppiumResponse: {"sessionId":"17af0bf9-75e2-4dd2-9f44-ead40f34d2b5","value":null}
04-26 02:14:22.878 12814 12814 I wpa_supplicant: wlan0: CTRL-EVENT-BEACON-LOSS 
04-26 02:14:22.889 12592  5427 D resolv  : GetAddrInfoHandler::run: {103 103 103 983143 10151 0}
04-26 02:14:22.889 12592  5427 D resolv  : resolv_getaddrinfo: explore_fqdn(): ai_family=0 ai_socktype=1 ai_protocol=6
04-26 02:14:22.889 12592  5429 D resolv  : doQuery: (1, 1)
04-26 02:14:22.889 12592  5428 D resolv  : doQuery: (1, 28)
04-26 02:14:22.889 12592  5429 D resolv  : res_nmkquery: (QUERY, IN, A)
04-26 02:14:22.889 12592  5428 D resolv  : res_nmkquery: (QUERY, IN, AAAA)
04-26 02:14:22.889 12592  5429 D resolv  : res_nsend
04-26 02:14:22.889 12592  5428 D resolv  : res_nsend
04-26 02:14:22.890 12592  5428 I resolv  : resolv_cache_lookup: lookup
04-26 02:14:22.890 12592  5429 I resolv  : resolv_cache_lookup: lookup
04-26 02:14:22.890 12592  5429 I resolv  : resolv_cache_lookup: FOUND IN CACHE entry=0x790027b561d0
04-26 02:14:22.890 12592  5429 D resolv  : doQuery: rcode=0, ancount=1
04-26 02:14:22.890 12592  5428 I resolv  : resolv_cache_lookup: FOUND IN CACHE entry=0x790037b51b50
04-26 02:14:22.891 12592  5428 D resolv  : doQuery: rcode=0, ancount=0
04-26 02:14:22.892 12592  5427 I ResolverController: No valid NAT64 prefix (103, <unspecified>/0)
04-26 02:14:23.127 12660 12660 W WindowManager: removeWindowToken: Attempted to remove non-existing token: android.os.Binder@c459767
04-26 02:14:23.164  5351  5379 I appium  : channel read: POST /session/17af0bf9-75e2-4dd2-9f44-ead40f34d2b5/element
04-26 02:14:23.166  5351  5379 I appium  : FindElement command
04-26 02:14:23.167  5351  5379 I appium  : method: 'id', selector: 'ru.otus.wishlist:id/wishlists'
04-26 02:14:23.167  5351  5379 I appium  : Waiting up to 10000ms for the device to idle
04-26 02:14:23.455  5351  5379 I appium  : AppiumResponse: {"sessionId":"17af0bf9-75e2-4dd2-9f44-ead40f34d2b5","value":{"error":"no such element","message":"An element could not be located on the page using the given search parameters","stacktrace":"io.appium.uiautomator2.common.exceptions.ElementNotFoundException: An element could not be located on the page using the given search parameters\n\tat io.appium.uiautomator2.handler.FindElement.safeHandle(FindElement.java:63)\n\tat io.appium.uiautomator2.handler.request.SafeRequestHandler.handle(SafeRequestHandler.java:59)\n\tat io.appium.uiautomator2.server.AppiumServlet.handleRequest(AppiumServlet.java:267)\n\tat io.appium.uiautomator2.server.AppiumServlet.handleHttpRequest(AppiumServlet.java:261)\n\tat io.appium.uiautomator2.http.ServerHandler.channelRead(ServerHandler.java:77)\n\tat io.netty.channel.AbstractChannelHandlerContext.fireChannelRead(AbstractChannelHandlerContext.java:356)\n\tat io.netty.handler.codec.MessageToMessageDecoder.channelRead(MessageToMessageDecoder.java:107)\n\tat io.netty.channel.AbstractChannelHandlerContext.fireChannelRead(AbstractChannelHandlerContext.java:356)\n\tat io.netty.channel.CombinedChannelDuplexHandler$DelegatingChannelHandlerContext.fireChannelRead(CombinedChannelDuplexHandler.java:434)\n\tat io.netty.handler.codec.ByteToMessageDecoder.fireChannelRead(ByteToMessageDecoder.java:361)\n\tat io.netty.handler.codec.ByteToMessageDecoder.channelRead(ByteToMessageDecoder.java:325)\n\tat io.netty.channel.CombinedChannelDuplexHandler.channelRead(CombinedChannelDuplexHandler.java:249)\n\tat io.netty.channel.AbstractChannelHandlerContext.fireChannelRead(AbstractChannelHandlerContext.java:354)\n\tat io.netty.handler.timeout.IdleStateHandler.channelRead(IdleStateHandler.java:293)\n\tat io.netty.channel.AbstractChannelHandlerContext.fireChannelRead(AbstractChannelHandlerContext.java:354)\n\tat io.netty.channel.DefaultChannelPipeline$HeadContext.channelRead(DefaultChannelPipeline.java:1429)\n\tat io.netty.channel.DefaultChannelPipeline.fireChannelRead(DefaultChannelPipeline.java:918)\n\tat io.netty.channel.nio.AbstractNioByteChannel$NioByteUnsafe.read(AbstractNioByteChannel.java:172)\n\tat io.netty.channel.nio.AbstractNioChannel$AbstractNioUnsafe.handle(AbstractNioChannel.java:445)\n\tat io.netty.channel.nio.NioIoHandler$DefaultNioRegistration.handle(NioIoHandler.java:388)\n\tat io.netty.channel.nio.NioIoHandler.processSelectedKey(NioIoHandler.java:596)\n\tat io.netty.channel.nio.NioIoHandler.processSelectedKeysOptimized(NioIoHandler.java:571)\n\tat io.netty.channel.nio.NioIoHandler.processSelectedKeys(NioIoHandler.java:512)\n\tat io.netty.channel.nio.NioIoHandler.run(NioIoHandler.java:484)\n\tat io.netty.channel.SingleThreadIoEventLoop.runIo(SingleThreadIoEventLoop.java:225)\n\tat io.netty.channel.SingleThreadIoEventLoop.run(SingleThreadIoEventLoop.java:196)\n\tat io.netty.util.concurrent.SingleThreadEventExecutor$5.run(SingleThreadEventExecutor.java:1195)\n\tat io.netty.util.internal.ThreadExecutorMap$2.run(ThreadExecutorMap.java:74)\n\tat io.netty.util.concurrent.FastThreadLocalRunnable.run(FastThreadLocalRunnable.java:30)\n\tat java.lang.Thread.run(Thread.java:920)\n"}}
04-26 02:14:23.928  5391  5409 D EGL_emulation: app_time_stats: avg=49.97ms min=9.89ms max=975.74ms count=34
04-26 02:14:23.975  5351  5379 I appium  : channel read: POST /session/17af0bf9-75e2-4dd2-9f44-ead40f34d2b5/element
04-26 02:14:23.977  5351  5379 I appium  : FindElement command
04-26 02:14:23.978  5351  5379 I appium  : method: 'id', selector: 'ru.otus.wishlist:id/wishlists'
04-26 02:14:23.979  5351  5379 I appium  : Waiting up to 10000ms for the device to idle
04-26 02:14:24.596  5351  5379 I appium  : AppiumResponse: {"sessionId":"17af0bf9-75e2-4dd2-9f44-ead40f34d2b5","value":{"ELEMENT":"00000000-0000-0f49-ffff-ffff0000005e","element-6066-11e4-a52e-4f735466cecf":"00000000-0000-0f49-ffff-ffff0000005e"}}
04-26 02:14:24.605  5351  5379 I appium  : channel read: POST /session/17af0bf9-75e2-4dd2-9f44-ead40f34d2b5/element
04-26 02:14:24.606  5351  5379 I appium  : FindElement command
04-26 02:14:24.607  5351  5379 I appium  : method: 'id', selector: 'ru.otus.wishlist:id/wishlist_item', contextId: '00000000-0000-0f49-ffff-ffff0000005e'
04-26 02:14:24.610  5351  5379 D UiObject2: Retrieving node with selector: BySelector [RES='\Qru.otus.wishlist:id/wishlist_item\E'].
04-26 02:14:24.613  5351  5379 I appium  : AppiumResponse: {"sessionId":"17af0bf9-75e2-4dd2-9f44-ead40f34d2b5","value":{"ELEMENT":"00000000-0000-0f49-ffff-ffff00000066","element-6066-11e4-a52e-4f735466cecf":"00000000-0000-0f49-ffff-ffff00000066"}}
04-26 02:14:24.620  5351  5379 I appium  : channel read: GET /session/17af0bf9-75e2-4dd2-9f44-ead40f34d2b5/element/00000000-0000-0f49-ffff-ffff00000066/attribute/displayed
04-26 02:14:24.621  5351  5379 I appium  : GetElementAttribute command
04-26 02:14:24.624  5351  5379 I appium  : AppiumResponse: {"sessionId":"17af0bf9-75e2-4dd2-9f44-ead40f34d2b5","value":"true"}
04-26 02:14:24.629  5351  5379 I appium  : channel read: POST /session/17af0bf9-75e2-4dd2-9f44-ead40f34d2b5/element
04-26 02:14:24.630  5351  5379 I appium  : FindElement command
04-26 02:14:24.630  5351  5379 I appium  : method: 'id', selector: 'ru.otus.wishlist:id/wishlists'
04-26 02:14:24.630  5351  5379 I appium  : Waiting up to 10000ms for the device to idle
04-26 02:14:24.643  5351  5379 I appium  : AppiumResponse: {"sessionId":"17af0bf9-75e2-4dd2-9f44-ead40f34d2b5","value":{"ELEMENT":"00000000-0000-0f49-ffff-ffff0000005e","element-6066-11e4-a52e-4f735466cecf":"00000000-0000-0f49-ffff-ffff0000005e"}}
04-26 02:14:24.650  5351  5379 I appium  : channel read: POST /session/17af0bf9-75e2-4dd2-9f44-ead40f34d2b5/element
04-26 02:14:24.650  5351  5379 I appium  : FindElement command
04-26 02:14:24.651  5351  5379 I appium  : method: 'id', selector: 'ru.otus.wishlist:id/wishlist_item', contextId: '00000000-0000-0f49-ffff-ffff0000005e'
04-26 02:14:24.653  5351  5379 D UiObject2: Retrieving node with selector: BySelector [RES='\Qru.otus.wishlist:id/wishlist_item\E'].
04-26 02:14:24.656  5351  5379 I appium  : AppiumResponse: {"sessionId":"17af0bf9-75e2-4dd2-9f44-ead40f34d2b5","value":{"ELEMENT":"00000000-0000-0f49-ffff-ffff00000066","element-6066-11e4-a52e-4f735466cecf":"00000000-0000-0f49-ffff-ffff00000066"}}
04-26 02:14:24.662  5351  5379 I appium  : channel read: POST /session/17af0bf9-75e2-4dd2-9f44-ead40f34d2b5/element
04-26 02:14:24.662  5351  5379 I appium  : FindElement command
04-26 02:14:24.662  5351  5379 I appium  : method: 'id', selector: 'ru.otus.wishlist:id/title', contextId: '00000000-0000-0f49-ffff-ffff00000066'
04-26 02:14:24.665  5351  5379 D UiObject2: Retrieving node with selector: BySelector [RES='\Qru.otus.wishlist:id/title\E'].
04-26 02:14:24.667  5351  5379 I appium  : AppiumResponse: {"sessionId":"17af0bf9-75e2-4dd2-9f44-ead40f34d2b5","value":{"ELEMENT":"00000000-0000-0f49-ffff-ffff00000067","element-6066-11e4-a52e-4f735466cecf":"00000000-0000-0f49-ffff-ffff00000067"}}
04-26 02:14:24.673  5351  5379 I appium  : channel read: GET /session/17af0bf9-75e2-4dd2-9f44-ead40f34d2b5/element/00000000-0000-0f49-ffff-ffff00000067/attribute/displayed
04-26 02:14:24.674  5351  5379 I appium  : GetElementAttribute command
04-26 02:14:24.677  5351  5379 I appium  : AppiumResponse: {"sessionId":"17af0bf9-75e2-4dd2-9f44-ead40f34d2b5","value":"true"}
04-26 02:14:24.684  5351  5379 I appium  : channel read: POST /session/17af0bf9-75e2-4dd2-9f44-ead40f34d2b5/element
04-26 02:14:24.685  5351  5379 I appium  : FindElement command
04-26 02:14:24.685  5351  5379 I appium  : method: 'id', selector: 'ru.otus.wishlist:id/wishlists'
04-26 02:14:24.686  5351  5379 I appium  : Waiting up to 10000ms for the device to idle
04-26 02:14:24.695  5351  5379 I appium  : AppiumResponse: {"sessionId":"17af0bf9-75e2-4dd2-9f44-ead40f34d2b5","value":{"ELEMENT":"00000000-0000-0f49-ffff-ffff0000005e","element-6066-11e4-a52e-4f735466cecf":"00000000-0000-0f49-ffff-ffff0000005e"}}
04-26 02:14:24.702  5351  5379 I appium  : channel read: POST /session/17af0bf9-75e2-4dd2-9f44-ead40f34d2b5/element
04-26 02:14:24.703  5351  5379 I appium  : FindElement command
04-26 02:14:24.704  5351  5379 I appium  : method: 'id', selector: 'ru.otus.wishlist:id/wishlist_item', contextId: '00000000-0000-0f49-ffff-ffff0000005e'
04-26 02:14:24.706  5351  5379 D UiObject2: Retrieving node with selector: BySelector [RES='\Qru.otus.wishlist:id/wishlist_item\E'].
04-26 02:14:24.709  5351  5379 I appium  : AppiumResponse: {"sessionId":"17af0bf9-75e2-4dd2-9f44-ead40f34d2b5","value":{"ELEMENT":"00000000-0000-0f49-ffff-ffff00000066","element-6066-11e4-a52e-4f735466cecf":"00000000-0000-0f49-ffff-ffff00000066"}}
04-26 02:14:24.714  5351  5379 I appium  : channel read: POST /session/17af0bf9-75e2-4dd2-9f44-ead40f34d2b5/element
04-26 02:14:24.715  5351  5379 I appium  : FindElement command
04-26 02:14:24.716  5351  5379 I appium  : method: 'id', selector: 'ru.otus.wishlist:id/title', contextId: '00000000-0000-0f49-ffff-ffff00000066'
04-26 02:14:24.718  5351  5379 D UiObject2: Retrieving node with selector: BySelector [RES='\Qru.otus.wishlist:id/title\E'].
04-26 02:14:24.721  5351  5379 I appium  : AppiumResponse: {"sessionId":"17af0bf9-75e2-4dd2-9f44-ead40f34d2b5","value":{"ELEMENT":"00000000-0000-0f49-ffff-ffff00000067","element-6066-11e4-a52e-4f735466cecf":"00000000-0000-0f49-ffff-ffff00000067"}}
04-26 02:14:24.726  5351  5379 I appium  : channel read: GET /session/17af0bf9-75e2-4dd2-9f44-ead40f34d2b5/element/00000000-0000-0f49-ffff-ffff00000067/attribute/displayed
04-26 02:14:24.727  5351  5379 I appium  : GetElementAttribute command
04-26 02:14:24.730  5351  5379 I appium  : AppiumResponse: {"sessionId":"17af0bf9-75e2-4dd2-9f44-ead40f34d2b5","value":"true"}
04-26 02:14:24.736  5351  5379 I appium  : channel read: POST /session/17af0bf9-75e2-4dd2-9f44-ead40f34d2b5/element/00000000-0000-0f49-ffff-ffff00000067/click
04-26 02:14:24.737  5351  5379 I appium  : Click command
04-26 02:14:24.772  5351  5379 W GestureController: Gestures took longer than expected (32ms >> 16ms), device might be in a busy state.
04-26 02:14:24.773  5351  5379 I appium  : Waiting up to 10000ms for the device to idle
04-26 02:14:24.774  5351  5379 I appium  : AppiumResponse: {"sessionId":"17af0bf9-75e2-4dd2-9f44-ead40f34d2b5","value":null}
04-26 02:14:24.781  5391  5399 I u.otus.wishlis: JIT allocated 77KB for compiled code of void android.view.View.<init>(android.content.Context, android.util.AttributeSet, int, int)
04-26 02:14:24.782  5351  5379 I appium  : channel read: POST /session/17af0bf9-75e2-4dd2-9f44-ead40f34d2b5/element
04-26 02:14:24.782  5351  5379 I appium  : FindElement command
04-26 02:14:24.783  5351  5379 I appium  : method: 'id', selector: 'ru.otus.wishlist:id/add_button'
04-26 02:14:24.784  5351  5379 I appium  : Waiting up to 10000ms for the device to idle
04-26 02:14:24.812  5351  5379 I appium  : AppiumResponse: {"sessionId":"17af0bf9-75e2-4dd2-9f44-ead40f34d2b5","value":{"ELEMENT":"00000000-0000-0f49-ffff-ffff0000007f","element-6066-11e4-a52e-4f735466cecf":"00000000-0000-0f49-ffff-ffff0000007f"}}
04-26 02:14:24.819  5351  5379 I appium  : channel read: GET /session/17af0bf9-75e2-4dd2-9f44-ead40f34d2b5/element/00000000-0000-0f49-ffff-ffff0000007f/attribute/displayed
04-26 02:14:24.819  5351  5379 I appium  : GetElementAttribute command
04-26 02:14:25.394  5351  5379 I appium  : AppiumResponse: {"sessionId":"17af0bf9-75e2-4dd2-9f44-ead40f34d2b5","value":"true"}
04-26 02:14:25.404  5351  5379 I appium  : channel read: POST /session/17af0bf9-75e2-4dd2-9f44-ead40f34d2b5/element
04-26 02:14:25.406  5351  5379 I appium  : FindElement command
04-26 02:14:25.407  5351  5379 I appium  : method: 'id', selector: 'ru.otus.wishlist:id/add_button'
04-26 02:14:25.408  5351  5379 I appium  : Waiting up to 10000ms for the device to idle
04-26 02:14:25.420  5351  5379 I appium  : AppiumResponse: {"sessionId":"17af0bf9-75e2-4dd2-9f44-ead40f34d2b5","value":{"ELEMENT":"00000000-0000-0f49-ffff-ffff0000007f","element-6066-11e4-a52e-4f735466cecf":"00000000-0000-0f49-ffff-ffff0000007f"}}
04-26 02:14:25.429  5351  5379 I appium  : channel read: GET /session/17af0bf9-75e2-4dd2-9f44-ead40f34d2b5/element/00000000-0000-0f49-ffff-ffff0000007f/attribute/displayed
04-26 02:14:25.429  5351  5379 I appium  : GetElementAttribute command
04-26 02:14:25.433  5351  5379 I appium  : AppiumResponse: {"sessionId":"17af0bf9-75e2-4dd2-9f44-ead40f34d2b5","value":"true"}
04-26 02:14:25.439  5351  5379 I appium  : channel read: POST /session/17af0bf9-75e2-4dd2-9f44-ead40f34d2b5/element/00000000-0000-0f49-ffff-ffff0000007f/click
04-26 02:14:25.440  5351  5379 I appium  : Click command
04-26 02:14:25.469  5391  5409 D EGL_emulation: app_time_stats: avg=86.40ms min=1.61ms max=728.28ms count=16
04-26 02:14:25.472  5351  5379 I appium  : Waiting up to 10000ms for the device to idle
04-26 02:14:25.473  5351  5379 I appium  : AppiumResponse: {"sessionId":"17af0bf9-75e2-4dd2-9f44-ead40f34d2b5","value":null}
04-26 02:14:25.487  5351  5379 I appium  : channel read: POST /session/17af0bf9-75e2-4dd2-9f44-ead40f34d2b5/element
04-26 02:14:25.488  5351  5379 I appium  : FindElement command
04-26 02:14:25.489  5351  5379 I appium  : method: 'id', selector: 'ru.otus.wishlist:id/gift_edit_title'
04-26 02:14:25.490  5351  5379 I appium  : Waiting up to 10000ms for the device to idle
04-26 02:14:25.590   371   411 D goldfish-address-space: claimShared: Ask to claim region [0x3f4fc3000 0x3f5bd2000]
04-26 02:14:25.592 12833 12920 D EGL_emulation: app_time_stats: avg=101.01ms min=0.82ms max=4558.57ms count=48
04-26 02:14:25.631   371   411 D goldfish-address-space: claimShared: Ask to claim region [0x3f5bd2000 0x3f67e1000]
04-26 02:14:25.669   371   411 D goldfish-address-space: claimShared: Ask to claim region [0x3f67e1000 0x3f73f0000]
04-26 02:14:25.728  5351  5379 W ByMatcher: Node returned null child: android.view.accessibility.AccessibilityNodeInfo@80007c07; boundsInParent: Rect(0, 0 - 1080, 2340); boundsInScreen: Rect(0, 0 - 1080, 2340); packageName: ru.otus.wishlist; className: android.widget.FrameLayout; text: null; error: null; maxTextLength: -1; stateDescription: null; contentDescription: null; tooltipText: null; viewIdResName: null; checkable: false; checked: false; focusable: false; focused: false; selected: false; clickable: false; longClickable: false; contextClickable: false; enabled: true; password: false; scrollable: false; importantForAccessibility: true; visible: true; actions: [AccessibilityAction: ACTION_SELECT - null, AccessibilityAction: ACTION_CLEAR_SELECTION - null, AccessibilityAction: ACTION_ACCESSIBILITY_FOCUS - null, AccessibilityAction: ACTION_SHOW_ON_SCREEN - null]
04-26 02:14:25.728  5351  5379 W ByMatcher: Skipping null child (0 of 2)
04-26 02:14:25.728  5351  5379 W ByMatcher: Skipping null child (1 of 2)
04-26 02:14:25.728  5351  5379 W ByMatcher: Node returned null child: android.view.accessibility.AccessibilityNodeInfo@80007c07; boundsInParent: Rect(0, 0 - 1080, 2340); boundsInScreen: Rect(0, 0 - 1080, 2340); packageName: ru.otus.wishlist; className: android.widget.FrameLayout; text: null; error: null; maxTextLength: -1; stateDescription: null; contentDescription: null; tooltipText: null; viewIdResName: null; checkable: false; checked: false; focusable: false; focused: false; selected: false; clickable: false; longClickable: false; contextClickable: false; enabled: true; password: false; scrollable: false; importantForAccessibility: true; visible: true; actions: [AccessibilityAction: ACTION_SELECT - null, AccessibilityAction: ACTION_CLEAR_SELECTION - null, AccessibilityAction: ACTION_ACCESSIBILITY_FOCUS - null, AccessibilityAction: ACTION_SHOW_ON_SCREEN - null]
04-26 02:14:25.729  5351  5379 W ByMatcher: Skipping null child (0 of 2)
04-26 02:14:25.730  5351  5379 W ByMatcher: Skipping null child (1 of 2)
04-26 02:14:25.731  5351  5379 I appium  : AppiumResponse: {"sessionId":"17af0bf9-75e2-4dd2-9f44-ead40f34d2b5","value":{"error":"no such element","message":"An element could not be located on the page using the given search parameters","stacktrace":"io.appium.uiautomator2.common.exceptions.ElementNotFoundException: An element could not be located on the page using the given search parameters\n\tat io.appium.uiautomator2.handler.FindElement.safeHandle(FindElement.java:63)\n\tat io.appium.uiautomator2.handler.request.SafeRequestHandler.handle(SafeRequestHandler.java:59)\n\tat io.appium.uiautomator2.server.AppiumServlet.handleRequest(AppiumServlet.java:267)\n\tat io.appium.uiautomator2.server.AppiumServlet.handleHttpRequest(AppiumServlet.java:261)\n\tat io.appium.uiautomator2.http.ServerHandler.channelRead(ServerHandler.java:77)\n\tat io.netty.channel.AbstractChannelHandlerContext.fireChannelRead(AbstractChannelHandlerContext.java:356)\n\tat io.netty.handler.codec.MessageToMessageDecoder.channelRead(MessageToMessageDecoder.java:107)\n\tat io.netty.channel.AbstractChannelHandlerContext.fireChannelRead(AbstractChannelHandlerContext.java:356)\n\tat io.netty.channel.CombinedChannelDuplexHandler$DelegatingChannelHandlerContext.fireChannelRead(CombinedChannelDuplexHandler.java:434)\n\tat io.netty.handler.codec.ByteToMessageDecoder.fireChannelRead(ByteToMessageDecoder.java:361)\n\tat io.netty.handler.codec.ByteToMessageDecoder.channelRead(ByteToMessageDecoder.java:325)\n\tat io.netty.channel.CombinedChannelDuplexHandler.channelRead(CombinedChannelDuplexHandler.java:249)\n\tat io.netty.channel.AbstractChannelHandlerContext.fireChannelRead(AbstractChannelHandlerContext.java:354)\n\tat io.netty.handler.timeout.IdleStateHandler.channelRead(IdleStateHandler.java:293)\n\tat io.netty.channel.AbstractChannelHandlerContext.fireChannelRead(AbstractChannelHandlerContext.java:354)\n\tat io.netty.channel.DefaultChannelPipeline$HeadContext.channelRead(DefaultChannelPipeline.java:1429)\n\tat io.netty.channel.DefaultChannelPipeline.fireChannelRead(DefaultChannelPipeline.java:918)\n\tat io.netty.channel.nio.AbstractNioByteChannel$NioByteUnsafe.read(AbstractNioByteChannel.java:172)\n\tat io.netty.channel.nio.AbstractNioChannel$AbstractNioUnsafe.handle(AbstractNioChannel.java:445)\n\tat io.netty.channel.nio.NioIoHandler$DefaultNioRegistration.handle(NioIoHandler.java:388)\n\tat io.netty.channel.nio.NioIoHandler.processSelectedKey(NioIoHandler.java:596)\n\tat io.netty.channel.nio.NioIoHandler.processSelectedKeysOptimized(NioIoHandler.java:571)\n\tat io.netty.channel.nio.NioIoHandler.processSelectedKeys(NioIoHandler.java:512)\n\tat io.netty.channel.nio.NioIoHandler.run(NioIoHandler.java:484)\n\tat io.netty.channel.SingleThreadIoEventLoop.runIo(SingleThreadIoEventLoop.java:225)\n\tat io.netty.channel.SingleThreadIoEventLoop.run(SingleThreadIoEventLoop.java:196)\n\tat io.netty.util.concurrent.SingleThreadEventExecutor$5.run(SingleThreadEventExecutor.java:1195)\n\tat io.netty.util.internal.ThreadExecutorMap$2.run(ThreadExecutorMap.java:74)\n\tat io.netty.util.concurrent.FastThreadLocalRunnable.run(FastThreadLocalRunnable.java:30)\n\tat java.lang.Thread.run(Thread.java:920)\n"}}
04-26 02:14:25.737  5391  5435 D ProfileInstaller: Installing profile for ru.otus.wishlist
04-26 02:14:25.800 13314 13314 I GoogleInputMethodService: GoogleInputMethodService.onFinishInput():3420 
04-26 02:14:25.800 13314 13314 W KeyboardViewController: KeyboardViewController.show():477 Requesting to show sub view with id 2131428268(#0x7f0b03ac) when keyboard HEADER view is not ready to show
04-26 02:14:25.800 13314 13314 I GoogleInputMethodService: GoogleInputMethodService.onStartInput():2002 
04-26 02:14:25.801 13314 13314 I DeviceUnlockedTag: DeviceUnlockedTag.notifyDeviceLockStatusChanged():31 Notify device unlocked.
04-26 02:14:25.802 13314 13314 I ShortcutsDataManager: AbstractContentDataManager.startImportContentTask():235 startImportContentTask()
04-26 02:14:25.802 13314 13602 I ShortcutsDataManager: AbstractContentDataManager$ImportContentTask.doInBackground():249 doInBackground()
04-26 02:14:25.802 13314 13602 I PersonalDictionaryDataHandler: PersonalDictionaryDataHandler.beginProcess():111 LanguageTags = [en-US]
04-26 02:14:25.812 13314 13602 I ShortcutsDataManager: AbstractContentDataManager.importRecords():339 importRecords() : Success : Count = 0
04-26 02:14:25.814 13314 13602 I ShortcutsDataManager: AbstractContentDataManager.importContentData():289 importContentData() : Ending import process
04-26 02:14:25.814 13314 15962 I Delight5Decoder: Delight5DecoderWrapper.unloadLanguageModel():820 unloadLanguageModel() : 4, version [n/a]
04-26 02:14:25.825 13314 13602 I PersonalLanguageModelUpdater: PersonalLanguageModelUpdater$UpdateOperation.performInternal():162 run() : Added 0 words and 0 shortcuts
04-26 02:14:25.825 13314 13602 I DynamicLanguageModelOperation: DynamicLanguageModelOperation.perform():38 perform() : 4 : cny : Completed
04-26 02:14:25.825 13314 15962 I Delight5Decoder: Delight5DecoderWrapper.loadLanguageModel():614 loadLanguageModel() : 4, version [n/a]
04-26 02:14:25.825 13314 15962 I Delight5Decoder: Delight5DecoderWrapper.loadLanguageModel():652 Loaded dynamic LM 4.en
04-26 02:14:25.826 13314 13314 I ShortcutsDataManager: AbstractContentDataManager$ImportContentTask.onPostExecute():260 onPostExecute() : Result = [2,0]
04-26 02:14:25.826 13314 13314 I ShortcutsDataManager: ShortcutsDataManager.onImportFinished():83 onImportFinished() : Result = 2 : Count = 0
04-26 02:14:26.243  5351  5379 I appium  : channel read: POST /session/17af0bf9-75e2-4dd2-9f44-ead40f34d2b5/element
04-26 02:14:26.244  5351  5379 I appium  : FindElement command
04-26 02:14:26.245  5351  5379 I appium  : method: 'id', selector: 'ru.otus.wishlist:id/gift_edit_title'
04-26 02:14:26.245  5351  5379 I appium  : Waiting up to 10000ms for the device to idle
04-26 02:14:26.349 12660 12692 W ProcessStats: Tracking association SourceState{6713a1b system/1000 BTopFgs #40870} whose proc state 2 is better than process ProcessState{9cc27b8 com.google.android.gms.persistent/10101 pkg=com.google.android.gms} proc state 3 (105 skipped)
04-26 02:14:26.395  5351  5379 I appium  : AppiumResponse: {"sessionId":"17af0bf9-75e2-4dd2-9f44-ead40f34d2b5","value":{"ELEMENT":"00000000-0000-0f4a-ffff-ffff0000008a","element-6066-11e4-a52e-4f735466cecf":"00000000-0000-0f4a-ffff-ffff0000008a"}}
04-26 02:14:26.401  5351  5379 I appium  : channel read: GET /session/17af0bf9-75e2-4dd2-9f44-ead40f34d2b5/element/00000000-0000-0f4a-ffff-ffff0000008a/attribute/displayed
04-26 02:14:26.402  5351  5379 I appium  : GetElementAttribute command
04-26 02:14:26.406  5351  5379 I appium  : AppiumResponse: {"sessionId":"17af0bf9-75e2-4dd2-9f44-ead40f34d2b5","value":"true"}
04-26 02:14:26.412  5351  5379 I appium  : channel read: POST /session/17af0bf9-75e2-4dd2-9f44-ead40f34d2b5/element
04-26 02:14:26.412  5351  5379 I appium  : FindElement command
04-26 02:14:26.414  5351  5379 I appium  : method: 'id', selector: 'ru.otus.wishlist:id/gift_edit_title'
04-26 02:14:26.414  5351  5379 I appium  : Waiting up to 10000ms for the device to idle
04-26 02:14:26.421  5351  5379 I appium  : AppiumResponse: {"sessionId":"17af0bf9-75e2-4dd2-9f44-ead40f34d2b5","value":{"ELEMENT":"00000000-0000-0f4a-ffff-ffff0000008a","element-6066-11e4-a52e-4f735466cecf":"00000000-0000-0f4a-ffff-ffff0000008a"}}
04-26 02:14:26.427  5351  5379 I appium  : channel read: GET /session/17af0bf9-75e2-4dd2-9f44-ead40f34d2b5/element/00000000-0000-0f4a-ffff-ffff0000008a/name
04-26 02:14:26.428  5351  5379 I appium  : GetName command
04-26 02:14:26.431  5351  5379 I appium  : AppiumResponse: {"sessionId":"17af0bf9-75e2-4dd2-9f44-ead40f34d2b5","value":null}
04-26 02:14:26.437  5351  5379 I appium  : channel read: GET /session/17af0bf9-75e2-4dd2-9f44-ead40f34d2b5/element/00000000-0000-0f4a-ffff-ffff0000008a/text
04-26 02:14:26.438  5351  5379 I appium  : GetText command
04-26 02:14:26.441  5351  5379 I appium  : AppiumResponse: {"sessionId":"17af0bf9-75e2-4dd2-9f44-ead40f34d2b5","value":"Новый подарок"}
04-26 02:14:26.447  5351  5379 I appium  : channel read: POST /session/17af0bf9-75e2-4dd2-9f44-ead40f34d2b5/element
04-26 02:14:26.448  5351  5379 I appium  : FindElement command
04-26 02:14:26.449  5351  5379 I appium  : method: 'id', selector: 'ru.otus.wishlist:id/name_input'
04-26 02:14:26.449  5351  5379 I appium  : Waiting up to 10000ms for the device to idle
04-26 02:14:26.454  5351  5379 I appium  : AppiumResponse: {"sessionId":"17af0bf9-75e2-4dd2-9f44-ead40f34d2b5","value":{"ELEMENT":"00000000-0000-0f4a-ffff-ffff0000008d","element-6066-11e4-a52e-4f735466cecf":"00000000-0000-0f4a-ffff-ffff0000008d"}}
04-26 02:14:26.461  5351  5379 I appium  : channel read: GET /session/17af0bf9-75e2-4dd2-9f44-ead40f34d2b5/element/00000000-0000-0f4a-ffff-ffff0000008d/attribute/displayed
04-26 02:14:26.462  5351  5379 I appium  : GetElementAttribute command
04-26 02:14:26.466  5351  5379 I appium  : AppiumResponse: {"sessionId":"17af0bf9-75e2-4dd2-9f44-ead40f34d2b5","value":"true"}
04-26 02:14:26.473  5351  5379 I appium  : channel read: POST /session/17af0bf9-75e2-4dd2-9f44-ead40f34d2b5/element
04-26 02:14:26.473  5351  5379 I appium  : FindElement command
04-26 02:14:26.474  5351  5379 I appium  : method: 'id', selector: 'ru.otus.wishlist:id/name_input'
04-26 02:14:26.474  5351  5379 I appium  : Waiting up to 10000ms for the device to idle
04-26 02:14:26.479  5351  5379 I appium  : AppiumResponse: {"sessionId":"17af0bf9-75e2-4dd2-9f44-ead40f34d2b5","value":{"ELEMENT":"00000000-0000-0f4a-ffff-ffff0000008d","element-6066-11e4-a52e-4f735466cecf":"00000000-0000-0f4a-ffff-ffff0000008d"}}
04-26 02:14:26.485  5351  5379 I appium  : channel read: GET /session/17af0bf9-75e2-4dd2-9f44-ead40f34d2b5/element/00000000-0000-0f4a-ffff-ffff0000008d/attribute/displayed
04-26 02:14:26.486  5351  5379 I appium  : GetElementAttribute command
04-26 02:14:26.489  5351  5379 I appium  : AppiumResponse: {"sessionId":"17af0bf9-75e2-4dd2-9f44-ead40f34d2b5","value":"true"}
04-26 02:14:26.494  5351  5379 I appium  : channel read: POST /session/17af0bf9-75e2-4dd2-9f44-ead40f34d2b5/element/00000000-0000-0f4a-ffff-ffff0000008d/clear
04-26 02:14:26.495  5351  5379 I appium  : Clear command
04-26 02:14:26.498  5351  5379 D UiObject2: Setting text to ''.
04-26 02:14:26.501  5351  5379 I appium  : AppiumResponse: {"sessionId":"17af0bf9-75e2-4dd2-9f44-ead40f34d2b5","value":null}
04-26 02:14:26.508  5351  5379 I appium  : channel read: POST /session/17af0bf9-75e2-4dd2-9f44-ead40f34d2b5/element
04-26 02:14:26.508  5351  5379 I appium  : FindElement command
04-26 02:14:26.508  5351  5379 I appium  : method: 'id', selector: 'ru.otus.wishlist:id/name_input'
04-26 02:14:26.509  5351  5379 I appium  : Waiting up to 10000ms for the device to idle
04-26 02:14:26.518  5351  5379 I appium  : AppiumResponse: {"sessionId":"17af0bf9-75e2-4dd2-9f44-ead40f34d2b5","value":{"ELEMENT":"00000000-0000-0f4a-ffff-ffff0000008d","element-6066-11e4-a52e-4f735466cecf":"00000000-0000-0f4a-ffff-ffff0000008d"}}
04-26 02:14:26.525  5351  5379 I appium  : channel read: POST /session/17af0bf9-75e2-4dd2-9f44-ead40f34d2b5/element/00000000-0000-0f4a-ffff-ffff0000008d/value
04-26 02:14:26.526  5351  5379 I appium  : SendKeysToElement command
04-26 02:14:26.907 12660 12660 W WindowManager: removeWindowToken: Attempted to remove non-existing token: android.os.Binder@61868c2
04-26 02:14:27.008  5351  5379 D UiObject2: Setting text to ''.
04-26 02:14:27.014  5391  5409 D EGL_emulation: app_time_stats: avg=128.89ms min=8.36ms max=574.33ms count=10
04-26 02:14:27.021  5351  5379 I appium  : AppiumResponse: {"sessionId":"17af0bf9-75e2-4dd2-9f44-ead40f34d2b5","value":null}
04-26 02:14:27.021 13314 13314 I ShortcutsDataManager: ShortcutsDataManager.onContentChanged():73 onContentChanged()
04-26 02:14:27.029  5351  5379 I appium  : channel read: POST /session/17af0bf9-75e2-4dd2-9f44-ead40f34d2b5/element
04-26 02:14:27.029  5351  5379 I appium  : FindElement command
04-26 02:14:27.030  5351  5379 I appium  : method: 'id', selector: 'ru.otus.wishlist:id/price_input'
04-26 02:14:27.032  5351  5379 I appium  : Waiting up to 10000ms for the device to idle
04-26 02:14:27.526  5351  5379 I appium  : AppiumResponse: {"sessionId":"17af0bf9-75e2-4dd2-9f44-ead40f34d2b5","value":{"ELEMENT":"00000000-0000-0f4a-ffff-ffff00000098","element-6066-11e4-a52e-4f735466cecf":"00000000-0000-0f4a-ffff-ffff00000098"}}
04-26 02:14:27.534  5351  5379 I appium  : channel read: GET /session/17af0bf9-75e2-4dd2-9f44-ead40f34d2b5/element/00000000-0000-0f4a-ffff-ffff00000098/attribute/displayed
04-26 02:14:27.534  5351  5379 I appium  : GetElementAttribute command
04-26 02:14:27.538  5351  5379 I appium  : AppiumResponse: {"sessionId":"17af0bf9-75e2-4dd2-9f44-ead40f34d2b5","value":"true"}
04-26 02:14:27.543  5351  5379 I appium  : channel read: POST /session/17af0bf9-75e2-4dd2-9f44-ead40f34d2b5/element
04-26 02:14:27.544  5351  5379 I appium  : FindElement command
04-26 02:14:27.545  5351  5379 I appium  : method: 'id', selector: 'ru.otus.wishlist:id/price_input'
04-26 02:14:27.545  5351  5379 I appium  : Waiting up to 10000ms for the device to idle
04-26 02:14:27.551  5351  5379 I appium  : AppiumResponse: {"sessionId":"17af0bf9-75e2-4dd2-9f44-ead40f34d2b5","value":{"ELEMENT":"00000000-0000-0f4a-ffff-ffff00000098","element-6066-11e4-a52e-4f735466cecf":"00000000-0000-0f4a-ffff-ffff00000098"}}
04-26 02:14:27.557  5351  5379 I appium  : channel read: GET /session/17af0bf9-75e2-4dd2-9f44-ead40f34d2b5/element/00000000-0000-0f4a-ffff-ffff00000098/attribute/displayed
04-26 02:14:27.558  5351  5379 I appium  : GetElementAttribute command
04-26 02:14:27.561  5351  5379 I appium  : AppiumResponse: {"sessionId":"17af0bf9-75e2-4dd2-9f44-ead40f34d2b5","value":"true"}
04-26 02:14:27.567  5351  5379 I appium  : channel read: POST /session/17af0bf9-75e2-4dd2-9f44-ead40f34d2b5/element/00000000-0000-0f4a-ffff-ffff00000098/clear
04-26 02:14:27.568  5351  5379 I appium  : Clear command
04-26 02:14:27.571  5351  5379 D UiObject2: Setting text to ''.
04-26 02:14:27.574  5351  5379 I appium  : AppiumResponse: {"sessionId":"17af0bf9-75e2-4dd2-9f44-ead40f34d2b5","value":null}
04-26 02:14:27.580  5351  5379 I appium  : channel read: POST /session/17af0bf9-75e2-4dd2-9f44-ead40f34d2b5/element
04-26 02:14:27.581  5351  5379 I appium  : FindElement command
04-26 02:14:27.582  5351  5379 I appium  : method: 'id', selector: 'ru.otus.wishlist:id/price_input'
04-26 02:14:27.582  5351  5379 I appium  : Waiting up to 10000ms for the device to idle
04-26 02:14:28.025   211  5297 I keystore2: keystore2::watchdog: Watchdog thread idle -> terminating. Have a great day.
04-26 02:14:28.081  5351  5379 I appium  : AppiumResponse: {"sessionId":"17af0bf9-75e2-4dd2-9f44-ead40f34d2b5","value":{"ELEMENT":"00000000-0000-0f4a-ffff-ffff00000098","element-6066-11e4-a52e-4f735466cecf":"00000000-0000-0f4a-ffff-ffff00000098"}}
04-26 02:14:28.097  5351  5379 I appium  : channel read: POST /session/17af0bf9-75e2-4dd2-9f44-ead40f34d2b5/element/00000000-0000-0f4a-ffff-ffff00000098/value
04-26 02:14:28.099  5351  5379 I appium  : SendKeysToElement command
04-26 02:14:28.105  5351  5379 D UiObject2: Setting text to ''.
04-26 02:14:28.116  5391  5409 D EGL_emulation: app_time_stats: avg=40.67ms min=12.31ms max=535.03ms count=27
04-26 02:14:28.621  5351  5379 I appium  : AppiumResponse: {"sessionId":"17af0bf9-75e2-4dd2-9f44-ead40f34d2b5","value":null}
04-26 02:14:28.632  5351  5379 I appium  : channel read: POST /session/17af0bf9-75e2-4dd2-9f44-ead40f34d2b5/element
04-26 02:14:28.633  5351  5379 I appium  : FindElement command
04-26 02:14:28.634  5351  5379 I appium  : method: 'id', selector: 'ru.otus.wishlist:id/description_input'
04-26 02:14:28.637  5351  5379 I appium  : Waiting up to 10000ms for the device to idle
04-26 02:14:28.646  5351  5379 I appium  : AppiumResponse: {"sessionId":"17af0bf9-75e2-4dd2-9f44-ead40f34d2b5","value":{"ELEMENT":"00000000-0000-0f4a-ffff-ffff000000a3","element-6066-11e4-a52e-4f735466cecf":"00000000-0000-0f4a-ffff-ffff000000a3"}}
04-26 02:14:28.656  5351  5379 I appium  : channel read: GET /session/17af0bf9-75e2-4dd2-9f44-ead40f34d2b5/element/00000000-0000-0f4a-ffff-ffff000000a3/attribute/displayed
04-26 02:14:28.656  5351  5379 I appium  : GetElementAttribute command
04-26 02:14:29.124  5351  5379 I appium  : AppiumResponse: {"sessionId":"17af0bf9-75e2-4dd2-9f44-ead40f34d2b5","value":"true"}
04-26 02:14:29.131  5351  5379 I appium  : channel read: POST /session/17af0bf9-75e2-4dd2-9f44-ead40f34d2b5/element
04-26 02:14:29.131  5351  5379 I appium  : FindElement command
04-26 02:14:29.132  5351  5379 I appium  : method: 'id', selector: 'ru.otus.wishlist:id/description_input'
04-26 02:14:29.132  5351  5379 I appium  : Waiting up to 10000ms for the device to idle
04-26 02:14:29.140  5351  5379 I appium  : AppiumResponse: {"sessionId":"17af0bf9-75e2-4dd2-9f44-ead40f34d2b5","value":{"ELEMENT":"00000000-0000-0f4a-ffff-ffff000000a3","element-6066-11e4-a52e-4f735466cecf":"00000000-0000-0f4a-ffff-ffff000000a3"}}
04-26 02:14:29.146  5351  5379 I appium  : channel read: GET /session/17af0bf9-75e2-4dd2-9f44-ead40f34d2b5/element/00000000-0000-0f4a-ffff-ffff000000a3/attribute/displayed
04-26 02:14:29.146  5351  5379 I appium  : GetElementAttribute command
04-26 02:14:29.150  5351  5379 I appium  : AppiumResponse: {"sessionId":"17af0bf9-75e2-4dd2-9f44-ead40f34d2b5","value":"true"}
04-26 02:14:29.156  5351  5379 I appium  : channel read: POST /session/17af0bf9-75e2-4dd2-9f44-ead40f34d2b5/element/00000000-0000-0f4a-ffff-ffff000000a3/clear
04-26 02:14:29.156  5351  5379 I appium  : Clear command
04-26 02:14:29.159  5351  5379 D UiObject2: Setting text to ''.
04-26 02:14:29.162  5351  5379 I appium  : AppiumResponse: {"sessionId":"17af0bf9-75e2-4dd2-9f44-ead40f34d2b5","value":null}
04-26 02:14:29.168  5391  5409 D EGL_emulation: app_time_stats: avg=40.37ms min=11.87ms max=523.08ms count=26
04-26 02:14:29.171  5351  5379 I appium  : channel read: POST /session/17af0bf9-75e2-4dd2-9f44-ead40f34d2b5/element
04-26 02:14:29.171  5351  5379 I appium  : FindElement command
04-26 02:14:29.173  5351  5379 I appium  : method: 'id', selector: 'ru.otus.wishlist:id/description_input'
04-26 02:14:29.173  5351  5379 I appium  : Waiting up to 10000ms for the device to idle
04-26 02:14:29.673  5351  5379 I appium  : AppiumResponse: {"sessionId":"17af0bf9-75e2-4dd2-9f44-ead40f34d2b5","value":{"ELEMENT":"00000000-0000-0f4a-ffff-ffff000000a3","element-6066-11e4-a52e-4f735466cecf":"00000000-0000-0f4a-ffff-ffff000000a3"}}
04-26 02:14:29.682  5351  5379 I appium  : channel read: POST /session/17af0bf9-75e2-4dd2-9f44-ead40f34d2b5/element/00000000-0000-0f4a-ffff-ffff000000a3/value
04-26 02:14:29.683  5351  5379 I appium  : SendKeysToElement command
04-26 02:14:29.689  5351  5379 D UiObject2: Setting text to ''.
04-26 02:14:30.205  5351  5379 I appium  : AppiumResponse: {"sessionId":"17af0bf9-75e2-4dd2-9f44-ead40f34d2b5","value":null}
04-26 02:14:30.216  5351  5379 I appium  : channel read: POST /session/17af0bf9-75e2-4dd2-9f44-ead40f34d2b5/element
04-26 02:14:30.216  5351  5379 I appium  : FindElement command
04-26 02:14:30.216  5351  5379 I appium  : method: 'id', selector: 'ru.otus.wishlist:id/save_button'
04-26 02:14:30.218  5351  5379 I appium  : Waiting up to 10000ms for the device to idle
04-26 02:14:30.221  5391  5409 D EGL_emulation: app_time_stats: avg=526.22ms min=521.96ms max=530.47ms count=2
04-26 02:14:30.228  5351  5379 I appium  : AppiumResponse: {"sessionId":"17af0bf9-75e2-4dd2-9f44-ead40f34d2b5","value":{"ELEMENT":"00000000-0000-0f4a-ffff-ffff000000ac","element-6066-11e4-a52e-4f735466cecf":"00000000-0000-0f4a-ffff-ffff000000ac"}}
04-26 02:14:30.240  5351  5379 I appium  : channel read: GET /session/17af0bf9-75e2-4dd2-9f44-ead40f34d2b5/element/00000000-0000-0f4a-ffff-ffff000000ac/attribute/displayed
04-26 02:14:30.240  5351  5379 I appium  : GetElementAttribute command
04-26 02:14:30.709  5351  5379 I appium  : AppiumResponse: {"sessionId":"17af0bf9-75e2-4dd2-9f44-ead40f34d2b5","value":"true"}
04-26 02:14:30.717  5351  5379 I appium  : channel read: POST /session/17af0bf9-75e2-4dd2-9f44-ead40f34d2b5/element
04-26 02:14:30.717  5351  5379 I appium  : FindElement command
04-26 02:14:30.718  5351  5379 I appium  : method: 'id', selector: 'ru.otus.wishlist:id/save_button'
04-26 02:14:30.718  5351  5379 I appium  : Waiting up to 10000ms for the device to idle
04-26 02:14:30.725  5351  5379 I appium  : AppiumResponse: {"sessionId":"17af0bf9-75e2-4dd2-9f44-ead40f34d2b5","value":{"ELEMENT":"00000000-0000-0f4a-ffff-ffff000000ac","element-6066-11e4-a52e-4f735466cecf":"00000000-0000-0f4a-ffff-ffff000000ac"}}
04-26 02:14:30.733  5351  5379 I appium  : channel read: GET /session/17af0bf9-75e2-4dd2-9f44-ead40f34d2b5/element/00000000-0000-0f4a-ffff-ffff000000ac/attribute/displayed
04-26 02:14:30.734  5351  5379 I appium  : GetElementAttribute command
04-26 02:14:30.738  5351  5379 I appium  : AppiumResponse: {"sessionId":"17af0bf9-75e2-4dd2-9f44-ead40f34d2b5","value":"true"}
04-26 02:14:30.745  5351  5379 I appium  : channel read: POST /session/17af0bf9-75e2-4dd2-9f44-ead40f34d2b5/element/00000000-0000-0f4a-ffff-ffff000000ac/click
04-26 02:14:30.746  5351  5379 I appium  : Click command
04-26 02:14:30.750 12660 12679 D CompatibilityChangeReporter: Compat change id reported: 158002302; UID 10151; state: ENABLED
04-26 02:14:30.789  5351  5379 W GestureController: Gestures took longer than expected (40ms >> 16ms), device might be in a busy state.
04-26 02:14:30.789  5351  5379 I appium  : Waiting up to 10000ms for the device to idle
04-26 02:14:30.811 12814 12814 I wpa_supplicant: wlan0: CTRL-EVENT-BEACON-LOSS 
04-26 02:14:30.864  5391  5409 D OpenGLRenderer: endAllActiveAnimators on 0x7dab03ec9f30 (RippleDrawable) with handle 0x7daa13ea99f0
04-26 02:14:30.866 12660 12679 W InputManager-JNI: Input channel object '402cfd1 ru.otus.wishlist/ru.otus.wishlist.MainActivity (client)' was disposed without first being removed with the input manager!
04-26 02:14:30.872  5391  5391 D CompatibilityChangeReporter: Compat change id reported: 147798919; UID 10151; state: ENABLED
04-26 02:14:30.875 12833 12833 W ziparchive: Unable to open '/data/app/~~E7HUVOVE1_qGCqO9F55iMw==/ru.otus.wishlist-KvzObjiROZidZodhEA4kDA==/base.apk': No such file or directory
04-26 02:14:30.875 12833 12833 E ndroid.systemu: Failed to open APK '/data/app/~~E7HUVOVE1_qGCqO9F55iMw==/ru.otus.wishlist-KvzObjiROZidZodhEA4kDA==/base.apk': I/O error
04-26 02:14:30.875 12833 12833 W ResourcesManager: failed to preload asset path '/data/app/~~E7HUVOVE1_qGCqO9F55iMw==/ru.otus.wishlist-KvzObjiROZidZodhEA4kDA==/base.apk'
04-26 02:14:30.875 12833 12833 W ResourcesManager: java.io.IOException: Failed to load asset path /data/app/~~E7HUVOVE1_qGCqO9F55iMw==/ru.otus.wishlist-KvzObjiROZidZodhEA4kDA==/base.apk
04-26 02:14:30.875 12833 12833 W ResourcesManager: 	at android.content.res.ApkAssets.nativeLoad(Native Method)
04-26 02:14:30.875 12833 12833 W ResourcesManager: 	at android.content.res.ApkAssets.<init>(ApkAssets.java:295)
04-26 02:14:30.875 12833 12833 W ResourcesManager: 	at android.content.res.ApkAssets.loadFromPath(ApkAssets.java:144)
04-26 02:14:30.875 12833 12833 W ResourcesManager: 	at android.app.ResourcesManager.loadApkAssets(ResourcesManager.java:454)
04-26 02:14:30.875 12833 12833 W ResourcesManager: 	at android.app.ResourcesManager.access$000(ResourcesManager.java:72)
04-26 02:14:30.875 12833 12833 W ResourcesManager: 	at android.app.ResourcesManager$ApkAssetsSupplier.load(ResourcesManager.java:168)
04-26 02:14:30.875 12833 12833 W ResourcesManager: 	at android.app.ResourcesManager.createApkAssetsSupplierNotLocked(ResourcesManager.java:980)
04-26 02:14:30.875 12833 12833 W ResourcesManager: 	at android.app.ResourcesManager.getResources(ResourcesManager.java:1101)
04-26 02:14:30.875 12833 12833 W ResourcesManager: 	at android.app.ActivityThread.getTopLevelResources(ActivityThread.java:2372)
04-26 02:14:30.875 12833 12833 W ResourcesManager: 	at android.app.ApplicationPackageManager.getResourcesForApplication(ApplicationPackageManager.java:1751)
04-26 02:14:30.875 12833 12833 W ResourcesManager: 	at android.app.ApplicationPackageManager.getResourcesForApplication(ApplicationPackageManager.java:1737)
04-26 02:14:30.875 12833 12833 W ResourcesManager: 	at android.app.ApplicationPackageManager.getDrawable(ApplicationPackageManager.java:1506)
04-26 02:14:30.875 12833 12833 W ResourcesManager: 	at android.app.ApplicationPackageManager.loadUnbadgedItemIcon(ApplicationPackageManager.java:3029)
04-26 02:14:30.875 12833 12833 W ResourcesManager: 	at android.content.pm.PackageItemInfo.loadUnbadgedIcon(PackageItemInfo.java:290)
04-26 02:14:30.875 12833 12833 W ResourcesManager: 	at com.android.systemui.toast.SystemUIToast.getBadgedIcon(SystemUIToast.java:284)
04-26 02:14:30.875 12833 12833 W ResourcesManager: 	at com.android.systemui.toast.SystemUIToast.inflateToastView(SystemUIToast.java:198)
04-26 02:14:30.875 12833 12833 W ResourcesManager: 	at com.android.systemui.toast.SystemUIToast.<init>(SystemUIToast.java:90)
04-26 02:14:30.875 12833 12833 W ResourcesManager: 	at com.android.systemui.toast.SystemUIToast.<init>(SystemUIToast.java:77)
04-26 02:14:30.875 12833 12833 W ResourcesManager: 	at com.android.systemui.toast.ToastFactory.createToast(ToastFactory.java:78)
04-26 02:14:30.875 12833 12833 W ResourcesManager: 	at com.android.systemui.toast.ToastUI.lambda$showToast$0(ToastUI.java:113)
04-26 02:14:30.875 12833 12833 W ResourcesManager: 	at com.android.systemui.toast.ToastUI.$r8$lambda$w_gPCh3F8Xxn1jN4lkQZoUci71c(Unknown Source:0)
04-26 02:14:30.875 12833 12833 W ResourcesManager: 	at com.android.systemui.toast.ToastUI$$ExternalSyntheticLambda0.run(Unknown Source:16)
04-26 02:14:30.875 12833 12833 W ResourcesManager: 	at com.android.systemui.toast.ToastUI.showToast(ToastUI.java:140)
04-26 02:14:30.875 12833 12833 W ResourcesManager: 	at com.android.systemui.statusbar.CommandQueue$H.handleMessage(CommandQueue.java:1431)
04-26 02:14:30.875 12833 12833 W ResourcesManager: 	at android.os.Handler.dispatchMessage(Handler.java:106)
04-26 02:14:30.875 12833 12833 W ResourcesManager: 	at android.os.Looper.loopOnce(Looper.java:201)
04-26 02:14:30.875 12833 12833 W ResourcesManager: 	at android.os.Looper.loop(Looper.java:288)
04-26 02:14:30.875 12833 12833 W ResourcesManager: 	at android.app.ActivityThread.main(ActivityThread.java:7839)
04-26 02:14:30.875 12833 12833 W ResourcesManager: 	at java.lang.reflect.Method.invoke(Native Method)
04-26 02:14:30.875 12833 12833 W ResourcesManager: 	at com.android.internal.os.RuntimeInit$MethodAndArgsCaller.run(RuntimeInit.java:548)
04-26 02:14:30.875 12833 12833 W ResourcesManager: 	at com.android.internal.os.ZygoteInit.main(ZygoteInit.java:1003)
04-26 02:14:30.876 12833 12833 W ziparchive: Unable to open '/data/app/~~E7HUVOVE1_qGCqO9F55iMw==/ru.otus.wishlist-KvzObjiROZidZodhEA4kDA==/base.apk': No such file or directory
04-26 02:14:30.876 12833 12833 E ndroid.systemu: Failed to open APK '/data/app/~~E7HUVOVE1_qGCqO9F55iMw==/ru.otus.wishlist-KvzObjiROZidZodhEA4kDA==/base.apk': I/O error
04-26 02:14:30.879 12833 12833 E ResourcesManager: failed to add asset path '/data/app/~~E7HUVOVE1_qGCqO9F55iMw==/ru.otus.wishlist-KvzObjiROZidZodhEA4kDA==/base.apk'
04-26 02:14:30.879 12833 12833 E ResourcesManager: java.io.IOException: Failed to load asset path /data/app/~~E7HUVOVE1_qGCqO9F55iMw==/ru.otus.wishlist-KvzObjiROZidZodhEA4kDA==/base.apk
04-26 02:14:30.879 12833 12833 E ResourcesManager: 	at android.content.res.ApkAssets.nativeLoad(Native Method)
04-26 02:14:30.879 12833 12833 E ResourcesManager: 	at android.content.res.ApkAssets.<init>(ApkAssets.java:295)
04-26 02:14:30.879 12833 12833 E ResourcesManager: 	at android.content.res.ApkAssets.loadFromPath(ApkAssets.java:144)
04-26 02:14:30.879 12833 12833 E ResourcesManager: 	at android.app.ResourcesManager.loadApkAssets(ResourcesManager.java:454)
04-26 02:14:30.879 12833 12833 E ResourcesManager: 	at android.app.ResourcesManager.access$000(ResourcesManager.java:72)
04-26 02:14:30.879 12833 12833 E ResourcesManager: 	at android.app.ResourcesManager$ApkAssetsSupplier.load(ResourcesManager.java:168)
04-26 02:14:30.879 12833 12833 E ResourcesManager: 	at android.app.ResourcesManager.createAssetManager(ResourcesManager.java:530)
04-26 02:14:30.879 12833 12833 E ResourcesManager: 	at android.app.ResourcesManager.createResourcesImpl(ResourcesManager.java:612)
04-26 02:14:30.879 12833 12833 E ResourcesManager: 	at android.app.ResourcesManager.findOrCreateResourcesImplForKeyLocked(ResourcesManager.java:664)
04-26 02:14:30.879 12833 12833 E ResourcesManager: 	at android.app.ResourcesManager.createResources(ResourcesManager.java:1011)
04-26 02:14:30.879 12833 12833 E ResourcesManager: 	at android.app.ResourcesManager.getResources(ResourcesManager.java:1114)
04-26 02:14:30.879 12833 12833 E ResourcesManager: 	at android.app.ActivityThread.getTopLevelResources(ActivityThread.java:2372)
04-26 02:14:30.879 12833 12833 E ResourcesManager: 	at android.app.ApplicationPackageManager.getResourcesForApplication(ApplicationPackageManager.java:1751)
04-26 02:14:30.879 12833 12833 E ResourcesManager: 	at android.app.ApplicationPackageManager.getResourcesForApplication(ApplicationPackageManager.java:1737)
04-26 02:14:30.879 12833 12833 E ResourcesManager: 	at android.app.ApplicationPackageManager.getDrawable(ApplicationPackageManager.java:1506)
04-26 02:14:30.879 12833 12833 E ResourcesManager: 	at android.app.ApplicationPackageManager.loadUnbadgedItemIcon(ApplicationPackageManager.java:3029)
04-26 02:14:30.879 12833 12833 E ResourcesManager: 	at android.content.pm.PackageItemInfo.loadUnbadgedIcon(PackageItemInfo.java:290)
04-26 02:14:30.879 12833 12833 E ResourcesManager: 	at com.android.systemui.toast.SystemUIToast.getBadgedIcon(SystemUIToast.java:284)
04-26 02:14:30.879 12833 12833 E ResourcesManager: 	at com.android.systemui.toast.SystemUIToast.inflateToastView(SystemUIToast.java:198)
04-26 02:14:30.879 12833 12833 E ResourcesManager: 	at com.android.systemui.toast.SystemUIToast.<init>(SystemUIToast.java:90)
04-26 02:14:30.879 12833 12833 E ResourcesManager: 	at com.android.systemui.toast.SystemUIToast.<init>(SystemUIToast.java:77)
04-26 02:14:30.879 12833 12833 E ResourcesManager: 	at com.android.systemui.toast.ToastFactory.createToast(ToastFactory.java:78)
04-26 02:14:30.879 12833 12833 E ResourcesManager: 	at com.android.systemui.toast.ToastUI.lambda$showToast$0(ToastUI.java:113)
04-26 02:14:30.879 12833 12833 E ResourcesManager: 	at com.android.systemui.toast.ToastUI.$r8$lambda$w_gPCh3F8Xxn1jN4lkQZoUci71c(Unknown Source:0)
04-26 02:14:30.879 12833 12833 E ResourcesManager: 	at com.android.systemui.toast.ToastUI$$ExternalSyntheticLambda0.run(Unknown Source:16)
04-26 02:14:30.879 12833 12833 E ResourcesManager: 	at com.android.systemui.toast.ToastUI.showToast(ToastUI.java:140)
04-26 02:14:30.879 12833 12833 E ResourcesManager: 	at com.android.systemui.statusbar.CommandQueue$H.handleMessage(CommandQueue.java:1431)
04-26 02:14:30.879 12833 12833 E ResourcesManager: 	at android.os.Handler.dispatchMessage(Handler.java:106)
04-26 02:14:30.879 12833 12833 E ResourcesManager: 	at android.os.Looper.loopOnce(Looper.java:201)
04-26 02:14:30.879 12833 12833 E ResourcesManager: 	at android.os.Looper.loop(Looper.java:288)
04-26 02:14:30.879 12833 12833 E ResourcesManager: 	at android.app.ActivityThread.main(ActivityThread.java:7839)
04-26 02:14:30.879 12833 12833 E ResourcesManager: 	at java.lang.reflect.Method.invoke(Native Method)
04-26 02:14:30.879 12833 12833 E ResourcesManager: 	at com.android.internal.os.RuntimeInit$MethodAndArgsCaller.run(RuntimeInit.java:548)
04-26 02:14:30.879 12833 12833 E ResourcesManager: 	at com.android.internal.os.ZygoteInit.main(ZygoteInit.java:1003)
04-26 02:14:30.883 12833 12833 W PackageManager: Failure retrieving resources for ru.otus.wishlist
