04-13 07:55:38.170 22428 22456 I appium  : method: 'id', selector: 'ru.otus.wishlist:id/log_in_button'
04-13 07:55:38.171 22428 22456 I appium  : Waiting up to 10000ms for the device to idle
04-13 07:55:38.183 22428 22456 I appium  : AppiumResponse: {"sessionId":"a8393b2f-ec0b-45b9-ad77-8bac47d6704e","value":{"ELEMENT":"00000000-0000-0c83-ffff-ffff0000002a","element-6066-11e4-a52e-4f735466cecf":"00000000-0000-0c83-ffff-ffff0000002a"}}
04-13 07:55:38.190 22428 22456 I appium  : channel read: GET /session/a8393b2f-ec0b-45b9-ad77-8bac47d6704e/element/00000000-0000-0c83-ffff-ffff0000002a/attribute/displayed
04-13 07:55:38.191 22428 22456 I appium  : GetElementAttribute command
04-13 07:55:38.194 22428 22456 I appium  : AppiumResponse: {"sessionId":"a8393b2f-ec0b-45b9-ad77-8bac47d6704e","value":"true"}
04-13 07:55:38.201 22428 22456 I appium  : channel read: POST /session/a8393b2f-ec0b-45b9-ad77-8bac47d6704e/element/00000000-0000-0c83-ffff-ffff0000002a/click
04-13 07:55:38.202 22428 22456 I appium  : Click command
04-13 07:55:38.243 22428 22456 W GestureController: Gestures took longer than expected (36ms >> 16ms), device might be in a busy state.
04-13 07:55:38.243 22428 22456 I appium  : Waiting up to 10000ms for the device to idle
04-13 07:55:38.247 22428 22456 I appium  : AppiumResponse: {"sessionId":"a8393b2f-ec0b-45b9-ad77-8bac47d6704e","value":null}
04-13 07:55:38.255 22428 22456 I appium  : channel read: POST /session/a8393b2f-ec0b-45b9-ad77-8bac47d6704e/element
04-13 07:55:38.255 22428 22456 I appium  : FindElement command
04-13 07:55:38.256 22428 22456 I appium  : method: 'id', selector: 'ru.otus.wishlist:id/add_button'
04-13 07:55:38.257 22428 22456 I appium  : Waiting up to 10000ms for the device to idle
04-13 07:55:38.305 22428 22456 I appium  : AppiumResponse: {"sessionId":"a8393b2f-ec0b-45b9-ad77-8bac47d6704e","value":{"error":"no such element","message":"An element could not be located on the page using the given search parameters","stacktrace":"io.appium.uiautomator2.common.exceptions.ElementNotFoundException: An element could not be located on the page using the given search parameters\n\tat io.appium.uiautomator2.handler.FindElement.safeHandle(FindElement.java:63)\n\tat io.appium.uiautomator2.handler.request.SafeRequestHandler.handle(SafeRequestHandler.java:59)\n\tat io.appium.uiautomator2.server.AppiumServlet.handleRequest(AppiumServlet.java:267)\n\tat io.appium.uiautomator2.server.AppiumServlet.handleHttpRequest(AppiumServlet.java:261)\n\tat io.appium.uiautomator2.http.ServerHandler.channelRead(ServerHandler.java:77)\n\tat io.netty.channel.AbstractChannelHandlerContext.fireChannelRead(AbstractChannelHandlerContext.java:356)\n\tat io.netty.handler.codec.MessageToMessageDecoder.channelRead(MessageToMessageDecoder.java:107)\n\tat io.netty.channel.AbstractChannelHandlerContext.fireChannelRead(AbstractChannelHandlerContext.java:356)\n\tat io.netty.channel.CombinedChannelDuplexHandler$DelegatingChannelHandlerContext.fireChannelRead(CombinedChannelDuplexHandler.java:434)\n\tat io.netty.handler.codec.ByteToMessageDecoder.fireChannelRead(ByteToMessageDecoder.java:361)\n\tat io.netty.handler.codec.ByteToMessageDecoder.channelRead(ByteToMessageDecoder.java:325)\n\tat io.netty.channel.CombinedChannelDuplexHandler.channelRead(CombinedChannelDuplexHandler.java:249)\n\tat io.netty.channel.AbstractChannelHandlerContext.fireChannelRead(AbstractChannelHandlerContext.java:354)\n\tat io.netty.handler.timeout.IdleStateHandler.channelRead(IdleStateHandler.java:293)\n\tat io.netty.channel.AbstractChannelHandlerContext.fireChannelRead(AbstractChannelHandlerContext.java:354)\n\tat io.netty.channel.DefaultChannelPipeline$HeadContext.channelRead(DefaultChannelPipeline.java:1429)\n\tat io.netty.channel.DefaultChannelPipeline.fireChannelRead(DefaultChannelPipeline.java:918)\n\tat io.netty.channel.nio.AbstractNioByteChannel$NioByteUnsafe.read(AbstractNioByteChannel.java:172)\n\tat io.netty.channel.nio.AbstractNioChannel$AbstractNioUnsafe.handle(AbstractNioChannel.java:445)\n\tat io.netty.channel.nio.NioIoHandler$DefaultNioRegistration.handle(NioIoHandler.java:388)\n\tat io.netty.channel.nio.NioIoHandler.processSelectedKey(NioIoHandler.java:596)\n\tat io.netty.channel.nio.NioIoHandler.processSelectedKeysOptimized(NioIoHandler.java:571)\n\tat io.netty.channel.nio.NioIoHandler.processSelectedKeys(NioIoHandler.java:512)\n\tat io.netty.channel.nio.NioIoHandler.run(NioIoHandler.java:484)\n\tat io.netty.channel.SingleThreadIoEventLoop.runIo(SingleThreadIoEventLoop.java:225)\n\tat io.netty.channel.SingleThreadIoEventLoop.run(SingleThreadIoEventLoop.java:196)\n\tat io.netty.util.concurrent.SingleThreadEventExecutor$5.run(SingleThreadEventExecutor.java:1195)\n\tat io.netty.util.internal.ThreadExecutorMap$2.run(ThreadExecutorMap.java:74)\n\tat io.netty.util.concurrent.FastThreadLocalRunnable.run(FastThreadLocalRunnable.java:30)\n\tat java.lang.Thread.run(Thread.java:920)\n"}}
04-13 07:55:38.314 12592 22503 D resolv  : GetAddrInfoHandler::run: {103 103 103 983143 10151 0}
04-13 07:55:38.314 12592 22503 D resolv  : resolv_getaddrinfo: explore_fqdn(): ai_family=0 ai_socktype=1 ai_protocol=6
04-13 07:55:38.314 12592 22505 D resolv  : doQuery: (1, 1)
04-13 07:55:38.314 12592 22504 D resolv  : doQuery: (1, 28)
04-13 07:55:38.314 12592 22505 D resolv  : res_nmkquery: (QUERY, IN, A)
04-13 07:55:38.314 12592 22504 D resolv  : res_nmkquery: (QUERY, IN, AAAA)
04-13 07:55:38.315 12592 22504 D resolv  : res_nsend
04-13 07:55:38.315 12592 22504 I resolv  : resolv_cache_lookup: lookup
04-13 07:55:38.315 12592 22505 D resolv  : res_nsend
04-13 07:55:38.315 12592 22505 I resolv  : resolv_cache_lookup: lookup
04-13 07:55:38.318 12592 22504 I resolv  : resolv_cache_lookup: FOUND IN CACHE entry=0x790037b51b50
04-13 07:55:38.318 12592 22504 D resolv  : doQuery: rcode=0, ancount=0
04-13 07:55:38.318 12592 22505 I resolv  : resolv_cache_lookup: FOUND IN CACHE entry=0x790027b561d0
04-13 07:55:38.318 12592 22505 D resolv  : doQuery: rcode=0, ancount=1
04-13 07:55:38.319 12592 22503 I ResolverController: No valid NAT64 prefix (103, <unspecified>/0)
04-13 07:55:38.815 22428 22456 I appium  : channel read: POST /session/a8393b2f-ec0b-45b9-ad77-8bac47d6704e/element
04-13 07:55:38.816 22428 22456 I appium  : FindElement command
04-13 07:55:38.818 22428 22456 I appium  : method: 'id', selector: 'ru.otus.wishlist:id/add_button'
04-13 07:55:38.818 22428 22456 I appium  : Waiting up to 10000ms for the device to idle
04-13 07:55:38.893 22428 22456 I appium  : AppiumResponse: {"sessionId":"a8393b2f-ec0b-45b9-ad77-8bac47d6704e","value":{"error":"no such element","message":"An element could not be located on the page using the given search parameters","stacktrace":"io.appium.uiautomator2.common.exceptions.ElementNotFoundException: An element could not be located on the page using the given search parameters\n\tat io.appium.uiautomator2.handler.FindElement.safeHandle(FindElement.java:63)\n\tat io.appium.uiautomator2.handler.request.SafeRequestHandler.handle(SafeRequestHandler.java:59)\n\tat io.appium.uiautomator2.server.AppiumServlet.handleRequest(AppiumServlet.java:267)\n\tat io.appium.uiautomator2.server.AppiumServlet.handleHttpRequest(AppiumServlet.java:261)\n\tat io.appium.uiautomator2.http.ServerHandler.channelRead(ServerHandler.java:77)\n\tat io.netty.channel.AbstractChannelHandlerContext.fireChannelRead(AbstractChannelHandlerContext.java:356)\n\tat io.netty.handler.codec.MessageToMessageDecoder.channelRead(MessageToMessageDecoder.java:107)\n\tat io.netty.channel.AbstractChannelHandlerContext.fireChannelRead(AbstractChannelHandlerContext.java:356)\n\tat io.netty.channel.CombinedChannelDuplexHandler$DelegatingChannelHandlerContext.fireChannelRead(CombinedChannelDuplexHandler.java:434)\n\tat io.netty.handler.codec.ByteToMessageDecoder.fireChannelRead(ByteToMessageDecoder.java:361)\n\tat io.netty.handler.codec.ByteToMessageDecoder.channelRead(ByteToMessageDecoder.java:325)\n\tat io.netty.channel.CombinedChannelDuplexHandler.channelRead(CombinedChannelDuplexHandler.java:249)\n\tat io.netty.channel.AbstractChannelHandlerContext.fireChannelRead(AbstractChannelHandlerContext.java:354)\n\tat io.netty.handler.timeout.IdleStateHandler.channelRead(IdleStateHandler.java:293)\n\tat io.netty.channel.AbstractChannelHandlerContext.fireChannelRead(AbstractChannelHandlerContext.java:354)\n\tat io.netty.channel.DefaultChannelPipeline$HeadContext.channelRead(DefaultChannelPipeline.java:1429)\n\tat io.netty.channel.DefaultChannelPipeline.fireChannelRead(DefaultChannelPipeline.java:918)\n\tat io.netty.channel.nio.AbstractNioByteChannel$NioByteUnsafe.read(AbstractNioByteChannel.java:172)\n\tat io.netty.channel.nio.AbstractNioChannel$AbstractNioUnsafe.handle(AbstractNioChannel.java:445)\n\tat io.netty.channel.nio.NioIoHandler$DefaultNioRegistration.handle(NioIoHandler.java:388)\n\tat io.netty.channel.nio.NioIoHandler.processSelectedKey(NioIoHandler.java:596)\n\tat io.netty.channel.nio.NioIoHandler.processSelectedKeysOptimized(NioIoHandler.java:571)\n\tat io.netty.channel.nio.NioIoHandler.processSelectedKeys(NioIoHandler.java:512)\n\tat io.netty.channel.nio.NioIoHandler.run(NioIoHandler.java:484)\n\tat io.netty.channel.SingleThreadIoEventLoop.runIo(SingleThreadIoEventLoop.java:225)\n\tat io.netty.channel.SingleThreadIoEventLoop.run(SingleThreadIoEventLoop.java:196)\n\tat io.netty.util.concurrent.SingleThreadEventExecutor$5.run(SingleThreadEventExecutor.java:1195)\n\tat io.netty.util.internal.ThreadExecutorMap$2.run(ThreadExecutorMap.java:74)\n\tat io.netty.util.concurrent.FastThreadLocalRunnable.run(FastThreadLocalRunnable.java:30)\n\tat java.lang.Thread.run(Thread.java:920)\n"}}
04-13 07:55:39.403 22428 22456 I appium  : channel read: POST /session/a8393b2f-ec0b-45b9-ad77-8bac47d6704e/element
04-13 07:55:39.404 22428 22456 I appium  : FindElement command
04-13 07:55:39.405 22428 22456 I appium  : method: 'id', selector: 'ru.otus.wishlist:id/add_button'
04-13 07:55:39.405 22428 22456 I appium  : Waiting up to 10000ms for the device to idle
04-13 07:55:39.423 12660 16919 W ProcessStats: Tracking association SourceState{5d4d019 system/1000 BTopFgs #34116} whose proc state 2 is better than process ProcessState{f5a68de io.appium.settings/10149 pkg=io.appium.settings} proc state 3 (102 skipped)
04-13 07:55:39.492 22468 22487 D EGL_emulation: app_time_stats: avg=54.53ms min=11.32ms max=1123.86ms count=33
04-13 07:55:40.093 22428 22456 I appium  : AppiumResponse: {"sessionId":"a8393b2f-ec0b-45b9-ad77-8bac47d6704e","value":{"ELEMENT":"00000000-0000-0c83-ffff-ffff00000065","element-6066-11e4-a52e-4f735466cecf":"00000000-0000-0c83-ffff-ffff00000065"}}
04-13 07:55:40.100 22428 22456 I appium  : channel read: GET /session/a8393b2f-ec0b-45b9-ad77-8bac47d6704e/element/00000000-0000-0c83-ffff-ffff00000065/attribute/displayed
04-13 07:55:40.101 22428 22456 I appium  : GetElementAttribute command
04-13 07:55:40.105 22428 22456 I appium  : AppiumResponse: {"sessionId":"a8393b2f-ec0b-45b9-ad77-8bac47d6704e","value":"true"}
04-13 07:55:40.112 22428 22456 I appium  : channel read: POST /session/a8393b2f-ec0b-45b9-ad77-8bac47d6704e/element
04-13 07:55:40.113 22428 22456 I appium  : FindElement command
04-13 07:55:40.113 22428 22456 I appium  : method: 'id', selector: 'ru.otus.wishlist:id/add_button'
04-13 07:55:40.113 22428 22456 I appium  : Waiting up to 10000ms for the device to idle
04-13 07:55:40.125 22428 22456 I appium  : AppiumResponse: {"sessionId":"a8393b2f-ec0b-45b9-ad77-8bac47d6704e","value":{"ELEMENT":"00000000-0000-0c83-ffff-ffff00000065","element-6066-11e4-a52e-4f735466cecf":"00000000-0000-0c83-ffff-ffff00000065"}}
04-13 07:55:40.132 22428 22456 I appium  : channel read: GET /session/a8393b2f-ec0b-45b9-ad77-8bac47d6704e/element/00000000-0000-0c83-ffff-ffff00000065/attribute/displayed
04-13 07:55:40.133 22428 22456 I appium  : GetElementAttribute command
04-13 07:55:40.137 22428 22456 I appium  : AppiumResponse: {"sessionId":"a8393b2f-ec0b-45b9-ad77-8bac47d6704e","value":"true"}
04-13 07:55:40.143 22428 22456 I appium  : channel read: POST /session/a8393b2f-ec0b-45b9-ad77-8bac47d6704e/element/00000000-0000-0c83-ffff-ffff00000065/click
04-13 07:55:40.144 22428 22456 I appium  : Click command
04-13 07:55:40.191 22428 22456 W GestureController: Gestures took longer than expected (44ms >> 16ms), device might be in a busy state.
04-13 07:55:40.192 22428 22456 I appium  : Waiting up to 10000ms for the device to idle
04-13 07:55:40.193 22428 22456 I appium  : AppiumResponse: {"sessionId":"a8393b2f-ec0b-45b9-ad77-8bac47d6704e","value":null}
04-13 07:55:40.201 22428 22456 I appium  : channel read: POST /session/a8393b2f-ec0b-45b9-ad77-8bac47d6704e/element
04-13 07:55:40.204 22428 22456 I appium  : FindElement command
04-13 07:55:40.205 22428 22456 I appium  : method: 'id', selector: 'ru.otus.wishlist:id/wishlist_edit_title'
04-13 07:55:40.205 22428 22456 I appium  : Waiting up to 10000ms for the device to idle
04-13 07:55:40.256 22468 22476 I u.otus.wishlis: JIT allocated 77KB for compiled code of void android.view.View.<init>(android.content.Context, android.util.AttributeSet, int, int)
04-13 07:55:40.285 12833 12920 D EGL_emulation: app_time_stats: avg=118.88ms min=1.35ms max=3716.33ms count=32
04-13 07:55:40.285   371   411 D goldfish-address-space: claimShared: Ask to claim region [0x3f1cec000 0x3f28fb000]
04-13 07:55:40.321   371   411 D goldfish-address-space: claimShared: Ask to claim region [0x3f630b000 0x3f6f1a000]
04-13 07:55:40.367   371   411 D goldfish-address-space: claimShared: Ask to claim region [0x3f6f1a000 0x3f7b29000]
04-13 07:55:40.422 22428 22456 W ByMatcher: Node returned null child: android.view.accessibility.AccessibilityNodeInfo@80007941; boundsInParent: Rect(0, 0 - 1080, 2340); boundsInScreen: Rect(0, 0 - 1080, 2340); packageName: ru.otus.wishlist; className: android.widget.FrameLayout; text: null; error: null; maxTextLength: -1; stateDescription: null; contentDescription: null; tooltipText: null; viewIdResName: null; checkable: false; checked: false; focusable: false; focused: false; selected: false; clickable: false; longClickable: false; contextClickable: false; enabled: true; password: false; scrollable: false; importantForAccessibility: true; visible: true; actions: [AccessibilityAction: ACTION_SELECT - null, AccessibilityAction: ACTION_CLEAR_SELECTION - null, AccessibilityAction: ACTION_ACCESSIBILITY_FOCUS - null, AccessibilityAction: ACTION_SHOW_ON_SCREEN - null]
04-13 07:55:40.422 22428 22456 W ByMatcher: Skipping null child (0 of 2)
04-13 07:55:40.423 22428 22456 W ByMatcher: Skipping null child (1 of 2)
04-13 07:55:40.423 22428 22456 W ByMatcher: Node returned null child: android.view.accessibility.AccessibilityNodeInfo@80007941; boundsInParent: Rect(0, 0 - 1080, 2340); boundsInScreen: Rect(0, 0 - 1080, 2340); packageName: ru.otus.wishlist; className: android.widget.FrameLayout; text: null; error: null; maxTextLength: -1; stateDescription: null; contentDescription: null; tooltipText: null; viewIdResName: null; checkable: false; checked: false; focusable: false; focused: false; selected: false; clickable: false; longClickable: false; contextClickable: false; enabled: true; password: false; scrollable: false; importantForAccessibility: true; visible: true; actions: [AccessibilityAction: ACTION_SELECT - null, AccessibilityAction: ACTION_CLEAR_SELECTION - null, AccessibilityAction: ACTION_ACCESSIBILITY_FOCUS - null, AccessibilityAction: ACTION_SHOW_ON_SCREEN - null]
04-13 07:55:40.424 22428 22456 W ByMatcher: Skipping null child (0 of 2)
04-13 07:55:40.424 22428 22456 W ByMatcher: Skipping null child (1 of 2)
04-13 07:55:40.426 22428 22456 I appium  : AppiumResponse: {"sessionId":"a8393b2f-ec0b-45b9-ad77-8bac47d6704e","value":{"error":"no such element","message":"An element could not be located on the page using the given search parameters","stacktrace":"io.appium.uiautomator2.common.exceptions.ElementNotFoundException: An element could not be located on the page using the given search parameters\n\tat io.appium.uiautomator2.handler.FindElement.safeHandle(FindElement.java:63)\n\tat io.appium.uiautomator2.handler.request.SafeRequestHandler.handle(SafeRequestHandler.java:59)\n\tat io.appium.uiautomator2.server.AppiumServlet.handleRequest(AppiumServlet.java:267)\n\tat io.appium.uiautomator2.server.AppiumServlet.handleHttpRequest(AppiumServlet.java:261)\n\tat io.appium.uiautomator2.http.ServerHandler.channelRead(ServerHandler.java:77)\n\tat io.netty.channel.AbstractChannelHandlerContext.fireChannelRead(AbstractChannelHandlerContext.java:356)\n\tat io.netty.handler.codec.MessageToMessageDecoder.channelRead(MessageToMessageDecoder.java:107)\n\tat io.netty.channel.AbstractChannelHandlerContext.fireChannelRead(AbstractChannelHandlerContext.java:356)\n\tat io.netty.channel.CombinedChannelDuplexHandler$DelegatingChannelHandlerContext.fireChannelRead(CombinedChannelDuplexHandler.java:434)\n\tat io.netty.handler.codec.ByteToMessageDecoder.fireChannelRead(ByteToMessageDecoder.java:361)\n\tat io.netty.handler.codec.ByteToMessageDecoder.channelRead(ByteToMessageDecoder.java:325)\n\tat io.netty.channel.CombinedChannelDuplexHandler.channelRead(CombinedChannelDuplexHandler.java:249)\n\tat io.netty.channel.AbstractChannelHandlerContext.fireChannelRead(AbstractChannelHandlerContext.java:354)\n\tat io.netty.handler.timeout.IdleStateHandler.channelRead(IdleStateHandler.java:293)\n\tat io.netty.channel.AbstractChannelHandlerContext.fireChannelRead(AbstractChannelHandlerContext.java:354)\n\tat io.netty.channel.DefaultChannelPipeline$HeadContext.channelRead(DefaultChannelPipeline.java:1429)\n\tat io.netty.channel.DefaultChannelPipeline.fireChannelRead(DefaultChannelPipeline.java:918)\n\tat io.netty.channel.nio.AbstractNioByteChannel$NioByteUnsafe.read(AbstractNioByteChannel.java:172)\n\tat io.netty.channel.nio.AbstractNioChannel$AbstractNioUnsafe.handle(AbstractNioChannel.java:445)\n\tat io.netty.channel.nio.NioIoHandler$DefaultNioRegistration.handle(NioIoHandler.java:388)\n\tat io.netty.channel.nio.NioIoHandler.processSelectedKey(NioIoHandler.java:596)\n\tat io.netty.channel.nio.NioIoHandler.processSelectedKeysOptimized(NioIoHandler.java:571)\n\tat io.netty.channel.nio.NioIoHandler.processSelectedKeys(NioIoHandler.java:512)\n\tat io.netty.channel.nio.NioIoHandler.run(NioIoHandler.java:484)\n\tat io.netty.channel.SingleThreadIoEventLoop.runIo(SingleThreadIoEventLoop.java:225)\n\tat io.netty.channel.SingleThreadIoEventLoop.run(SingleThreadIoEventLoop.java:196)\n\tat io.netty.util.concurrent.SingleThreadEventExecutor$5.run(SingleThreadEventExecutor.java:1195)\n\tat io.netty.util.internal.ThreadExecutorMap$2.run(ThreadExecutorMap.java:74)\n\tat io.netty.util.concurrent.FastThreadLocalRunnable.run(FastThreadLocalRunnable.java:30)\n\tat java.lang.Thread.run(Thread.java:920)\n"}}
04-13 07:55:40.454 13314 13314 I GoogleInputMethodService: GoogleInputMethodService.onFinishInput():3420 
04-13 07:55:40.454 13314 13314 W KeyboardViewController: KeyboardViewController.show():477 Requesting to show sub view with id 2131428268(#0x7f0b03ac) when keyboard HEADER view is not ready to show
04-13 07:55:40.454 13314 13314 I GoogleInputMethodService: GoogleInputMethodService.onStartInput():2002 
04-13 07:55:40.455 13314 13314 I DeviceUnlockedTag: DeviceUnlockedTag.notifyDeviceLockStatusChanged():31 Notify device unlocked.
04-13 07:55:40.455 13314 13314 I ShortcutsDataManager: AbstractContentDataManager.startImportContentTask():235 startImportContentTask()
04-13 07:55:40.456 13314 13602 I ShortcutsDataManager: AbstractContentDataManager$ImportContentTask.doInBackground():249 doInBackground()
04-13 07:55:40.457 13314 13602 I PersonalDictionaryDataHandler: PersonalDictionaryDataHandler.beginProcess():111 LanguageTags = [en-US]
04-13 07:55:40.466 13314 13602 I ShortcutsDataManager: AbstractContentDataManager.importRecords():339 importRecords() : Success : Count = 0
04-13 07:55:40.467 13314 13602 I ShortcutsDataManager: AbstractContentDataManager.importContentData():289 importContentData() : Ending import process
04-13 07:55:40.467 13314 15962 I Delight5Decoder: Delight5DecoderWrapper.unloadLanguageModel():820 unloadLanguageModel() : 4, version [n/a]
04-13 07:55:40.477 13314 13602 I PersonalLanguageModelUpdater: PersonalLanguageModelUpdater$UpdateOperation.performInternal():162 run() : Added 0 words and 0 shortcuts
04-13 07:55:40.477 13314 13602 I DynamicLanguageModelOperation: DynamicLanguageModelOperation.perform():38 perform() : 4 : cny : Completed
04-13 07:55:40.478 13314 15962 I Delight5Decoder: Delight5DecoderWrapper.loadLanguageModel():614 loadLanguageModel() : 4, version [n/a]
04-13 07:55:40.478 13314 13314 I ShortcutsDataManager: AbstractContentDataManager$ImportContentTask.onPostExecute():260 onPostExecute() : Result = [2,0]
04-13 07:55:40.478 13314 13314 I ShortcutsDataManager: ShortcutsDataManager.onImportFinished():83 onImportFinished() : Result = 2 : Count = 0
04-13 07:55:40.478 13314 15962 I Delight5Decoder: Delight5DecoderWrapper.loadLanguageModel():652 Loaded dynamic LM 4.en
04-13 07:55:40.495 22468 22487 D EGL_emulation: app_time_stats: avg=52.09ms min=1.85ms max=602.87ms count=18
04-13 07:55:40.624 22468 22510 D ProfileInstaller: Installing profile for ru.otus.wishlist
04-13 07:55:40.935 22428 22456 I appium  : channel read: POST /session/a8393b2f-ec0b-45b9-ad77-8bac47d6704e/element
04-13 07:55:40.936 22428 22456 I appium  : FindElement command
04-13 07:55:40.936 22428 22456 I appium  : method: 'id', selector: 'ru.otus.wishlist:id/wishlist_edit_title'
04-13 07:55:40.937 22428 22456 I appium  : Waiting up to 10000ms for the device to idle
04-13 07:55:41.086 22428 22456 I appium  : AppiumResponse: {"sessionId":"a8393b2f-ec0b-45b9-ad77-8bac47d6704e","value":{"ELEMENT":"00000000-0000-0c84-ffff-ffff00000070","element-6066-11e4-a52e-4f735466cecf":"00000000-0000-0c84-ffff-ffff00000070"}}
04-13 07:55:41.094 22428 22456 I appium  : channel read: GET /session/a8393b2f-ec0b-45b9-ad77-8bac47d6704e/element/00000000-0000-0c84-ffff-ffff00000070/attribute/displayed
04-13 07:55:41.095 22428 22456 I appium  : GetElementAttribute command
04-13 07:55:41.098 22428 22456 I appium  : AppiumResponse: {"sessionId":"a8393b2f-ec0b-45b9-ad77-8bac47d6704e","value":"true"}
04-13 07:55:41.105 22428 22456 I appium  : channel read: POST /session/a8393b2f-ec0b-45b9-ad77-8bac47d6704e/element
04-13 07:55:41.106 22428 22456 I appium  : FindElement command
04-13 07:55:41.107 22428 22456 I appium  : method: 'id', selector: 'ru.otus.wishlist:id/wishlist_edit_title'
04-13 07:55:41.107 22428 22456 I appium  : Waiting up to 10000ms for the device to idle
04-13 07:55:41.113 22428 22456 I appium  : AppiumResponse: {"sessionId":"a8393b2f-ec0b-45b9-ad77-8bac47d6704e","value":{"ELEMENT":"00000000-0000-0c84-ffff-ffff00000070","element-6066-11e4-a52e-4f735466cecf":"00000000-0000-0c84-ffff-ffff00000070"}}
04-13 07:55:41.120 22428 22456 I appium  : channel read: GET /session/a8393b2f-ec0b-45b9-ad77-8bac47d6704e/element/00000000-0000-0c84-ffff-ffff00000070/name
04-13 07:55:41.120 22428 22456 I appium  : GetName command
04-13 07:55:41.124 22428 22456 I appium  : AppiumResponse: {"sessionId":"a8393b2f-ec0b-45b9-ad77-8bac47d6704e","value":null}
04-13 07:55:41.130 22428 22456 I appium  : channel read: GET /session/a8393b2f-ec0b-45b9-ad77-8bac47d6704e/element/00000000-0000-0c84-ffff-ffff00000070/text
04-13 07:55:41.130 22428 22456 I appium  : GetText command
04-13 07:55:41.134 22428 22456 I appium  : AppiumResponse: {"sessionId":"a8393b2f-ec0b-45b9-ad77-8bac47d6704e","value":"Новый список желаний"}
04-13 07:55:41.141 22428 22456 I appium  : channel read: POST /session/a8393b2f-ec0b-45b9-ad77-8bac47d6704e/element
04-13 07:55:41.141 22428 22456 I appium  : FindElement command
04-13 07:55:41.142 22428 22456 I appium  : method: 'id', selector: 'ru.otus.wishlist:id/title_input'
04-13 07:55:41.142 22428 22456 I appium  : Waiting up to 10000ms for the device to idle
04-13 07:55:41.149 22428 22456 I appium  : AppiumResponse: {"sessionId":"a8393b2f-ec0b-45b9-ad77-8bac47d6704e","value":{"ELEMENT":"00000000-0000-0c84-ffff-ffff00000073","element-6066-11e4-a52e-4f735466cecf":"00000000-0000-0c84-ffff-ffff00000073"}}
04-13 07:55:41.156 22428 22456 I appium  : channel read: GET /session/a8393b2f-ec0b-45b9-ad77-8bac47d6704e/element/00000000-0000-0c84-ffff-ffff00000073/attribute/displayed
04-13 07:55:41.156 22428 22456 I appium  : GetElementAttribute command
04-13 07:55:41.160 22428 22456 I appium  : AppiumResponse: {"sessionId":"a8393b2f-ec0b-45b9-ad77-8bac47d6704e","value":"true"}
04-13 07:55:41.167 22428 22456 I appium  : channel read: POST /session/a8393b2f-ec0b-45b9-ad77-8bac47d6704e/element
04-13 07:55:41.167 22428 22456 I appium  : FindElement command
04-13 07:55:41.168 22428 22456 I appium  : method: 'id', selector: 'ru.otus.wishlist:id/title_input'
04-13 07:55:41.168 22428 22456 I appium  : Waiting up to 10000ms for the device to idle
04-13 07:55:41.175 22428 22456 I appium  : AppiumResponse: {"sessionId":"a8393b2f-ec0b-45b9-ad77-8bac47d6704e","value":{"ELEMENT":"00000000-0000-0c84-ffff-ffff00000073","element-6066-11e4-a52e-4f735466cecf":"00000000-0000-0c84-ffff-ffff00000073"}}
04-13 07:55:41.180 22428 22456 I appium  : channel read: GET /session/a8393b2f-ec0b-45b9-ad77-8bac47d6704e/element/00000000-0000-0c84-ffff-ffff00000073/attribute/displayed
04-13 07:55:41.181 22428 22456 I appium  : GetElementAttribute command
04-13 07:55:41.185 22428 22456 I appium  : AppiumResponse: {"sessionId":"a8393b2f-ec0b-45b9-ad77-8bac47d6704e","value":"true"}
04-13 07:55:41.191 22428 22456 I appium  : channel read: POST /session/a8393b2f-ec0b-45b9-ad77-8bac47d6704e/element/00000000-0000-0c84-ffff-ffff00000073/clear
04-13 07:55:41.191 22428 22456 I appium  : Clear command
04-13 07:55:41.195 22428 22456 D UiObject2: Setting text to ''.
04-13 07:55:41.197 22428 22456 I appium  : AppiumResponse: {"sessionId":"a8393b2f-ec0b-45b9-ad77-8bac47d6704e","value":null}
04-13 07:55:41.209 22428 22456 I appium  : channel read: POST /session/a8393b2f-ec0b-45b9-ad77-8bac47d6704e/element
04-13 07:55:41.210 22428 22456 I appium  : FindElement command
04-13 07:55:41.210 22428 22456 I appium  : method: 'id', selector: 'ru.otus.wishlist:id/title_input'
04-13 07:55:41.211 22428 22456 I appium  : Waiting up to 10000ms for the device to idle
04-13 07:55:41.705 22428 22456 I appium  : AppiumResponse: {"sessionId":"a8393b2f-ec0b-45b9-ad77-8bac47d6704e","value":{"ELEMENT":"00000000-0000-0c84-ffff-ffff00000073","element-6066-11e4-a52e-4f735466cecf":"00000000-0000-0c84-ffff-ffff00000073"}}
04-13 07:55:41.713 22428 22456 I appium  : channel read: POST /session/a8393b2f-ec0b-45b9-ad77-8bac47d6704e/element/00000000-0000-0c84-ffff-ffff00000073/value
04-13 07:55:41.714 22428 22456 I appium  : SendKeysToElement command
04-13 07:55:41.720 22428 22456 D UiObject2: Setting text to ''.
04-13 07:55:41.734 22468 22487 D EGL_emulation: app_time_stats: avg=146.74ms min=13.97ms max=611.66ms count=9
04-13 07:55:41.828 12814 12814 I wpa_supplicant: wlan0: CTRL-EVENT-BEACON-LOSS 
04-13 07:55:42.042 12660 12660 W WindowManager: removeWindowToken: Attempted to remove non-existing token: android.os.Binder@369c849
04-13 07:55:42.242 13314 13314 I ShortcutsDataManager: ShortcutsDataManager.onContentChanged():73 onContentChanged()
04-13 07:55:42.244 22428 22456 I appium  : AppiumResponse: {"sessionId":"a8393b2f-ec0b-45b9-ad77-8bac47d6704e","value":null}
04-13 07:55:42.254 22428 22456 I appium  : channel read: POST /session/a8393b2f-ec0b-45b9-ad77-8bac47d6704e/element
04-13 07:55:42.255 22428 22456 I appium  : FindElement command
04-13 07:55:42.256 22428 22456 I appium  : method: 'id', selector: 'ru.otus.wishlist:id/description_input'
04-13 07:55:42.256 22428 22456 I appium  : Waiting up to 10000ms for the device to idle
04-13 07:55:42.751 22428 22456 I appium  : AppiumResponse: {"sessionId":"a8393b2f-ec0b-45b9-ad77-8bac47d6704e","value":{"ELEMENT":"00000000-0000-0c84-ffff-ffff0000007e","element-6066-11e4-a52e-4f735466cecf":"00000000-0000-0c84-ffff-ffff0000007e"}}
04-13 07:55:42.758 22428 22456 I appium  : channel read: GET /session/a8393b2f-ec0b-45b9-ad77-8bac47d6704e/element/00000000-0000-0c84-ffff-ffff0000007e/attribute/displayed
04-13 07:55:42.758 22428 22456 I appium  : GetElementAttribute command
04-13 07:55:42.762 22428 22456 I appium  : AppiumResponse: {"sessionId":"a8393b2f-ec0b-45b9-ad77-8bac47d6704e","value":"true"}
04-13 07:55:42.770 22428 22456 I appium  : channel read: POST /session/a8393b2f-ec0b-45b9-ad77-8bac47d6704e/element
04-13 07:55:42.771 22428 22456 I appium  : FindElement command
04-13 07:55:42.772 22428 22456 I appium  : method: 'id', selector: 'ru.otus.wishlist:id/description_input'
04-13 07:55:42.772 22428 22456 I appium  : Waiting up to 10000ms for the device to idle
04-13 07:55:42.778 22428 22456 I appium  : AppiumResponse: {"sessionId":"a8393b2f-ec0b-45b9-ad77-8bac47d6704e","value":{"ELEMENT":"00000000-0000-0c84-ffff-ffff0000007e","element-6066-11e4-a52e-4f735466cecf":"00000000-0000-0c84-ffff-ffff0000007e"}}
04-13 07:55:42.790 22428 22456 I appium  : channel read: GET /session/a8393b2f-ec0b-45b9-ad77-8bac47d6704e/element/00000000-0000-0c84-ffff-ffff0000007e/attribute/displayed
04-13 07:55:42.791 22428 22456 I appium  : GetElementAttribute command
04-13 07:55:42.795 22428 22456 I appium  : AppiumResponse: {"sessionId":"a8393b2f-ec0b-45b9-ad77-8bac47d6704e","value":"true"}
04-13 07:55:42.803 22428 22456 I appium  : channel read: POST /session/a8393b2f-ec0b-45b9-ad77-8bac47d6704e/element/00000000-0000-0c84-ffff-ffff0000007e/clear
04-13 07:55:42.803 22428 22456 I appium  : Clear command
04-13 07:55:42.806 22428 22456 D UiObject2: Setting text to ''.
04-13 07:55:42.809 22428 22456 I appium  : AppiumResponse: {"sessionId":"a8393b2f-ec0b-45b9-ad77-8bac47d6704e","value":null}
04-13 07:55:42.816 22428 22456 I appium  : channel read: POST /session/a8393b2f-ec0b-45b9-ad77-8bac47d6704e/element
04-13 07:55:42.817 22428 22456 I appium  : FindElement command
04-13 07:55:42.817 22468 22487 D EGL_emulation: app_time_stats: avg=41.58ms min=11.61ms max=525.41ms count=26
04-13 07:55:42.818 22428 22456 I appium  : method: 'id', selector: 'ru.otus.wishlist:id/description_input'
04-13 07:55:42.818 22428 22456 I appium  : Waiting up to 10000ms for the device to idle
04-13 07:55:43.315 22428 22456 I appium  : AppiumResponse: {"sessionId":"a8393b2f-ec0b-45b9-ad77-8bac47d6704e","value":{"ELEMENT":"00000000-0000-0c84-ffff-ffff0000007e","element-6066-11e4-a52e-4f735466cecf":"00000000-0000-0c84-ffff-ffff0000007e"}}
04-13 07:55:43.324 22428 22456 I appium  : channel read: POST /session/a8393b2f-ec0b-45b9-ad77-8bac47d6704e/element/00000000-0000-0c84-ffff-ffff0000007e/value
04-13 07:55:43.326 22428 22456 I appium  : SendKeysToElement command
04-13 07:55:43.332 22428 22456 D UiObject2: Setting text to ''.
04-13 07:55:43.576   211 22375 I keystore2: keystore2::watchdog: Watchdog thread idle -> terminating. Have a great day.
04-13 07:55:43.846 22428 22456 I appium  : AppiumResponse: {"sessionId":"a8393b2f-ec0b-45b9-ad77-8bac47d6704e","value":null}
04-13 07:55:43.855 22468 22487 D EGL_emulation: app_time_stats: avg=518.91ms min=502.18ms max=535.63ms count=2
04-13 07:55:43.857 22428 22456 I appium  : channel read: POST /session/a8393b2f-ec0b-45b9-ad77-8bac47d6704e/element
04-13 07:55:43.857 22428 22456 I appium  : FindElement command
04-13 07:55:43.859 22428 22456 I appium  : method: 'id', selector: 'ru.otus.wishlist:id/save_button'
04-13 07:55:43.860 22428 22456 I appium  : Waiting up to 10000ms for the device to idle
04-13 07:55:44.355 22428 22456 I appium  : AppiumResponse: {"sessionId":"a8393b2f-ec0b-45b9-ad77-8bac47d6704e","value":{"ELEMENT":"00000000-0000-0c84-ffff-ffff00000087","element-6066-11e4-a52e-4f735466cecf":"00000000-0000-0c84-ffff-ffff00000087"}}
04-13 07:55:44.364 22428 22456 I appium  : channel read: GET /session/a8393b2f-ec0b-45b9-ad77-8bac47d6704e/element/00000000-0000-0c84-ffff-ffff00000087/attribute/displayed
04-13 07:55:44.365 22428 22456 I appium  : GetElementAttribute command
04-13 07:55:44.370 22428 22456 I appium  : AppiumResponse: {"sessionId":"a8393b2f-ec0b-45b9-ad77-8bac47d6704e","value":"true"}
04-13 07:55:44.377 22428 22456 I appium  : channel read: POST /session/a8393b2f-ec0b-45b9-ad77-8bac47d6704e/element
04-13 07:55:44.377 22428 22456 I appium  : FindElement command
04-13 07:55:44.378 22428 22456 I appium  : method: 'id', selector: 'ru.otus.wishlist:id/save_button'
04-13 07:55:44.379 22428 22456 I appium  : Waiting up to 10000ms for the device to idle
04-13 07:55:44.384 22428 22456 I appium  : AppiumResponse: {"sessionId":"a8393b2f-ec0b-45b9-ad77-8bac47d6704e","value":{"ELEMENT":"00000000-0000-0c84-ffff-ffff00000087","element-6066-11e4-a52e-4f735466cecf":"00000000-0000-0c84-ffff-ffff00000087"}}
04-13 07:55:44.390 22428 22456 I appium  : channel read: GET /session/a8393b2f-ec0b-45b9-ad77-8bac47d6704e/element/00000000-0000-0c84-ffff-ffff00000087/attribute/displayed
04-13 07:55:44.390 22428 22456 I appium  : GetElementAttribute command
04-13 07:55:44.394 22428 22456 I appium  : AppiumResponse: {"sessionId":"a8393b2f-ec0b-45b9-ad77-8bac47d6704e","value":"true"}
04-13 07:55:44.400 22428 22456 I appium  : channel read: POST /session/a8393b2f-ec0b-45b9-ad77-8bac47d6704e/element/00000000-0000-0c84-ffff-ffff00000087/click
04-13 07:55:44.400 22428 22456 I appium  : Click command
04-13 07:55:44.404 12660 16367 D CompatibilityChangeReporter: Compat change id reported: 158002302; UID 10151; state: ENABLED
04-13 07:55:44.443 22428 22456 W GestureController: Gestures took longer than expected (39ms >> 16ms), device might be in a busy state.
04-13 07:55:44.443 22428 22456 I appium  : Waiting up to 10000ms for the device to idle
04-13 07:55:44.521 22468 22487 D OpenGLRenderer: endAllActiveAnimators on 0x7dab03eb4390 (RippleDrawable) with handle 0x7daa13eaa9e0
04-13 07:55:44.522 12660 16367 W InputManager-JNI: Input channel object 'e90027c ru.otus.wishlist/ru.otus.wishlist.MainActivity (client)' was disposed without first being removed with the input manager!
04-13 07:55:44.526 22468 22468 D CompatibilityChangeReporter: Compat change id reported: 147798919; UID 10151; state: ENABLED
04-13 07:55:44.529 12833 12833 W ziparchive: Unable to open '/data/app/~~E7HUVOVE1_qGCqO9F55iMw==/ru.otus.wishlist-KvzObjiROZidZodhEA4kDA==/base.apk': No such file or directory
04-13 07:55:44.529 12833 12833 E ndroid.systemu: Failed to open APK '/data/app/~~E7HUVOVE1_qGCqO9F55iMw==/ru.otus.wishlist-KvzObjiROZidZodhEA4kDA==/base.apk': I/O error
04-13 07:55:44.529 12833 12833 W ResourcesManager: failed to preload asset path '/data/app/~~E7HUVOVE1_qGCqO9F55iMw==/ru.otus.wishlist-KvzObjiROZidZodhEA4kDA==/base.apk'
04-13 07:55:44.529 12833 12833 W ResourcesManager: java.io.IOException: Failed to load asset path /data/app/~~E7HUVOVE1_qGCqO9F55iMw==/ru.otus.wishlist-KvzObjiROZidZodhEA4kDA==/base.apk
04-13 07:55:44.529 12833 12833 W ResourcesManager: 	at android.content.res.ApkAssets.nativeLoad(Native Method)
04-13 07:55:44.529 12833 12833 W ResourcesManager: 	at android.content.res.ApkAssets.<init>(ApkAssets.java:295)
04-13 07:55:44.529 12833 12833 W ResourcesManager: 	at android.content.res.ApkAssets.loadFromPath(ApkAssets.java:144)
04-13 07:55:44.529 12833 12833 W ResourcesManager: 	at android.app.ResourcesManager.loadApkAssets(ResourcesManager.java:454)
04-13 07:55:44.529 12833 12833 W ResourcesManager: 	at android.app.ResourcesManager.access$000(ResourcesManager.java:72)
04-13 07:55:44.529 12833 12833 W ResourcesManager: 	at android.app.ResourcesManager$ApkAssetsSupplier.load(ResourcesManager.java:168)
04-13 07:55:44.529 12833 12833 W ResourcesManager: 	at android.app.ResourcesManager.createApkAssetsSupplierNotLocked(ResourcesManager.java:980)
04-13 07:55:44.529 12833 12833 W ResourcesManager: 	at android.app.ResourcesManager.getResources(ResourcesManager.java:1101)
04-13 07:55:44.529 12833 12833 W ResourcesManager: 	at android.app.ActivityThread.getTopLevelResources(ActivityThread.java:2372)
04-13 07:55:44.529 12833 12833 W ResourcesManager: 	at android.app.ApplicationPackageManager.getResourcesForApplication(ApplicationPackageManager.java:1751)
04-13 07:55:44.529 12833 12833 W ResourcesManager: 	at android.app.ApplicationPackageManager.getResourcesForApplication(ApplicationPackageManager.java:1737)
04-13 07:55:44.529 12833 12833 W ResourcesManager: 	at android.app.ApplicationPackageManager.getDrawable(ApplicationPackageManager.java:1506)
04-13 07:55:44.529 12833 12833 W ResourcesManager: 	at android.app.ApplicationPackageManager.loadUnbadgedItemIcon(ApplicationPackageManager.java:3029)
04-13 07:55:44.529 12833 12833 W ResourcesManager: 	at android.content.pm.PackageItemInfo.loadUnbadgedIcon(PackageItemInfo.java:290)
04-13 07:55:44.529 12833 12833 W ResourcesManager: 	at com.android.systemui.toast.SystemUIToast.getBadgedIcon(SystemUIToast.java:284)
04-13 07:55:44.529 12833 12833 W ResourcesManager: 	at com.android.systemui.toast.SystemUIToast.inflateToastView(SystemUIToast.java:198)
04-13 07:55:44.529 12833 12833 W ResourcesManager: 	at com.android.systemui.toast.SystemUIToast.<init>(SystemUIToast.java:90)
04-13 07:55:44.529 12833 12833 W ResourcesManager: 	at com.android.systemui.toast.SystemUIToast.<init>(SystemUIToast.java:77)
04-13 07:55:44.529 12833 12833 W ResourcesManager: 	at com.android.systemui.toast.ToastFactory.createToast(ToastFactory.java:78)
04-13 07:55:44.529 12833 12833 W ResourcesManager: 	at com.android.systemui.toast.ToastUI.lambda$showToast$0(ToastUI.java:113)
04-13 07:55:44.529 12833 12833 W ResourcesManager: 	at com.android.systemui.toast.ToastUI.$r8$lambda$w_gPCh3F8Xxn1jN4lkQZoUci71c(Unknown Source:0)
04-13 07:55:44.529 12833 12833 W ResourcesManager: 	at com.android.systemui.toast.ToastUI$$ExternalSyntheticLambda0.run(Unknown Source:16)
04-13 07:55:44.529 12833 12833 W ResourcesManager: 	at com.android.systemui.toast.ToastUI.showToast(ToastUI.java:140)
04-13 07:55:44.529 12833 12833 W ResourcesManager: 	at com.android.systemui.statusbar.CommandQueue$H.handleMessage(CommandQueue.java:1431)
04-13 07:55:44.529 12833 12833 W ResourcesManager: 	at android.os.Handler.dispatchMessage(Handler.java:106)
04-13 07:55:44.529 12833 12833 W ResourcesManager: 	at android.os.Looper.loopOnce(Looper.java:201)
04-13 07:55:44.529 12833 12833 W ResourcesManager: 	at android.os.Looper.loop(Looper.java:288)
04-13 07:55:44.529 12833 12833 W ResourcesManager: 	at android.app.ActivityThread.main(ActivityThread.java:7839)
04-13 07:55:44.529 12833 12833 W ResourcesManager: 	at java.lang.reflect.Method.invoke(Native Method)
04-13 07:55:44.529 12833 12833 W ResourcesManager: 	at com.android.internal.os.RuntimeInit$MethodAndArgsCaller.run(RuntimeInit.java:548)
04-13 07:55:44.529 12833 12833 W ResourcesManager: 	at com.android.internal.os.ZygoteInit.main(ZygoteInit.java:1003)
04-13 07:55:44.529 12833 12833 W ziparchive: Unable to open '/data/app/~~E7HUVOVE1_qGCqO9F55iMw==/ru.otus.wishlist-KvzObjiROZidZodhEA4kDA==/base.apk': No such file or directory
04-13 07:55:44.529 12833 12833 E ndroid.systemu: Failed to open APK '/data/app/~~E7HUVOVE1_qGCqO9F55iMw==/ru.otus.wishlist-KvzObjiROZidZodhEA4kDA==/base.apk': I/O error
04-13 07:55:44.530 12833 12833 E ResourcesManager: failed to add asset path '/data/app/~~E7HUVOVE1_qGCqO9F55iMw==/ru.otus.wishlist-KvzObjiROZidZodhEA4kDA==/base.apk'
04-13 07:55:44.530 12833 12833 E ResourcesManager: java.io.IOException: Failed to load asset path /data/app/~~E7HUVOVE1_qGCqO9F55iMw==/ru.otus.wishlist-KvzObjiROZidZodhEA4kDA==/base.apk
04-13 07:55:44.530 12833 12833 E ResourcesManager: 	at android.content.res.ApkAssets.nativeLoad(Native Method)
04-13 07:55:44.530 12833 12833 E ResourcesManager: 	at android.content.res.ApkAssets.<init>(ApkAssets.java:295)
04-13 07:55:44.530 12833 12833 E ResourcesManager: 	at android.content.res.ApkAssets.loadFromPath(ApkAssets.java:144)
04-13 07:55:44.530 12833 12833 E ResourcesManager: 	at android.app.ResourcesManager.loadApkAssets(ResourcesManager.java:454)
04-13 07:55:44.530 12833 12833 E ResourcesManager: 	at android.app.ResourcesManager.access$000(ResourcesManager.java:72)
04-13 07:55:44.530 12833 12833 E ResourcesManager: 	at android.app.ResourcesManager$ApkAssetsSupplier.load(ResourcesManager.java:168)
04-13 07:55:44.530 12833 12833 E ResourcesManager: 	at android.app.ResourcesManager.createAssetManager(ResourcesManager.java:530)
04-13 07:55:44.530 12833 12833 E ResourcesManager: 	at android.app.ResourcesManager.createResourcesImpl(ResourcesManager.java:612)
04-13 07:55:44.530 12833 12833 E ResourcesManager: 	at android.app.ResourcesManager.findOrCreateResourcesImplForKeyLocked(ResourcesManager.java:664)
04-13 07:55:44.530 12833 12833 E ResourcesManager: 	at android.app.ResourcesManager.createResources(ResourcesManager.java:1011)
04-13 07:55:44.530 12833 12833 E ResourcesManager: 	at android.app.ResourcesManager.getResources(ResourcesManager.java:1114)
04-13 07:55:44.530 12833 12833 E ResourcesManager: 	at android.app.ActivityThread.getTopLevelResources(ActivityThread.java:2372)
04-13 07:55:44.530 12833 12833 E ResourcesManager: 	at android.app.ApplicationPackageManager.getResourcesForApplication(ApplicationPackageManager.java:1751)
04-13 07:55:44.530 12833 12833 E ResourcesManager: 	at android.app.ApplicationPackageManager.getResourcesForApplication(ApplicationPackageManager.java:1737)
04-13 07:55:44.530 12833 12833 E ResourcesManager: 	at android.app.ApplicationPackageManager.getDrawable(ApplicationPackageManager.java:1506)
04-13 07:55:44.530 12833 12833 E ResourcesManager: 	at android.app.ApplicationPackageManager.loadUnbadgedItemIcon(ApplicationPackageManager.java:3029)
04-13 07:55:44.530 12833 12833 E ResourcesManager: 	at android.content.pm.PackageItemInfo.loadUnbadgedIcon(PackageItemInfo.java:290)
04-13 07:55:44.530 12833 12833 E ResourcesManager: 	at com.android.systemui.toast.SystemUIToast.getBadgedIcon(SystemUIToast.java:284)
04-13 07:55:44.530 12833 12833 E ResourcesManager: 	at com.android.systemui.toast.SystemUIToast.inflateToastView(SystemUIToast.java:198)
04-13 07:55:44.530 12833 12833 E ResourcesManager: 	at com.android.systemui.toast.SystemUIToast.<init>(SystemUIToast.java:90)
04-13 07:55:44.530 12833 12833 E ResourcesManager: 	at com.android.systemui.toast.SystemUIToast.<init>(SystemUIToast.java:77)
04-13 07:55:44.530 12833 12833 E ResourcesManager: 	at com.android.systemui.toast.ToastFactory.createToast(ToastFactory.java:78)
04-13 07:55:44.530 12833 12833 E ResourcesManager: 	at com.android.systemui.toast.ToastUI.lambda$showToast$0(ToastUI.java:113)
04-13 07:55:44.530 12833 12833 E ResourcesManager: 	at com.android.systemui.toast.ToastUI.$r8$lambda$w_gPCh3F8Xxn1jN4lkQZoUci71c(Unknown Source:0)
04-13 07:55:44.530 12833 12833 E ResourcesManager: 	at com.android.systemui.toast.ToastUI$$ExternalSyntheticLambda0.run(Unknown Source:16)
04-13 07:55:44.530 12833 12833 E ResourcesManager: 	at com.android.systemui.toast.ToastUI.showToast(ToastUI.java:140)
04-13 07:55:44.530 12833 12833 E ResourcesManager: 	at com.android.systemui.statusbar.CommandQueue$H.handleMessage(CommandQueue.java:1431)
04-13 07:55:44.530 12833 12833 E ResourcesManager: 	at android.os.Handler.dispatchMessage(Handler.java:106)
04-13 07:55:44.530 12833 12833 E ResourcesManager: 	at android.os.Looper.loopOnce(Looper.java:201)
04-13 07:55:44.530 12833 12833 E ResourcesManager: 	at android.os.Looper.loop(Looper.java:288)
04-13 07:55:44.530 12833 12833 E ResourcesManager: 	at android.app.ActivityThread.main(ActivityThread.java:7839)
04-13 07:55:44.530 12833 12833 E ResourcesManager: 	at java.lang.reflect.Method.invoke(Native Method)
04-13 07:55:44.530 12833 12833 E ResourcesManager: 	at com.android.internal.os.RuntimeInit$MethodAndArgsCaller.run(RuntimeInit.java:548)
04-13 07:55:44.530 12833 12833 E ResourcesManager: 	at com.android.internal.os.ZygoteInit.main(ZygoteInit.java:1003)
04-13 07:55:44.530 12833 12833 W PackageManager: Failure retrieving resources for ru.otus.wishlist
04-13 07:55:44.546   371   411 D goldfish-address-space: claimShared: Ask to claim region [0x3f28fb000 0x3f2958000]
04-13 07:55:44.559   371   411 D goldfish-address-space: claimShared: Ask to claim region [0x3f2958000 0x3f29b5000]
04-13 07:55:44.568   371   411 D goldfish-address-space: claimShared: Ask to claim region [0x3f29b5000 0x3f2a12000]
04-13 07:55:44.593 22468 22487 D EGL_emulation: app_time_stats: avg=104.89ms min=2.39ms max=3524.87ms count=35
04-13 07:55:44.597 13314 13314 I GoogleInputMethodService: GoogleInputMethodService.onFinishInput():3420 
04-13 07:55:44.597 13314 13314 I GoogleInputMethodService: GoogleInputMethodService.onStartInput():2002 
04-13 07:55:44.597 13314 13314 I DeviceUnlockedTag: DeviceUnlockedTag.notifyDeviceLockStatusChanged():31 Notify device unlocked.
04-13 07:55:44.598 13314 13314 I ShortcutsDataManager: AbstractContentDataManager.startImportContentTask():235 startImportContentTask()
04-13 07:55:44.602 13314 13602 I ShortcutsDataManager: AbstractContentDataManager$ImportContentTask.doInBackground():249 doInBackground()
04-13 07:55:44.602 13314 13602 I PersonalDictionaryDataHandler: PersonalDictionaryDataHandler.beginProcess():111 LanguageTags = [en-US]
04-13 07:55:44.611 13314 13602 I ShortcutsDataManager: AbstractContentDataManager.importRecords():339 importRecords() : Success : Count = 0
04-13 07:55:44.612 13314 13602 I ShortcutsDataManager: AbstractContentDataManager.importContentData():289 importContentData() : Ending import process
04-13 07:55:44.612 13314 15962 I Delight5Decoder: Delight5DecoderWrapper.unloadLanguageModel():820 unloadLanguageModel() : 4, version [n/a]
04-13 07:55:44.626 13314 13602 I PersonalLanguageModelUpdater: PersonalLanguageModelUpdater$UpdateOperation.performInternal():162 run() : Added 0 words and 0 shortcuts
04-13 07:55:44.626 13314 13602 I DynamicLanguageModelOperation: DynamicLanguageModelOperation.perform():38 perform() : 4 : cny : Completed
04-13 07:55:44.626 13314 15962 I Delight5Decoder: Delight5DecoderWrapper.loadLanguageModel():614 loadLanguageModel() : 4, version [n/a]
04-13 07:55:44.627 13314 13314 I ShortcutsDataManager: AbstractContentDataManager$ImportContentTask.onPostExecute():260 onPostExecute() : Result = [2,0]
04-13 07:55:44.627 13314 13314 I ShortcutsDataManager: ShortcutsDataManager.onImportFinished():83 onImportFinished() : Result = 2 : Count = 0
04-13 07:55:44.627 13314 15962 I Delight5Decoder: Delight5DecoderWrapper.loadLanguageModel():652 Loaded dynamic LM 4.en
04-13 07:55:44.829 12660 12660 W WindowManager: removeWindowToken: Attempted to remove non-existing token: android.os.Binder@2885c7b
04-13 07:55:44.904 12833 12920 D EGL_emulation: app_time_stats: avg=654.81ms min=5.24ms max=4452.86ms count=7
04-13 07:55:45.166 22428 22456 I appium  : AppiumResponse: {"sessionId":"a8393b2f-ec0b-45b9-ad77-8bac47d6704e","value":null}
04-13 07:55:45.177 22428 22456 I appium  : channel read: POST /session/a8393b2f-ec0b-45b9-ad77-8bac47d6704e/element
04-13 07:55:45.178 22428 22456 I appium  : FindElement command
04-13 07:55:45.179 22428 22456 I appium  : method: 'id', selector: 'ru.otus.wishlist:id/wishlists'
04-13 07:55:45.180 22428 22456 I appium  : Waiting up to 10000ms for the device to idle
04-13 07:55:45.190 22428 22456 I appium  : AppiumResponse: {"sessionId":"a8393b2f-ec0b-45b9-ad77-8bac47d6704e","value":{"ELEMENT":"00000000-0000-0c83-ffff-ffff0000005e","element-6066-11e4-a52e-4f735466cecf":"00000000-0000-0c83-ffff-ffff0000005e"}}
04-13 07:55:45.197 22428 22456 I appium  : channel read: GET /session/a8393b2f-ec0b-45b9-ad77-8bac47d6704e/element/00000000-0000-0c83-ffff-ffff0000005e/attribute/displayed
04-13 07:55:45.198 22428 22456 I appium  : GetElementAttribute command
04-13 07:55:45.201 22428 22456 I appium  : AppiumResponse: {"sessionId":"a8393b2f-ec0b-45b9-ad77-8bac47d6704e","value":"true"}
04-13 07:55:45.217 22428 22456 I appium  : channel read: POST /session/a8393b2f-ec0b-45b9-ad77-8bac47d6704e/element
04-13 07:55:45.218 22428 22456 I appium  : FindElement command
04-13 07:55:45.219 22428 22456 I appium  : method: 'id', selector: 'ru.otus.wishlist:id/wishlists'
04-13 07:55:45.219 22428 22456 I appium  : Waiting up to 10000ms for the device to idle
04-13 07:55:45.228 22428 22456 I appium  : AppiumResponse: {"sessionId":"a8393b2f-ec0b-45b9-ad77-8bac47d6704e","value":{"ELEMENT":"00000000-0000-0c83-ffff-ffff0000005e","element-6066-11e4-a52e-4f735466cecf":"00000000-0000-0c83-ffff-ffff0000005e"}}
04-13 07:55:45.237 22428 22456 I appium  : channel read: POST /session/a8393b2f-ec0b-45b9-ad77-8bac47d6704e/elements
04-13 07:55:45.237 22428 22456 I appium  : FindElements command
04-13 07:55:45.237 22428 22456 I appium  : method: 'id', selector: 'ru.otus.wishlist:id/wishlist_item', contextId: '00000000-0000-0c83-ffff-ffff0000005e'
04-13 07:55:45.242 22428 22456 D UiObject2: Retrieving nodes with selector: BySelector [RES='\Qru.otus.wishlist:id/wishlist_item\E'].
04-13 07:55:45.245 22428 22456 I appium  : Caching 1 found element
04-13 07:55:45.246 22428 22456 I appium  : Cached 1 element
04-13 07:55:45.248 22428 22456 I appium  : AppiumResponse: {"sessionId":"a8393b2f-ec0b-45b9-ad77-8bac47d6704e","value":[{"ELEMENT":"00000000-0000-0c83-ffff-ffff0000008b","element-6066-11e4-a52e-4f735466cecf":"00000000-0000-0c83-ffff-ffff0000008b"}]}
04-13 07:55:45.258 22428 22456 I appium  : channel read: POST /session/a8393b2f-ec0b-45b9-ad77-8bac47d6704e/element
04-13 07:55:45.258 22428 22456 I appium  : FindElement command
04-13 07:55:45.259 22428 22456 I appium  : method: 'id', selector: 'ru.otus.wishlist:id/wishlists'
04-13 07:55:45.259 22428 22456 I appium  : Waiting up to 10000ms for the device to idle
04-13 07:55:45.266 22428 22456 I appium  : AppiumResponse: {"sessionId":"a8393b2f-ec0b-45b9-ad77-8bac47d6704e","value":{"ELEMENT":"00000000-0000-0c83-ffff-ffff0000005e","element-6066-11e4-a52e-4f735466cecf":"00000000-0000-0c83-ffff-ffff0000005e"}}
