04-10 07:56:56.472 28289 28289 D CompatibilityChangeReporter: Compat change id reported: 163400105; UID 10145; state: ENABLED
04-10 07:56:56.480 28289 28289 I AssistStructure: Flattened final assist data: 3332 bytes, containing 1 windows, 24 views
04-10 07:56:56.482 28289 28307 D EGL_emulation: app_time_stats: avg=211.56ms min=18.87ms max=519.47ms count=5
04-10 07:56:56.484 28255 28280 I appium  : channel read: POST /wd/hub/session/b9e0ddc3-24cb-4feb-bd58-8ccae2b8e011/element
04-10 07:56:56.484 28255 28280 I appium  : FindElement command
04-10 07:56:56.485 28255 28280 I appium  : method: 'id', selector: 'ru.otus.wishlist:id/password_text_input'
04-10 07:56:56.486 28255 28280 I appium  : Waiting up to 10000ms for the device to idle
04-10 07:56:56.752 12814 12814 I wpa_supplicant: wlan0: CTRL-EVENT-BEACON-LOSS 
04-10 07:56:57.034 28255 28280 I appium  : AppiumResponse: {"sessionId":"b9e0ddc3-24cb-4feb-bd58-8ccae2b8e011","value":{"ELEMENT":"00000000-0000-0876-ffff-ffff0000006d","element-6066-11e4-a52e-4f735466cecf":"00000000-0000-0876-ffff-ffff0000006d"}}
04-10 07:56:57.041 28255 28280 I appium  : channel read: GET /wd/hub/session/b9e0ddc3-24cb-4feb-bd58-8ccae2b8e011/element/00000000-0000-0876-ffff-ffff0000006d/attribute/displayed
04-10 07:56:57.042 28255 28280 I appium  : GetElementAttribute command
04-10 07:56:57.046 28255 28280 I appium  : AppiumResponse: {"sessionId":"b9e0ddc3-24cb-4feb-bd58-8ccae2b8e011","value":"true"}
04-10 07:56:57.053 28255 28280 I appium  : channel read: POST /wd/hub/session/b9e0ddc3-24cb-4feb-bd58-8ccae2b8e011/element
04-10 07:56:57.053 28255 28280 I appium  : FindElement command
04-10 07:56:57.054 28255 28280 I appium  : method: 'id', selector: 'ru.otus.wishlist:id/password_text_input'
04-10 07:56:57.054 28255 28280 I appium  : Waiting up to 10000ms for the device to idle
04-10 07:56:57.062 28255 28280 I appium  : AppiumResponse: {"sessionId":"b9e0ddc3-24cb-4feb-bd58-8ccae2b8e011","value":{"ELEMENT":"00000000-0000-0876-ffff-ffff0000006d","element-6066-11e4-a52e-4f735466cecf":"00000000-0000-0876-ffff-ffff0000006d"}}
04-10 07:56:57.070 28255 28280 I appium  : channel read: POST /wd/hub/session/b9e0ddc3-24cb-4feb-bd58-8ccae2b8e011/element/00000000-0000-0876-ffff-ffff0000006d/value
04-10 07:56:57.071 28255 28280 I appium  : SendKeysToElement command
04-10 07:56:57.595 28255 28280 I appium  : AppiumResponse: {"sessionId":"b9e0ddc3-24cb-4feb-bd58-8ccae2b8e011","value":null}
04-10 07:56:57.603 28289 28307 D EGL_emulation: app_time_stats: avg=67.97ms min=17.23ms max=507.84ms count=15
04-10 07:56:57.606 28255 28280 I appium  : channel read: POST /wd/hub/session/b9e0ddc3-24cb-4feb-bd58-8ccae2b8e011/element
04-10 07:56:57.606 28255 28280 I appium  : FindElement command
04-10 07:56:57.609 28255 28280 I appium  : method: 'id', selector: 'ru.otus.wishlist:id/log_in_button'
04-10 07:56:57.609 28255 28280 I appium  : Waiting up to 10000ms for the device to idle
04-10 07:56:58.105 28255 28280 I appium  : AppiumResponse: {"sessionId":"b9e0ddc3-24cb-4feb-bd58-8ccae2b8e011","value":{"ELEMENT":"00000000-0000-0876-ffff-ffff0000007a","element-6066-11e4-a52e-4f735466cecf":"00000000-0000-0876-ffff-ffff0000007a"}}
04-10 07:56:58.114 28255 28280 I appium  : channel read: GET /wd/hub/session/b9e0ddc3-24cb-4feb-bd58-8ccae2b8e011/element/00000000-0000-0876-ffff-ffff0000007a/attribute/displayed
04-10 07:56:58.114 28255 28280 I appium  : GetElementAttribute command
04-10 07:56:58.134 28255 28280 I appium  : AppiumResponse: {"sessionId":"b9e0ddc3-24cb-4feb-bd58-8ccae2b8e011","value":"true"}
04-10 07:56:58.143 28255 28280 I appium  : channel read: POST /wd/hub/session/b9e0ddc3-24cb-4feb-bd58-8ccae2b8e011/element
04-10 07:56:58.143 28255 28280 I appium  : FindElement command
04-10 07:56:58.145 28255 28280 I appium  : method: 'id', selector: 'ru.otus.wishlist:id/log_in_button'
04-10 07:56:58.145 28255 28280 I appium  : Waiting up to 10000ms for the device to idle
04-10 07:56:58.173 28255 28280 I appium  : AppiumResponse: {"sessionId":"b9e0ddc3-24cb-4feb-bd58-8ccae2b8e011","value":{"ELEMENT":"00000000-0000-0876-ffff-ffff0000007a","element-6066-11e4-a52e-4f735466cecf":"00000000-0000-0876-ffff-ffff0000007a"}}
04-10 07:56:58.180 28255 28280 I appium  : channel read: GET /wd/hub/session/b9e0ddc3-24cb-4feb-bd58-8ccae2b8e011/element/00000000-0000-0876-ffff-ffff0000007a/attribute/displayed
04-10 07:56:58.180 28255 28280 I appium  : GetElementAttribute command
04-10 07:56:58.184 28255 28280 I appium  : AppiumResponse: {"sessionId":"b9e0ddc3-24cb-4feb-bd58-8ccae2b8e011","value":"true"}
04-10 07:56:58.190 28255 28280 I appium  : channel read: POST /wd/hub/session/b9e0ddc3-24cb-4feb-bd58-8ccae2b8e011/element/00000000-0000-0876-ffff-ffff0000007a/click
04-10 07:56:58.191 28255 28280 I appium  : Click command
04-10 07:56:58.197 12660 13524 D CompatibilityChangeReporter: Compat change id reported: 158002302; UID 10145; state: ENABLED
04-10 07:56:58.250 28255 28280 I appium  : Waiting up to 10000ms for the device to idle
04-10 07:56:58.251 28255 28280 I appium  : AppiumResponse: {"sessionId":"b9e0ddc3-24cb-4feb-bd58-8ccae2b8e011","value":null}
04-10 07:56:58.265 28255 28280 I appium  : channel read: POST /wd/hub/session/b9e0ddc3-24cb-4feb-bd58-8ccae2b8e011/element
04-10 07:56:58.265 28255 28280 I appium  : FindElement command
04-10 07:56:58.266 28255 28280 I appium  : method: 'id', selector: 'ru.otus.wishlist:id/wishlists'
04-10 07:56:58.267 28255 28280 I appium  : Waiting up to 10000ms for the device to idle
04-10 07:56:58.342 12589 12645 D AudioFlinger: mixer(0x7a33667bfa70) throttle end: throttle time(19)
04-10 07:56:58.353 28289 28332 D ProfileInstaller: Installing profile for ru.otus.wishlist
04-10 07:56:58.470 28289 28297 I u.otus.wishlis: JIT allocated 77KB for compiled code of void android.view.View.<init>(android.content.Context, android.util.AttributeSet, int, int)
04-10 07:56:58.500 28255 28280 W ByMatcher: Node returned null child: android.view.accessibility.AccessibilityNodeInfo@1ce90; boundsInParent: Rect(0, 0 - 1080, 198); boundsInScreen: Rect(0, 145 - 1080, 343); packageName: ru.otus.wishlist; className: android.widget.LinearLayout; text: null; error: null; maxTextLength: -1; stateDescription: null; contentDescription: null; tooltipText: null; viewIdResName: ru.otus.wishlist:id/top_app_bar_layout; checkable: false; checked: false; focusable: false; focused: false; selected: false; clickable: false; longClickable: false; contextClickable: false; enabled: true; password: false; scrollable: false; importantForAccessibility: false; visible: true; actions: [AccessibilityAction: ACTION_SELECT - null, AccessibilityAction: ACTION_CLEAR_SELECTION - null, AccessibilityAction: ACTION_ACCESSIBILITY_FOCUS - null, AccessibilityAction: ACTION_SHOW_ON_SCREEN - null]
04-10 07:56:58.500 28255 28280 W ByMatcher: Skipping null child (0 of 1)
04-10 07:56:58.559 28255 28280 W ByMatcher: Node returned null child: android.view.accessibility.AccessibilityNodeInfo@1d9d3; boundsInParent: Rect(0, 0 - 998, 242); boundsInScreen: Rect(41, 384 - 1039, 626); packageName: ru.otus.wishlist; className: android.widget.LinearLayout; text: null; error: null; maxTextLength: -1; stateDescription: null; contentDescription: null; tooltipText: null; viewIdResName: ru.otus.wishlist:id/username_text_input_layout; checkable: false; checked: false; focusable: false; focused: false; selected: false; clickable: false; longClickable: false; contextClickable: false; enabled: true; password: false; scrollable: false; importantForAccessibility: false; visible: true; actions: [AccessibilityAction: ACTION_SELECT - null, AccessibilityAction: ACTION_CLEAR_SELECTION - null, AccessibilityAction: ACTION_ACCESSIBILITY_FOCUS - null, AccessibilityAction: ACTION_SHOW_ON_SCREEN - null]
04-10 07:56:58.560 28255 28280 W ByMatcher: Skipping null child (0 of 2)
04-10 07:56:58.597 28255 28280 W ByMatcher: Skipping null child (1 of 2)
04-10 07:56:58.633 28289 28307 D EGL_emulation: app_time_stats: avg=37.04ms min=1.41ms max=111.96ms count=23
04-10 07:56:58.671 28255 28280 W ByMatcher: Node returned null child: android.view.accessibility.AccessibilityNodeInfo@1cacf; boundsInParent: Rect(0, 0 - 1080, 2063); boundsInScreen: Rect(0, 145 - 1080, 2208); packageName: ru.otus.wishlist; className: android.view.ViewGroup; text: null; error: null; maxTextLength: -1; stateDescription: null; contentDescription: null; tooltipText: null; viewIdResName: null; checkable: false; checked: false; focusable: false; focused: false; selected: false; clickable: false; longClickable: false; contextClickable: false; enabled: true; password: false; scrollable: false; importantForAccessibility: false; visible: true; actions: [AccessibilityAction: ACTION_SELECT - null, AccessibilityAction: ACTION_CLEAR_SELECTION - null, AccessibilityAction: ACTION_ACCESSIBILITY_FOCUS - null, AccessibilityAction: ACTION_SHOW_ON_SCREEN - null]
04-10 07:56:58.671 28255 28280 W ByMatcher: Skipping null child (2 of 8)
04-10 07:56:58.694 28255 28280 W ByMatcher: Skipping null child (3 of 8)
04-10 07:56:58.723 28255 28280 W ByMatcher: Skipping null child (4 of 8)
04-10 07:56:58.727 12660 12660 W WindowManager: removeWindowToken: Attempted to remove non-existing token: android.os.Binder@d6ab1ef
04-10 07:56:58.761 28255 28280 W ByMatcher: Skipping null child (5 of 8)
04-10 07:56:58.798 28255 28280 W ByMatcher: Skipping null child (6 of 8)
04-10 07:56:58.802 28255 28280 W ByMatcher: Skipping null child (7 of 8)
04-10 07:56:58.836 28255 28280 I appium  : AppiumResponse: {"sessionId":"b9e0ddc3-24cb-4feb-bd58-8ccae2b8e011","value":{"ELEMENT":"00000000-0000-0876-ffff-ffff000000ad","element-6066-11e4-a52e-4f735466cecf":"00000000-0000-0876-ffff-ffff000000ad"}}
04-10 07:56:58.852 28255 28280 I appium  : channel read: POST /wd/hub/session/b9e0ddc3-24cb-4feb-bd58-8ccae2b8e011/element
04-10 07:56:58.853 28255 28280 I appium  : FindElement command
04-10 07:56:58.853 28255 28280 I appium  : method: 'id', selector: 'ru.otus.wishlist:id/wishlist_item', contextId: '00000000-0000-0876-ffff-ffff000000ad'
04-10 07:56:59.304 28255 28280 I appium  : AppiumResponse: {"sessionId":"b9e0ddc3-24cb-4feb-bd58-8ccae2b8e011","value":{"ELEMENT":"00000000-0000-0876-ffff-ffff000000b5","element-6066-11e4-a52e-4f735466cecf":"00000000-0000-0876-ffff-ffff000000b5"}}
04-10 07:56:59.311 28255 28280 I appium  : channel read: GET /wd/hub/session/b9e0ddc3-24cb-4feb-bd58-8ccae2b8e011/element/00000000-0000-0876-ffff-ffff000000b5/attribute/displayed
04-10 07:56:59.313 28255 28280 I appium  : GetElementAttribute command
04-10 07:56:59.318 28255 28280 I appium  : AppiumResponse: {"sessionId":"b9e0ddc3-24cb-4feb-bd58-8ccae2b8e011","value":"true"}
04-10 07:56:59.324 28255 28280 I appium  : channel read: POST /wd/hub/session/b9e0ddc3-24cb-4feb-bd58-8ccae2b8e011/element
04-10 07:56:59.325 28255 28280 I appium  : FindElement command
04-10 07:56:59.328 28255 28280 I appium  : method: 'id', selector: 'ru.otus.wishlist:id/wishlists'
04-10 07:56:59.328 28255 28280 I appium  : Waiting up to 10000ms for the device to idle
04-10 07:56:59.338 28255 28280 I appium  : AppiumResponse: {"sessionId":"b9e0ddc3-24cb-4feb-bd58-8ccae2b8e011","value":{"ELEMENT":"00000000-0000-0876-ffff-ffff000000ad","element-6066-11e4-a52e-4f735466cecf":"00000000-0000-0876-ffff-ffff000000ad"}}
04-10 07:56:59.348 28255 28280 I appium  : channel read: POST /wd/hub/session/b9e0ddc3-24cb-4feb-bd58-8ccae2b8e011/element
04-10 07:56:59.348 28255 28280 I appium  : FindElement command
04-10 07:56:59.349 28255 28280 I appium  : method: 'id', selector: 'ru.otus.wishlist:id/wishlist_item', contextId: '00000000-0000-0876-ffff-ffff000000ad'
04-10 07:56:59.354 28255 28280 I appium  : AppiumResponse: {"sessionId":"b9e0ddc3-24cb-4feb-bd58-8ccae2b8e011","value":{"ELEMENT":"00000000-0000-0876-ffff-ffff000000b5","element-6066-11e4-a52e-4f735466cecf":"00000000-0000-0876-ffff-ffff000000b5"}}
04-10 07:56:59.361 28255 28280 I appium  : channel read: POST /wd/hub/session/b9e0ddc3-24cb-4feb-bd58-8ccae2b8e011/element
04-10 07:56:59.361 28255 28280 I appium  : FindElement command
04-10 07:56:59.362 28255 28280 I appium  : method: 'id', selector: 'ru.otus.wishlist:id/title', contextId: '00000000-0000-0876-ffff-ffff000000b5'
04-10 07:56:59.365 28255 28280 I appium  : AppiumResponse: {"sessionId":"b9e0ddc3-24cb-4feb-bd58-8ccae2b8e011","value":{"ELEMENT":"00000000-0000-0876-ffff-ffff000000b6","element-6066-11e4-a52e-4f735466cecf":"00000000-0000-0876-ffff-ffff000000b6"}}
04-10 07:56:59.370 28255 28280 I appium  : channel read: GET /wd/hub/session/b9e0ddc3-24cb-4feb-bd58-8ccae2b8e011/element/00000000-0000-0876-ffff-ffff000000b6/attribute/displayed
04-10 07:56:59.371 28255 28280 I appium  : GetElementAttribute command
04-10 07:56:59.373 28255 28280 I appium  : AppiumResponse: {"sessionId":"b9e0ddc3-24cb-4feb-bd58-8ccae2b8e011","value":"true"}
04-10 07:56:59.381 28255 28280 I appium  : channel read: POST /wd/hub/session/b9e0ddc3-24cb-4feb-bd58-8ccae2b8e011/element
04-10 07:56:59.381 28255 28280 I appium  : FindElement command
04-10 07:56:59.381 28255 28280 I appium  : method: 'id', selector: 'ru.otus.wishlist:id/wishlists'
04-10 07:56:59.382 28255 28280 I appium  : Waiting up to 10000ms for the device to idle
04-10 07:56:59.393 28255 28280 I appium  : AppiumResponse: {"sessionId":"b9e0ddc3-24cb-4feb-bd58-8ccae2b8e011","value":{"ELEMENT":"00000000-0000-0876-ffff-ffff000000ad","element-6066-11e4-a52e-4f735466cecf":"00000000-0000-0876-ffff-ffff000000ad"}}
04-10 07:56:59.400 28255 28280 I appium  : channel read: POST /wd/hub/session/b9e0ddc3-24cb-4feb-bd58-8ccae2b8e011/element
04-10 07:56:59.401 28255 28280 I appium  : FindElement command
04-10 07:56:59.402 28255 28280 I appium  : method: 'id', selector: 'ru.otus.wishlist:id/wishlist_item', contextId: '00000000-0000-0876-ffff-ffff000000ad'
04-10 07:56:59.406 28255 28280 I appium  : AppiumResponse: {"sessionId":"b9e0ddc3-24cb-4feb-bd58-8ccae2b8e011","value":{"ELEMENT":"00000000-0000-0876-ffff-ffff000000b5","element-6066-11e4-a52e-4f735466cecf":"00000000-0000-0876-ffff-ffff000000b5"}}
04-10 07:56:59.415 28255 28280 I appium  : channel read: POST /wd/hub/session/b9e0ddc3-24cb-4feb-bd58-8ccae2b8e011/element
04-10 07:56:59.415 28255 28280 I appium  : FindElement command
04-10 07:56:59.416 28255 28280 I appium  : method: 'id', selector: 'ru.otus.wishlist:id/title', contextId: '00000000-0000-0876-ffff-ffff000000b5'
04-10 07:56:59.423 28255 28280 I appium  : AppiumResponse: {"sessionId":"b9e0ddc3-24cb-4feb-bd58-8ccae2b8e011","value":{"ELEMENT":"00000000-0000-0876-ffff-ffff000000b6","element-6066-11e4-a52e-4f735466cecf":"00000000-0000-0876-ffff-ffff000000b6"}}
04-10 07:56:59.431 28255 28280 I appium  : channel read: GET /wd/hub/session/b9e0ddc3-24cb-4feb-bd58-8ccae2b8e011/element/00000000-0000-0876-ffff-ffff000000b6/attribute/displayed
04-10 07:56:59.431 28255 28280 I appium  : GetElementAttribute command
04-10 07:56:59.436 28255 28280 I appium  : AppiumResponse: {"sessionId":"b9e0ddc3-24cb-4feb-bd58-8ccae2b8e011","value":"true"}
04-10 07:56:59.443 28255 28280 I appium  : channel read: POST /wd/hub/session/b9e0ddc3-24cb-4feb-bd58-8ccae2b8e011/element/00000000-0000-0876-ffff-ffff000000b6/click
04-10 07:56:59.443 28255 28280 I appium  : Click command
04-10 07:56:59.493 28255 28280 I appium  : Waiting up to 10000ms for the device to idle
04-10 07:56:59.494 28255 28280 I appium  : AppiumResponse: {"sessionId":"b9e0ddc3-24cb-4feb-bd58-8ccae2b8e011","value":null}
04-10 07:56:59.523 28255 28280 I appium  : channel read: POST /wd/hub/session/b9e0ddc3-24cb-4feb-bd58-8ccae2b8e011/element
04-10 07:56:59.523 28255 28280 I appium  : FindElement command
04-10 07:56:59.524 28255 28280 I appium  : method: 'id', selector: 'ru.otus.wishlist:id/add_button'
04-10 07:56:59.524 28255 28280 I appium  : Waiting up to 10000ms for the device to idle
04-10 07:56:59.635 28289 28307 D EGL_emulation: app_time_stats: avg=103.70ms min=1.20ms max=701.63ms count=9
04-10 07:57:00.001 12660 12692 W ProcessStats: Tracking association SourceState{6713a1b system/1000 BTopFgs #21110} whose proc state 2 is better than process ProcessState{9cc27b8 com.google.android.gms.persistent/10101 pkg=com.google.android.gms} proc state 3 (23 skipped)
04-10 07:57:00.039 12833 12920 D EGL_emulation: app_time_stats: avg=890.76ms min=84.42ms max=4567.57ms count=6
04-10 07:57:00.624 28255 28280 I appium  : AppiumResponse: {"sessionId":"b9e0ddc3-24cb-4feb-bd58-8ccae2b8e011","value":{"ELEMENT":"00000000-0000-0876-ffff-ffff000000ce","element-6066-11e4-a52e-4f735466cecf":"00000000-0000-0876-ffff-ffff000000ce"}}
04-10 07:57:00.631 28255 28280 I appium  : channel read: GET /wd/hub/session/b9e0ddc3-24cb-4feb-bd58-8ccae2b8e011/element/00000000-0000-0876-ffff-ffff000000ce/attribute/displayed
04-10 07:57:00.632 28255 28280 I appium  : GetElementAttribute command
04-10 07:57:00.636 28255 28280 I appium  : AppiumResponse: {"sessionId":"b9e0ddc3-24cb-4feb-bd58-8ccae2b8e011","value":"true"}
04-10 07:57:00.645 28255 28280 I appium  : channel read: POST /wd/hub/session/b9e0ddc3-24cb-4feb-bd58-8ccae2b8e011/element
04-10 07:57:00.645 28255 28280 I appium  : FindElement command
04-10 07:57:00.647 28255 28280 I appium  : method: 'id', selector: 'ru.otus.wishlist:id/add_button'
04-10 07:57:00.648 28255 28280 I appium  : Waiting up to 10000ms for the device to idle
04-10 07:57:00.658 28255 28280 I appium  : AppiumResponse: {"sessionId":"b9e0ddc3-24cb-4feb-bd58-8ccae2b8e011","value":{"ELEMENT":"00000000-0000-0876-ffff-ffff000000ce","element-6066-11e4-a52e-4f735466cecf":"00000000-0000-0876-ffff-ffff000000ce"}}
04-10 07:57:00.664 28255 28280 I appium  : channel read: GET /wd/hub/session/b9e0ddc3-24cb-4feb-bd58-8ccae2b8e011/element/00000000-0000-0876-ffff-ffff000000ce/attribute/displayed
04-10 07:57:00.664 28255 28280 I appium  : GetElementAttribute command
04-10 07:57:00.668 28255 28280 I appium  : AppiumResponse: {"sessionId":"b9e0ddc3-24cb-4feb-bd58-8ccae2b8e011","value":"true"}
04-10 07:57:00.674 28255 28280 I appium  : channel read: POST /wd/hub/session/b9e0ddc3-24cb-4feb-bd58-8ccae2b8e011/element/00000000-0000-0876-ffff-ffff000000ce/click
04-10 07:57:00.674 28255 28280 I appium  : Click command
04-10 07:57:00.731 28289 28307 D EGL_emulation: app_time_stats: avg=365.03ms min=38.32ms max=1017.96ms count=3
04-10 07:57:00.744 28255 28280 I appium  : Waiting up to 10000ms for the device to idle
04-10 07:57:00.746 28255 28280 I appium  : AppiumResponse: {"sessionId":"b9e0ddc3-24cb-4feb-bd58-8ccae2b8e011","value":null}
04-10 07:57:00.754 28255 28280 I appium  : channel read: POST /wd/hub/session/b9e0ddc3-24cb-4feb-bd58-8ccae2b8e011/element
04-10 07:57:00.754 28255 28280 I appium  : FindElement command
04-10 07:57:00.755 28255 28280 I appium  : method: 'id', selector: 'ru.otus.wishlist:id/gift_edit_title'
04-10 07:57:00.755 28255 28280 I appium  : Waiting up to 10000ms for the device to idle
04-10 07:57:00.806 28289 28297 I u.otus.wishlis: JIT allocated 77KB for compiled code of void android.view.View.<init>(android.content.Context, android.util.AttributeSet, int, int)
04-10 07:57:00.822 12589 12645 D AudioFlinger: mixer(0x7a33667bfa70) throttle end: throttle time(6)
04-10 07:57:00.872 12660 13524 D CompatibilityChangeReporter: Compat change id reported: 168419799; UID 10145; state: DISABLED
04-10 07:57:01.031 12833 12920 D EGL_emulation: app_time_stats: avg=1048.28ms min=91.39ms max=5510.29ms count=6
04-10 07:57:01.068   371   371 D goldfish-address-space: claimShared: Ask to claim region [0x3f65bf000 0x3f71ce000]
04-10 07:57:01.242   371   371 D goldfish-address-space: claimShared: Ask to claim region [0x3f71ce000 0x3f7ddd000]
04-10 07:57:01.309   371   371 D goldfish-address-space: claimShared: Ask to claim region [0x3f4fc3000 0x3f5bd2000]
04-10 07:57:01.505 28255 28280 W ByMatcher: Node returned null child: android.view.accessibility.AccessibilityNodeInfo@80007534; boundsInParent: Rect(0, 0 - 1080, 2340); boundsInScreen: Rect(0, 0 - 1080, 2340); packageName: ru.otus.wishlist; className: android.widget.FrameLayout; text: null; error: null; maxTextLength: -1; stateDescription: null; contentDescription: null; tooltipText: null; viewIdResName: null; checkable: false; checked: false; focusable: false; focused: false; selected: false; clickable: false; longClickable: false; contextClickable: false; enabled: true; password: false; scrollable: false; importantForAccessibility: true; visible: true; actions: [AccessibilityAction: ACTION_SELECT - null, AccessibilityAction: ACTION_CLEAR_SELECTION - null, AccessibilityAction: ACTION_ACCESSIBILITY_FOCUS - null, AccessibilityAction: ACTION_SHOW_ON_SCREEN - null]
04-10 07:57:01.505 28255 28280 W ByMatcher: Skipping null child (0 of 2)
04-10 07:57:01.506 28255 28280 W ByMatcher: Skipping null child (1 of 2)
04-10 07:57:01.508 28289 28289 I Choreographer: Skipped 36 frames!  The application may be doing too much work on its main thread.
04-10 07:57:01.534 28255 28280 W ByMatcher: Node returned null child: android.view.accessibility.AccessibilityNodeInfo@80007534; boundsInParent: Rect(0, 0 - 1080, 2340); boundsInScreen: Rect(0, 0 - 1080, 2340); packageName: ru.otus.wishlist; className: android.widget.FrameLayout; text: null; error: null; maxTextLength: -1; stateDescription: null; contentDescription: null; tooltipText: null; viewIdResName: null; checkable: false; checked: false; focusable: false; focused: false; selected: false; clickable: false; longClickable: false; contextClickable: false; enabled: true; password: false; scrollable: false; importantForAccessibility: true; visible: true; actions: [AccessibilityAction: ACTION_SELECT - null, AccessibilityAction: ACTION_CLEAR_SELECTION - null, AccessibilityAction: ACTION_ACCESSIBILITY_FOCUS - null, AccessibilityAction: ACTION_SHOW_ON_SCREEN - null]
04-10 07:57:01.535 28255 28280 W ByMatcher: Skipping null child (0 of 2)
04-10 07:57:01.536 28255 28280 I appium  : AppiumResponse: {"sessionId":"b9e0ddc3-24cb-4feb-bd58-8ccae2b8e011","value":{"error":"no such element","message":"An element could not be located on the page using the given search parameters","stacktrace":"io.appium.uiautomator2.common.exceptions.ElementNotFoundException: An element could not be located on the page using the given search parameters\n\tat io.appium.uiautomator2.handler.FindElement.safeHandle(FindElement.java:70)\n\tat io.appium.uiautomator2.handler.request.SafeRequestHandler.handle(SafeRequestHandler.java:59)\n\tat io.appium.uiautomator2.server.AppiumServlet.handleRequest(AppiumServlet.java:266)\n\tat io.appium.uiautomator2.server.AppiumServlet.handleHttpRequest(AppiumServlet.java:260)\n\tat io.appium.uiautomator2.http.ServerHandler.channelRead(ServerHandler.java:68)\n\tat io.netty.channel.AbstractChannelHandlerContext.invokeChannelRead(AbstractChannelHandlerContext.java:366)\n\tat io.netty.channel.AbstractChannelHandlerContext.invokeChannelRead(AbstractChannelHandlerContext.java:352)\n\tat io.netty.channel.AbstractChannelHandlerContext.fireChannelRead(AbstractChannelHandlerContext.java:345)\n\tat io.netty.handler.codec.MessageToMessageDecoder.channelRead(MessageToMessageDecoder.java:102)\n\tat io.netty.channel.AbstractChannelHandlerContext.invokeChannelRead(AbstractChannelHandlerContext.java:366)\n\tat io.netty.channel.AbstractChannelHandlerContext.invokeChannelRead(AbstractChannelHandlerContext.java:352)\n\tat io.netty.channel.AbstractChannelHandlerContext.fireChannelRead(AbstractChannelHandlerContext.java:345)\n\tat io.netty.channel.CombinedChannelDuplexHandler$DelegatingChannelHandlerContext.fireChannelRead(CombinedChannelDuplexHandler.java:435)\n\tat io.netty.handler.codec.ByteToMessageDecoder.fireChannelRead(ByteToMessageDecoder.java:293)\n\tat io.netty.handler.codec.ByteToMessageDecoder.channelRead(ByteToMessageDecoder.java:267)\n\tat io.netty.channel.CombinedChannelDuplexHandler.channelRead(CombinedChannelDuplexHandler.java:250)\n\tat io.netty.channel.AbstractChannelHandlerContext.invokeChannelRead(AbstractChannelHandlerContext.java:366)\n\tat io.netty.channel.AbstractChannelHandlerContext.invokeChannelRead(AbstractChannelHandlerContext.java:352)\n\tat io.netty.channel.AbstractChannelHandlerContext.fireChannelRead(AbstractChannelHandlerContext.java:345)\n\tat io.netty.handler.timeout.IdleStateHandler.channelRead(IdleStateHandler.java:266)\n\tat io.netty.channel.AbstractChannelHandlerContext.invokeChannelRead(AbstractChannelHandlerContext.java:366)\n\tat io.netty.channel.AbstractChannelHandlerContext.invokeChannelRead(AbstractChannelHandlerContext.java:352)\n\tat io.netty.channel.AbstractChannelHandlerContext.fireChannelRead(AbstractChannelHandlerContext.java:345)\n\tat io.netty.channel.DefaultChannelPipeline$HeadContext.channelRead(DefaultChannelPipeline.java:1294)\n\tat io.netty.channel.AbstractChannelHandlerContext.invokeChannelRead(AbstractChannelHandlerContext.java:366)\n\tat io.netty.channel.AbstractChannelHandlerContext.invokeChannelRead(AbstractChannelHandlerContext.java:352)\n\tat io.netty.channel.DefaultChannelPipeline.fireChannelRead(DefaultChannelPipeline.java:911)\n\tat io.netty.channel.nio.AbstractNioByteChannel$NioByteUnsafe.read(AbstractNioByteChannel.java:131)\n\tat io.netty.channel.nio.NioEventLoop.processSelectedKey(NioEventLoop.java:611)\n\tat io.netty.channel.nio.NioEventLoop.processSelectedKeysOptimized(NioEventLoop.java:552)\n\tat io.netty.channel.nio.NioEventLoop.processSelectedKeys(NioEventLoop.java:466)\n\tat io.netty.channel.nio.NioEventLoop.run(NioEventLoop.java:438)\n\tat io.netty.util.concurrent.SingleThreadEventExecutor$2.run(SingleThreadEventExecutor.java:140)\n\tat io.netty.util.concurrent.DefaultThreadFactory$DefaultRunnableDecorator.run(DefaultThreadFactory.java:144)\n\tat java.lang.Thread.run(Thread.java:920)\n"}}
04-10 07:57:01.689 28289 28327 I OpenGLRenderer: Davey! duration=743ms; Flags=0, FrameTimelineVsyncId=217456, IntendedVsync=53346057446492, Vsync=53346657446468, InputEventId=0, HandleInputStart=53346674056540, AnimationStart=53346674070340, PerformTraversalsStart=53346675014640, DrawStart=53346743313940, FrameDeadline=53346090779824, FrameInterval=53346673625640, FrameStartTime=16666666, SyncQueued=53346744053040, SyncStart=53346758891340, IssueDrawCommandsStart=53346758961340, SwapBuffers=53346759810040, FrameCompleted=53346816239640, DequeueBufferDuration=11200, QueueBufferDuration=250200, GpuCompleted=53346816239640, SwapBuffersCompleted=53346779081240, DisplayPresentTime=30064771073, 
04-10 07:57:01.715 13314 13314 I GoogleInputMethodService: GoogleInputMethodService.onFinishInput():3420 
04-10 07:57:01.716 13314 13314 I GoogleInputMethodService: GoogleInputMethodService.onStartInput():2002 
04-10 07:57:01.717 13314 13314 I DeviceUnlockedTag: DeviceUnlockedTag.notifyDeviceLockStatusChanged():31 Notify device unlocked.
04-10 07:57:01.718 13314 13314 I ShortcutsDataManager: AbstractContentDataManager.startImportContentTask():235 startImportContentTask()
04-10 07:57:01.719 13314 13602 I ShortcutsDataManager: AbstractContentDataManager$ImportContentTask.doInBackground():249 doInBackground()
04-10 07:57:01.720 13314 13602 I PersonalDictionaryDataHandler: PersonalDictionaryDataHandler.beginProcess():111 LanguageTags = [en-US]
04-10 07:57:01.735 28289 28307 D EGL_emulation: app_time_stats: avg=80.36ms min=24.90ms max=242.18ms count=11
04-10 07:57:01.741 11426 11435 W d.process.acor: Reducing the number of considered missed Gc histogram windows from 309 to 100
04-10 07:57:01.741 13314 13602 I ShortcutsDataManager: AbstractContentDataManager.importRecords():339 importRecords() : Success : Count = 0
04-10 07:57:01.747 13314 13602 I ShortcutsDataManager: AbstractContentDataManager.importContentData():289 importContentData() : Ending import process
04-10 07:57:01.748 13314 15962 I Delight5Decoder: Delight5DecoderWrapper.unloadLanguageModel():820 unloadLanguageModel() : 4, version [n/a]
04-10 07:57:01.763 13314 13602 I PersonalLanguageModelUpdater: PersonalLanguageModelUpdater$UpdateOperation.performInternal():162 run() : Added 0 words and 0 shortcuts
04-10 07:57:01.763 13314 13602 I DynamicLanguageModelOperation: DynamicLanguageModelOperation.perform():38 perform() : 4 : cny : Completed
04-10 07:57:01.764 13314 13314 I ShortcutsDataManager: AbstractContentDataManager$ImportContentTask.onPostExecute():260 onPostExecute() : Result = [2,0]
04-10 07:57:01.765 13314 13314 I ShortcutsDataManager: ShortcutsDataManager.onImportFinished():83 onImportFinished() : Result = 2 : Count = 0
04-10 07:57:01.766 13314 15962 I Delight5Decoder: Delight5DecoderWrapper.loadLanguageModel():614 loadLanguageModel() : 4, version [n/a]
04-10 07:57:01.769 13314 15962 I Delight5Decoder: Delight5DecoderWrapper.loadLanguageModel():652 Loaded dynamic LM 4.en
04-10 07:57:02.058 28255 28280 I appium  : channel read: POST /wd/hub/session/b9e0ddc3-24cb-4feb-bd58-8ccae2b8e011/element
04-10 07:57:02.058 28255 28280 I appium  : FindElement command
04-10 07:57:02.058 28255 28280 I appium  : method: 'id', selector: 'ru.otus.wishlist:id/gift_edit_title'
04-10 07:57:02.058 28255 28280 I appium  : Waiting up to 10000ms for the device to idle
04-10 07:57:02.340 28255 28280 I appium  : AppiumResponse: {"sessionId":"b9e0ddc3-24cb-4feb-bd58-8ccae2b8e011","value":{"ELEMENT":"00000000-0000-0878-ffff-ffff000000d9","element-6066-11e4-a52e-4f735466cecf":"00000000-0000-0878-ffff-ffff000000d9"}}
04-10 07:57:02.347 28255 28280 I appium  : channel read: GET /wd/hub/session/b9e0ddc3-24cb-4feb-bd58-8ccae2b8e011/element/00000000-0000-0878-ffff-ffff000000d9/attribute/displayed
04-10 07:57:02.349 28255 28280 I appium  : GetElementAttribute command
04-10 07:57:02.353 28255 28280 I appium  : AppiumResponse: {"sessionId":"b9e0ddc3-24cb-4feb-bd58-8ccae2b8e011","value":"true"}
04-10 07:57:02.358 28255 28280 I appium  : channel read: POST /wd/hub/session/b9e0ddc3-24cb-4feb-bd58-8ccae2b8e011/element
04-10 07:57:02.358 28255 28280 I appium  : FindElement command
04-10 07:57:02.359 28255 28280 I appium  : method: 'id', selector: 'ru.otus.wishlist:id/gift_edit_title'
04-10 07:57:02.359 28255 28280 I appium  : Waiting up to 10000ms for the device to idle
04-10 07:57:02.365 28255 28280 I appium  : AppiumResponse: {"sessionId":"b9e0ddc3-24cb-4feb-bd58-8ccae2b8e011","value":{"ELEMENT":"00000000-0000-0878-ffff-ffff000000d9","element-6066-11e4-a52e-4f735466cecf":"00000000-0000-0878-ffff-ffff000000d9"}}
04-10 07:57:02.371 28255 28280 I appium  : channel read: GET /wd/hub/session/b9e0ddc3-24cb-4feb-bd58-8ccae2b8e011/element/00000000-0000-0878-ffff-ffff000000d9/name
04-10 07:57:02.373 28255 28280 I appium  : GetName command
04-10 07:57:02.376 28255 28280 I appium  : AppiumResponse: {"sessionId":"b9e0ddc3-24cb-4feb-bd58-8ccae2b8e011","value":null}
04-10 07:57:02.381 28255 28280 I appium  : channel read: GET /wd/hub/session/b9e0ddc3-24cb-4feb-bd58-8ccae2b8e011/element/00000000-0000-0878-ffff-ffff000000d9/text
04-10 07:57:02.382 28255 28280 I appium  : GetText command
04-10 07:57:02.387 28255 28280 I appium  : AppiumResponse: {"sessionId":"b9e0ddc3-24cb-4feb-bd58-8ccae2b8e011","value":"Новый подарок"}
04-10 07:57:02.394 28255 28280 I appium  : channel read: POST /wd/hub/session/b9e0ddc3-24cb-4feb-bd58-8ccae2b8e011/element
04-10 07:57:02.394 28255 28280 I appium  : FindElement command
04-10 07:57:02.397 28255 28280 I appium  : method: 'id', selector: 'ru.otus.wishlist:id/name_input'
04-10 07:57:02.397 28255 28280 I appium  : Waiting up to 10000ms for the device to idle
04-10 07:57:02.402 28255 28280 I appium  : AppiumResponse: {"sessionId":"b9e0ddc3-24cb-4feb-bd58-8ccae2b8e011","value":{"ELEMENT":"00000000-0000-0878-ffff-ffff000000dc","element-6066-11e4-a52e-4f735466cecf":"00000000-0000-0878-ffff-ffff000000dc"}}
04-10 07:57:02.410 28255 28280 I appium  : channel read: GET /wd/hub/session/b9e0ddc3-24cb-4feb-bd58-8ccae2b8e011/element/00000000-0000-0878-ffff-ffff000000dc/attribute/displayed
04-10 07:57:02.410 28255 28280 I appium  : GetElementAttribute command
04-10 07:57:02.414 28255 28280 I appium  : AppiumResponse: {"sessionId":"b9e0ddc3-24cb-4feb-bd58-8ccae2b8e011","value":"true"}
04-10 07:57:02.421 28255 28280 I appium  : channel read: POST /wd/hub/session/b9e0ddc3-24cb-4feb-bd58-8ccae2b8e011/element
04-10 07:57:02.421 28255 28280 I appium  : FindElement command
04-10 07:57:02.421 28255 28280 I appium  : method: 'id', selector: 'ru.otus.wishlist:id/name_input'
04-10 07:57:02.422 28255 28280 I appium  : Waiting up to 10000ms for the device to idle
04-10 07:57:02.427 28255 28280 I appium  : AppiumResponse: {"sessionId":"b9e0ddc3-24cb-4feb-bd58-8ccae2b8e011","value":{"ELEMENT":"00000000-0000-0878-ffff-ffff000000dc","element-6066-11e4-a52e-4f735466cecf":"00000000-0000-0878-ffff-ffff000000dc"}}
04-10 07:57:02.434 28255 28280 I appium  : channel read: GET /wd/hub/session/b9e0ddc3-24cb-4feb-bd58-8ccae2b8e011/element/00000000-0000-0878-ffff-ffff000000dc/attribute/displayed
04-10 07:57:02.434 28255 28280 I appium  : GetElementAttribute command
04-10 07:57:02.439 28255 28280 I appium  : AppiumResponse: {"sessionId":"b9e0ddc3-24cb-4feb-bd58-8ccae2b8e011","value":"true"}
04-10 07:57:02.445 28255 28280 I appium  : channel read: POST /wd/hub/session/b9e0ddc3-24cb-4feb-bd58-8ccae2b8e011/element/00000000-0000-0878-ffff-ffff000000dc/clear
04-10 07:57:02.447 28255 28280 I appium  : Clear command
04-10 07:57:02.455 28255 28280 I appium  : AppiumResponse: {"sessionId":"b9e0ddc3-24cb-4feb-bd58-8ccae2b8e011","value":null}
04-10 07:57:02.461 28255 28280 I appium  : channel read: POST /wd/hub/session/b9e0ddc3-24cb-4feb-bd58-8ccae2b8e011/element
04-10 07:57:02.463 28255 28280 I appium  : FindElement command
04-10 07:57:02.464 28255 28280 I appium  : method: 'id', selector: 'ru.otus.wishlist:id/name_input'
04-10 07:57:02.464 28255 28280 I appium  : Waiting up to 10000ms for the device to idle
04-10 07:57:02.961 28255 28280 I appium  : AppiumResponse: {"sessionId":"b9e0ddc3-24cb-4feb-bd58-8ccae2b8e011","value":{"ELEMENT":"00000000-0000-0878-ffff-ffff000000dc","element-6066-11e4-a52e-4f735466cecf":"00000000-0000-0878-ffff-ffff000000dc"}}
04-10 07:57:02.969 28255 28280 I appium  : channel read: POST /wd/hub/session/b9e0ddc3-24cb-4feb-bd58-8ccae2b8e011/element/00000000-0000-0878-ffff-ffff000000dc/value
04-10 07:57:02.969 28255 28280 I appium  : SendKeysToElement command
04-10 07:57:02.980 28289 28307 D EGL_emulation: app_time_stats: avg=205.82ms min=37.21ms max=512.69ms count=7
04-10 07:57:03.493 28255 28280 I appium  : AppiumResponse: {"sessionId":"b9e0ddc3-24cb-4feb-bd58-8ccae2b8e011","value":null}
04-10 07:57:03.493 13314 13314 I ShortcutsDataManager: ShortcutsDataManager.onContentChanged():73 onContentChanged()
04-10 07:57:03.504 28255 28280 I appium  : channel read: POST /wd/hub/session/b9e0ddc3-24cb-4feb-bd58-8ccae2b8e011/element
04-10 07:57:03.504 28255 28280 I appium  : FindElement command
04-10 07:57:03.504 28255 28280 I appium  : method: 'id', selector: 'ru.otus.wishlist:id/price_input'
04-10 07:57:03.504 28255 28280 I appium  : Waiting up to 10000ms for the device to idle
04-10 07:57:04.000 28289 28307 D EGL_emulation: app_time_stats: avg=65.97ms min=2.31ms max=526.93ms count=14
04-10 07:57:04.007 28255 28280 I appium  : AppiumResponse: {"sessionId":"b9e0ddc3-24cb-4feb-bd58-8ccae2b8e011","value":{"ELEMENT":"00000000-0000-0878-ffff-ffff000000e7","element-6066-11e4-a52e-4f735466cecf":"00000000-0000-0878-ffff-ffff000000e7"}}
04-10 07:57:04.014 28255 28280 I appium  : channel read: GET /wd/hub/session/b9e0ddc3-24cb-4feb-bd58-8ccae2b8e011/element/00000000-0000-0878-ffff-ffff000000e7/attribute/displayed
04-10 07:57:04.014 28255 28280 I appium  : GetElementAttribute command
04-10 07:57:04.019 28255 28280 I appium  : AppiumResponse: {"sessionId":"b9e0ddc3-24cb-4feb-bd58-8ccae2b8e011","value":"true"}
04-10 07:57:04.026 28255 28280 I appium  : channel read: POST /wd/hub/session/b9e0ddc3-24cb-4feb-bd58-8ccae2b8e011/element
04-10 07:57:04.026 28255 28280 I appium  : FindElement command
04-10 07:57:04.026 28255 28280 I appium  : method: 'id', selector: 'ru.otus.wishlist:id/price_input'
04-10 07:57:04.027 28255 28280 I appium  : Waiting up to 10000ms for the device to idle
04-10 07:57:04.035 28255 28280 I appium  : AppiumResponse: {"sessionId":"b9e0ddc3-24cb-4feb-bd58-8ccae2b8e011","value":{"ELEMENT":"00000000-0000-0878-ffff-ffff000000e7","element-6066-11e4-a52e-4f735466cecf":"00000000-0000-0878-ffff-ffff000000e7"}}
04-10 07:57:04.042 28255 28280 I appium  : channel read: GET /wd/hub/session/b9e0ddc3-24cb-4feb-bd58-8ccae2b8e011/element/00000000-0000-0878-ffff-ffff000000e7/attribute/displayed
04-10 07:57:04.042 28255 28280 I appium  : GetElementAttribute command
04-10 07:57:04.046 28255 28280 I appium  : AppiumResponse: {"sessionId":"b9e0ddc3-24cb-4feb-bd58-8ccae2b8e011","value":"true"}
04-10 07:57:04.053 28255 28280 I appium  : channel read: POST /wd/hub/session/b9e0ddc3-24cb-4feb-bd58-8ccae2b8e011/element/00000000-0000-0878-ffff-ffff000000e7/clear
04-10 07:57:04.053 28255 28280 I appium  : Clear command
04-10 07:57:04.060 28255 28280 I appium  : AppiumResponse: {"sessionId":"b9e0ddc3-24cb-4feb-bd58-8ccae2b8e011","value":null}
04-10 07:57:04.085 28255 28280 I appium  : channel read: POST /wd/hub/session/b9e0ddc3-24cb-4feb-bd58-8ccae2b8e011/element
04-10 07:57:04.085 28255 28280 I appium  : FindElement command
04-10 07:57:04.087 28255 28280 I appium  : method: 'id', selector: 'ru.otus.wishlist:id/price_input'
04-10 07:57:04.088 28255 28280 I appium  : Waiting up to 10000ms for the device to idle
04-10 07:57:04.566 28255 28280 I appium  : AppiumResponse: {"sessionId":"b9e0ddc3-24cb-4feb-bd58-8ccae2b8e011","value":{"ELEMENT":"00000000-0000-0878-ffff-ffff000000e7","element-6066-11e4-a52e-4f735466cecf":"00000000-0000-0878-ffff-ffff000000e7"}}
04-10 07:57:04.572 28255 28280 I appium  : channel read: POST /wd/hub/session/b9e0ddc3-24cb-4feb-bd58-8ccae2b8e011/element/00000000-0000-0878-ffff-ffff000000e7/value
04-10 07:57:04.573 28255 28280 I appium  : SendKeysToElement command
04-10 07:57:04.602 28255 28280 I appium  : AppiumResponse: {"sessionId":"b9e0ddc3-24cb-4feb-bd58-8ccae2b8e011","value":null}
04-10 07:57:04.608 28255 28280 I appium  : channel read: POST /wd/hub/session/b9e0ddc3-24cb-4feb-bd58-8ccae2b8e011/element
04-10 07:57:04.608 28255 28280 I appium  : FindElement command
04-10 07:57:04.609 28255 28280 I appium  : method: 'id', selector: 'ru.otus.wishlist:id/description_input'
04-10 07:57:04.609 28255 28280 I appium  : Waiting up to 10000ms for the device to idle
04-10 07:57:04.689 12814 12814 I wpa_supplicant: wlan0: CTRL-EVENT-BEACON-LOSS 
04-10 07:57:05.015 28289 28307 D EGL_emulation: app_time_stats: avg=67.44ms min=18.07ms max=516.25ms count=14
04-10 07:57:05.109 28255 28280 I appium  : AppiumResponse: {"sessionId":"b9e0ddc3-24cb-4feb-bd58-8ccae2b8e011","value":{"ELEMENT":"00000000-0000-0878-ffff-ffff000000f2","element-6066-11e4-a52e-4f735466cecf":"00000000-0000-0878-ffff-ffff000000f2"}}
04-10 07:57:05.116 28255 28280 I appium  : channel read: GET /wd/hub/session/b9e0ddc3-24cb-4feb-bd58-8ccae2b8e011/element/00000000-0000-0878-ffff-ffff000000f2/attribute/displayed
04-10 07:57:05.116 28255 28280 I appium  : GetElementAttribute command
04-10 07:57:05.121 28255 28280 I appium  : AppiumResponse: {"sessionId":"b9e0ddc3-24cb-4feb-bd58-8ccae2b8e011","value":"true"}
04-10 07:57:05.128 28255 28280 I appium  : channel read: POST /wd/hub/session/b9e0ddc3-24cb-4feb-bd58-8ccae2b8e011/element
04-10 07:57:05.128 28255 28280 I appium  : FindElement command
04-10 07:57:05.128 28255 28280 I appium  : method: 'id', selector: 'ru.otus.wishlist:id/description_input'
04-10 07:57:05.128 28255 28280 I appium  : Waiting up to 10000ms for the device to idle
04-10 07:57:05.137 28255 28280 I appium  : AppiumResponse: {"sessionId":"b9e0ddc3-24cb-4feb-bd58-8ccae2b8e011","value":{"ELEMENT":"00000000-0000-0878-ffff-ffff000000f2","element-6066-11e4-a52e-4f735466cecf":"00000000-0000-0878-ffff-ffff000000f2"}}
04-10 07:57:05.144 28255 28280 I appium  : channel read: GET /wd/hub/session/b9e0ddc3-24cb-4feb-bd58-8ccae2b8e011/element/00000000-0000-0878-ffff-ffff000000f2/attribute/displayed
04-10 07:57:05.144 28255 28280 I appium  : GetElementAttribute command
04-10 07:57:05.148 28255 28280 I appium  : AppiumResponse: {"sessionId":"b9e0ddc3-24cb-4feb-bd58-8ccae2b8e011","value":"true"}
04-10 07:57:05.155 28255 28280 I appium  : channel read: POST /wd/hub/session/b9e0ddc3-24cb-4feb-bd58-8ccae2b8e011/element/00000000-0000-0878-ffff-ffff000000f2/clear
04-10 07:57:05.155 28255 28280 I appium  : Clear command
04-10 07:57:05.165 28255 28280 I appium  : AppiumResponse: {"sessionId":"b9e0ddc3-24cb-4feb-bd58-8ccae2b8e011","value":null}
04-10 07:57:05.184 28255 28280 I appium  : channel read: POST /wd/hub/session/b9e0ddc3-24cb-4feb-bd58-8ccae2b8e011/element
04-10 07:57:05.184 28255 28280 I appium  : FindElement command
04-10 07:57:05.185 28255 28280 I appium  : method: 'id', selector: 'ru.otus.wishlist:id/description_input'
04-10 07:57:05.185 28255 28280 I appium  : Waiting up to 10000ms for the device to idle
04-10 07:57:05.671 28255 28280 I appium  : AppiumResponse: {"sessionId":"b9e0ddc3-24cb-4feb-bd58-8ccae2b8e011","value":{"ELEMENT":"00000000-0000-0878-ffff-ffff000000f2","element-6066-11e4-a52e-4f735466cecf":"00000000-0000-0878-ffff-ffff000000f2"}}
04-10 07:57:05.681 28255 28280 I appium  : channel read: POST /wd/hub/session/b9e0ddc3-24cb-4feb-bd58-8ccae2b8e011/element/00000000-0000-0878-ffff-ffff000000f2/value
04-10 07:57:05.684 28255 28280 I appium  : SendKeysToElement command
04-10 07:57:06.203 28255 28280 I appium  : AppiumResponse: {"sessionId":"b9e0ddc3-24cb-4feb-bd58-8ccae2b8e011","value":null}
04-10 07:57:06.211 28255 28280 I appium  : channel read: POST /wd/hub/session/b9e0ddc3-24cb-4feb-bd58-8ccae2b8e011/element
04-10 07:57:06.212 28255 28280 I appium  : FindElement command
04-10 07:57:06.212 28255 28280 I appium  : method: 'id', selector: 'ru.otus.wishlist:id/save_button'
04-10 07:57:06.213 28255 28280 I appium  : Waiting up to 10000ms for the device to idle
04-10 07:57:06.222 28289 28307 D EGL_emulation: app_time_stats: avg=196.98ms min=17.90ms max=516.54ms count=6
04-10 07:57:06.224 28255 28280 I appium  : AppiumResponse: {"sessionId":"b9e0ddc3-24cb-4feb-bd58-8ccae2b8e011","value":{"ELEMENT":"00000000-0000-0878-ffff-ffff000000fb","element-6066-11e4-a52e-4f735466cecf":"00000000-0000-0878-ffff-ffff000000fb"}}
04-10 07:57:06.235 28255 28280 I appium  : channel read: GET /wd/hub/session/b9e0ddc3-24cb-4feb-bd58-8ccae2b8e011/element/00000000-0000-0878-ffff-ffff000000fb/attribute/displayed
04-10 07:57:06.235 28255 28280 I appium  : GetElementAttribute command
04-10 07:57:06.705 28255 28280 I appium  : AppiumResponse: {"sessionId":"b9e0ddc3-24cb-4feb-bd58-8ccae2b8e011","value":"true"}
04-10 07:57:06.712 28255 28280 I appium  : channel read: POST /wd/hub/session/b9e0ddc3-24cb-4feb-bd58-8ccae2b8e011/element
04-10 07:57:06.713 28255 28280 I appium  : FindElement command
04-10 07:57:06.713 28255 28280 I appium  : method: 'id', selector: 'ru.otus.wishlist:id/save_button'
04-10 07:57:06.714 28255 28280 I appium  : Waiting up to 10000ms for the device to idle
04-10 07:57:06.721 28255 28280 I appium  : AppiumResponse: {"sessionId":"b9e0ddc3-24cb-4feb-bd58-8ccae2b8e011","value":{"ELEMENT":"00000000-0000-0878-ffff-ffff000000fb","element-6066-11e4-a52e-4f735466cecf":"00000000-0000-0878-ffff-ffff000000fb"}}
04-10 07:57:06.728 28255 28280 I appium  : channel read: GET /wd/hub/session/b9e0ddc3-24cb-4feb-bd58-8ccae2b8e011/element/00000000-0000-0878-ffff-ffff000000fb/attribute/displayed
04-10 07:57:06.729 28255 28280 I appium  : GetElementAttribute command
04-10 07:57:06.734 28255 28280 I appium  : AppiumResponse: {"sessionId":"b9e0ddc3-24cb-4feb-bd58-8ccae2b8e011","value":"true"}
04-10 07:57:06.741 28255 28280 I appium  : channel read: POST /wd/hub/session/b9e0ddc3-24cb-4feb-bd58-8ccae2b8e011/element/00000000-0000-0878-ffff-ffff000000fb/click
04-10 07:57:06.742 28255 28280 I appium  : Click command
04-10 07:57:06.828 28255 28280 I appium  : Waiting up to 10000ms for the device to idle
04-10 07:57:06.986 28289 28307 D OpenGLRenderer: endAllActiveAnimators on 0x7dab03f0d240 (RippleDrawable) with handle 0x7daa13eb07a0
04-10 07:57:06.988 12660 12811 W InputManager-JNI: Input channel object '1d82022 ru.otus.wishlist/ru.otus.wishlist.MainActivity (client)' was disposed without first being removed with the input manager!
04-10 07:57:06.994 28289 28289 D CompatibilityChangeReporter: Compat change id reported: 147798919; UID 10145; state: ENABLED
04-10 07:57:07.012   371   371 D goldfish-address-space: claimShared: Ask to claim region [0x3f3723000 0x3f376b000]
04-10 07:57:07.072   371   371 D goldfish-address-space: claimShared: Ask to claim region [0x3f376b000 0x3f37b3000]
04-10 07:57:07.106   371   371 D goldfish-address-space: claimShared: Ask to claim region [0x3f37b3000 0x3f37fb000]
04-10 07:57:07.155 28289 28307 D EGL_emulation: app_time_stats: avg=1075.13ms min=36.43ms max=5117.19ms count=5
04-10 07:57:07.163 13314 13314 I GoogleInputMethodService: GoogleInputMethodService.onFinishInput():3420 
04-10 07:57:07.163 13314 13314 I GoogleInputMethodService: GoogleInputMethodService.onStartInput():2002 
04-10 07:57:07.164 13314 13314 I DeviceUnlockedTag: DeviceUnlockedTag.notifyDeviceLockStatusChanged():31 Notify device unlocked.
04-10 07:57:07.165 13314 13314 I ShortcutsDataManager: AbstractContentDataManager.startImportContentTask():235 startImportContentTask()
04-10 07:57:07.165 13314 13602 I ShortcutsDataManager: AbstractContentDataManager$ImportContentTask.doInBackground():249 doInBackground()
04-10 07:57:07.166 13314 13602 I PersonalDictionaryDataHandler: PersonalDictionaryDataHandler.beginProcess():111 LanguageTags = [en-US]
04-10 07:57:07.183 13314 13602 I ShortcutsDataManager: AbstractContentDataManager.importRecords():339 importRecords() : Success : Count = 0
04-10 07:57:07.184 13314 13602 I ShortcutsDataManager: AbstractContentDataManager.importContentData():289 importContentData() : Ending import process
04-10 07:57:07.185 13314 15962 I Delight5Decoder: Delight5DecoderWrapper.unloadLanguageModel():820 unloadLanguageModel() : 4, version [n/a]
04-10 07:57:07.200 13314 13602 I PersonalLanguageModelUpdater: PersonalLanguageModelUpdater$UpdateOperation.performInternal():162 run() : Added 0 words and 0 shortcuts
04-10 07:57:07.200 13314 13602 I DynamicLanguageModelOperation: DynamicLanguageModelOperation.perform():38 perform() : 4 : cny : Completed
04-10 07:57:07.200 13314 15962 I Delight5Decoder: Delight5DecoderWrapper.loadLanguageModel():614 loadLanguageModel() : 4, version [n/a]
04-10 07:57:07.201 13314 15962 I Delight5Decoder: Delight5DecoderWrapper.loadLanguageModel():652 Loaded dynamic LM 4.en
04-10 07:57:07.202 13314 13314 I ShortcutsDataManager: AbstractContentDataManager$ImportContentTask.onPostExecute():260 onPostExecute() : Result = [2,0]
04-10 07:57:07.202 13314 13314 I ShortcutsDataManager: ShortcutsDataManager.onImportFinished():83 onImportFinished() : Result = 2 : Count = 0
04-10 07:57:07.492 12833 12920 D EGL_emulation: app_time_stats: avg=1567.60ms min=53.81ms max=6050.26ms count=4
04-10 07:57:07.718 28255 28280 I appium  : AppiumResponse: {"sessionId":"b9e0ddc3-24cb-4feb-bd58-8ccae2b8e011","value":null}
04-10 07:57:07.725 28255 28280 I appium  : channel read: POST /wd/hub/session/b9e0ddc3-24cb-4feb-bd58-8ccae2b8e011/element
04-10 07:57:07.726 28255 28280 I appium  : FindElement command
04-10 07:57:07.726 28255 28280 I appium  : method: 'id', selector: 'ru.otus.wishlist:id/gifts'
04-10 07:57:07.726 28255 28280 I appium  : Waiting up to 10000ms for the device to idle
04-10 07:57:07.737 28255 28280 I appium  : AppiumResponse: {"sessionId":"b9e0ddc3-24cb-4feb-bd58-8ccae2b8e011","value":{"ELEMENT":"00000000-0000-0876-ffff-ffff000000c7","element-6066-11e4-a52e-4f735466cecf":"00000000-0000-0876-ffff-ffff000000c7"}}
04-10 07:57:07.748 28255 28280 I appium  : channel read: GET /wd/hub/session/b9e0ddc3-24cb-4feb-bd58-8ccae2b8e011/element/00000000-0000-0876-ffff-ffff000000c7/attribute/displayed
04-10 07:57:07.748 28255 28280 I appium  : GetElementAttribute command
04-10 07:57:07.757 28255 28280 I appium  : AppiumResponse: {"sessionId":"b9e0ddc3-24cb-4feb-bd58-8ccae2b8e011","value":"true"}
04-10 07:57:07.765 28255 28280 I appium  : channel read: POST /wd/hub/session/b9e0ddc3-24cb-4feb-bd58-8ccae2b8e011/element
04-10 07:57:07.765 28255 28280 I appium  : FindElement command
04-10 07:57:07.766 28255 28280 I appium  : method: 'id', selector: 'ru.otus.wishlist:id/gifts'
04-10 07:57:07.766 28255 28280 I appium  : Waiting up to 10000ms for the device to idle
04-10 07:57:07.773 28255 28280 I appium  : AppiumResponse: {"sessionId":"b9e0ddc3-24cb-4feb-bd58-8ccae2b8e011","value":{"ELEMENT":"00000000-0000-0876-ffff-ffff000000c7","element-6066-11e4-a52e-4f735466cecf":"00000000-0000-0876-ffff-ffff000000c7"}}
04-10 07:57:07.779 28255 28280 I appium  : channel read: POST /wd/hub/session/b9e0ddc3-24cb-4feb-bd58-8ccae2b8e011/elements
04-10 07:57:07.780 28255 28280 I appium  : FindElements command
04-10 07:57:07.780 28255 28280 I appium  : method: 'id', selector: 'ru.otus.wishlist:id/gift_item', contextId: '00000000-0000-0876-ffff-ffff000000c7'
04-10 07:57:07.786 28255 28280 I appium  : Caching 1 found element
04-10 07:57:07.786 28255 28280 I appium  : Cached 1 element
04-10 07:57:07.787 28255 28280 I appium  : AppiumResponse: {"sessionId":"b9e0ddc3-24cb-4feb-bd58-8ccae2b8e011","value":[{"ELEMENT":"00000000-0000-0876-ffff-ffff000000ff","element-6066-11e4-a52e-4f735466cecf":"00000000-0000-0876-ffff-ffff000000ff"}]}
04-10 07:57:07.796 28255 28280 I appium  : channel read: POST /wd/hub/session/b9e0ddc3-24cb-4feb-bd58-8ccae2b8e011/element
04-10 07:57:07.796 28255 28280 I appium  : FindElement command
04-10 07:57:07.796 28255 28280 I appium  : method: 'id', selector: 'ru.otus.wishlist:id/gifts'
04-10 07:57:07.797 28255 28280 I appium  : Waiting up to 10000ms for the device to idle
