04-13 07:55:54.568 22687 22716 I appium  : method: 'id', selector: 'ru.otus.wishlist:id/password_text_input'
04-13 07:55:54.568 22687 22716 I appium  : Waiting up to 10000ms for the device to idle
04-13 07:55:54.580 22687 22716 I appium  : AppiumResponse: {"sessionId":"232f4979-f46f-400d-aa7e-81cd8ddd97b7","value":{"ELEMENT":"00000000-0000-0c93-ffff-ffff0000001d","element-6066-11e4-a52e-4f735466cecf":"00000000-0000-0c93-ffff-ffff0000001d"}}
04-13 07:55:54.588 22687 22716 I appium  : channel read: POST /session/232f4979-f46f-400d-aa7e-81cd8ddd97b7/element/00000000-0000-0c93-ffff-ffff0000001d/value
04-13 07:55:54.588 22687 22716 I appium  : SendKeysToElement command
04-13 07:55:54.595 22687 22716 D UiObject2: Setting text to ''.
04-13 07:55:55.104 22687 22716 I appium  : AppiumResponse: {"sessionId":"232f4979-f46f-400d-aa7e-81cd8ddd97b7","value":null}
04-13 07:55:55.113 22687 22716 I appium  : channel read: POST /session/232f4979-f46f-400d-aa7e-81cd8ddd97b7/element
04-13 07:55:55.114 22687 22716 I appium  : FindElement command
04-13 07:55:55.116 22687 22716 I appium  : method: 'id', selector: 'ru.otus.wishlist:id/log_in_button'
04-13 07:55:55.116 22687 22716 I appium  : Waiting up to 10000ms for the device to idle
04-13 07:55:55.125 22728 22747 D EGL_emulation: app_time_stats: avg=41.19ms min=12.32ms max=509.30ms count=26
04-13 07:55:55.133 22687 22716 I appium  : AppiumResponse: {"sessionId":"232f4979-f46f-400d-aa7e-81cd8ddd97b7","value":{"ELEMENT":"00000000-0000-0c93-ffff-ffff0000002a","element-6066-11e4-a52e-4f735466cecf":"00000000-0000-0c93-ffff-ffff0000002a"}}
04-13 07:55:55.143 22687 22716 I appium  : channel read: GET /session/232f4979-f46f-400d-aa7e-81cd8ddd97b7/element/00000000-0000-0c93-ffff-ffff0000002a/attribute/displayed
04-13 07:55:55.143 22687 22716 I appium  : GetElementAttribute command
04-13 07:55:55.608 22687 22716 I appium  : AppiumResponse: {"sessionId":"232f4979-f46f-400d-aa7e-81cd8ddd97b7","value":"true"}
04-13 07:55:55.615 22687 22716 I appium  : channel read: POST /session/232f4979-f46f-400d-aa7e-81cd8ddd97b7/element
04-13 07:55:55.616 22687 22716 I appium  : FindElement command
04-13 07:55:55.617 22687 22716 I appium  : method: 'id', selector: 'ru.otus.wishlist:id/log_in_button'
04-13 07:55:55.617 22687 22716 I appium  : Waiting up to 10000ms for the device to idle
04-13 07:55:55.625 22687 22716 I appium  : AppiumResponse: {"sessionId":"232f4979-f46f-400d-aa7e-81cd8ddd97b7","value":{"ELEMENT":"00000000-0000-0c93-ffff-ffff0000002a","element-6066-11e4-a52e-4f735466cecf":"00000000-0000-0c93-ffff-ffff0000002a"}}
04-13 07:55:55.631 22687 22716 I appium  : channel read: GET /session/232f4979-f46f-400d-aa7e-81cd8ddd97b7/element/00000000-0000-0c93-ffff-ffff0000002a/attribute/displayed
04-13 07:55:55.632 22687 22716 I appium  : GetElementAttribute command
04-13 07:55:55.635 22687 22716 I appium  : AppiumResponse: {"sessionId":"232f4979-f46f-400d-aa7e-81cd8ddd97b7","value":"true"}
04-13 07:55:55.641 22687 22716 I appium  : channel read: POST /session/232f4979-f46f-400d-aa7e-81cd8ddd97b7/element/00000000-0000-0c93-ffff-ffff0000002a/click
04-13 07:55:55.641 22687 22716 I appium  : Click command
04-13 07:55:55.676 22687 22716 I appium  : Waiting up to 10000ms for the device to idle
04-13 07:55:55.677 22687 22716 I appium  : AppiumResponse: {"sessionId":"232f4979-f46f-400d-aa7e-81cd8ddd97b7","value":null}
04-13 07:55:55.732 12592 22764 D resolv  : GetAddrInfoHandler::run: {103 103 103 983143 10151 0}
04-13 07:55:55.732 12592 22764 D resolv  : resolv_getaddrinfo: explore_fqdn(): ai_family=0 ai_socktype=1 ai_protocol=6
04-13 07:55:55.732 12592 22765 D resolv  : doQuery: (1, 28)
04-13 07:55:55.732 12592 22766 D resolv  : doQuery: (1, 1)
04-13 07:55:55.732 12592 22766 D resolv  : res_nmkquery: (QUERY, IN, A)
04-13 07:55:55.732 12592 22766 D resolv  : res_nsend
04-13 07:55:55.733 12592 22766 I resolv  : resolv_cache_lookup: lookup
04-13 07:55:55.733 12592 22766 I resolv  : resolv_cache_lookup: FOUND IN CACHE entry=0x790027b561d0
04-13 07:55:55.733 12592 22766 D resolv  : doQuery: rcode=0, ancount=1
04-13 07:55:55.733 12592 22765 D resolv  : res_nmkquery: (QUERY, IN, AAAA)
04-13 07:55:55.733 12592 22765 D resolv  : res_nsend
04-13 07:55:55.734 12592 22765 I resolv  : resolv_cache_lookup: lookup
04-13 07:55:55.734 12592 22765 I resolv  : resolv_cache_lookup: FOUND IN CACHE entry=0x790037b51b50
04-13 07:55:55.734 12592 22765 D resolv  : doQuery: rcode=0, ancount=0
04-13 07:55:55.734 12592 22764 I ResolverController: No valid NAT64 prefix (103, <unspecified>/0)
04-13 07:55:56.034 22687 22716 I appium  : channel read: POST /session/232f4979-f46f-400d-aa7e-81cd8ddd97b7/element
04-13 07:55:56.035 22687 22716 I appium  : FindElement command
04-13 07:55:56.035 22687 22716 I appium  : method: 'id', selector: 'ru.otus.wishlist:id/wishlists'
04-13 07:55:56.036 22687 22716 I appium  : Waiting up to 10000ms for the device to idle
04-13 07:55:56.315 22687 22716 I appium  : AppiumResponse: {"sessionId":"232f4979-f46f-400d-aa7e-81cd8ddd97b7","value":{"error":"no such element","message":"An element could not be located on the page using the given search parameters","stacktrace":"io.appium.uiautomator2.common.exceptions.ElementNotFoundException: An element could not be located on the page using the given search parameters\n\tat io.appium.uiautomator2.handler.FindElement.safeHandle(FindElement.java:63)\n\tat io.appium.uiautomator2.handler.request.SafeRequestHandler.handle(SafeRequestHandler.java:59)\n\tat io.appium.uiautomator2.server.AppiumServlet.handleRequest(AppiumServlet.java:267)\n\tat io.appium.uiautomator2.server.AppiumServlet.handleHttpRequest(AppiumServlet.java:261)\n\tat io.appium.uiautomator2.http.ServerHandler.channelRead(ServerHandler.java:77)\n\tat io.netty.channel.AbstractChannelHandlerContext.fireChannelRead(AbstractChannelHandlerContext.java:356)\n\tat io.netty.handler.codec.MessageToMessageDecoder.channelRead(MessageToMessageDecoder.java:107)\n\tat io.netty.channel.AbstractChannelHandlerContext.fireChannelRead(AbstractChannelHandlerContext.java:356)\n\tat io.netty.channel.CombinedChannelDuplexHandler$DelegatingChannelHandlerContext.fireChannelRead(CombinedChannelDuplexHandler.java:434)\n\tat io.netty.handler.codec.ByteToMessageDecoder.fireChannelRead(ByteToMessageDecoder.java:361)\n\tat io.netty.handler.codec.ByteToMessageDecoder.channelRead(ByteToMessageDecoder.java:325)\n\tat io.netty.channel.CombinedChannelDuplexHandler.channelRead(CombinedChannelDuplexHandler.java:249)\n\tat io.netty.channel.AbstractChannelHandlerContext.fireChannelRead(AbstractChannelHandlerContext.java:354)\n\tat io.netty.handler.timeout.IdleStateHandler.channelRead(IdleStateHandler.java:293)\n\tat io.netty.channel.AbstractChannelHandlerContext.fireChannelRead(AbstractChannelHandlerContext.java:354)\n\tat io.netty.channel.DefaultChannelPipeline$HeadContext.channelRead(DefaultChannelPipeline.java:1429)\n\tat io.netty.channel.DefaultChannelPipeline.fireChannelRead(DefaultChannelPipeline.java:918)\n\tat io.netty.channel.nio.AbstractNioByteChannel$NioByteUnsafe.read(AbstractNioByteChannel.java:172)\n\tat io.netty.channel.nio.AbstractNioChannel$AbstractNioUnsafe.handle(AbstractNioChannel.java:445)\n\tat io.netty.channel.nio.NioIoHandler$DefaultNioRegistration.handle(NioIoHandler.java:388)\n\tat io.netty.channel.nio.NioIoHandler.processSelectedKey(NioIoHandler.java:596)\n\tat io.netty.channel.nio.NioIoHandler.processSelectedKeysOptimized(NioIoHandler.java:571)\n\tat io.netty.channel.nio.NioIoHandler.processSelectedKeys(NioIoHandler.java:512)\n\tat io.netty.channel.nio.NioIoHandler.run(NioIoHandler.java:484)\n\tat io.netty.channel.SingleThreadIoEventLoop.runIo(SingleThreadIoEventLoop.java:225)\n\tat io.netty.channel.SingleThreadIoEventLoop.run(SingleThreadIoEventLoop.java:196)\n\tat io.netty.util.concurrent.SingleThreadEventExecutor$5.run(SingleThreadEventExecutor.java:1195)\n\tat io.netty.util.internal.ThreadExecutorMap$2.run(ThreadExecutorMap.java:74)\n\tat io.netty.util.concurrent.FastThreadLocalRunnable.run(FastThreadLocalRunnable.java:30)\n\tat java.lang.Thread.run(Thread.java:920)\n"}}
04-13 07:55:56.823 22687 22716 I appium  : channel read: POST /session/232f4979-f46f-400d-aa7e-81cd8ddd97b7/element
04-13 07:55:56.823 22687 22716 I appium  : FindElement command
04-13 07:55:56.824 22687 22716 I appium  : method: 'id', selector: 'ru.otus.wishlist:id/wishlists'
04-13 07:55:56.825 22687 22716 I appium  : Waiting up to 10000ms for the device to idle
04-13 07:55:56.889 22728 22747 D EGL_emulation: app_time_stats: avg=48.69ms min=2.56ms max=1070.31ms count=34
04-13 07:55:57.540 22687 22716 I appium  : AppiumResponse: {"sessionId":"232f4979-f46f-400d-aa7e-81cd8ddd97b7","value":{"ELEMENT":"00000000-0000-0c93-ffff-ffff0000005e","element-6066-11e4-a52e-4f735466cecf":"00000000-0000-0c93-ffff-ffff0000005e"}}
04-13 07:55:57.547 22687 22716 I appium  : channel read: POST /session/232f4979-f46f-400d-aa7e-81cd8ddd97b7/element
04-13 07:55:57.548 22687 22716 I appium  : FindElement command
04-13 07:55:57.549 22687 22716 I appium  : method: 'id', selector: 'ru.otus.wishlist:id/wishlist_item', contextId: '00000000-0000-0c93-ffff-ffff0000005e'
04-13 07:55:57.552 22687 22716 D UiObject2: Retrieving node with selector: BySelector [RES='\Qru.otus.wishlist:id/wishlist_item\E'].
04-13 07:55:57.554 22687 22716 I appium  : AppiumResponse: {"sessionId":"232f4979-f46f-400d-aa7e-81cd8ddd97b7","value":{"ELEMENT":"00000000-0000-0c93-ffff-ffff00000066","element-6066-11e4-a52e-4f735466cecf":"00000000-0000-0c93-ffff-ffff00000066"}}
04-13 07:55:57.561 22687 22716 I appium  : channel read: GET /session/232f4979-f46f-400d-aa7e-81cd8ddd97b7/element/00000000-0000-0c93-ffff-ffff00000066/attribute/displayed
04-13 07:55:57.561 22687 22716 I appium  : GetElementAttribute command
04-13 07:55:57.565 22687 22716 I appium  : AppiumResponse: {"sessionId":"232f4979-f46f-400d-aa7e-81cd8ddd97b7","value":"true"}
04-13 07:55:57.572 22687 22716 I appium  : channel read: POST /session/232f4979-f46f-400d-aa7e-81cd8ddd97b7/element
04-13 07:55:57.572 22687 22716 I appium  : FindElement command
04-13 07:55:57.573 22687 22716 I appium  : method: 'id', selector: 'ru.otus.wishlist:id/wishlists'
04-13 07:55:57.574 22687 22716 I appium  : Waiting up to 10000ms for the device to idle
04-13 07:55:57.588 22687 22716 I appium  : AppiumResponse: {"sessionId":"232f4979-f46f-400d-aa7e-81cd8ddd97b7","value":{"ELEMENT":"00000000-0000-0c93-ffff-ffff0000005e","element-6066-11e4-a52e-4f735466cecf":"00000000-0000-0c93-ffff-ffff0000005e"}}
04-13 07:55:57.595 22687 22716 I appium  : channel read: POST /session/232f4979-f46f-400d-aa7e-81cd8ddd97b7/element
04-13 07:55:57.596 22687 22716 I appium  : FindElement command
04-13 07:55:57.597 22687 22716 I appium  : method: 'id', selector: 'ru.otus.wishlist:id/wishlist_item', contextId: '00000000-0000-0c93-ffff-ffff0000005e'
04-13 07:55:57.599 22687 22716 D UiObject2: Retrieving node with selector: BySelector [RES='\Qru.otus.wishlist:id/wishlist_item\E'].
04-13 07:55:57.602 22687 22716 I appium  : AppiumResponse: {"sessionId":"232f4979-f46f-400d-aa7e-81cd8ddd97b7","value":{"ELEMENT":"00000000-0000-0c93-ffff-ffff00000066","element-6066-11e4-a52e-4f735466cecf":"00000000-0000-0c93-ffff-ffff00000066"}}
04-13 07:55:57.609 22687 22716 I appium  : channel read: POST /session/232f4979-f46f-400d-aa7e-81cd8ddd97b7/element
04-13 07:55:57.610 22687 22716 I appium  : FindElement command
04-13 07:55:57.611 22687 22716 I appium  : method: 'id', selector: 'ru.otus.wishlist:id/title', contextId: '00000000-0000-0c93-ffff-ffff00000066'
04-13 07:55:57.612 22687 22716 D UiObject2: Retrieving node with selector: BySelector [RES='\Qru.otus.wishlist:id/title\E'].
04-13 07:55:57.615 22687 22716 I appium  : AppiumResponse: {"sessionId":"232f4979-f46f-400d-aa7e-81cd8ddd97b7","value":{"ELEMENT":"00000000-0000-0c93-ffff-ffff00000067","element-6066-11e4-a52e-4f735466cecf":"00000000-0000-0c93-ffff-ffff00000067"}}
04-13 07:55:57.621 22687 22716 I appium  : channel read: GET /session/232f4979-f46f-400d-aa7e-81cd8ddd97b7/element/00000000-0000-0c93-ffff-ffff00000067/attribute/displayed
04-13 07:55:57.622 22687 22716 I appium  : GetElementAttribute command
04-13 07:55:57.625 22687 22716 I appium  : AppiumResponse: {"sessionId":"232f4979-f46f-400d-aa7e-81cd8ddd97b7","value":"true"}
04-13 07:55:57.632 22687 22716 I appium  : channel read: POST /session/232f4979-f46f-400d-aa7e-81cd8ddd97b7/element
04-13 07:55:57.632 22687 22716 I appium  : FindElement command
04-13 07:55:57.633 22687 22716 I appium  : method: 'id', selector: 'ru.otus.wishlist:id/wishlists'
04-13 07:55:57.633 22687 22716 I appium  : Waiting up to 10000ms for the device to idle
04-13 07:55:57.645 22687 22716 I appium  : AppiumResponse: {"sessionId":"232f4979-f46f-400d-aa7e-81cd8ddd97b7","value":{"ELEMENT":"00000000-0000-0c93-ffff-ffff0000005e","element-6066-11e4-a52e-4f735466cecf":"00000000-0000-0c93-ffff-ffff0000005e"}}
04-13 07:55:57.653 22687 22716 I appium  : channel read: POST /session/232f4979-f46f-400d-aa7e-81cd8ddd97b7/element
04-13 07:55:57.653 22687 22716 I appium  : FindElement command
04-13 07:55:57.655 22687 22716 I appium  : method: 'id', selector: 'ru.otus.wishlist:id/wishlist_item', contextId: '00000000-0000-0c93-ffff-ffff0000005e'
04-13 07:55:57.657 22687 22716 D UiObject2: Retrieving node with selector: BySelector [RES='\Qru.otus.wishlist:id/wishlist_item\E'].
04-13 07:55:57.665 22687 22716 I appium  : AppiumResponse: {"sessionId":"232f4979-f46f-400d-aa7e-81cd8ddd97b7","value":{"ELEMENT":"00000000-0000-0c93-ffff-ffff00000066","element-6066-11e4-a52e-4f735466cecf":"00000000-0000-0c93-ffff-ffff00000066"}}
04-13 07:55:57.673 22687 22716 I appium  : channel read: POST /session/232f4979-f46f-400d-aa7e-81cd8ddd97b7/element
04-13 07:55:57.673 22687 22716 I appium  : FindElement command
04-13 07:55:57.674 22687 22716 I appium  : method: 'id', selector: 'ru.otus.wishlist:id/title', contextId: '00000000-0000-0c93-ffff-ffff00000066'
04-13 07:55:57.676 22687 22716 D UiObject2: Retrieving node with selector: BySelector [RES='\Qru.otus.wishlist:id/title\E'].
04-13 07:55:57.679 22687 22716 I appium  : AppiumResponse: {"sessionId":"232f4979-f46f-400d-aa7e-81cd8ddd97b7","value":{"ELEMENT":"00000000-0000-0c93-ffff-ffff00000067","element-6066-11e4-a52e-4f735466cecf":"00000000-0000-0c93-ffff-ffff00000067"}}
04-13 07:55:57.684 22687 22716 I appium  : channel read: GET /session/232f4979-f46f-400d-aa7e-81cd8ddd97b7/element/00000000-0000-0c93-ffff-ffff00000067/attribute/displayed
04-13 07:55:57.685 22687 22716 I appium  : GetElementAttribute command
04-13 07:55:57.688 22687 22716 I appium  : AppiumResponse: {"sessionId":"232f4979-f46f-400d-aa7e-81cd8ddd97b7","value":"true"}
04-13 07:55:57.695 22687 22716 I appium  : channel read: POST /session/232f4979-f46f-400d-aa7e-81cd8ddd97b7/element/00000000-0000-0c93-ffff-ffff00000067/click
04-13 07:55:57.695 22687 22716 I appium  : Click command
04-13 07:55:57.749 22728 22736 I u.otus.wishlis: JIT allocated 77KB for compiled code of void android.view.View.<init>(android.content.Context, android.util.AttributeSet, int, int)
04-13 07:55:57.758 22687 22716 W GestureController: Gestures took longer than expected (60ms >> 16ms), device might be in a busy state.
04-13 07:55:57.759 22687 22716 I appium  : Waiting up to 10000ms for the device to idle
04-13 07:55:57.760 22687 22716 I appium  : AppiumResponse: {"sessionId":"232f4979-f46f-400d-aa7e-81cd8ddd97b7","value":null}
04-13 07:55:57.768 22687 22716 I appium  : channel read: POST /session/232f4979-f46f-400d-aa7e-81cd8ddd97b7/element
04-13 07:55:57.768 22687 22716 I appium  : FindElement command
04-13 07:55:57.769 22687 22716 I appium  : method: 'id', selector: 'ru.otus.wishlist:id/add_button'
04-13 07:55:57.770 22687 22716 I appium  : Waiting up to 10000ms for the device to idle
04-13 07:55:57.800 22728 22768 D ProfileInstaller: Installing profile for ru.otus.wishlist
04-13 07:55:57.864 12660 12660 W WindowManager: removeWindowToken: Attempted to remove non-existing token: android.os.Binder@d56196b
04-13 07:55:57.955 12814 12814 I wpa_supplicant: wlan0: CTRL-EVENT-BEACON-LOSS 
04-13 07:55:58.355 22687 22716 I appium  : AppiumResponse: {"sessionId":"232f4979-f46f-400d-aa7e-81cd8ddd97b7","value":{"ELEMENT":"00000000-0000-0c93-ffff-ffff0000007f","element-6066-11e4-a52e-4f735466cecf":"00000000-0000-0c93-ffff-ffff0000007f"}}
04-13 07:55:58.363 22687 22716 I appium  : channel read: GET /session/232f4979-f46f-400d-aa7e-81cd8ddd97b7/element/00000000-0000-0c93-ffff-ffff0000007f/attribute/displayed
04-13 07:55:58.363 22687 22716 I appium  : GetElementAttribute command
04-13 07:55:58.368 22687 22716 I appium  : AppiumResponse: {"sessionId":"232f4979-f46f-400d-aa7e-81cd8ddd97b7","value":"true"}
04-13 07:55:58.376 22687 22716 I appium  : channel read: POST /session/232f4979-f46f-400d-aa7e-81cd8ddd97b7/element
04-13 07:55:58.377 22687 22716 I appium  : FindElement command
04-13 07:55:58.379 22687 22716 I appium  : method: 'id', selector: 'ru.otus.wishlist:id/add_button'
04-13 07:55:58.379 22687 22716 I appium  : Waiting up to 10000ms for the device to idle
04-13 07:55:58.389 22687 22716 I appium  : AppiumResponse: {"sessionId":"232f4979-f46f-400d-aa7e-81cd8ddd97b7","value":{"ELEMENT":"00000000-0000-0c93-ffff-ffff0000007f","element-6066-11e4-a52e-4f735466cecf":"00000000-0000-0c93-ffff-ffff0000007f"}}
04-13 07:55:58.395 22687 22716 I appium  : channel read: GET /session/232f4979-f46f-400d-aa7e-81cd8ddd97b7/element/00000000-0000-0c93-ffff-ffff0000007f/attribute/displayed
04-13 07:55:58.395 22687 22716 I appium  : GetElementAttribute command
04-13 07:55:58.399 22687 22716 I appium  : AppiumResponse: {"sessionId":"232f4979-f46f-400d-aa7e-81cd8ddd97b7","value":"true"}
04-13 07:55:58.405 22687 22716 I appium  : channel read: POST /session/232f4979-f46f-400d-aa7e-81cd8ddd97b7/element/00000000-0000-0c93-ffff-ffff0000007f/click
04-13 07:55:58.406 22687 22716 I appium  : Click command
04-13 07:55:58.439 22728 22747 D EGL_emulation: app_time_stats: avg=86.20ms min=1.58ms max=752.29ms count=16
04-13 07:55:58.441 22687 22716 W GestureController: Gestures took longer than expected (32ms >> 16ms), device might be in a busy state.
04-13 07:55:58.442 22687 22716 I appium  : Waiting up to 10000ms for the device to idle
04-13 07:55:58.443 22687 22716 I appium  : AppiumResponse: {"sessionId":"232f4979-f46f-400d-aa7e-81cd8ddd97b7","value":null}
04-13 07:55:58.455 22687 22716 I appium  : channel read: POST /session/232f4979-f46f-400d-aa7e-81cd8ddd97b7/element
04-13 07:55:58.456 22687 22716 I appium  : FindElement command
04-13 07:55:58.458 22687 22716 I appium  : method: 'id', selector: 'ru.otus.wishlist:id/gift_edit_title'
04-13 07:55:58.458 22687 22716 I appium  : Waiting up to 10000ms for the device to idle
04-13 07:55:58.539   371   371 D goldfish-address-space: claimShared: Ask to claim region [0x3f4fc3000 0x3f5bd2000]
04-13 07:55:58.562 12833 12920 D EGL_emulation: app_time_stats: avg=147.08ms min=2.21ms max=4611.16ms count=32
04-13 07:55:58.569   371   371 D goldfish-address-space: claimShared: Ask to claim region [0x3f5bd2000 0x3f67e1000]
04-13 07:55:58.602   371   410 D goldfish-address-space: claimShared: Ask to claim region [0x3f67e1000 0x3f73f0000]
04-13 07:55:58.660 22687 22716 W ByMatcher: Node returned null child: android.view.accessibility.AccessibilityNodeInfo@80007951; boundsInParent: Rect(0, 0 - 1080, 2340); boundsInScreen: Rect(0, 0 - 1080, 2340); packageName: ru.otus.wishlist; className: android.widget.FrameLayout; text: null; error: null; maxTextLength: -1; stateDescription: null; contentDescription: null; tooltipText: null; viewIdResName: null; checkable: false; checked: false; focusable: false; focused: false; selected: false; clickable: false; longClickable: false; contextClickable: false; enabled: true; password: false; scrollable: false; importantForAccessibility: true; visible: true; actions: [AccessibilityAction: ACTION_SELECT - null, AccessibilityAction: ACTION_CLEAR_SELECTION - null, AccessibilityAction: ACTION_ACCESSIBILITY_FOCUS - null, AccessibilityAction: ACTION_SHOW_ON_SCREEN - null]
04-13 07:55:58.661 22687 22716 W ByMatcher: Skipping null child (0 of 2)
04-13 07:55:58.662 22687 22716 W ByMatcher: Skipping null child (1 of 2)
04-13 07:55:58.664 22687 22716 W ByMatcher: Node returned null child: android.view.accessibility.AccessibilityNodeInfo@156cc; boundsInParent: Rect(0, 0 - 88, 88); boundsInScreen: Rect(135, 2010 - 223, 2098); packageName: ru.otus.wishlist; className: android.widget.LinearLayout; text: null; error: null; maxTextLength: -1; stateDescription: null; contentDescription: null; tooltipText: null; viewIdResName: ru.otus.wishlist:id/navigation_bar_item_inner_content_container; checkable: false; checked: false; focusable: false; focused: false; selected: true; clickable: false; longClickable: false; contextClickable: false; enabled: true; password: false; scrollable: false; importantForAccessibility: false; visible: true; actions: [AccessibilityAction: ACTION_SELECT - null, AccessibilityAction: ACTION_CLEAR_SELECTION - null, AccessibilityAction: ACTION_ACCESSIBILITY_FOCUS - null, AccessibilityAction: ACTION_SHOW_ON_SCREEN - null]
04-13 07:55:58.667 22687 22716 W ByMatcher: Skipping null child (0 of 1)
04-13 07:55:58.667 22687 22716 W ByMatcher: Node returned null child: android.view.accessibility.AccessibilityNodeInfo@15e4e; boundsInParent: Rect(0, 0 - 253, 99); boundsInScreen: Rect(53, 2109 - 306, 2208); packageName: ru.otus.wishlist; className: android.view.ViewGroup; text: null; error: null; maxTextLength: -1; stateDescription: null; contentDescription: null; tooltipText: null; viewIdResName: ru.otus.wishlist:id/navigation_bar_item_labels_group; checkable: false; checked: false; focusable: false; focused: false; selected: true; clickable: false; longClickable: false; contextClickable: false; enabled: true; password: false; scrollable: false; importantForAccessibility: false; visible: true; actions: [AccessibilityAction: ACTION_SELECT - null, AccessibilityAction: ACTION_CLEAR_SELECTION - null, AccessibilityAction: ACTION_ACCESSIBILITY_FOCUS - null, AccessibilityAction: ACTION_SHOW_ON_SCREEN - null]
04-13 07:55:58.667 22687 22716 W ByMatcher: Skipping null child (0 of 1)
04-13 07:55:58.670 22687 22716 I appium  : AppiumResponse: {"sessionId":"232f4979-f46f-400d-aa7e-81cd8ddd97b7","value":{"error":"no such element","message":"An element could not be located on the page using the given search parameters","stacktrace":"io.appium.uiautomator2.common.exceptions.ElementNotFoundException: An element could not be located on the page using the given search parameters\n\tat io.appium.uiautomator2.handler.FindElement.safeHandle(FindElement.java:63)\n\tat io.appium.uiautomator2.handler.request.SafeRequestHandler.handle(SafeRequestHandler.java:59)\n\tat io.appium.uiautomator2.server.AppiumServlet.handleRequest(AppiumServlet.java:267)\n\tat io.appium.uiautomator2.server.AppiumServlet.handleHttpRequest(AppiumServlet.java:261)\n\tat io.appium.uiautomator2.http.ServerHandler.channelRead(ServerHandler.java:77)\n\tat io.netty.channel.AbstractChannelHandlerContext.fireChannelRead(AbstractChannelHandlerContext.java:356)\n\tat io.netty.handler.codec.MessageToMessageDecoder.channelRead(MessageToMessageDecoder.java:107)\n\tat io.netty.channel.AbstractChannelHandlerContext.fireChannelRead(AbstractChannelHandlerContext.java:356)\n\tat io.netty.channel.CombinedChannelDuplexHandler$DelegatingChannelHandlerContext.fireChannelRead(CombinedChannelDuplexHandler.java:434)\n\tat io.netty.handler.codec.ByteToMessageDecoder.fireChannelRead(ByteToMessageDecoder.java:361)\n\tat io.netty.handler.codec.ByteToMessageDecoder.channelRead(ByteToMessageDecoder.java:325)\n\tat io.netty.channel.CombinedChannelDuplexHandler.channelRead(CombinedChannelDuplexHandler.java:249)\n\tat io.netty.channel.AbstractChannelHandlerContext.fireChannelRead(AbstractChannelHandlerContext.java:354)\n\tat io.netty.handler.timeout.IdleStateHandler.channelRead(IdleStateHandler.java:293)\n\tat io.netty.channel.AbstractChannelHandlerContext.fireChannelRead(AbstractChannelHandlerContext.java:354)\n\tat io.netty.channel.DefaultChannelPipeline$HeadContext.channelRead(DefaultChannelPipeline.java:1429)\n\tat io.netty.channel.DefaultChannelPipeline.fireChannelRead(DefaultChannelPipeline.java:918)\n\tat io.netty.channel.nio.AbstractNioByteChannel$NioByteUnsafe.read(AbstractNioByteChannel.java:172)\n\tat io.netty.channel.nio.AbstractNioChannel$AbstractNioUnsafe.handle(AbstractNioChannel.java:445)\n\tat io.netty.channel.nio.NioIoHandler$DefaultNioRegistration.handle(NioIoHandler.java:388)\n\tat io.netty.channel.nio.NioIoHandler.processSelectedKey(NioIoHandler.java:596)\n\tat io.netty.channel.nio.NioIoHandler.processSelectedKeysOptimized(NioIoHandler.java:571)\n\tat io.netty.channel.nio.NioIoHandler.processSelectedKeys(NioIoHandler.java:512)\n\tat io.netty.channel.nio.NioIoHandler.run(NioIoHandler.java:484)\n\tat io.netty.channel.SingleThreadIoEventLoop.runIo(SingleThreadIoEventLoop.java:225)\n\tat io.netty.channel.SingleThreadIoEventLoop.run(SingleThreadIoEventLoop.java:196)\n\tat io.netty.util.concurrent.SingleThreadEventExecutor$5.run(SingleThreadEventExecutor.java:1195)\n\tat io.netty.util.internal.ThreadExecutorMap$2.run(ThreadExecutorMap.java:74)\n\tat io.netty.util.concurrent.FastThreadLocalRunnable.run(FastThreadLocalRunnable.java:30)\n\tat java.lang.Thread.run(Thread.java:920)\n"}}
04-13 07:55:58.719 13314 13314 I GoogleInputMethodService: GoogleInputMethodService.onFinishInput():3420 
04-13 07:55:58.720 13314 13314 W KeyboardViewController: KeyboardViewController.show():477 Requesting to show sub view with id 2131428268(#0x7f0b03ac) when keyboard HEADER view is not ready to show
04-13 07:55:58.720 13314 13314 I GoogleInputMethodService: GoogleInputMethodService.onStartInput():2002 
04-13 07:55:58.721 13314 13314 I DeviceUnlockedTag: DeviceUnlockedTag.notifyDeviceLockStatusChanged():31 Notify device unlocked.
04-13 07:55:58.722 13314 13314 I ShortcutsDataManager: AbstractContentDataManager.startImportContentTask():235 startImportContentTask()
04-13 07:55:58.722 13314 13602 I ShortcutsDataManager: AbstractContentDataManager$ImportContentTask.doInBackground():249 doInBackground()
04-13 07:55:58.722 13314 13602 I PersonalDictionaryDataHandler: PersonalDictionaryDataHandler.beginProcess():111 LanguageTags = [en-US]
04-13 07:55:58.728 13314 13602 I ShortcutsDataManager: AbstractContentDataManager.importRecords():339 importRecords() : Success : Count = 0
04-13 07:55:58.729 13314 13602 I ShortcutsDataManager: AbstractContentDataManager.importContentData():289 importContentData() : Ending import process
04-13 07:55:58.730 13314 15962 I Delight5Decoder: Delight5DecoderWrapper.unloadLanguageModel():820 unloadLanguageModel() : 4, version [n/a]
04-13 07:55:58.742 13314 13602 I PersonalLanguageModelUpdater: PersonalLanguageModelUpdater$UpdateOperation.performInternal():162 run() : Added 0 words and 0 shortcuts
04-13 07:55:58.742 13314 13602 I DynamicLanguageModelOperation: DynamicLanguageModelOperation.perform():38 perform() : 4 : cny : Completed
04-13 07:55:58.743 13314 15962 I Delight5Decoder: Delight5DecoderWrapper.loadLanguageModel():614 loadLanguageModel() : 4, version [n/a]
04-13 07:55:58.743 13314 15962 I Delight5Decoder: Delight5DecoderWrapper.loadLanguageModel():652 Loaded dynamic LM 4.en
04-13 07:55:58.744 13314 13314 I ShortcutsDataManager: AbstractContentDataManager$ImportContentTask.onPostExecute():260 onPostExecute() : Result = [2,0]
04-13 07:55:58.744 13314 13314 I ShortcutsDataManager: ShortcutsDataManager.onImportFinished():83 onImportFinished() : Result = 2 : Count = 0
04-13 07:55:59.184 22687 22716 I appium  : channel read: POST /session/232f4979-f46f-400d-aa7e-81cd8ddd97b7/element
04-13 07:55:59.184 22687 22716 I appium  : FindElement command
04-13 07:55:59.186 22687 22716 I appium  : method: 'id', selector: 'ru.otus.wishlist:id/gift_edit_title'
04-13 07:55:59.187 22687 22716 I appium  : Waiting up to 10000ms for the device to idle
04-13 07:55:59.310 22687 22716 I appium  : AppiumResponse: {"sessionId":"232f4979-f46f-400d-aa7e-81cd8ddd97b7","value":{"ELEMENT":"00000000-0000-0c94-ffff-ffff0000008a","element-6066-11e4-a52e-4f735466cecf":"00000000-0000-0c94-ffff-ffff0000008a"}}
04-13 07:55:59.317 22687 22716 I appium  : channel read: GET /session/232f4979-f46f-400d-aa7e-81cd8ddd97b7/element/00000000-0000-0c94-ffff-ffff0000008a/attribute/displayed
04-13 07:55:59.317 22687 22716 I appium  : GetElementAttribute command
04-13 07:55:59.321 22687 22716 I appium  : AppiumResponse: {"sessionId":"232f4979-f46f-400d-aa7e-81cd8ddd97b7","value":"true"}
04-13 07:55:59.328 22687 22716 I appium  : channel read: POST /session/232f4979-f46f-400d-aa7e-81cd8ddd97b7/element
04-13 07:55:59.329 22687 22716 I appium  : FindElement command
04-13 07:55:59.331 22687 22716 I appium  : method: 'id', selector: 'ru.otus.wishlist:id/gift_edit_title'
04-13 07:55:59.331 22687 22716 I appium  : Waiting up to 10000ms for the device to idle
04-13 07:55:59.336 22687 22716 I appium  : AppiumResponse: {"sessionId":"232f4979-f46f-400d-aa7e-81cd8ddd97b7","value":{"ELEMENT":"00000000-0000-0c94-ffff-ffff0000008a","element-6066-11e4-a52e-4f735466cecf":"00000000-0000-0c94-ffff-ffff0000008a"}}
04-13 07:55:59.342 22687 22716 I appium  : channel read: GET /session/232f4979-f46f-400d-aa7e-81cd8ddd97b7/element/00000000-0000-0c94-ffff-ffff0000008a/name
04-13 07:55:59.342 22687 22716 I appium  : GetName command
04-13 07:55:59.345 22687 22716 I appium  : AppiumResponse: {"sessionId":"232f4979-f46f-400d-aa7e-81cd8ddd97b7","value":null}
04-13 07:55:59.351 22687 22716 I appium  : channel read: GET /session/232f4979-f46f-400d-aa7e-81cd8ddd97b7/element/00000000-0000-0c94-ffff-ffff0000008a/text
04-13 07:55:59.352 22687 22716 I appium  : GetText command
04-13 07:55:59.355 22687 22716 I appium  : AppiumResponse: {"sessionId":"232f4979-f46f-400d-aa7e-81cd8ddd97b7","value":"Новый подарок"}
04-13 07:55:59.361 22687 22716 I appium  : channel read: POST /session/232f4979-f46f-400d-aa7e-81cd8ddd97b7/element
04-13 07:55:59.362 22687 22716 I appium  : FindElement command
04-13 07:55:59.363 22687 22716 I appium  : method: 'id', selector: 'ru.otus.wishlist:id/name_input'
04-13 07:55:59.363 22687 22716 I appium  : Waiting up to 10000ms for the device to idle
04-13 07:55:59.370 22687 22716 I appium  : AppiumResponse: {"sessionId":"232f4979-f46f-400d-aa7e-81cd8ddd97b7","value":{"ELEMENT":"00000000-0000-0c94-ffff-ffff0000008d","element-6066-11e4-a52e-4f735466cecf":"00000000-0000-0c94-ffff-ffff0000008d"}}
04-13 07:55:59.376 22687 22716 I appium  : channel read: GET /session/232f4979-f46f-400d-aa7e-81cd8ddd97b7/element/00000000-0000-0c94-ffff-ffff0000008d/attribute/displayed
04-13 07:55:59.376 22687 22716 I appium  : GetElementAttribute command
04-13 07:55:59.380 22687 22716 I appium  : AppiumResponse: {"sessionId":"232f4979-f46f-400d-aa7e-81cd8ddd97b7","value":"true"}
04-13 07:55:59.387 22687 22716 I appium  : channel read: POST /session/232f4979-f46f-400d-aa7e-81cd8ddd97b7/element
04-13 07:55:59.387 22687 22716 I appium  : FindElement command
04-13 07:55:59.388 22687 22716 I appium  : method: 'id', selector: 'ru.otus.wishlist:id/name_input'
04-13 07:55:59.388 22687 22716 I appium  : Waiting up to 10000ms for the device to idle
04-13 07:55:59.394 22687 22716 I appium  : AppiumResponse: {"sessionId":"232f4979-f46f-400d-aa7e-81cd8ddd97b7","value":{"ELEMENT":"00000000-0000-0c94-ffff-ffff0000008d","element-6066-11e4-a52e-4f735466cecf":"00000000-0000-0c94-ffff-ffff0000008d"}}
04-13 07:55:59.400 22687 22716 I appium  : channel read: GET /session/232f4979-f46f-400d-aa7e-81cd8ddd97b7/element/00000000-0000-0c94-ffff-ffff0000008d/attribute/displayed
04-13 07:55:59.401 22687 22716 I appium  : GetElementAttribute command
04-13 07:55:59.405 22687 22716 I appium  : AppiumResponse: {"sessionId":"232f4979-f46f-400d-aa7e-81cd8ddd97b7","value":"true"}
04-13 07:55:59.411 22687 22716 I appium  : channel read: POST /session/232f4979-f46f-400d-aa7e-81cd8ddd97b7/element/00000000-0000-0c94-ffff-ffff0000008d/clear
04-13 07:55:59.412 22687 22716 I appium  : Clear command
04-13 07:55:59.415 22687 22716 D UiObject2: Setting text to ''.
04-13 07:55:59.418 22687 22716 I appium  : AppiumResponse: {"sessionId":"232f4979-f46f-400d-aa7e-81cd8ddd97b7","value":null}
04-13 07:55:59.425 22687 22716 I appium  : channel read: POST /session/232f4979-f46f-400d-aa7e-81cd8ddd97b7/element
04-13 07:55:59.426 22687 22716 I appium  : FindElement command
04-13 07:55:59.427 22687 22716 I appium  : method: 'id', selector: 'ru.otus.wishlist:id/name_input'
04-13 07:55:59.427 22687 22716 I appium  : Waiting up to 10000ms for the device to idle
04-13 07:55:59.439 22687 22716 I appium  : AppiumResponse: {"sessionId":"232f4979-f46f-400d-aa7e-81cd8ddd97b7","value":{"ELEMENT":"00000000-0000-0c94-ffff-ffff0000008d","element-6066-11e4-a52e-4f735466cecf":"00000000-0000-0c94-ffff-ffff0000008d"}}
04-13 07:55:59.446 22687 22716 I appium  : channel read: POST /session/232f4979-f46f-400d-aa7e-81cd8ddd97b7/element/00000000-0000-0c94-ffff-ffff0000008d/value
04-13 07:55:59.446 22687 22716 I appium  : SendKeysToElement command
04-13 07:55:59.926 22687 22716 D UiObject2: Setting text to ''.
04-13 07:55:59.935 22728 22747 D EGL_emulation: app_time_stats: avg=128.52ms min=16.16ms max=578.90ms count=10
04-13 07:56:00.029 12833 12920 D EGL_emulation: app_time_stats: avg=1103.33ms min=2.89ms max=9861.00ms count=9
04-13 07:56:00.616 22687 22716 I appium  : AppiumResponse: {"sessionId":"232f4979-f46f-400d-aa7e-81cd8ddd97b7","value":null}
04-13 07:56:00.618 12660 12984 W ProcessStats: Tracking association SourceState{6713a1b system/1000 BTopFgs #34228} whose proc state 2 is better than process ProcessState{9cc27b8 com.google.android.gms.persistent/10101 pkg=com.google.android.gms} proc state 3 (104 skipped)
04-13 07:56:00.619 13314 13314 I ShortcutsDataManager: ShortcutsDataManager.onContentChanged():73 onContentChanged()
04-13 07:56:00.625 22687 22716 I appium  : channel read: POST /session/232f4979-f46f-400d-aa7e-81cd8ddd97b7/element
04-13 07:56:00.626 22687 22716 I appium  : FindElement command
04-13 07:56:00.627 22687 22716 I appium  : method: 'id', selector: 'ru.otus.wishlist:id/price_input'
04-13 07:56:00.627 22687 22716 I appium  : Waiting up to 10000ms for the device to idle
04-13 07:56:00.938 22728 22747 D EGL_emulation: app_time_stats: avg=52.70ms min=12.53ms max=684.01ms count=19
04-13 07:56:00.960   211 22634 I keystore2: keystore2::watchdog: Watchdog thread idle -> terminating. Have a great day.
04-13 07:56:01.125 22687 22716 I appium  : AppiumResponse: {"sessionId":"232f4979-f46f-400d-aa7e-81cd8ddd97b7","value":{"ELEMENT":"00000000-0000-0c94-ffff-ffff00000098","element-6066-11e4-a52e-4f735466cecf":"00000000-0000-0c94-ffff-ffff00000098"}}
04-13 07:56:01.135 22687 22716 I appium  : channel read: GET /session/232f4979-f46f-400d-aa7e-81cd8ddd97b7/element/00000000-0000-0c94-ffff-ffff00000098/attribute/displayed
04-13 07:56:01.135 22687 22716 I appium  : GetElementAttribute command
04-13 07:56:01.140 22687 22716 I appium  : AppiumResponse: {"sessionId":"232f4979-f46f-400d-aa7e-81cd8ddd97b7","value":"true"}
04-13 07:56:01.149 22687 22716 I appium  : channel read: POST /session/232f4979-f46f-400d-aa7e-81cd8ddd97b7/element
04-13 07:56:01.149 22687 22716 I appium  : FindElement command
04-13 07:56:01.150 22687 22716 I appium  : method: 'id', selector: 'ru.otus.wishlist:id/price_input'
04-13 07:56:01.151 22687 22716 I appium  : Waiting up to 10000ms for the device to idle
04-13 07:56:01.158 22687 22716 I appium  : AppiumResponse: {"sessionId":"232f4979-f46f-400d-aa7e-81cd8ddd97b7","value":{"ELEMENT":"00000000-0000-0c94-ffff-ffff00000098","element-6066-11e4-a52e-4f735466cecf":"00000000-0000-0c94-ffff-ffff00000098"}}
04-13 07:56:01.165 22687 22716 I appium  : channel read: GET /session/232f4979-f46f-400d-aa7e-81cd8ddd97b7/element/00000000-0000-0c94-ffff-ffff00000098/attribute/displayed
04-13 07:56:01.165 22687 22716 I appium  : GetElementAttribute command
04-13 07:56:01.168 22687 22716 I appium  : AppiumResponse: {"sessionId":"232f4979-f46f-400d-aa7e-81cd8ddd97b7","value":"true"}
04-13 07:56:01.175 22687 22716 I appium  : channel read: POST /session/232f4979-f46f-400d-aa7e-81cd8ddd97b7/element/00000000-0000-0c94-ffff-ffff00000098/clear
04-13 07:56:01.176 22687 22716 I appium  : Clear command
04-13 07:56:01.179 22687 22716 D UiObject2: Setting text to ''.
04-13 07:56:01.181 22687 22716 I appium  : AppiumResponse: {"sessionId":"232f4979-f46f-400d-aa7e-81cd8ddd97b7","value":null}
04-13 07:56:01.188 22687 22716 I appium  : channel read: POST /session/232f4979-f46f-400d-aa7e-81cd8ddd97b7/element
04-13 07:56:01.188 22687 22716 I appium  : FindElement command
04-13 07:56:01.188 22687 22716 I appium  : method: 'id', selector: 'ru.otus.wishlist:id/price_input'
04-13 07:56:01.189 22687 22716 I appium  : Waiting up to 10000ms for the device to idle
04-13 07:56:01.205 22687 22716 I appium  : AppiumResponse: {"sessionId":"232f4979-f46f-400d-aa7e-81cd8ddd97b7","value":{"ELEMENT":"00000000-0000-0c94-ffff-ffff00000098","element-6066-11e4-a52e-4f735466cecf":"00000000-0000-0c94-ffff-ffff00000098"}}
04-13 07:56:01.212 22687 22716 I appium  : channel read: POST /session/232f4979-f46f-400d-aa7e-81cd8ddd97b7/element/00000000-0000-0c94-ffff-ffff00000098/value
04-13 07:56:01.213 22687 22716 I appium  : SendKeysToElement command
04-13 07:56:01.686 22687 22716 D UiObject2: Setting text to ''.
04-13 07:56:01.701 12660 12660 W WindowManager: removeWindowToken: Attempted to remove non-existing token: android.os.Binder@e979c96
04-13 07:56:02.198 22687 22716 I appium  : AppiumResponse: {"sessionId":"232f4979-f46f-400d-aa7e-81cd8ddd97b7","value":null}
04-13 07:56:02.203 22728 22747 D EGL_emulation: app_time_stats: avg=140.41ms min=12.46ms max=501.84ms count=9
04-13 07:56:02.207 22687 22716 I appium  : channel read: POST /session/232f4979-f46f-400d-aa7e-81cd8ddd97b7/element
04-13 07:56:02.208 22687 22716 I appium  : FindElement command
04-13 07:56:02.209 22687 22716 I appium  : method: 'id', selector: 'ru.otus.wishlist:id/description_input'
04-13 07:56:02.209 22687 22716 I appium  : Waiting up to 10000ms for the device to idle
04-13 07:56:02.706 22687 22716 I appium  : AppiumResponse: {"sessionId":"232f4979-f46f-400d-aa7e-81cd8ddd97b7","value":{"ELEMENT":"00000000-0000-0c94-ffff-ffff000000a3","element-6066-11e4-a52e-4f735466cecf":"00000000-0000-0c94-ffff-ffff000000a3"}}
04-13 07:56:02.714 22687 22716 I appium  : channel read: GET /session/232f4979-f46f-400d-aa7e-81cd8ddd97b7/element/00000000-0000-0c94-ffff-ffff000000a3/attribute/displayed
04-13 07:56:02.714 22687 22716 I appium  : GetElementAttribute command
04-13 07:56:02.718 22687 22716 I appium  : AppiumResponse: {"sessionId":"232f4979-f46f-400d-aa7e-81cd8ddd97b7","value":"true"}
04-13 07:56:02.724 22687 22716 I appium  : channel read: POST /session/232f4979-f46f-400d-aa7e-81cd8ddd97b7/element
04-13 07:56:02.724 22687 22716 I appium  : FindElement command
04-13 07:56:02.725 22687 22716 I appium  : method: 'id', selector: 'ru.otus.wishlist:id/description_input'
04-13 07:56:02.725 22687 22716 I appium  : Waiting up to 10000ms for the device to idle
04-13 07:56:02.731 22687 22716 I appium  : AppiumResponse: {"sessionId":"232f4979-f46f-400d-aa7e-81cd8ddd97b7","value":{"ELEMENT":"00000000-0000-0c94-ffff-ffff000000a3","element-6066-11e4-a52e-4f735466cecf":"00000000-0000-0c94-ffff-ffff000000a3"}}
04-13 07:56:02.736 22687 22716 I appium  : channel read: GET /session/232f4979-f46f-400d-aa7e-81cd8ddd97b7/element/00000000-0000-0c94-ffff-ffff000000a3/attribute/displayed
04-13 07:56:02.737 22687 22716 I appium  : GetElementAttribute command
04-13 07:56:02.740 22687 22716 I appium  : AppiumResponse: {"sessionId":"232f4979-f46f-400d-aa7e-81cd8ddd97b7","value":"true"}
04-13 07:56:02.746 22687 22716 I appium  : channel read: POST /session/232f4979-f46f-400d-aa7e-81cd8ddd97b7/element/00000000-0000-0c94-ffff-ffff000000a3/clear
04-13 07:56:02.747 22687 22716 I appium  : Clear command
04-13 07:56:02.751 22687 22716 D UiObject2: Setting text to ''.
04-13 07:56:02.754 22687 22716 I appium  : AppiumResponse: {"sessionId":"232f4979-f46f-400d-aa7e-81cd8ddd97b7","value":null}
04-13 07:56:02.760 22687 22716 I appium  : channel read: POST /session/232f4979-f46f-400d-aa7e-81cd8ddd97b7/element
04-13 07:56:02.760 22687 22716 I appium  : FindElement command
04-13 07:56:02.761 22687 22716 I appium  : method: 'id', selector: 'ru.otus.wishlist:id/description_input'
04-13 07:56:02.761 22687 22716 I appium  : Waiting up to 10000ms for the device to idle
04-13 07:56:02.771 22687 22716 I appium  : AppiumResponse: {"sessionId":"232f4979-f46f-400d-aa7e-81cd8ddd97b7","value":{"ELEMENT":"00000000-0000-0c94-ffff-ffff000000a3","element-6066-11e4-a52e-4f735466cecf":"00000000-0000-0c94-ffff-ffff000000a3"}}
04-13 07:56:02.778 22687 22716 I appium  : channel read: POST /session/232f4979-f46f-400d-aa7e-81cd8ddd97b7/element/00000000-0000-0c94-ffff-ffff000000a3/value
04-13 07:56:02.779 22687 22716 I appium  : SendKeysToElement command
04-13 07:56:03.260 22687 22716 D UiObject2: Setting text to ''.
04-13 07:56:03.268 22728 22747 D EGL_emulation: app_time_stats: avg=40.86ms min=9.20ms max=501.44ms count=26
04-13 07:56:03.773 22687 22716 I appium  : AppiumResponse: {"sessionId":"232f4979-f46f-400d-aa7e-81cd8ddd97b7","value":null}
04-13 07:56:03.783 22687 22716 I appium  : channel read: POST /session/232f4979-f46f-400d-aa7e-81cd8ddd97b7/element
04-13 07:56:03.784 22687 22716 I appium  : FindElement command
04-13 07:56:03.784 22687 22716 I appium  : method: 'id', selector: 'ru.otus.wishlist:id/save_button'
04-13 07:56:03.785 22687 22716 I appium  : Waiting up to 10000ms for the device to idle
04-13 07:56:03.794 22687 22716 I appium  : AppiumResponse: {"sessionId":"232f4979-f46f-400d-aa7e-81cd8ddd97b7","value":{"ELEMENT":"00000000-0000-0c94-ffff-ffff000000ac","element-6066-11e4-a52e-4f735466cecf":"00000000-0000-0c94-ffff-ffff000000ac"}}
04-13 07:56:03.804 22687 22716 I appium  : channel read: GET /session/232f4979-f46f-400d-aa7e-81cd8ddd97b7/element/00000000-0000-0c94-ffff-ffff000000ac/attribute/displayed
04-13 07:56:03.806 22687 22716 I appium  : GetElementAttribute command
04-13 07:56:04.279 22687 22716 I appium  : AppiumResponse: {"sessionId":"232f4979-f46f-400d-aa7e-81cd8ddd97b7","value":"true"}
04-13 07:56:04.287 22687 22716 I appium  : channel read: POST /session/232f4979-f46f-400d-aa7e-81cd8ddd97b7/element
04-13 07:56:04.288 22687 22716 I appium  : FindElement command
04-13 07:56:04.290 22687 22716 I appium  : method: 'id', selector: 'ru.otus.wishlist:id/save_button'
04-13 07:56:04.290 22687 22716 I appium  : Waiting up to 10000ms for the device to idle
04-13 07:56:04.297 22687 22716 I appium  : AppiumResponse: {"sessionId":"232f4979-f46f-400d-aa7e-81cd8ddd97b7","value":{"ELEMENT":"00000000-0000-0c94-ffff-ffff000000ac","element-6066-11e4-a52e-4f735466cecf":"00000000-0000-0c94-ffff-ffff000000ac"}}
04-13 07:56:04.304 22687 22716 I appium  : channel read: GET /session/232f4979-f46f-400d-aa7e-81cd8ddd97b7/element/00000000-0000-0c94-ffff-ffff000000ac/attribute/displayed
04-13 07:56:04.305 22687 22716 I appium  : GetElementAttribute command
04-13 07:56:04.309 22687 22716 I appium  : AppiumResponse: {"sessionId":"232f4979-f46f-400d-aa7e-81cd8ddd97b7","value":"true"}
04-13 07:56:04.315 22687 22716 I appium  : channel read: POST /session/232f4979-f46f-400d-aa7e-81cd8ddd97b7/element/00000000-0000-0c94-ffff-ffff000000ac/click
04-13 07:56:04.316 22687 22716 I appium  : Click command
04-13 07:56:04.321 12660 12724 D CompatibilityChangeReporter: Compat change id reported: 158002302; UID 10151; state: ENABLED
04-13 07:56:04.372 22728 22747 D EGL_emulation: app_time_stats: avg=42.40ms min=12.11ms max=519.54ms count=26
04-13 07:56:04.378 22687 22716 W GestureController: Gestures took longer than expected (59ms >> 16ms), device might be in a busy state.
04-13 07:56:04.379 22687 22716 I appium  : Waiting up to 10000ms for the device to idle
04-13 07:56:04.450 22728 22747 D OpenGLRenderer: endAllActiveAnimators on 0x7dab03ecec70 (RippleDrawable) with handle 0x7daa13eabdf0
04-13 07:56:04.450 12660 13533 W InputManager-JNI: Input channel object 'cdd8c35 ru.otus.wishlist/ru.otus.wishlist.MainActivity (client)' was disposed without first being removed with the input manager!
04-13 07:56:04.457 22728 22728 D CompatibilityChangeReporter: Compat change id reported: 147798919; UID 10151; state: ENABLED
04-13 07:56:04.460 12833 12833 W ziparchive: Unable to open '/data/app/~~E7HUVOVE1_qGCqO9F55iMw==/ru.otus.wishlist-KvzObjiROZidZodhEA4kDA==/base.apk': No such file or directory
04-13 07:56:04.460 12833 12833 E ndroid.systemu: Failed to open APK '/data/app/~~E7HUVOVE1_qGCqO9F55iMw==/ru.otus.wishlist-KvzObjiROZidZodhEA4kDA==/base.apk': I/O error
04-13 07:56:04.460 12833 12833 W ResourcesManager: failed to preload asset path '/data/app/~~E7HUVOVE1_qGCqO9F55iMw==/ru.otus.wishlist-KvzObjiROZidZodhEA4kDA==/base.apk'
04-13 07:56:04.460 12833 12833 W ResourcesManager: java.io.IOException: Failed to load asset path /data/app/~~E7HUVOVE1_qGCqO9F55iMw==/ru.otus.wishlist-KvzObjiROZidZodhEA4kDA==/base.apk
04-13 07:56:04.460 12833 12833 W ResourcesManager: 	at android.content.res.ApkAssets.nativeLoad(Native Method)
04-13 07:56:04.460 12833 12833 W ResourcesManager: 	at android.content.res.ApkAssets.<init>(ApkAssets.java:295)
04-13 07:56:04.460 12833 12833 W ResourcesManager: 	at android.content.res.ApkAssets.loadFromPath(ApkAssets.java:144)
04-13 07:56:04.460 12833 12833 W ResourcesManager: 	at android.app.ResourcesManager.loadApkAssets(ResourcesManager.java:454)
04-13 07:56:04.460 12833 12833 W ResourcesManager: 	at android.app.ResourcesManager.access$000(ResourcesManager.java:72)
04-13 07:56:04.460 12833 12833 W ResourcesManager: 	at android.app.ResourcesManager$ApkAssetsSupplier.load(ResourcesManager.java:168)
04-13 07:56:04.460 12833 12833 W ResourcesManager: 	at android.app.ResourcesManager.createApkAssetsSupplierNotLocked(ResourcesManager.java:980)
04-13 07:56:04.460 12833 12833 W ResourcesManager: 	at android.app.ResourcesManager.getResources(ResourcesManager.java:1101)
04-13 07:56:04.460 12833 12833 W ResourcesManager: 	at android.app.ActivityThread.getTopLevelResources(ActivityThread.java:2372)
04-13 07:56:04.460 12833 12833 W ResourcesManager: 	at android.app.ApplicationPackageManager.getResourcesForApplication(ApplicationPackageManager.java:1751)
04-13 07:56:04.460 12833 12833 W ResourcesManager: 	at android.app.ApplicationPackageManager.getResourcesForApplication(ApplicationPackageManager.java:1737)
04-13 07:56:04.460 12833 12833 W ResourcesManager: 	at android.app.ApplicationPackageManager.getDrawable(ApplicationPackageManager.java:1506)
04-13 07:56:04.460 12833 12833 W ResourcesManager: 	at android.app.ApplicationPackageManager.loadUnbadgedItemIcon(ApplicationPackageManager.java:3029)
04-13 07:56:04.460 12833 12833 W ResourcesManager: 	at android.content.pm.PackageItemInfo.loadUnbadgedIcon(PackageItemInfo.java:290)
04-13 07:56:04.460 12833 12833 W ResourcesManager: 	at com.android.systemui.toast.SystemUIToast.getBadgedIcon(SystemUIToast.java:284)
04-13 07:56:04.460 12833 12833 W ResourcesManager: 	at com.android.systemui.toast.SystemUIToast.inflateToastView(SystemUIToast.java:198)
04-13 07:56:04.460 12833 12833 W ResourcesManager: 	at com.android.systemui.toast.SystemUIToast.<init>(SystemUIToast.java:90)
04-13 07:56:04.460 12833 12833 W ResourcesManager: 	at com.android.systemui.toast.SystemUIToast.<init>(SystemUIToast.java:77)
04-13 07:56:04.460 12833 12833 W ResourcesManager: 	at com.android.systemui.toast.ToastFactory.createToast(ToastFactory.java:78)
04-13 07:56:04.460 12833 12833 W ResourcesManager: 	at com.android.systemui.toast.ToastUI.lambda$showToast$0(ToastUI.java:113)
04-13 07:56:04.460 12833 12833 W ResourcesManager: 	at com.android.systemui.toast.ToastUI.$r8$lambda$w_gPCh3F8Xxn1jN4lkQZoUci71c(Unknown Source:0)
04-13 07:56:04.460 12833 12833 W ResourcesManager: 	at com.android.systemui.toast.ToastUI$$ExternalSyntheticLambda0.run(Unknown Source:16)
04-13 07:56:04.460 12833 12833 W ResourcesManager: 	at com.android.systemui.toast.ToastUI.showToast(ToastUI.java:140)
04-13 07:56:04.460 12833 12833 W ResourcesManager: 	at com.android.systemui.statusbar.CommandQueue$H.handleMessage(CommandQueue.java:1431)
04-13 07:56:04.460 12833 12833 W ResourcesManager: 	at android.os.Handler.dispatchMessage(Handler.java:106)
04-13 07:56:04.460 12833 12833 W ResourcesManager: 	at android.os.Looper.loopOnce(Looper.java:201)
04-13 07:56:04.460 12833 12833 W ResourcesManager: 	at android.os.Looper.loop(Looper.java:288)
04-13 07:56:04.460 12833 12833 W ResourcesManager: 	at android.app.ActivityThread.main(ActivityThread.java:7839)
04-13 07:56:04.460 12833 12833 W ResourcesManager: 	at java.lang.reflect.Method.invoke(Native Method)
04-13 07:56:04.460 12833 12833 W ResourcesManager: 	at com.android.internal.os.RuntimeInit$MethodAndArgsCaller.run(RuntimeInit.java:548)
04-13 07:56:04.460 12833 12833 W ResourcesManager: 	at com.android.internal.os.ZygoteInit.main(ZygoteInit.java:1003)
04-13 07:56:04.463 12833 12833 W ziparchive: Unable to open '/data/app/~~E7HUVOVE1_qGCqO9F55iMw==/ru.otus.wishlist-KvzObjiROZidZodhEA4kDA==/base.apk': No such file or directory
04-13 07:56:04.463 12833 12833 E ndroid.systemu: Failed to open APK '/data/app/~~E7HUVOVE1_qGCqO9F55iMw==/ru.otus.wishlist-KvzObjiROZidZodhEA4kDA==/base.apk': I/O error
04-13 07:56:04.463 12833 12833 E ResourcesManager: failed to add asset path '/data/app/~~E7HUVOVE1_qGCqO9F55iMw==/ru.otus.wishlist-KvzObjiROZidZodhEA4kDA==/base.apk'
04-13 07:56:04.463 12833 12833 E ResourcesManager: java.io.IOException: Failed to load asset path /data/app/~~E7HUVOVE1_qGCqO9F55iMw==/ru.otus.wishlist-KvzObjiROZidZodhEA4kDA==/base.apk
