04-10 07:57:24.069 28463 28489 I appium  : AppiumResponse: {"sessionId":"36470480-8235-4ba4-b7f7-cd46b9e86205","value":{"ELEMENT":"00000000-0000-0887-ffff-ffff0000006d","element-6066-11e4-a52e-4f735466cecf":"00000000-0000-0887-ffff-ffff0000006d"}}
04-10 07:57:24.077 28463 28489 I appium  : channel read: POST /wd/hub/session/36470480-8235-4ba4-b7f7-cd46b9e86205/element/00000000-0000-0887-ffff-ffff0000006d/value
04-10 07:57:24.078 28463 28489 I appium  : SendKeysToElement command
04-10 07:57:24.596 28463 28489 I appium  : AppiumResponse: {"sessionId":"36470480-8235-4ba4-b7f7-cd46b9e86205","value":null}
04-10 07:57:24.604 28463 28489 I appium  : channel read: POST /wd/hub/session/36470480-8235-4ba4-b7f7-cd46b9e86205/element
04-10 07:57:24.605 28463 28489 I appium  : FindElement command
04-10 07:57:24.606 28463 28489 I appium  : method: 'id', selector: 'ru.otus.wishlist:id/log_in_button'
04-10 07:57:24.607 28463 28489 I appium  : Waiting up to 10000ms for the device to idle
04-10 07:57:24.749 28498 28517 D EGL_emulation: app_time_stats: avg=72.75ms min=18.37ms max=507.03ms count=13
04-10 07:57:25.111 28463 28489 I appium  : AppiumResponse: {"sessionId":"36470480-8235-4ba4-b7f7-cd46b9e86205","value":{"ELEMENT":"00000000-0000-0887-ffff-ffff0000007a","element-6066-11e4-a52e-4f735466cecf":"00000000-0000-0887-ffff-ffff0000007a"}}
04-10 07:57:25.119 28463 28489 I appium  : channel read: GET /wd/hub/session/36470480-8235-4ba4-b7f7-cd46b9e86205/element/00000000-0000-0887-ffff-ffff0000007a/attribute/displayed
04-10 07:57:25.119 28463 28489 I appium  : GetElementAttribute command
04-10 07:57:25.123 28463 28489 I appium  : AppiumResponse: {"sessionId":"36470480-8235-4ba4-b7f7-cd46b9e86205","value":"true"}
04-10 07:57:25.152 28463 28489 I appium  : channel read: POST /wd/hub/session/36470480-8235-4ba4-b7f7-cd46b9e86205/element
04-10 07:57:25.152 28463 28489 I appium  : FindElement command
04-10 07:57:25.152 28463 28489 I appium  : method: 'id', selector: 'ru.otus.wishlist:id/log_in_button'
04-10 07:57:25.153 28463 28489 I appium  : Waiting up to 10000ms for the device to idle
04-10 07:57:25.165 28463 28489 I appium  : AppiumResponse: {"sessionId":"36470480-8235-4ba4-b7f7-cd46b9e86205","value":{"ELEMENT":"00000000-0000-0887-ffff-ffff0000007a","element-6066-11e4-a52e-4f735466cecf":"00000000-0000-0887-ffff-ffff0000007a"}}
04-10 07:57:25.172 28463 28489 I appium  : channel read: GET /wd/hub/session/36470480-8235-4ba4-b7f7-cd46b9e86205/element/00000000-0000-0887-ffff-ffff0000007a/attribute/displayed
04-10 07:57:25.172 28463 28489 I appium  : GetElementAttribute command
04-10 07:57:25.175 28463 28489 I appium  : AppiumResponse: {"sessionId":"36470480-8235-4ba4-b7f7-cd46b9e86205","value":"true"}
04-10 07:57:25.182 28463 28489 I appium  : channel read: POST /wd/hub/session/36470480-8235-4ba4-b7f7-cd46b9e86205/element/00000000-0000-0887-ffff-ffff0000007a/click
04-10 07:57:25.182 28463 28489 I appium  : Click command
04-10 07:57:25.188 12660 13672 D CompatibilityChangeReporter: Compat change id reported: 158002302; UID 10145; state: ENABLED
04-10 07:57:25.230 28463 28489 I appium  : Waiting up to 10000ms for the device to idle
04-10 07:57:25.255 12660 12660 W WindowManager: removeWindowToken: Attempted to remove non-existing token: android.os.Binder@d2eefd5
04-10 07:57:25.390 28498 28507 I u.otus.wishlis: JIT allocated 77KB for compiled code of void android.view.View.<init>(android.content.Context, android.util.AttributeSet, int, int)
04-10 07:57:25.615 28498 28540 D ProfileInstaller: Installing profile for ru.otus.wishlist
04-10 07:57:26.152 28463 28489 I appium  : AppiumResponse: {"sessionId":"36470480-8235-4ba4-b7f7-cd46b9e86205","value":null}
04-10 07:57:26.161 28463 28489 I appium  : channel read: POST /wd/hub/session/36470480-8235-4ba4-b7f7-cd46b9e86205/element
04-10 07:57:26.161 28463 28489 I appium  : FindElement command
04-10 07:57:26.163 28463 28489 I appium  : method: 'id', selector: 'ru.otus.wishlist:id/users_menu'
04-10 07:57:26.163 28463 28489 I appium  : Waiting up to 10000ms for the device to idle
04-10 07:57:26.180 28463 28489 I appium  : AppiumResponse: {"sessionId":"36470480-8235-4ba4-b7f7-cd46b9e86205","value":{"ELEMENT":"00000000-0000-0887-ffff-ffff0000008d","element-6066-11e4-a52e-4f735466cecf":"00000000-0000-0887-ffff-ffff0000008d"}}
04-10 07:57:26.187 28463 28489 I appium  : channel read: GET /wd/hub/session/36470480-8235-4ba4-b7f7-cd46b9e86205/element/00000000-0000-0887-ffff-ffff0000008d/attribute/displayed
04-10 07:57:26.187 28463 28489 I appium  : GetElementAttribute command
04-10 07:57:26.192 28463 28489 I appium  : AppiumResponse: {"sessionId":"36470480-8235-4ba4-b7f7-cd46b9e86205","value":"true"}
04-10 07:57:26.198 28463 28489 I appium  : channel read: POST /wd/hub/session/36470480-8235-4ba4-b7f7-cd46b9e86205/element
04-10 07:57:26.199 28463 28489 I appium  : FindElement command
04-10 07:57:26.200 28463 28489 I appium  : method: 'id', selector: 'ru.otus.wishlist:id/users_menu'
04-10 07:57:26.201 28463 28489 I appium  : Waiting up to 10000ms for the device to idle
04-10 07:57:26.216 28463 28489 I appium  : AppiumResponse: {"sessionId":"36470480-8235-4ba4-b7f7-cd46b9e86205","value":{"ELEMENT":"00000000-0000-0887-ffff-ffff0000008d","element-6066-11e4-a52e-4f735466cecf":"00000000-0000-0887-ffff-ffff0000008d"}}
04-10 07:57:26.223 28463 28489 I appium  : channel read: GET /wd/hub/session/36470480-8235-4ba4-b7f7-cd46b9e86205/element/00000000-0000-0887-ffff-ffff0000008d/attribute/displayed
04-10 07:57:26.224 28463 28489 I appium  : GetElementAttribute command
04-10 07:57:26.228 28463 28489 I appium  : AppiumResponse: {"sessionId":"36470480-8235-4ba4-b7f7-cd46b9e86205","value":"true"}
04-10 07:57:26.235 28463 28489 I appium  : channel read: POST /wd/hub/session/36470480-8235-4ba4-b7f7-cd46b9e86205/element/00000000-0000-0887-ffff-ffff0000008d/click
04-10 07:57:26.235 28463 28489 I appium  : Click command
04-10 07:57:26.278 28463 28489 I appium  : Waiting up to 10000ms for the device to idle
04-10 07:57:26.283 28498 28517 D EGL_emulation: app_time_stats: avg=65.87ms min=2.38ms max=595.38ms count=21
04-10 07:57:26.848 12660 12692 W ProcessStats: Tracking association SourceState{6713a1b system/1000 BTopFgs #21161} whose proc state 2 is better than process ProcessState{9cc27b8 com.google.android.gms.persistent/10101 pkg=com.google.android.gms} proc state 3 (19 skipped)
04-10 07:57:27.336 28463 28489 I appium  : AppiumResponse: {"sessionId":"36470480-8235-4ba4-b7f7-cd46b9e86205","value":null}
04-10 07:57:27.344 28463 28489 I appium  : channel read: POST /wd/hub/session/36470480-8235-4ba4-b7f7-cd46b9e86205/element
04-10 07:57:27.344 28463 28489 I appium  : FindElement command
04-10 07:57:27.344 28463 28489 I appium  : method: 'id', selector: 'ru.otus.wishlist:id/filter'
04-10 07:57:27.344 28463 28489 I appium  : Waiting up to 10000ms for the device to idle
04-10 07:57:27.353 28463 28489 I appium  : AppiumResponse: {"sessionId":"36470480-8235-4ba4-b7f7-cd46b9e86205","value":{"ELEMENT":"00000000-0000-0887-ffff-ffff000000bd","element-6066-11e4-a52e-4f735466cecf":"00000000-0000-0887-ffff-ffff000000bd"}}
04-10 07:57:27.360 28463 28489 I appium  : channel read: GET /wd/hub/session/36470480-8235-4ba4-b7f7-cd46b9e86205/element/00000000-0000-0887-ffff-ffff000000bd/attribute/displayed
04-10 07:57:27.362 28463 28489 I appium  : GetElementAttribute command
04-10 07:57:27.364 28463 28489 I appium  : AppiumResponse: {"sessionId":"36470480-8235-4ba4-b7f7-cd46b9e86205","value":"true"}
04-10 07:57:27.371 28463 28489 I appium  : channel read: POST /wd/hub/session/36470480-8235-4ba4-b7f7-cd46b9e86205/element
04-10 07:57:27.371 28463 28489 I appium  : FindElement command
04-10 07:57:27.372 28463 28489 I appium  : method: 'id', selector: 'ru.otus.wishlist:id/filter'
04-10 07:57:27.372 28463 28489 I appium  : Waiting up to 10000ms for the device to idle
04-10 07:57:27.379 28463 28489 I appium  : AppiumResponse: {"sessionId":"36470480-8235-4ba4-b7f7-cd46b9e86205","value":{"ELEMENT":"00000000-0000-0887-ffff-ffff000000bd","element-6066-11e4-a52e-4f735466cecf":"00000000-0000-0887-ffff-ffff000000bd"}}
04-10 07:57:27.387 28463 28489 I appium  : channel read: GET /wd/hub/session/36470480-8235-4ba4-b7f7-cd46b9e86205/element/00000000-0000-0887-ffff-ffff000000bd/attribute/displayed
04-10 07:57:27.387 28463 28489 I appium  : GetElementAttribute command
04-10 07:57:27.391 28463 28489 I appium  : AppiumResponse: {"sessionId":"36470480-8235-4ba4-b7f7-cd46b9e86205","value":"true"}
04-10 07:57:27.397 28463 28489 I appium  : channel read: POST /wd/hub/session/36470480-8235-4ba4-b7f7-cd46b9e86205/element/00000000-0000-0887-ffff-ffff000000bd/click
04-10 07:57:27.397 28463 28489 I appium  : Click command
04-10 07:57:27.432   491   670 D AudioAnalytics: gc(1700, 2000): log size:1700 item map size:3, item map items:1700
04-10 07:57:27.443 28463 28489 I appium  : Waiting up to 10000ms for the device to idle
04-10 07:57:27.444 28463 28489 I appium  : AppiumResponse: {"sessionId":"36470480-8235-4ba4-b7f7-cd46b9e86205","value":null}
04-10 07:57:27.467 28463 28489 I appium  : channel read: POST /wd/hub/session/36470480-8235-4ba4-b7f7-cd46b9e86205/element
04-10 07:57:27.468 28463 28489 I appium  : FindElement command
04-10 07:57:27.472 28463 28489 I appium  : method: 'id', selector: 'ru.otus.wishlist:id/filter_title'
04-10 07:57:27.472 28463 28489 I appium  : Waiting up to 10000ms for the device to idle
04-10 07:57:27.488 28498 28517 D EGL_emulation: app_time_stats: avg=39.69ms min=4.66ms max=241.84ms count=25
04-10 07:57:27.589 12660 15967 D CompatibilityChangeReporter: Compat change id reported: 168419799; UID 10145; state: DISABLED
04-10 07:57:27.667 12833 12920 D EGL_emulation: app_time_stats: avg=2517.75ms min=131.00ms max=4904.49ms count=2
04-10 07:57:27.703   371   411 D goldfish-address-space: claimShared: Ask to claim region [0x3f65bf000 0x3f71ce000]
04-10 07:57:27.813   371   411 D goldfish-address-space: claimShared: Ask to claim region [0x3f71ce000 0x3f7ddd000]
04-10 07:57:27.888   371   411 D goldfish-address-space: claimShared: Ask to claim region [0x3f4fc3000 0x3f5bd2000]
04-10 07:57:28.072 28463 28489 W ByMatcher: Node returned null child: android.view.accessibility.AccessibilityNodeInfo@80007545; boundsInParent: Rect(0, 0 - 1080, 2340); boundsInScreen: Rect(0, 0 - 1080, 2340); packageName: ru.otus.wishlist; className: android.widget.FrameLayout; text: null; error: null; maxTextLength: -1; stateDescription: null; contentDescription: null; tooltipText: null; viewIdResName: null; checkable: false; checked: false; focusable: false; focused: false; selected: false; clickable: false; longClickable: false; contextClickable: false; enabled: true; password: false; scrollable: false; importantForAccessibility: true; visible: true; actions: [AccessibilityAction: ACTION_SELECT - null, AccessibilityAction: ACTION_CLEAR_SELECTION - null, AccessibilityAction: ACTION_ACCESSIBILITY_FOCUS - null, AccessibilityAction: ACTION_SHOW_ON_SCREEN - null]
04-10 07:57:28.073 28463 28489 W ByMatcher: Skipping null child (0 of 2)
04-10 07:57:28.073 28463 28489 W ByMatcher: Skipping null child (1 of 2)
04-10 07:57:28.074 28463 28489 W ByMatcher: Node returned null child: android.view.accessibility.AccessibilityNodeInfo@80007545; boundsInParent: Rect(0, 0 - 1080, 2340); boundsInScreen: Rect(0, 0 - 1080, 2340); packageName: ru.otus.wishlist; className: android.widget.FrameLayout; text: null; error: null; maxTextLength: -1; stateDescription: null; contentDescription: null; tooltipText: null; viewIdResName: null; checkable: false; checked: false; focusable: false; focused: false; selected: false; clickable: false; longClickable: false; contextClickable: false; enabled: true; password: false; scrollable: false; importantForAccessibility: true; visible: true; actions: [AccessibilityAction: ACTION_SELECT - null, AccessibilityAction: ACTION_CLEAR_SELECTION - null, AccessibilityAction: ACTION_ACCESSIBILITY_FOCUS - null, AccessibilityAction: ACTION_SHOW_ON_SCREEN - null]
04-10 07:57:28.074 28463 28489 W ByMatcher: Skipping null child (0 of 2)
04-10 07:57:28.075 28463 28489 W ByMatcher: Skipping null child (1 of 2)
04-10 07:57:28.078 28463 28489 I appium  : AppiumResponse: {"sessionId":"36470480-8235-4ba4-b7f7-cd46b9e86205","value":{"error":"no such element","message":"An element could not be located on the page using the given search parameters","stacktrace":"io.appium.uiautomator2.common.exceptions.ElementNotFoundException: An element could not be located on the page using the given search parameters\n\tat io.appium.uiautomator2.handler.FindElement.safeHandle(FindElement.java:70)\n\tat io.appium.uiautomator2.handler.request.SafeRequestHandler.handle(SafeRequestHandler.java:59)\n\tat io.appium.uiautomator2.server.AppiumServlet.handleRequest(AppiumServlet.java:266)\n\tat io.appium.uiautomator2.server.AppiumServlet.handleHttpRequest(AppiumServlet.java:260)\n\tat io.appium.uiautomator2.http.ServerHandler.channelRead(ServerHandler.java:68)\n\tat io.netty.channel.AbstractChannelHandlerContext.invokeChannelRead(AbstractChannelHandlerContext.java:366)\n\tat io.netty.channel.AbstractChannelHandlerContext.invokeChannelRead(AbstractChannelHandlerContext.java:352)\n\tat io.netty.channel.AbstractChannelHandlerContext.fireChannelRead(AbstractChannelHandlerContext.java:345)\n\tat io.netty.handler.codec.MessageToMessageDecoder.channelRead(MessageToMessageDecoder.java:102)\n\tat io.netty.channel.AbstractChannelHandlerContext.invokeChannelRead(AbstractChannelHandlerContext.java:366)\n\tat io.netty.channel.AbstractChannelHandlerContext.invokeChannelRead(AbstractChannelHandlerContext.java:352)\n\tat io.netty.channel.AbstractChannelHandlerContext.fireChannelRead(AbstractChannelHandlerContext.java:345)\n\tat io.netty.channel.CombinedChannelDuplexHandler$DelegatingChannelHandlerContext.fireChannelRead(CombinedChannelDuplexHandler.java:435)\n\tat io.netty.handler.codec.ByteToMessageDecoder.fireChannelRead(ByteToMessageDecoder.java:293)\n\tat io.netty.handler.codec.ByteToMessageDecoder.channelRead(ByteToMessageDecoder.java:267)\n\tat io.netty.channel.CombinedChannelDuplexHandler.channelRead(CombinedChannelDuplexHandler.java:250)\n\tat io.netty.channel.AbstractChannelHandlerContext.invokeChannelRead(AbstractChannelHandlerContext.java:366)\n\tat io.netty.channel.AbstractChannelHandlerContext.invokeChannelRead(AbstractChannelHandlerContext.java:352)\n\tat io.netty.channel.AbstractChannelHandlerContext.fireChannelRead(AbstractChannelHandlerContext.java:345)\n\tat io.netty.handler.timeout.IdleStateHandler.channelRead(IdleStateHandler.java:266)\n\tat io.netty.channel.AbstractChannelHandlerContext.invokeChannelRead(AbstractChannelHandlerContext.java:366)\n\tat io.netty.channel.AbstractChannelHandlerContext.invokeChannelRead(AbstractChannelHandlerContext.java:352)\n\tat io.netty.channel.AbstractChannelHandlerContext.fireChannelRead(AbstractChannelHandlerContext.java:345)\n\tat io.netty.channel.DefaultChannelPipeline$HeadContext.channelRead(DefaultChannelPipeline.java:1294)\n\tat io.netty.channel.AbstractChannelHandlerContext.invokeChannelRead(AbstractChannelHandlerContext.java:366)\n\tat io.netty.channel.AbstractChannelHandlerContext.invokeChannelRead(AbstractChannelHandlerContext.java:352)\n\tat io.netty.channel.DefaultChannelPipeline.fireChannelRead(DefaultChannelPipeline.java:911)\n\tat io.netty.channel.nio.AbstractNioByteChannel$NioByteUnsafe.read(AbstractNioByteChannel.java:131)\n\tat io.netty.channel.nio.NioEventLoop.processSelectedKey(NioEventLoop.java:611)\n\tat io.netty.channel.nio.NioEventLoop.processSelectedKeysOptimized(NioEventLoop.java:552)\n\tat io.netty.channel.nio.NioEventLoop.processSelectedKeys(NioEventLoop.java:466)\n\tat io.netty.channel.nio.NioEventLoop.run(NioEventLoop.java:438)\n\tat io.netty.util.concurrent.SingleThreadEventExecutor$2.run(SingleThreadEventExecutor.java:140)\n\tat io.netty.util.concurrent.DefaultThreadFactory$DefaultRunnableDecorator.run(DefaultThreadFactory.java:144)\n\tat java.lang.Thread.run(Thread.java:920)\n"}}
04-10 07:57:28.135 28498 28498 I Choreographer: Skipped 31 frames!  The application may be doing too much work on its main thread.
04-10 07:57:28.194 13314 13314 I GoogleInputMethodService: GoogleInputMethodService.onFinishInput():3420 
04-10 07:57:28.195 13314 13314 I GoogleInputMethodService: GoogleInputMethodService.onStartInput():2002 
04-10 07:57:28.195 13314 13314 I DeviceUnlockedTag: DeviceUnlockedTag.notifyDeviceLockStatusChanged():31 Notify device unlocked.
04-10 07:57:28.195 13314 13314 I ShortcutsDataManager: AbstractContentDataManager.startImportContentTask():235 startImportContentTask()
04-10 07:57:28.201 13314 13602 I ShortcutsDataManager: AbstractContentDataManager$ImportContentTask.doInBackground():249 doInBackground()
04-10 07:57:28.201 13314 13602 I PersonalDictionaryDataHandler: PersonalDictionaryDataHandler.beginProcess():111 LanguageTags = [en-US]
04-10 07:57:28.207 13314 13602 I ShortcutsDataManager: AbstractContentDataManager.importRecords():339 importRecords() : Success : Count = 0
04-10 07:57:28.208 13314 13602 I ShortcutsDataManager: AbstractContentDataManager.importContentData():289 importContentData() : Ending import process
04-10 07:57:28.208 13314 15962 I Delight5Decoder: Delight5DecoderWrapper.unloadLanguageModel():820 unloadLanguageModel() : 4, version [n/a]
04-10 07:57:28.221 13314 13602 I PersonalLanguageModelUpdater: PersonalLanguageModelUpdater$UpdateOperation.performInternal():162 run() : Added 0 words and 0 shortcuts
04-10 07:57:28.221 13314 13602 I DynamicLanguageModelOperation: DynamicLanguageModelOperation.perform():38 perform() : 4 : cny : Completed
04-10 07:57:28.222 13314 15962 I Delight5Decoder: Delight5DecoderWrapper.loadLanguageModel():614 loadLanguageModel() : 4, version [n/a]
04-10 07:57:28.224 13314 13314 I ShortcutsDataManager: AbstractContentDataManager$ImportContentTask.onPostExecute():260 onPostExecute() : Result = [2,0]
04-10 07:57:28.224 13314 13314 I ShortcutsDataManager: ShortcutsDataManager.onImportFinished():83 onImportFinished() : Result = 2 : Count = 0
04-10 07:57:28.225 13314 15962 I Delight5Decoder: Delight5DecoderWrapper.loadLanguageModel():652 Loaded dynamic LM 4.en
04-10 07:57:28.522 28498 28517 D EGL_emulation: app_time_stats: avg=62.27ms min=3.06ms max=196.82ms count=15
04-10 07:57:28.599 28463 28489 I appium  : channel read: POST /wd/hub/session/36470480-8235-4ba4-b7f7-cd46b9e86205/element
04-10 07:57:28.600 28463 28489 I appium  : FindElement command
04-10 07:57:28.600 28463 28489 I appium  : method: 'id', selector: 'ru.otus.wishlist:id/filter_title'
04-10 07:57:28.600 28463 28489 I appium  : Waiting up to 10000ms for the device to idle
04-10 07:57:28.752 12814 12814 I wpa_supplicant: wlan0: CTRL-EVENT-BEACON-LOSS 
04-10 07:57:28.858 28463 28489 I appium  : AppiumResponse: {"sessionId":"36470480-8235-4ba4-b7f7-cd46b9e86205","value":{"ELEMENT":"00000000-0000-0889-ffff-ffff000000e4","element-6066-11e4-a52e-4f735466cecf":"00000000-0000-0889-ffff-ffff000000e4"}}
04-10 07:57:28.865 28463 28489 I appium  : channel read: GET /wd/hub/session/36470480-8235-4ba4-b7f7-cd46b9e86205/element/00000000-0000-0889-ffff-ffff000000e4/attribute/displayed
04-10 07:57:28.867 28463 28489 I appium  : GetElementAttribute command
04-10 07:57:28.872 28463 28489 I appium  : AppiumResponse: {"sessionId":"36470480-8235-4ba4-b7f7-cd46b9e86205","value":"true"}
04-10 07:57:28.879 28463 28489 I appium  : channel read: POST /wd/hub/session/36470480-8235-4ba4-b7f7-cd46b9e86205/element
04-10 07:57:28.881 28463 28489 I appium  : FindElement command
04-10 07:57:28.883 28463 28489 I appium  : method: 'id', selector: 'ru.otus.wishlist:id/filter_title'
04-10 07:57:28.883 28463 28489 I appium  : Waiting up to 10000ms for the device to idle
04-10 07:57:28.888 28463 28489 I appium  : AppiumResponse: {"sessionId":"36470480-8235-4ba4-b7f7-cd46b9e86205","value":{"ELEMENT":"00000000-0000-0889-ffff-ffff000000e4","element-6066-11e4-a52e-4f735466cecf":"00000000-0000-0889-ffff-ffff000000e4"}}
04-10 07:57:28.895 28463 28489 I appium  : channel read: GET /wd/hub/session/36470480-8235-4ba4-b7f7-cd46b9e86205/element/00000000-0000-0889-ffff-ffff000000e4/name
04-10 07:57:28.896 28463 28489 I appium  : GetName command
04-10 07:57:28.903 28463 28489 I appium  : AppiumResponse: {"sessionId":"36470480-8235-4ba4-b7f7-cd46b9e86205","value":null}
04-10 07:57:28.909 28463 28489 I appium  : channel read: GET /wd/hub/session/36470480-8235-4ba4-b7f7-cd46b9e86205/element/00000000-0000-0889-ffff-ffff000000e4/text
04-10 07:57:28.910 28463 28489 I appium  : GetText command
04-10 07:57:28.914 28463 28489 I appium  : AppiumResponse: {"sessionId":"36470480-8235-4ba4-b7f7-cd46b9e86205","value":"Фильтры"}
04-10 07:57:28.922 28463 28489 I appium  : channel read: POST /wd/hub/session/36470480-8235-4ba4-b7f7-cd46b9e86205/element
04-10 07:57:28.922 28463 28489 I appium  : FindElement command
04-10 07:57:28.924 28463 28489 I appium  : method: 'id', selector: 'ru.otus.wishlist:id/username_input'
04-10 07:57:28.925 28463 28489 I appium  : Waiting up to 10000ms for the device to idle
04-10 07:57:28.931 28463 28489 I appium  : AppiumResponse: {"sessionId":"36470480-8235-4ba4-b7f7-cd46b9e86205","value":{"ELEMENT":"00000000-0000-0889-ffff-ffff000000e7","element-6066-11e4-a52e-4f735466cecf":"00000000-0000-0889-ffff-ffff000000e7"}}
04-10 07:57:28.939 28463 28489 I appium  : channel read: GET /wd/hub/session/36470480-8235-4ba4-b7f7-cd46b9e86205/element/00000000-0000-0889-ffff-ffff000000e7/attribute/displayed
04-10 07:57:28.940 28463 28489 I appium  : GetElementAttribute command
04-10 07:57:28.946 28463 28489 I appium  : AppiumResponse: {"sessionId":"36470480-8235-4ba4-b7f7-cd46b9e86205","value":"true"}
04-10 07:57:28.951 28463 28489 I appium  : channel read: POST /wd/hub/session/36470480-8235-4ba4-b7f7-cd46b9e86205/element
04-10 07:57:28.951 28463 28489 I appium  : FindElement command
04-10 07:57:28.952 28463 28489 I appium  : method: 'id', selector: 'ru.otus.wishlist:id/username_input'
04-10 07:57:28.953 28463 28489 I appium  : Waiting up to 10000ms for the device to idle
04-10 07:57:28.958 28463 28489 I appium  : AppiumResponse: {"sessionId":"36470480-8235-4ba4-b7f7-cd46b9e86205","value":{"ELEMENT":"00000000-0000-0889-ffff-ffff000000e7","element-6066-11e4-a52e-4f735466cecf":"00000000-0000-0889-ffff-ffff000000e7"}}
04-10 07:57:28.965 28463 28489 I appium  : channel read: GET /wd/hub/session/36470480-8235-4ba4-b7f7-cd46b9e86205/element/00000000-0000-0889-ffff-ffff000000e7/attribute/displayed
04-10 07:57:28.965 28463 28489 I appium  : GetElementAttribute command
04-10 07:57:28.970 28463 28489 I appium  : AppiumResponse: {"sessionId":"36470480-8235-4ba4-b7f7-cd46b9e86205","value":"true"}
04-10 07:57:28.977 28463 28489 I appium  : channel read: POST /wd/hub/session/36470480-8235-4ba4-b7f7-cd46b9e86205/element/00000000-0000-0889-ffff-ffff000000e7/clear
04-10 07:57:28.978 28463 28489 I appium  : Clear command
04-10 07:57:28.986 28463 28489 I appium  : AppiumResponse: {"sessionId":"36470480-8235-4ba4-b7f7-cd46b9e86205","value":null}
04-10 07:57:28.993 28463 28489 I appium  : channel read: POST /wd/hub/session/36470480-8235-4ba4-b7f7-cd46b9e86205/element
04-10 07:57:28.996 28463 28489 I appium  : FindElement command
04-10 07:57:28.997 28463 28489 I appium  : method: 'id', selector: 'ru.otus.wishlist:id/username_input'
04-10 07:57:28.997 28463 28489 I appium  : Waiting up to 10000ms for the device to idle
04-10 07:57:29.004 28463 28489 I appium  : AppiumResponse: {"sessionId":"36470480-8235-4ba4-b7f7-cd46b9e86205","value":{"ELEMENT":"00000000-0000-0889-ffff-ffff000000e7","element-6066-11e4-a52e-4f735466cecf":"00000000-0000-0889-ffff-ffff000000e7"}}
04-10 07:57:29.030 28463 28489 I appium  : channel read: POST /wd/hub/session/36470480-8235-4ba4-b7f7-cd46b9e86205/element/00000000-0000-0889-ffff-ffff000000e7/value
04-10 07:57:29.031 28463 28489 I appium  : SendKeysToElement command
04-10 07:57:29.511 28498 28517 D EGL_emulation: app_time_stats: avg=202.81ms min=22.24ms max=550.13ms count=7
04-10 07:57:29.519 28463 28489 I appium  : AppiumResponse: {"sessionId":"36470480-8235-4ba4-b7f7-cd46b9e86205","value":null}
04-10 07:57:29.523 13314 13314 I ShortcutsDataManager: ShortcutsDataManager.onContentChanged():73 onContentChanged()
04-10 07:57:29.546 28463 28489 I appium  : channel read: POST /wd/hub/session/36470480-8235-4ba4-b7f7-cd46b9e86205/element
04-10 07:57:29.546 28463 28489 I appium  : FindElement command
04-10 07:57:29.547 28463 28489 I appium  : method: 'id', selector: 'ru.otus.wishlist:id/apply_button'
04-10 07:57:29.548 28463 28489 I appium  : Waiting up to 10000ms for the device to idle
04-10 07:57:30.040 28463 28489 I appium  : AppiumResponse: {"sessionId":"36470480-8235-4ba4-b7f7-cd46b9e86205","value":{"ELEMENT":"00000000-0000-0889-ffff-ffff000000f0","element-6066-11e4-a52e-4f735466cecf":"00000000-0000-0889-ffff-ffff000000f0"}}
04-10 07:57:30.075 28463 28489 I appium  : channel read: GET /wd/hub/session/36470480-8235-4ba4-b7f7-cd46b9e86205/element/00000000-0000-0889-ffff-ffff000000f0/attribute/displayed
04-10 07:57:30.075 28463 28489 I appium  : GetElementAttribute command
04-10 07:57:30.080 28463 28489 I appium  : AppiumResponse: {"sessionId":"36470480-8235-4ba4-b7f7-cd46b9e86205","value":"true"}
04-10 07:57:30.114 28463 28489 I appium  : channel read: POST /wd/hub/session/36470480-8235-4ba4-b7f7-cd46b9e86205/element
04-10 07:57:30.115 28463 28489 I appium  : FindElement command
04-10 07:57:30.118 28463 28489 I appium  : method: 'id', selector: 'ru.otus.wishlist:id/apply_button'
04-10 07:57:30.120 28463 28489 I appium  : Waiting up to 10000ms for the device to idle
04-10 07:57:30.126 28463 28489 I appium  : AppiumResponse: {"sessionId":"36470480-8235-4ba4-b7f7-cd46b9e86205","value":{"ELEMENT":"00000000-0000-0889-ffff-ffff000000f0","element-6066-11e4-a52e-4f735466cecf":"00000000-0000-0889-ffff-ffff000000f0"}}
04-10 07:57:30.133 28463 28489 I appium  : channel read: GET /wd/hub/session/36470480-8235-4ba4-b7f7-cd46b9e86205/element/00000000-0000-0889-ffff-ffff000000f0/attribute/displayed
04-10 07:57:30.133 28463 28489 I appium  : GetElementAttribute command
04-10 07:57:30.138 28463 28489 I appium  : AppiumResponse: {"sessionId":"36470480-8235-4ba4-b7f7-cd46b9e86205","value":"true"}
04-10 07:57:30.144 28463 28489 I appium  : channel read: POST /wd/hub/session/36470480-8235-4ba4-b7f7-cd46b9e86205/element/00000000-0000-0889-ffff-ffff000000f0/click
04-10 07:57:30.144 28463 28489 I appium  : Click command
04-10 07:57:30.201 28463 28489 I appium  : Waiting up to 10000ms for the device to idle
04-10 07:57:30.201 28463 28489 I appium  : AppiumResponse: {"sessionId":"36470480-8235-4ba4-b7f7-cd46b9e86205","value":null}
04-10 07:57:30.215 28463 28489 I appium  : channel read: POST /wd/hub/session/36470480-8235-4ba4-b7f7-cd46b9e86205/element
04-10 07:57:30.216 28463 28489 I appium  : FindElement command
04-10 07:57:30.216 28463 28489 I appium  : method: 'id', selector: 'ru.otus.wishlist:id/username'
04-10 07:57:30.216 28463 28489 I appium  : Waiting up to 10000ms for the device to idle
04-10 07:57:30.218 28463 28489 E QueryController: Got null root node from accessibility - Retrying...
04-10 07:57:30.234 28498 28517 D OpenGLRenderer: endAllActiveAnimators on 0x7dab03f071b0 (RippleDrawable) with handle 0x7daa13eaf060
04-10 07:57:30.234 12660 13672 W InputManager-JNI: Input channel object 'a8c12df ru.otus.wishlist/ru.otus.wishlist.MainActivity (client)' was disposed without first being removed with the input manager!
04-10 07:57:30.239 28498 28498 D CompatibilityChangeReporter: Compat change id reported: 147798919; UID 10145; state: ENABLED
04-10 07:57:30.254   371   411 D goldfish-address-space: claimShared: Ask to claim region [0x3f3723000 0x3f3770000]
04-10 07:57:30.307   371   411 D goldfish-address-space: claimShared: Ask to claim region [0x3f3770000 0x3f37bd000]
04-10 07:57:30.355   371   371 D goldfish-address-space: claimShared: Ask to claim region [0x3f37bd000 0x3f380a000]
04-10 07:57:30.355 28498 28517 D EGL_emulation: app_time_stats: avg=448.39ms min=35.65ms max=1680.25ms count=4
04-10 07:57:30.358 13314 13314 I GoogleInputMethodService: GoogleInputMethodService.onFinishInput():3420 
04-10 07:57:30.358 13314 13314 I GoogleInputMethodService: GoogleInputMethodService.onStartInput():2002 
04-10 07:57:30.359 13314 13314 I DeviceUnlockedTag: DeviceUnlockedTag.notifyDeviceLockStatusChanged():31 Notify device unlocked.
04-10 07:57:30.359 13314 13314 I ShortcutsDataManager: AbstractContentDataManager.startImportContentTask():235 startImportContentTask()
04-10 07:57:30.359 13314 13602 I ShortcutsDataManager: AbstractContentDataManager$ImportContentTask.doInBackground():249 doInBackground()
04-10 07:57:30.360 13314 13602 I PersonalDictionaryDataHandler: PersonalDictionaryDataHandler.beginProcess():111 LanguageTags = [en-US]
04-10 07:57:30.366 13314 13602 I ShortcutsDataManager: AbstractContentDataManager.importRecords():339 importRecords() : Success : Count = 0
04-10 07:57:30.367 13314 13602 I ShortcutsDataManager: AbstractContentDataManager.importContentData():289 importContentData() : Ending import process
04-10 07:57:30.368 13314 15962 I Delight5Decoder: Delight5DecoderWrapper.unloadLanguageModel():820 unloadLanguageModel() : 4, version [n/a]
04-10 07:57:30.379 13314 13602 I PersonalLanguageModelUpdater: PersonalLanguageModelUpdater$UpdateOperation.performInternal():162 run() : Added 0 words and 0 shortcuts
04-10 07:57:30.379 13314 13602 I DynamicLanguageModelOperation: DynamicLanguageModelOperation.perform():38 perform() : 4 : cny : Completed
04-10 07:57:30.380 13314 15962 I Delight5Decoder: Delight5DecoderWrapper.loadLanguageModel():614 loadLanguageModel() : 4, version [n/a]
04-10 07:57:30.380 13314 13314 I ShortcutsDataManager: AbstractContentDataManager$ImportContentTask.onPostExecute():260 onPostExecute() : Result = [2,0]
04-10 07:57:30.380 13314 15962 I Delight5Decoder: Delight5DecoderWrapper.loadLanguageModel():652 Loaded dynamic LM 4.en
04-10 07:57:30.380 13314 13314 I ShortcutsDataManager: ShortcutsDataManager.onImportFinished():83 onImportFinished() : Result = 2 : Count = 0
04-10 07:57:30.772 12833 12920 D EGL_emulation: app_time_stats: avg=599.79ms min=17.08ms max=2760.32ms count=5
04-10 07:57:30.780 28463 28489 I appium  : AppiumResponse: {"sessionId":"36470480-8235-4ba4-b7f7-cd46b9e86205","value":{"ELEMENT":"00000000-0000-0887-ffff-ffff000000f4","element-6066-11e4-a52e-4f735466cecf":"00000000-0000-0887-ffff-ffff000000f4"}}
04-10 07:57:30.786 28463 28489 I appium  : channel read: GET /wd/hub/session/36470480-8235-4ba4-b7f7-cd46b9e86205/element/00000000-0000-0887-ffff-ffff000000f4/attribute/displayed
04-10 07:57:30.786 28463 28489 I appium  : GetElementAttribute command
04-10 07:57:31.283 28463 28489 I appium  : AppiumResponse: {"sessionId":"36470480-8235-4ba4-b7f7-cd46b9e86205","value":"true"}
04-10 07:57:31.292 28463 28489 I appium  : channel read: POST /wd/hub/session/36470480-8235-4ba4-b7f7-cd46b9e86205/element
04-10 07:57:31.293 28463 28489 I appium  : FindElement command
04-10 07:57:31.293 28463 28489 I appium  : method: 'id', selector: 'ru.otus.wishlist:id/username'
04-10 07:57:31.294 28463 28489 I appium  : Waiting up to 10000ms for the device to idle
04-10 07:57:31.309 28463 28489 I appium  : AppiumResponse: {"sessionId":"36470480-8235-4ba4-b7f7-cd46b9e86205","value":{"ELEMENT":"00000000-0000-0887-ffff-ffff000000f4","element-6066-11e4-a52e-4f735466cecf":"00000000-0000-0887-ffff-ffff000000f4"}}
04-10 07:57:31.315 28463 28489 I appium  : channel read: GET /wd/hub/session/36470480-8235-4ba4-b7f7-cd46b9e86205/element/00000000-0000-0887-ffff-ffff000000f4/attribute/displayed
04-10 07:57:31.316 28463 28489 I appium  : GetElementAttribute command
04-10 07:57:31.319 28463 28489 I appium  : AppiumResponse: {"sessionId":"36470480-8235-4ba4-b7f7-cd46b9e86205","value":"true"}
04-10 07:57:31.324 28463 28489 I appium  : channel read: POST /wd/hub/session/36470480-8235-4ba4-b7f7-cd46b9e86205/element/00000000-0000-0887-ffff-ffff000000f4/click
04-10 07:57:31.324 28463 28489 I appium  : Click command
04-10 07:57:31.362 12589 12645 D AudioFlinger: mixer(0x7a33667bfa70) throttle end: throttle time(3)
04-10 07:57:31.378 28463 28489 I appium  : Waiting up to 10000ms for the device to idle
04-10 07:57:31.378 28463 28489 I appium  : AppiumResponse: {"sessionId":"36470480-8235-4ba4-b7f7-cd46b9e86205","value":null}
04-10 07:57:31.399 28463 28489 I appium  : channel read: POST /wd/hub/session/36470480-8235-4ba4-b7f7-cd46b9e86205/element
04-10 07:57:31.400 28463 28489 I appium  : FindElement command
04-10 07:57:31.402 28463 28489 I appium  : method: 'id', selector: 'ru.otus.wishlist:id/wishlists'
04-10 07:57:31.403 28463 28489 I appium  : Waiting up to 10000ms for the device to idle
04-10 07:57:31.429 28498 28517 D EGL_emulation: app_time_stats: avg=120.76ms min=19.29ms max=616.06ms count=8
04-10 07:57:32.094 28463 28489 I appium  : AppiumResponse: {"sessionId":"36470480-8235-4ba4-b7f7-cd46b9e86205","value":{"ELEMENT":"00000000-0000-0887-ffff-ffff000000ff","element-6066-11e4-a52e-4f735466cecf":"00000000-0000-0887-ffff-ffff000000ff"}}
04-10 07:57:32.101 28463 28489 I appium  : channel read: POST /wd/hub/session/36470480-8235-4ba4-b7f7-cd46b9e86205/element
04-10 07:57:32.102 28463 28489 I appium  : FindElement command
04-10 07:57:32.103 28463 28489 I appium  : method: 'id', selector: 'ru.otus.wishlist:id/wishlist_item', contextId: '00000000-0000-0887-ffff-ffff000000ff'
04-10 07:57:32.109 28463 28489 I appium  : AppiumResponse: {"sessionId":"36470480-8235-4ba4-b7f7-cd46b9e86205","value":{"ELEMENT":"00000000-0000-0887-ffff-ffff00000107","element-6066-11e4-a52e-4f735466cecf":"00000000-0000-0887-ffff-ffff00000107"}}
04-10 07:57:32.119 28463 28489 I appium  : channel read: GET /wd/hub/session/36470480-8235-4ba4-b7f7-cd46b9e86205/element/00000000-0000-0887-ffff-ffff00000107/attribute/displayed
04-10 07:57:32.119 28463 28489 I appium  : GetElementAttribute command
04-10 07:57:32.124 28463 28489 I appium  : AppiumResponse: {"sessionId":"36470480-8235-4ba4-b7f7-cd46b9e86205","value":"true"}
04-10 07:57:32.132 28463 28489 I appium  : channel read: POST /wd/hub/session/36470480-8235-4ba4-b7f7-cd46b9e86205/element
04-10 07:57:32.132 28463 28489 I appium  : FindElement command
04-10 07:57:32.135 28463 28489 I appium  : method: 'id', selector: 'ru.otus.wishlist:id/wishlists'
04-10 07:57:32.135 28463 28489 I appium  : Waiting up to 10000ms for the device to idle
04-10 07:57:32.146 28463 28489 I appium  : AppiumResponse: {"sessionId":"36470480-8235-4ba4-b7f7-cd46b9e86205","value":{"ELEMENT":"00000000-0000-0887-ffff-ffff000000ff","element-6066-11e4-a52e-4f735466cecf":"00000000-0000-0887-ffff-ffff000000ff"}}
04-10 07:57:32.153 28463 28489 I appium  : channel read: POST /wd/hub/session/36470480-8235-4ba4-b7f7-cd46b9e86205/element
04-10 07:57:32.153 28463 28489 I appium  : FindElement command
04-10 07:57:32.154 28463 28489 I appium  : method: 'id', selector: 'ru.otus.wishlist:id/wishlist_item', contextId: '00000000-0000-0887-ffff-ffff000000ff'
04-10 07:57:32.159 28463 28489 I appium  : AppiumResponse: {"sessionId":"36470480-8235-4ba4-b7f7-cd46b9e86205","value":{"ELEMENT":"00000000-0000-0887-ffff-ffff00000107","element-6066-11e4-a52e-4f735466cecf":"00000000-0000-0887-ffff-ffff00000107"}}
04-10 07:57:32.165 28463 28489 I appium  : channel read: POST /wd/hub/session/36470480-8235-4ba4-b7f7-cd46b9e86205/element
04-10 07:57:32.165 28463 28489 I appium  : FindElement command
04-10 07:57:32.165 28463 28489 I appium  : method: 'id', selector: 'ru.otus.wishlist:id/title', contextId: '00000000-0000-0887-ffff-ffff00000107'
04-10 07:57:32.172 28463 28489 I appium  : AppiumResponse: {"sessionId":"36470480-8235-4ba4-b7f7-cd46b9e86205","value":{"ELEMENT":"00000000-0000-0887-ffff-ffff00000108","element-6066-11e4-a52e-4f735466cecf":"00000000-0000-0887-ffff-ffff00000108"}}
04-10 07:57:32.179 28463 28489 I appium  : channel read: GET /wd/hub/session/36470480-8235-4ba4-b7f7-cd46b9e86205/element/00000000-0000-0887-ffff-ffff00000108/attribute/displayed
04-10 07:57:32.179 28463 28489 I appium  : GetElementAttribute command
04-10 07:57:32.183 28463 28489 I appium  : AppiumResponse: {"sessionId":"36470480-8235-4ba4-b7f7-cd46b9e86205","value":"true"}
04-10 07:57:32.190 28463 28489 I appium  : channel read: POST /wd/hub/session/36470480-8235-4ba4-b7f7-cd46b9e86205/element
04-10 07:57:32.192 28463 28489 I appium  : FindElement command
04-10 07:57:32.193 28463 28489 I appium  : method: 'id', selector: 'ru.otus.wishlist:id/wishlists'
04-10 07:57:32.193 28463 28489 I appium  : Waiting up to 10000ms for the device to idle
04-10 07:57:32.204 28463 28489 I appium  : AppiumResponse: {"sessionId":"36470480-8235-4ba4-b7f7-cd46b9e86205","value":{"ELEMENT":"00000000-0000-0887-ffff-ffff000000ff","element-6066-11e4-a52e-4f735466cecf":"00000000-0000-0887-ffff-ffff000000ff"}}
04-10 07:57:32.211 28463 28489 I appium  : channel read: POST /wd/hub/session/36470480-8235-4ba4-b7f7-cd46b9e86205/element
04-10 07:57:32.211 28463 28489 I appium  : FindElement command
04-10 07:57:32.213 28463 28489 I appium  : method: 'id', selector: 'ru.otus.wishlist:id/wishlist_item', contextId: '00000000-0000-0887-ffff-ffff000000ff'
04-10 07:57:32.218 28463 28489 I appium  : AppiumResponse: {"sessionId":"36470480-8235-4ba4-b7f7-cd46b9e86205","value":{"ELEMENT":"00000000-0000-0887-ffff-ffff00000107","element-6066-11e4-a52e-4f735466cecf":"00000000-0000-0887-ffff-ffff00000107"}}
04-10 07:57:32.225 28463 28489 I appium  : channel read: POST /wd/hub/session/36470480-8235-4ba4-b7f7-cd46b9e86205/element
04-10 07:57:32.225 28463 28489 I appium  : FindElement command
04-10 07:57:32.227 28463 28489 I appium  : method: 'id', selector: 'ru.otus.wishlist:id/title', contextId: '00000000-0000-0887-ffff-ffff00000107'
04-10 07:57:32.232 28463 28489 I appium  : AppiumResponse: {"sessionId":"36470480-8235-4ba4-b7f7-cd46b9e86205","value":{"ELEMENT":"00000000-0000-0887-ffff-ffff00000108","element-6066-11e4-a52e-4f735466cecf":"00000000-0000-0887-ffff-ffff00000108"}}
04-10 07:57:32.239 28463 28489 I appium  : channel read: GET /wd/hub/session/36470480-8235-4ba4-b7f7-cd46b9e86205/element/00000000-0000-0887-ffff-ffff00000108/attribute/displayed
04-10 07:57:32.239 28463 28489 I appium  : GetElementAttribute command
04-10 07:57:32.244 28463 28489 I appium  : AppiumResponse: {"sessionId":"36470480-8235-4ba4-b7f7-cd46b9e86205","value":"true"}
04-10 07:57:32.250 28463 28489 I appium  : channel read: POST /wd/hub/session/36470480-8235-4ba4-b7f7-cd46b9e86205/element/00000000-0000-0887-ffff-ffff00000108/click
04-10 07:57:32.250 28463 28489 I appium  : Click command
04-10 07:57:32.294 28463 28489 I appium  : Waiting up to 10000ms for the device to idle
04-10 07:57:32.294 28463 28489 I appium  : AppiumResponse: {"sessionId":"36470480-8235-4ba4-b7f7-cd46b9e86205","value":null}
04-10 07:57:32.315 28463 28489 I appium  : channel read: POST /wd/hub/session/36470480-8235-4ba4-b7f7-cd46b9e86205/element
04-10 07:57:32.315 28463 28489 I appium  : FindElement command
04-10 07:57:32.316 28463 28489 I appium  : method: 'id', selector: 'ru.otus.wishlist:id/gifts'
04-10 07:57:32.316 28463 28489 I appium  : Waiting up to 10000ms for the device to idle
04-10 07:57:32.449 28498 28517 D EGL_emulation: app_time_stats: avg=191.17ms min=1.54ms max=872.71ms count=5
04-10 07:57:32.616 12833 12920 D EGL_emulation: app_time_stats: avg=274.73ms min=18.11ms max=1925.11ms count=8
04-10 07:57:32.935 12660 12901 W InputManager-JNI: Input channel object 'a953878 Toast (client)' was disposed without first being removed with the input manager!
04-10 07:57:32.938 12660 12901 W NotificationService: Toast already killed. pkg=ru.otus.wishlist token=android.os.BinderProxy@7072ac1
04-10 07:57:33.002 28463 28489 I appium  : AppiumResponse: {"sessionId":"36470480-8235-4ba4-b7f7-cd46b9e86205","value":{"ELEMENT":"00000000-0000-0887-ffff-ffff00000119","element-6066-11e4-a52e-4f735466cecf":"00000000-0000-0887-ffff-ffff00000119"}}
04-10 07:57:33.009 28463 28489 I appium  : channel read: POST /wd/hub/session/36470480-8235-4ba4-b7f7-cd46b9e86205/element
04-10 07:57:33.009 28463 28489 I appium  : FindElement command
04-10 07:57:33.010 28463 28489 I appium  : method: 'id', selector: 'ru.otus.wishlist:id/gift_item', contextId: '00000000-0000-0887-ffff-ffff00000119'
04-10 07:57:33.014 28463 28489 I appium  : AppiumResponse: {"sessionId":"36470480-8235-4ba4-b7f7-cd46b9e86205","value":{"ELEMENT":"00000000-0000-0887-ffff-ffff00000121","element-6066-11e4-a52e-4f735466cecf":"00000000-0000-0887-ffff-ffff00000121"}}
04-10 07:57:33.020 28463 28489 I appium  : channel read: GET /wd/hub/session/36470480-8235-4ba4-b7f7-cd46b9e86205/element/00000000-0000-0887-ffff-ffff00000121/attribute/displayed
04-10 07:57:33.020 28463 28489 I appium  : GetElementAttribute command
04-10 07:57:33.024 28463 28489 I appium  : AppiumResponse: {"sessionId":"36470480-8235-4ba4-b7f7-cd46b9e86205","value":"true"}
04-10 07:57:33.031 28463 28489 I appium  : channel read: POST /wd/hub/session/36470480-8235-4ba4-b7f7-cd46b9e86205/element
04-10 07:57:33.031 28463 28489 I appium  : FindElement command
04-10 07:57:33.033 28463 28489 I appium  : method: 'id', selector: 'ru.otus.wishlist:id/gifts'
04-10 07:57:33.033 28463 28489 I appium  : Waiting up to 10000ms for the device to idle
04-10 07:57:33.046 28463 28489 I appium  : AppiumResponse: {"sessionId":"36470480-8235-4ba4-b7f7-cd46b9e86205","value":{"ELEMENT":"00000000-0000-0887-ffff-ffff00000119","element-6066-11e4-a52e-4f735466cecf":"00000000-0000-0887-ffff-ffff00000119"}}
04-10 07:57:33.052 28463 28489 I appium  : channel read: POST /wd/hub/session/36470480-8235-4ba4-b7f7-cd46b9e86205/element
04-10 07:57:33.052 28463 28489 I appium  : FindElement command
04-10 07:57:33.052 28463 28489 I appium  : method: 'id', selector: 'ru.otus.wishlist:id/gift_item', contextId: '00000000-0000-0887-ffff-ffff00000119'
04-10 07:57:33.058 28463 28489 I appium  : AppiumResponse: {"sessionId":"36470480-8235-4ba4-b7f7-cd46b9e86205","value":{"ELEMENT":"00000000-0000-0887-ffff-ffff00000121","element-6066-11e4-a52e-4f735466cecf":"00000000-0000-0887-ffff-ffff00000121"}}
04-10 07:57:33.064 28463 28489 I appium  : channel read: POST /wd/hub/session/36470480-8235-4ba4-b7f7-cd46b9e86205/element
04-10 07:57:33.064 28463 28489 I appium  : FindElement command
04-10 07:57:33.065 28463 28489 I appium  : method: 'id', selector: 'ru.otus.wishlist:id/reserved', contextId: '00000000-0000-0887-ffff-ffff00000121'
04-10 07:57:33.071 28463 28489 I appium  : AppiumResponse: {"sessionId":"36470480-8235-4ba4-b7f7-cd46b9e86205","value":{"ELEMENT":"00000000-0000-0887-ffff-ffff0000012d","element-6066-11e4-a52e-4f735466cecf":"00000000-0000-0887-ffff-ffff0000012d"}}
04-10 07:57:33.078 28463 28489 I appium  : channel read: GET /wd/hub/session/36470480-8235-4ba4-b7f7-cd46b9e86205/element/00000000-0000-0887-ffff-ffff0000012d/attribute/displayed
04-10 07:57:33.078 28463 28489 I appium  : GetElementAttribute command
04-10 07:57:33.082 28463 28489 I appium  : AppiumResponse: {"sessionId":"36470480-8235-4ba4-b7f7-cd46b9e86205","value":"true"}
04-10 07:57:33.088 28463 28489 I appium  : channel read: POST /wd/hub/session/36470480-8235-4ba4-b7f7-cd46b9e86205/element
04-10 07:57:33.089 28463 28489 I appium  : FindElement command
04-10 07:57:33.091 28463 28489 I appium  : method: 'id', selector: 'ru.otus.wishlist:id/gifts'
04-10 07:57:33.091 28463 28489 I appium  : Waiting up to 10000ms for the device to idle
04-10 07:57:33.103 28463 28489 I appium  : AppiumResponse: {"sessionId":"36470480-8235-4ba4-b7f7-cd46b9e86205","value":{"ELEMENT":"00000000-0000-0887-ffff-ffff00000119","element-6066-11e4-a52e-4f735466cecf":"00000000-0000-0887-ffff-ffff00000119"}}
04-10 07:57:33.109 28463 28489 I appium  : channel read: POST /wd/hub/session/36470480-8235-4ba4-b7f7-cd46b9e86205/element
04-10 07:57:33.112 28463 28489 I appium  : FindElement command
04-10 07:57:33.114 28463 28489 I appium  : method: 'id', selector: 'ru.otus.wishlist:id/gift_item', contextId: '00000000-0000-0887-ffff-ffff00000119'
04-10 07:57:33.118 28463 28489 I appium  : AppiumResponse: {"sessionId":"36470480-8235-4ba4-b7f7-cd46b9e86205","value":{"ELEMENT":"00000000-0000-0887-ffff-ffff00000121","element-6066-11e4-a52e-4f735466cecf":"00000000-0000-0887-ffff-ffff00000121"}}
04-10 07:57:33.124 28463 28489 I appium  : channel read: POST /wd/hub/session/36470480-8235-4ba4-b7f7-cd46b9e86205/element
04-10 07:57:33.124 28463 28489 I appium  : FindElement command
04-10 07:57:33.125 28463 28489 I appium  : method: 'id', selector: 'ru.otus.wishlist:id/reserved', contextId: '00000000-0000-0887-ffff-ffff00000121'
04-10 07:57:33.129 28463 28489 I appium  : AppiumResponse: {"sessionId":"36470480-8235-4ba4-b7f7-cd46b9e86205","value":{"ELEMENT":"00000000-0000-0887-ffff-ffff0000012d","element-6066-11e4-a52e-4f735466cecf":"00000000-0000-0887-ffff-ffff0000012d"}}
04-10 07:57:33.134 28463 28489 I appium  : channel read: GET /wd/hub/session/36470480-8235-4ba4-b7f7-cd46b9e86205/element/00000000-0000-0887-ffff-ffff0000012d/attribute/displayed
04-10 07:57:33.135 28463 28489 I appium  : GetElementAttribute command
04-10 07:57:33.138 28463 28489 I appium  : AppiumResponse: {"sessionId":"36470480-8235-4ba4-b7f7-cd46b9e86205","value":"true"}
04-10 07:57:33.145 28463 28489 I appium  : channel read: POST /wd/hub/session/36470480-8235-4ba4-b7f7-cd46b9e86205/element/00000000-0000-0887-ffff-ffff0000012d/click
04-10 07:57:33.147 28463 28489 I appium  : Click command
04-10 07:57:33.209 28463 28489 I appium  : Waiting up to 10000ms for the device to idle
04-10 07:57:33.210 28463 28489 I appium  : AppiumResponse: {"sessionId":"36470480-8235-4ba4-b7f7-cd46b9e86205","value":null}
04-10 07:57:33.219 28463 28489 I appium  : channel read: POST /wd/hub/session/36470480-8235-4ba4-b7f7-cd46b9e86205/element
04-10 07:57:33.220 28463 28489 I appium  : FindElement command
04-10 07:57:33.221 28463 28489 I appium  : method: 'id', selector: 'ru.otus.wishlist:id/gifts'
04-10 07:57:33.224 28463 28489 I appium  : Waiting up to 10000ms for the device to idle
04-10 07:57:33.358   371   371 D goldfish-address-space: claimShared: Ask to claim region [0x3f3723000 0x3f3781000]
04-10 07:57:33.503   371   371 D goldfish-address-space: claimShared: Ask to claim region [0x3f3781000 0x3f37df000]
04-10 07:57:33.540 28498 28517 D EGL_emulation: app_time_stats: avg=133.03ms min=1.50ms max=708.87ms count=8
04-10 07:57:33.566   371   371 D goldfish-address-space: claimShared: Ask to claim region [0x3f37df000 0x3f383d000]
04-10 07:57:33.888 28463 28489 I appium  : AppiumResponse: {"sessionId":"36470480-8235-4ba4-b7f7-cd46b9e86205","value":{"ELEMENT":"00000000-0000-0887-ffff-ffff00000119","element-6066-11e4-a52e-4f735466cecf":"00000000-0000-0887-ffff-ffff00000119"}}
04-10 07:57:33.895 28463 28489 I appium  : channel read: POST /wd/hub/session/36470480-8235-4ba4-b7f7-cd46b9e86205/element
04-10 07:57:33.895 28463 28489 I appium  : FindElement command
04-10 07:57:33.896 28463 28489 I appium  : method: 'id', selector: 'ru.otus.wishlist:id/gift_item', contextId: '00000000-0000-0887-ffff-ffff00000119'
04-10 07:57:33.900 28463 28489 I appium  : AppiumResponse: {"sessionId":"36470480-8235-4ba4-b7f7-cd46b9e86205","value":{"ELEMENT":"00000000-0000-0887-ffff-ffff00000121","element-6066-11e4-a52e-4f735466cecf":"00000000-0000-0887-ffff-ffff00000121"}}
04-10 07:57:33.906 28463 28489 I appium  : channel read: GET /wd/hub/session/36470480-8235-4ba4-b7f7-cd46b9e86205/element/00000000-0000-0887-ffff-ffff00000121/attribute/displayed
04-10 07:57:33.906 28463 28489 I appium  : GetElementAttribute command
04-10 07:57:33.912 28463 28489 I appium  : AppiumResponse: {"sessionId":"36470480-8235-4ba4-b7f7-cd46b9e86205","value":"true"}
04-10 07:57:33.930 28463 28489 I appium  : channel read: POST /wd/hub/session/36470480-8235-4ba4-b7f7-cd46b9e86205/element
04-10 07:57:33.930 28463 28489 I appium  : FindElement command
04-10 07:57:33.931 28463 28489 I appium  : method: 'id', selector: 'ru.otus.wishlist:id/gifts'
04-10 07:57:33.931 28463 28489 I appium  : Waiting up to 10000ms for the device to idle
04-10 07:57:33.940 28463 28489 I appium  : AppiumResponse: {"sessionId":"36470480-8235-4ba4-b7f7-cd46b9e86205","value":{"ELEMENT":"00000000-0000-0887-ffff-ffff00000119","element-6066-11e4-a52e-4f735466cecf":"00000000-0000-0887-ffff-ffff00000119"}}
04-10 07:57:33.968 28463 28489 I appium  : channel read: POST /wd/hub/session/36470480-8235-4ba4-b7f7-cd46b9e86205/element
04-10 07:57:33.968 28463 28489 I appium  : FindElement command
04-10 07:57:33.969 28463 28489 I appium  : method: 'id', selector: 'ru.otus.wishlist:id/gift_item', contextId: '00000000-0000-0887-ffff-ffff00000119'
04-10 07:57:33.973 28463 28489 I appium  : AppiumResponse: {"sessionId":"36470480-8235-4ba4-b7f7-cd46b9e86205","value":{"ELEMENT":"00000000-0000-0887-ffff-ffff00000121","element-6066-11e4-a52e-4f735466cecf":"00000000-0000-0887-ffff-ffff00000121"}}
04-10 07:57:33.979 28463 28489 I appium  : channel read: POST /wd/hub/session/36470480-8235-4ba4-b7f7-cd46b9e86205/element
04-10 07:57:33.980 28463 28489 I appium  : FindElement command
04-10 07:57:33.980 28463 28489 I appium  : method: 'id', selector: 'ru.otus.wishlist:id/reserved', contextId: '00000000-0000-0887-ffff-ffff00000121'
04-10 07:57:33.985 28463 28489 I appium  : AppiumResponse: {"sessionId":"36470480-8235-4ba4-b7f7-cd46b9e86205","value":{"ELEMENT":"00000000-0000-0887-ffff-ffff0000012d","element-6066-11e4-a52e-4f735466cecf":"00000000-0000-0887-ffff-ffff0000012d"}}
04-10 07:57:33.992 28463 28489 I appium  : channel read: GET /wd/hub/session/36470480-8235-4ba4-b7f7-cd46b9e86205/element/00000000-0000-0887-ffff-ffff0000012d/attribute/displayed
04-10 07:57:33.992 28463 28489 I appium  : GetElementAttribute command
04-10 07:57:33.995 28463 28489 I appium  : AppiumResponse: {"sessionId":"36470480-8235-4ba4-b7f7-cd46b9e86205","value":"true"}
