04-26 02:14:10.485  5087  5116 I appium  : AppiumResponse: {"sessionId":"33f54f63-29a7-4fde-b32c-ce1b8a7bba6d","value":{"ELEMENT":"00000000-0000-0f39-ffff-ffff0000005e","element-6066-11e4-a52e-4f735466cecf":"00000000-0000-0f39-ffff-ffff0000005e"}}
04-26 02:14:10.492  5087  5116 I appium  : channel read: POST /session/33f54f63-29a7-4fde-b32c-ce1b8a7bba6d/elements
04-26 02:14:10.493  5087  5116 I appium  : FindElements command
04-26 02:14:10.494  5087  5116 I appium  : method: 'id', selector: 'ru.otus.wishlist:id/wishlist_item', contextId: '00000000-0000-0f39-ffff-ffff0000005e'
04-26 02:14:10.497  5087  5116 D UiObject2: Retrieving nodes with selector: BySelector [RES='\Qru.otus.wishlist:id/wishlist_item\E'].
04-26 02:14:10.499  5087  5116 I appium  : Caching 1 found element
04-26 02:14:10.500  5087  5116 I appium  : Cached 1 element
04-26 02:14:10.501  5087  5116 I appium  : AppiumResponse: {"sessionId":"33f54f63-29a7-4fde-b32c-ce1b8a7bba6d","value":[{"ELEMENT":"00000000-0000-0f39-ffff-ffff0000008b","element-6066-11e4-a52e-4f735466cecf":"00000000-0000-0f39-ffff-ffff0000008b"}]}
04-26 02:14:10.508  5087  5116 I appium  : channel read: POST /session/33f54f63-29a7-4fde-b32c-ce1b8a7bba6d/element
04-26 02:14:10.509  5087  5116 I appium  : FindElement command
04-26 02:14:10.510  5087  5116 I appium  : method: 'id', selector: 'ru.otus.wishlist:id/wishlists'
04-26 02:14:10.510  5087  5116 I appium  : Waiting up to 10000ms for the device to idle
04-26 02:14:10.518  5087  5116 I appium  : AppiumResponse: {"sessionId":"33f54f63-29a7-4fde-b32c-ce1b8a7bba6d","value":{"ELEMENT":"00000000-0000-0f39-ffff-ffff0000005e","element-6066-11e4-a52e-4f735466cecf":"00000000-0000-0f39-ffff-ffff0000005e"}}
04-26 02:14:10.525  5087  5116 I appium  : channel read: POST /session/33f54f63-29a7-4fde-b32c-ce1b8a7bba6d/element
04-26 02:14:10.526  5087  5116 I appium  : FindElement command
04-26 02:14:10.528  5087  5116 I appium  : method: 'id', selector: 'ru.otus.wishlist:id/wishlist_item', contextId: '00000000-0000-0f39-ffff-ffff0000005e'
04-26 02:14:10.531  5087  5116 D UiObject2: Retrieving node with selector: BySelector [RES='\Qru.otus.wishlist:id/wishlist_item\E'].
04-26 02:14:10.534  5087  5116 I appium  : AppiumResponse: {"sessionId":"33f54f63-29a7-4fde-b32c-ce1b8a7bba6d","value":{"ELEMENT":"00000000-0000-0f39-ffff-ffff0000008b","element-6066-11e4-a52e-4f735466cecf":"00000000-0000-0f39-ffff-ffff0000008b"}}
04-26 02:14:10.540  5087  5116 I appium  : channel read: GET /session/33f54f63-29a7-4fde-b32c-ce1b8a7bba6d/element/00000000-0000-0f39-ffff-ffff0000008b/attribute/displayed
04-26 02:14:10.541  5087  5116 I appium  : GetElementAttribute command
04-26 02:14:10.545  5087  5116 I appium  : AppiumResponse: {"sessionId":"33f54f63-29a7-4fde-b32c-ce1b8a7bba6d","value":"true"}
04-26 02:14:10.551  5087  5116 I appium  : channel read: POST /session/33f54f63-29a7-4fde-b32c-ce1b8a7bba6d/element
04-26 02:14:10.552  5087  5116 I appium  : FindElement command
04-26 02:14:10.553  5087  5116 I appium  : method: 'id', selector: 'ru.otus.wishlist:id/wishlists'
04-26 02:14:10.553  5087  5116 I appium  : Waiting up to 10000ms for the device to idle
04-26 02:14:10.562  5087  5116 I appium  : AppiumResponse: {"sessionId":"33f54f63-29a7-4fde-b32c-ce1b8a7bba6d","value":{"ELEMENT":"00000000-0000-0f39-ffff-ffff0000005e","element-6066-11e4-a52e-4f735466cecf":"00000000-0000-0f39-ffff-ffff0000005e"}}
04-26 02:14:10.570  5087  5116 I appium  : channel read: POST /session/33f54f63-29a7-4fde-b32c-ce1b8a7bba6d/element
04-26 02:14:10.571  5087  5116 I appium  : FindElement command
04-26 02:14:10.571  5087  5116 I appium  : method: 'id', selector: 'ru.otus.wishlist:id/wishlist_item', contextId: '00000000-0000-0f39-ffff-ffff0000005e'
04-26 02:14:10.574  5087  5116 D UiObject2: Retrieving node with selector: BySelector [RES='\Qru.otus.wishlist:id/wishlist_item\E'].
04-26 02:14:10.576  5087  5116 I appium  : AppiumResponse: {"sessionId":"33f54f63-29a7-4fde-b32c-ce1b8a7bba6d","value":{"ELEMENT":"00000000-0000-0f39-ffff-ffff0000008b","element-6066-11e4-a52e-4f735466cecf":"00000000-0000-0f39-ffff-ffff0000008b"}}
04-26 02:14:10.583  5087  5116 I appium  : channel read: POST /session/33f54f63-29a7-4fde-b32c-ce1b8a7bba6d/element
04-26 02:14:10.583  5087  5116 I appium  : FindElement command
04-26 02:14:10.585  5087  5116 I appium  : method: 'id', selector: 'ru.otus.wishlist:id/title', contextId: '00000000-0000-0f39-ffff-ffff0000008b'
04-26 02:14:10.587  5087  5116 D UiObject2: Retrieving node with selector: BySelector [RES='\Qru.otus.wishlist:id/title\E'].
04-26 02:14:10.589  5087  5116 I appium  : AppiumResponse: {"sessionId":"33f54f63-29a7-4fde-b32c-ce1b8a7bba6d","value":{"ELEMENT":"00000000-0000-0f39-ffff-ffff0000008c","element-6066-11e4-a52e-4f735466cecf":"00000000-0000-0f39-ffff-ffff0000008c"}}
04-26 02:14:10.597  5087  5116 I appium  : channel read: GET /session/33f54f63-29a7-4fde-b32c-ce1b8a7bba6d/element/00000000-0000-0f39-ffff-ffff0000008c/name
04-26 02:14:10.598  5087  5116 I appium  : GetName command
04-26 02:14:10.601  5087  5116 I appium  : AppiumResponse: {"sessionId":"33f54f63-29a7-4fde-b32c-ce1b8a7bba6d","value":null}
04-26 02:14:10.608  5087  5116 I appium  : channel read: GET /session/33f54f63-29a7-4fde-b32c-ce1b8a7bba6d/element/00000000-0000-0f39-ffff-ffff0000008c/text
04-26 02:14:10.610  5087  5116 I appium  : GetText command
04-26 02:14:10.614  5087  5116 I appium  : AppiumResponse: {"sessionId":"33f54f63-29a7-4fde-b32c-ce1b8a7bba6d","value":"Новый год"}
04-26 02:14:10.621  5087  5116 I appium  : channel read: POST /session/33f54f63-29a7-4fde-b32c-ce1b8a7bba6d/element
04-26 02:14:10.622  5087  5116 I appium  : FindElement command
04-26 02:14:10.622  5087  5116 I appium  : method: 'id', selector: 'ru.otus.wishlist:id/wishlists'
04-26 02:14:10.623  5087  5116 I appium  : Waiting up to 10000ms for the device to idle
04-26 02:14:10.629  5087  5116 I appium  : AppiumResponse: {"sessionId":"33f54f63-29a7-4fde-b32c-ce1b8a7bba6d","value":{"ELEMENT":"00000000-0000-0f39-ffff-ffff0000005e","element-6066-11e4-a52e-4f735466cecf":"00000000-0000-0f39-ffff-ffff0000005e"}}
04-26 02:14:10.636  5087  5116 I appium  : channel read: POST /session/33f54f63-29a7-4fde-b32c-ce1b8a7bba6d/element
04-26 02:14:10.637  5087  5116 I appium  : FindElement command
04-26 02:14:10.637  5087  5116 I appium  : method: 'id', selector: 'ru.otus.wishlist:id/wishlist_item', contextId: '00000000-0000-0f39-ffff-ffff0000005e'
04-26 02:14:10.639  5087  5116 D UiObject2: Retrieving node with selector: BySelector [RES='\Qru.otus.wishlist:id/wishlist_item\E'].
04-26 02:14:10.641  5087  5116 I appium  : AppiumResponse: {"sessionId":"33f54f63-29a7-4fde-b32c-ce1b8a7bba6d","value":{"ELEMENT":"00000000-0000-0f39-ffff-ffff0000008b","element-6066-11e4-a52e-4f735466cecf":"00000000-0000-0f39-ffff-ffff0000008b"}}
04-26 02:14:10.647  5087  5116 I appium  : channel read: GET /session/33f54f63-29a7-4fde-b32c-ce1b8a7bba6d/element/00000000-0000-0f39-ffff-ffff0000008b/attribute/displayed
04-26 02:14:10.647  5087  5116 I appium  : GetElementAttribute command
04-26 02:14:10.650  5087  5116 I appium  : AppiumResponse: {"sessionId":"33f54f63-29a7-4fde-b32c-ce1b8a7bba6d","value":"true"}
04-26 02:14:10.657  5087  5116 I appium  : channel read: POST /session/33f54f63-29a7-4fde-b32c-ce1b8a7bba6d/element
04-26 02:14:10.657  5087  5116 I appium  : FindElement command
04-26 02:14:10.658  5087  5116 I appium  : method: 'id', selector: 'ru.otus.wishlist:id/wishlists'
04-26 02:14:10.659  5087  5116 I appium  : Waiting up to 10000ms for the device to idle
04-26 02:14:10.665  5087  5116 I appium  : AppiumResponse: {"sessionId":"33f54f63-29a7-4fde-b32c-ce1b8a7bba6d","value":{"ELEMENT":"00000000-0000-0f39-ffff-ffff0000005e","element-6066-11e4-a52e-4f735466cecf":"00000000-0000-0f39-ffff-ffff0000005e"}}
04-26 02:14:10.670  5087  5116 I appium  : channel read: POST /session/33f54f63-29a7-4fde-b32c-ce1b8a7bba6d/element
04-26 02:14:10.671  5087  5116 I appium  : FindElement command
04-26 02:14:10.672  5087  5116 I appium  : method: 'id', selector: 'ru.otus.wishlist:id/wishlist_item', contextId: '00000000-0000-0f39-ffff-ffff0000005e'
04-26 02:14:10.674  5087  5116 D UiObject2: Retrieving node with selector: BySelector [RES='\Qru.otus.wishlist:id/wishlist_item\E'].
04-26 02:14:10.676  5087  5116 I appium  : AppiumResponse: {"sessionId":"33f54f63-29a7-4fde-b32c-ce1b8a7bba6d","value":{"ELEMENT":"00000000-0000-0f39-ffff-ffff0000008b","element-6066-11e4-a52e-4f735466cecf":"00000000-0000-0f39-ffff-ffff0000008b"}}
04-26 02:14:10.682  5087  5116 I appium  : channel read: POST /session/33f54f63-29a7-4fde-b32c-ce1b8a7bba6d/element
04-26 02:14:10.682  5087  5116 I appium  : FindElement command
04-26 02:14:10.683  5087  5116 I appium  : method: 'id', selector: 'ru.otus.wishlist:id/subtitle', contextId: '00000000-0000-0f39-ffff-ffff0000008b'
04-26 02:14:10.686  5087  5116 D UiObject2: Retrieving node with selector: BySelector [RES='\Qru.otus.wishlist:id/subtitle\E'].
04-26 02:14:10.688  5087  5116 I appium  : AppiumResponse: {"sessionId":"33f54f63-29a7-4fde-b32c-ce1b8a7bba6d","value":{"ELEMENT":"00000000-0000-0f39-ffff-ffff0000008d","element-6066-11e4-a52e-4f735466cecf":"00000000-0000-0f39-ffff-ffff0000008d"}}
04-26 02:14:10.694  5087  5116 I appium  : channel read: GET /session/33f54f63-29a7-4fde-b32c-ce1b8a7bba6d/element/00000000-0000-0f39-ffff-ffff0000008d/name
04-26 02:14:10.694  5087  5116 I appium  : GetName command
04-26 02:14:10.698  5087  5116 I appium  : AppiumResponse: {"sessionId":"33f54f63-29a7-4fde-b32c-ce1b8a7bba6d","value":null}
04-26 02:14:10.703  5087  5116 I appium  : channel read: GET /session/33f54f63-29a7-4fde-b32c-ce1b8a7bba6d/element/00000000-0000-0f39-ffff-ffff0000008d/text
04-26 02:14:10.704  5087  5116 I appium  : GetText command
04-26 02:14:10.706  5087  5116 I appium  : AppiumResponse: {"sessionId":"33f54f63-29a7-4fde-b32c-ce1b8a7bba6d","value":"К нам мчится, скоро все случится"}
04-26 02:14:10.713  5087  5116 I appium  : channel read: POST /session/33f54f63-29a7-4fde-b32c-ce1b8a7bba6d/element
04-26 02:14:10.713  5087  5116 I appium  : FindElement command
04-26 02:14:10.713  5087  5116 I appium  : method: 'id', selector: 'ru.otus.wishlist:id/wishlists'
04-26 02:14:10.714  5087  5116 I appium  : Waiting up to 10000ms for the device to idle
04-26 02:14:10.722  5087  5116 I appium  : AppiumResponse: {"sessionId":"33f54f63-29a7-4fde-b32c-ce1b8a7bba6d","value":{"ELEMENT":"00000000-0000-0f39-ffff-ffff0000005e","element-6066-11e4-a52e-4f735466cecf":"00000000-0000-0f39-ffff-ffff0000005e"}}
04-26 02:14:10.729  5087  5116 I appium  : channel read: POST /session/33f54f63-29a7-4fde-b32c-ce1b8a7bba6d/element
04-26 02:14:10.729  5087  5116 I appium  : FindElement command
04-26 02:14:10.730  5087  5116 I appium  : method: 'id', selector: 'ru.otus.wishlist:id/wishlist_item', contextId: '00000000-0000-0f39-ffff-ffff0000005e'
04-26 02:14:10.732  5087  5116 D UiObject2: Retrieving node with selector: BySelector [RES='\Qru.otus.wishlist:id/wishlist_item\E'].
04-26 02:14:10.735  5087  5116 I appium  : AppiumResponse: {"sessionId":"33f54f63-29a7-4fde-b32c-ce1b8a7bba6d","value":{"ELEMENT":"00000000-0000-0f39-ffff-ffff0000008b","element-6066-11e4-a52e-4f735466cecf":"00000000-0000-0f39-ffff-ffff0000008b"}}
04-26 02:14:10.741  5087  5116 I appium  : channel read: GET /session/33f54f63-29a7-4fde-b32c-ce1b8a7bba6d/element/00000000-0000-0f39-ffff-ffff0000008b/attribute/displayed
04-26 02:14:10.741  5087  5116 I appium  : GetElementAttribute command
04-26 02:14:10.745  5087  5116 I appium  : AppiumResponse: {"sessionId":"33f54f63-29a7-4fde-b32c-ce1b8a7bba6d","value":"true"}
04-26 02:14:10.752  5087  5116 I appium  : channel read: POST /session/33f54f63-29a7-4fde-b32c-ce1b8a7bba6d/element
04-26 02:14:10.752  5087  5116 I appium  : FindElement command
04-26 02:14:10.753  5087  5116 I appium  : method: 'id', selector: 'ru.otus.wishlist:id/wishlists'
04-26 02:14:10.753  5087  5116 I appium  : Waiting up to 10000ms for the device to idle
04-26 02:14:10.760  5087  5116 I appium  : AppiumResponse: {"sessionId":"33f54f63-29a7-4fde-b32c-ce1b8a7bba6d","value":{"ELEMENT":"00000000-0000-0f39-ffff-ffff0000005e","element-6066-11e4-a52e-4f735466cecf":"00000000-0000-0f39-ffff-ffff0000005e"}}
04-26 02:14:10.766  5087  5116 I appium  : channel read: POST /session/33f54f63-29a7-4fde-b32c-ce1b8a7bba6d/element
04-26 02:14:10.767  5087  5116 I appium  : FindElement command
04-26 02:14:10.768  5087  5116 I appium  : method: 'id', selector: 'ru.otus.wishlist:id/wishlist_item', contextId: '00000000-0000-0f39-ffff-ffff0000005e'
04-26 02:14:10.771  5087  5116 D UiObject2: Retrieving node with selector: BySelector [RES='\Qru.otus.wishlist:id/wishlist_item\E'].
04-26 02:14:10.773  5087  5116 I appium  : AppiumResponse: {"sessionId":"33f54f63-29a7-4fde-b32c-ce1b8a7bba6d","value":{"ELEMENT":"00000000-0000-0f39-ffff-ffff0000008b","element-6066-11e4-a52e-4f735466cecf":"00000000-0000-0f39-ffff-ffff0000008b"}}
04-26 02:14:10.779  5087  5116 I appium  : channel read: POST /session/33f54f63-29a7-4fde-b32c-ce1b8a7bba6d/element
04-26 02:14:10.780  5087  5116 I appium  : FindElement command
04-26 02:14:10.780  5087  5116 I appium  : method: 'id', selector: 'ru.otus.wishlist:id/edit_button', contextId: '00000000-0000-0f39-ffff-ffff0000008b'
04-26 02:14:10.783  5087  5116 D UiObject2: Retrieving node with selector: BySelector [RES='\Qru.otus.wishlist:id/edit_button\E'].
04-26 02:14:10.785  5087  5116 I appium  : AppiumResponse: {"sessionId":"33f54f63-29a7-4fde-b32c-ce1b8a7bba6d","value":{"ELEMENT":"00000000-0000-0f39-ffff-ffff0000008f","element-6066-11e4-a52e-4f735466cecf":"00000000-0000-0f39-ffff-ffff0000008f"}}
04-26 02:14:10.791  5087  5116 I appium  : channel read: GET /session/33f54f63-29a7-4fde-b32c-ce1b8a7bba6d/element/00000000-0000-0f39-ffff-ffff0000008f/attribute/displayed
04-26 02:14:10.791  5087  5116 I appium  : GetElementAttribute command
04-26 02:14:10.795  5087  5116 I appium  : AppiumResponse: {"sessionId":"33f54f63-29a7-4fde-b32c-ce1b8a7bba6d","value":"true"}
04-26 02:14:10.800  5087  5116 I appium  : channel read: POST /session/33f54f63-29a7-4fde-b32c-ce1b8a7bba6d/element
04-26 02:14:10.801  5087  5116 I appium  : FindElement command
04-26 02:14:10.801  5087  5116 I appium  : method: 'id', selector: 'ru.otus.wishlist:id/wishlists'
04-26 02:14:10.802  5087  5116 I appium  : Waiting up to 10000ms for the device to idle
04-26 02:14:10.812  5087  5116 I appium  : AppiumResponse: {"sessionId":"33f54f63-29a7-4fde-b32c-ce1b8a7bba6d","value":{"ELEMENT":"00000000-0000-0f39-ffff-ffff0000005e","element-6066-11e4-a52e-4f735466cecf":"00000000-0000-0f39-ffff-ffff0000005e"}}
04-26 02:14:10.818  5087  5116 I appium  : channel read: POST /session/33f54f63-29a7-4fde-b32c-ce1b8a7bba6d/element
04-26 02:14:10.818  5087  5116 I appium  : FindElement command
04-26 02:14:10.819  5087  5116 I appium  : method: 'id', selector: 'ru.otus.wishlist:id/wishlist_item', contextId: '00000000-0000-0f39-ffff-ffff0000005e'
04-26 02:14:10.821  5087  5116 D UiObject2: Retrieving node with selector: BySelector [RES='\Qru.otus.wishlist:id/wishlist_item\E'].
04-26 02:14:10.824  5087  5116 I appium  : AppiumResponse: {"sessionId":"33f54f63-29a7-4fde-b32c-ce1b8a7bba6d","value":{"ELEMENT":"00000000-0000-0f39-ffff-ffff0000008b","element-6066-11e4-a52e-4f735466cecf":"00000000-0000-0f39-ffff-ffff0000008b"}}
04-26 02:14:10.830  5087  5116 I appium  : channel read: POST /session/33f54f63-29a7-4fde-b32c-ce1b8a7bba6d/element
04-26 02:14:10.830  5087  5116 I appium  : FindElement command
04-26 02:14:10.831  5087  5116 I appium  : method: 'id', selector: 'ru.otus.wishlist:id/edit_button', contextId: '00000000-0000-0f39-ffff-ffff0000008b'
04-26 02:14:10.833  5087  5116 D UiObject2: Retrieving node with selector: BySelector [RES='\Qru.otus.wishlist:id/edit_button\E'].
04-26 02:14:10.835  5087  5116 I appium  : AppiumResponse: {"sessionId":"33f54f63-29a7-4fde-b32c-ce1b8a7bba6d","value":{"ELEMENT":"00000000-0000-0f39-ffff-ffff0000008f","element-6066-11e4-a52e-4f735466cecf":"00000000-0000-0f39-ffff-ffff0000008f"}}
04-26 02:14:10.840  5087  5116 I appium  : channel read: GET /session/33f54f63-29a7-4fde-b32c-ce1b8a7bba6d/element/00000000-0000-0f39-ffff-ffff0000008f/attribute/displayed
04-26 02:14:10.841  5087  5116 I appium  : GetElementAttribute command
04-26 02:14:10.845  5087  5116 I appium  : AppiumResponse: {"sessionId":"33f54f63-29a7-4fde-b32c-ce1b8a7bba6d","value":"true"}
04-26 02:14:10.851  5087  5116 I appium  : channel read: POST /session/33f54f63-29a7-4fde-b32c-ce1b8a7bba6d/element/00000000-0000-0f39-ffff-ffff0000008f/click
04-26 02:14:10.852  5087  5116 I appium  : Click command
04-26 02:14:10.885  5128  5147 D EGL_emulation: app_time_stats: avg=105.05ms min=1.45ms max=902.47ms count=9
04-26 02:14:10.891  5087  5116 W GestureController: Gestures took longer than expected (34ms >> 16ms), device might be in a busy state.
04-26 02:14:10.891  5087  5116 I appium  : Waiting up to 10000ms for the device to idle
04-26 02:14:10.892  5087  5116 I appium  : AppiumResponse: {"sessionId":"33f54f63-29a7-4fde-b32c-ce1b8a7bba6d","value":null}
04-26 02:14:10.904  5087  5116 I appium  : channel read: POST /session/33f54f63-29a7-4fde-b32c-ce1b8a7bba6d/element
04-26 02:14:10.905  5087  5116 I appium  : FindElement command
04-26 02:14:10.906  5087  5116 I appium  : method: 'id', selector: 'ru.otus.wishlist:id/wishlist_edit_title'
04-26 02:14:10.906  5087  5116 I appium  : Waiting up to 10000ms for the device to idle
04-26 02:14:10.940 12660 14069 D CompatibilityChangeReporter: Compat change id reported: 168419799; UID 10151; state: DISABLED
04-26 02:14:10.959   371   411 D goldfish-address-space: claimShared: Ask to claim region [0x3f4fc3000 0x3f5bd2000]
04-26 02:14:10.991   371   411 D goldfish-address-space: claimShared: Ask to claim region [0x3f5bd2000 0x3f67e1000]
04-26 02:14:11.040   371   411 D goldfish-address-space: claimShared: Ask to claim region [0x3f67e1000 0x3f73f0000]
04-26 02:14:11.113  5087  5116 W ByMatcher: Node returned null child: android.view.accessibility.AccessibilityNodeInfo@1c64f; boundsInParent: Rect(0, 0 - 1080, 198); boundsInScreen: Rect(0, 145 - 1080, 343); packageName: ru.otus.wishlist; className: android.view.ViewGroup; text: null; error: null; maxTextLength: -1; stateDescription: null; contentDescription: null; tooltipText: null; viewIdResName: ru.otus.wishlist:id/top_app_bar; checkable: false; checked: false; focusable: false; focused: false; selected: false; clickable: false; longClickable: false; contextClickable: false; enabled: true; password: false; scrollable: false; importantForAccessibility: false; visible: true; actions: [AccessibilityAction: ACTION_SELECT - null, AccessibilityAction: ACTION_CLEAR_SELECTION - null, AccessibilityAction: ACTION_ACCESSIBILITY_FOCUS - null, AccessibilityAction: ACTION_SHOW_ON_SCREEN - null]
04-26 02:14:11.113  5087  5116 W ByMatcher: Skipping null child (0 of 1)
04-26 02:14:11.114  5087  5116 W ByMatcher: Node returned null child: android.view.accessibility.AccessibilityNodeInfo@1becd; boundsInParent: Rect(0, 0 - 1080, 1832); boundsInScreen: Rect(0, 145 - 1080, 1977); packageName: ru.otus.wishlist; className: android.view.ViewGroup; text: null; error: null; maxTextLength: -1; stateDescription: null; contentDescription: null; tooltipText: null; viewIdResName: null; checkable: false; checked: false; focusable: false; focused: false; selected: false; clickable: false; longClickable: false; contextClickable: false; enabled: true; password: false; scrollable: false; importantForAccessibility: false; visible: true; actions: [AccessibilityAction: ACTION_SELECT - null, AccessibilityAction: ACTION_CLEAR_SELECTION - null, AccessibilityAction: ACTION_ACCESSIBILITY_FOCUS - null, AccessibilityAction: ACTION_SHOW_ON_SCREEN - null]
04-26 02:14:11.114  5087  5116 W ByMatcher: Skipping null child (1 of 3)
04-26 02:14:11.115  5087  5116 W ByMatcher: Skipping null child (2 of 3)
04-26 02:14:11.115  5087  5116 W ByMatcher: Node returned null child: android.view.accessibility.AccessibilityNodeInfo@13b6a; boundsInParent: Rect(0, 0 - 1080, 2063); boundsInScreen: Rect(0, 145 - 1080, 2208); packageName: ru.otus.wishlist; className: android.view.ViewGroup; text: null; error: null; maxTextLength: -1; stateDescription: null; contentDescription: null; tooltipText: null; viewIdResName: ru.otus.wishlist:id/main; checkable: false; checked: false; focusable: false; focused: false; selected: false; clickable: false; longClickable: false; contextClickable: false; enabled: true; password: false; scrollable: false; importantForAccessibility: false; visible: true; actions: [AccessibilityAction: ACTION_SELECT - null, AccessibilityAction: ACTION_CLEAR_SELECTION - null, AccessibilityAction: ACTION_ACCESSIBILITY_FOCUS - null, AccessibilityAction: ACTION_SHOW_ON_SCREEN - null]
04-26 02:14:11.115  5087  5116 W ByMatcher: Skipping null child (1 of 2)
04-26 02:14:11.115  5087  5116 W ByMatcher: Node returned null child: android.view.accessibility.AccessibilityNodeInfo@80007bf7; boundsInParent: Rect(0, 0 - 1080, 2340); boundsInScreen: Rect(0, 0 - 1080, 2340); packageName: ru.otus.wishlist; className: android.widget.FrameLayout; text: null; error: null; maxTextLength: -1; stateDescription: null; contentDescription: null; tooltipText: null; viewIdResName: null; checkable: false; checked: false; focusable: false; focused: false; selected: false; clickable: false; longClickable: false; contextClickable: false; enabled: true; password: false; scrollable: false; importantForAccessibility: true; visible: true; actions: [AccessibilityAction: ACTION_SELECT - null, AccessibilityAction: ACTION_CLEAR_SELECTION - null, AccessibilityAction: ACTION_ACCESSIBILITY_FOCUS - null, AccessibilityAction: ACTION_SHOW_ON_SCREEN - null]
04-26 02:14:11.115  5087  5116 W ByMatcher: Skipping null child (1 of 2)
04-26 02:14:11.117  5087  5116 W ByMatcher: Node returned null child: android.view.accessibility.AccessibilityNodeInfo@80007bf7; boundsInParent: Rect(0, 0 - 1080, 2340); boundsInScreen: Rect(0, 0 - 1080, 2340); packageName: ru.otus.wishlist; className: android.widget.FrameLayout; text: null; error: null; maxTextLength: -1; stateDescription: null; contentDescription: null; tooltipText: null; viewIdResName: null; checkable: false; checked: false; focusable: false; focused: false; selected: false; clickable: false; longClickable: false; contextClickable: false; enabled: true; password: false; scrollable: false; importantForAccessibility: true; visible: true; actions: [AccessibilityAction: ACTION_SELECT - null, AccessibilityAction: ACTION_CLEAR_SELECTION - null, AccessibilityAction: ACTION_ACCESSIBILITY_FOCUS - null, AccessibilityAction: ACTION_SHOW_ON_SCREEN - null]
04-26 02:14:11.117  5087  5116 W ByMatcher: Skipping null child (0 of 2)
04-26 02:14:11.119  5087  5116 W ByMatcher: Skipping null child (1 of 2)
04-26 02:14:11.120  5087  5116 I appium  : AppiumResponse: {"sessionId":"33f54f63-29a7-4fde-b32c-ce1b8a7bba6d","value":{"error":"no such element","message":"An element could not be located on the page using the given search parameters","stacktrace":"io.appium.uiautomator2.common.exceptions.ElementNotFoundException: An element could not be located on the page using the given search parameters\n\tat io.appium.uiautomator2.handler.FindElement.safeHandle(FindElement.java:63)\n\tat io.appium.uiautomator2.handler.request.SafeRequestHandler.handle(SafeRequestHandler.java:59)\n\tat io.appium.uiautomator2.server.AppiumServlet.handleRequest(AppiumServlet.java:267)\n\tat io.appium.uiautomator2.server.AppiumServlet.handleHttpRequest(AppiumServlet.java:261)\n\tat io.appium.uiautomator2.http.ServerHandler.channelRead(ServerHandler.java:77)\n\tat io.netty.channel.AbstractChannelHandlerContext.fireChannelRead(AbstractChannelHandlerContext.java:356)\n\tat io.netty.handler.codec.MessageToMessageDecoder.channelRead(MessageToMessageDecoder.java:107)\n\tat io.netty.channel.AbstractChannelHandlerContext.fireChannelRead(AbstractChannelHandlerContext.java:356)\n\tat io.netty.channel.CombinedChannelDuplexHandler$DelegatingChannelHandlerContext.fireChannelRead(CombinedChannelDuplexHandler.java:434)\n\tat io.netty.handler.codec.ByteToMessageDecoder.fireChannelRead(ByteToMessageDecoder.java:361)\n\tat io.netty.handler.codec.ByteToMessageDecoder.channelRead(ByteToMessageDecoder.java:325)\n\tat io.netty.channel.CombinedChannelDuplexHandler.channelRead(CombinedChannelDuplexHandler.java:249)\n\tat io.netty.channel.AbstractChannelHandlerContext.fireChannelRead(AbstractChannelHandlerContext.java:354)\n\tat io.netty.handler.timeout.IdleStateHandler.channelRead(IdleStateHandler.java:293)\n\tat io.netty.channel.AbstractChannelHandlerContext.fireChannelRead(AbstractChannelHandlerContext.java:354)\n\tat io.netty.channel.DefaultChannelPipeline$HeadContext.channelRead(DefaultChannelPipeline.java:1429)\n\tat io.netty.channel.DefaultChannelPipeline.fireChannelRead(DefaultChannelPipeline.java:918)\n\tat io.netty.channel.nio.AbstractNioByteChannel$NioByteUnsafe.read(AbstractNioByteChannel.java:172)\n\tat io.netty.channel.nio.AbstractNioChannel$AbstractNioUnsafe.handle(AbstractNioChannel.java:445)\n\tat io.netty.channel.nio.NioIoHandler$DefaultNioRegistration.handle(NioIoHandler.java:388)\n\tat io.netty.channel.nio.NioIoHandler.processSelectedKey(NioIoHandler.java:596)\n\tat io.netty.channel.nio.NioIoHandler.processSelectedKeysOptimized(NioIoHandler.java:571)\n\tat io.netty.channel.nio.NioIoHandler.processSelectedKeys(NioIoHandler.java:512)\n\tat io.netty.channel.nio.NioIoHandler.run(NioIoHandler.java:484)\n\tat io.netty.channel.SingleThreadIoEventLoop.runIo(SingleThreadIoEventLoop.java:225)\n\tat io.netty.channel.SingleThreadIoEventLoop.run(SingleThreadIoEventLoop.java:196)\n\tat io.netty.util.concurrent.SingleThreadEventExecutor$5.run(SingleThreadEventExecutor.java:1195)\n\tat io.netty.util.internal.ThreadExecutorMap$2.run(ThreadExecutorMap.java:74)\n\tat io.netty.util.concurrent.FastThreadLocalRunnable.run(FastThreadLocalRunnable.java:30)\n\tat java.lang.Thread.run(Thread.java:920)\n"}}
04-26 02:14:11.122 13314 13314 I GoogleInputMethodService: GoogleInputMethodService.onFinishInput():3420 
04-26 02:14:11.122 13314 13314 I GoogleInputMethodService: GoogleInputMethodService.onStartInput():2002 
04-26 02:14:11.125 13314 13314 I DeviceUnlockedTag: DeviceUnlockedTag.notifyDeviceLockStatusChanged():31 Notify device unlocked.
04-26 02:14:11.641  5087  5116 I appium  : channel read: POST /session/33f54f63-29a7-4fde-b32c-ce1b8a7bba6d/element
04-26 02:14:11.641  5087  5116 I appium  : FindElement command
04-26 02:14:11.641  5087  5116 I appium  : method: 'id', selector: 'ru.otus.wishlist:id/wishlist_edit_title'
04-26 02:14:11.642  5087  5116 I appium  : Waiting up to 10000ms for the device to idle
04-26 02:14:11.752  5087  5116 I appium  : AppiumResponse: {"sessionId":"33f54f63-29a7-4fde-b32c-ce1b8a7bba6d","value":{"ELEMENT":"00000000-0000-0f3c-ffff-ffff0000009d","element-6066-11e4-a52e-4f735466cecf":"00000000-0000-0f3c-ffff-ffff0000009d"}}
04-26 02:14:11.759  5087  5116 I appium  : channel read: GET /session/33f54f63-29a7-4fde-b32c-ce1b8a7bba6d/element/00000000-0000-0f3c-ffff-ffff0000009d/attribute/displayed
04-26 02:14:11.759  5087  5116 I appium  : GetElementAttribute command
04-26 02:14:11.763  5087  5116 I appium  : AppiumResponse: {"sessionId":"33f54f63-29a7-4fde-b32c-ce1b8a7bba6d","value":"true"}
04-26 02:14:11.771  5087  5116 I appium  : channel read: POST /session/33f54f63-29a7-4fde-b32c-ce1b8a7bba6d/element
04-26 02:14:11.771  5087  5116 I appium  : FindElement command
04-26 02:14:11.772  5087  5116 I appium  : method: 'id', selector: 'ru.otus.wishlist:id/wishlist_edit_title'
04-26 02:14:11.772  5087  5116 I appium  : Waiting up to 10000ms for the device to idle
04-26 02:14:11.779  5087  5116 I appium  : AppiumResponse: {"sessionId":"33f54f63-29a7-4fde-b32c-ce1b8a7bba6d","value":{"ELEMENT":"00000000-0000-0f3c-ffff-ffff0000009d","element-6066-11e4-a52e-4f735466cecf":"00000000-0000-0f3c-ffff-ffff0000009d"}}
04-26 02:14:11.786  5087  5116 I appium  : channel read: GET /session/33f54f63-29a7-4fde-b32c-ce1b8a7bba6d/element/00000000-0000-0f3c-ffff-ffff0000009d/name
04-26 02:14:11.787  5087  5116 I appium  : GetName command
04-26 02:14:11.791  5087  5116 I appium  : AppiumResponse: {"sessionId":"33f54f63-29a7-4fde-b32c-ce1b8a7bba6d","value":null}
04-26 02:14:11.797  5087  5116 I appium  : channel read: GET /session/33f54f63-29a7-4fde-b32c-ce1b8a7bba6d/element/00000000-0000-0f3c-ffff-ffff0000009d/text
04-26 02:14:11.797  5087  5116 I appium  : GetText command
04-26 02:14:11.801  5087  5116 I appium  : AppiumResponse: {"sessionId":"33f54f63-29a7-4fde-b32c-ce1b8a7bba6d","value":"Изменить список желаний"}
04-26 02:14:11.809  5087  5116 I appium  : channel read: POST /session/33f54f63-29a7-4fde-b32c-ce1b8a7bba6d/element
04-26 02:14:11.809  5087  5116 I appium  : FindElement command
04-26 02:14:11.810  5087  5116 I appium  : method: 'id', selector: 'ru.otus.wishlist:id/description_input'
04-26 02:14:11.810  5087  5116 I appium  : Waiting up to 10000ms for the device to idle
04-26 02:14:11.816  5087  5116 I appium  : AppiumResponse: {"sessionId":"33f54f63-29a7-4fde-b32c-ce1b8a7bba6d","value":{"ELEMENT":"00000000-0000-0f3c-ffff-ffff000000ab","element-6066-11e4-a52e-4f735466cecf":"00000000-0000-0f3c-ffff-ffff000000ab"}}
04-26 02:14:11.824  5087  5116 I appium  : channel read: GET /session/33f54f63-29a7-4fde-b32c-ce1b8a7bba6d/element/00000000-0000-0f3c-ffff-ffff000000ab/attribute/displayed
04-26 02:14:11.826  5087  5116 I appium  : GetElementAttribute command
04-26 02:14:11.829  5087  5116 I appium  : AppiumResponse: {"sessionId":"33f54f63-29a7-4fde-b32c-ce1b8a7bba6d","value":"true"}
04-26 02:14:11.836  5087  5116 I appium  : channel read: POST /session/33f54f63-29a7-4fde-b32c-ce1b8a7bba6d/element
04-26 02:14:11.838  5087  5116 I appium  : FindElement command
04-26 02:14:11.839  5087  5116 I appium  : method: 'id', selector: 'ru.otus.wishlist:id/description_input'
04-26 02:14:11.840  5087  5116 I appium  : Waiting up to 10000ms for the device to idle
04-26 02:14:11.846  5087  5116 I appium  : AppiumResponse: {"sessionId":"33f54f63-29a7-4fde-b32c-ce1b8a7bba6d","value":{"ELEMENT":"00000000-0000-0f3c-ffff-ffff000000ab","element-6066-11e4-a52e-4f735466cecf":"00000000-0000-0f3c-ffff-ffff000000ab"}}
04-26 02:14:11.852  5087  5116 I appium  : channel read: GET /session/33f54f63-29a7-4fde-b32c-ce1b8a7bba6d/element/00000000-0000-0f3c-ffff-ffff000000ab/attribute/displayed
04-26 02:14:11.853  5087  5116 I appium  : GetElementAttribute command
04-26 02:14:11.857  5087  5116 I appium  : AppiumResponse: {"sessionId":"33f54f63-29a7-4fde-b32c-ce1b8a7bba6d","value":"true"}
04-26 02:14:11.864  5087  5116 I appium  : channel read: POST /session/33f54f63-29a7-4fde-b32c-ce1b8a7bba6d/element/00000000-0000-0f3c-ffff-ffff000000ab/clear
04-26 02:14:11.864  5087  5116 I appium  : Clear command
04-26 02:14:11.869  5087  5116 D UiObject2: Setting text to ''.
04-26 02:14:11.872  5087  5116 I appium  : AppiumResponse: {"sessionId":"33f54f63-29a7-4fde-b32c-ce1b8a7bba6d","value":null}
04-26 02:14:11.878  5087  5116 I appium  : channel read: POST /session/33f54f63-29a7-4fde-b32c-ce1b8a7bba6d/element
04-26 02:14:11.878  5087  5116 I appium  : FindElement command
04-26 02:14:11.880  5087  5116 I appium  : method: 'id', selector: 'ru.otus.wishlist:id/description_input'
04-26 02:14:11.880  5087  5116 I appium  : Waiting up to 10000ms for the device to idle
04-26 02:14:11.886  5087  5116 I appium  : AppiumResponse: {"sessionId":"33f54f63-29a7-4fde-b32c-ce1b8a7bba6d","value":{"ELEMENT":"00000000-0000-0f3c-ffff-ffff000000ab","element-6066-11e4-a52e-4f735466cecf":"00000000-0000-0f3c-ffff-ffff000000ab"}}
04-26 02:14:11.895  5087  5116 I appium  : channel read: POST /session/33f54f63-29a7-4fde-b32c-ce1b8a7bba6d/element/00000000-0000-0f3c-ffff-ffff000000ab/value
04-26 02:14:11.897  5087  5116 I appium  : SendKeysToElement command
04-26 02:14:12.118  5128  5147 D EGL_emulation: app_time_stats: avg=37.01ms min=13.34ms max=494.89ms count=29
04-26 02:14:12.150 12833 12920 D EGL_emulation: app_time_stats: avg=103.74ms min=2.28ms max=1983.64ms count=20
04-26 02:14:12.377  5087  5116 D UiObject2: Setting text to ''.
04-26 02:14:12.386 12660 16678 W InputManager-JNI: Input channel object 'cb2d7b2 Toast (client)' was disposed without first being removed with the input manager!
04-26 02:14:12.389 12660 16678 W NotificationService: Toast already killed. pkg=ru.otus.wishlist token=android.os.BinderProxy@564925e
04-26 02:14:12.890  5087  5116 I appium  : AppiumResponse: {"sessionId":"33f54f63-29a7-4fde-b32c-ce1b8a7bba6d","value":null}
04-26 02:14:12.894 13314 13314 I ShortcutsDataManager: ShortcutsDataManager.onContentChanged():73 onContentChanged()
04-26 02:14:12.901  5087  5116 I appium  : channel read: POST /session/33f54f63-29a7-4fde-b32c-ce1b8a7bba6d/element
04-26 02:14:12.903  5087  5116 I appium  : FindElement command
04-26 02:14:12.906  5087  5116 I appium  : method: 'id', selector: 'ru.otus.wishlist:id/save_button'
04-26 02:14:12.906  5087  5116 I appium  : Waiting up to 10000ms for the device to idle
04-26 02:14:13.132  5128  5147 D EGL_emulation: app_time_stats: avg=38.90ms min=12.79ms max=520.32ms count=26
04-26 02:14:13.399  5087  5116 I appium  : AppiumResponse: {"sessionId":"33f54f63-29a7-4fde-b32c-ce1b8a7bba6d","value":{"ELEMENT":"00000000-0000-0f3c-ffff-ffff000000b4","element-6066-11e4-a52e-4f735466cecf":"00000000-0000-0f3c-ffff-ffff000000b4"}}
04-26 02:14:13.406  5087  5116 I appium  : channel read: GET /session/33f54f63-29a7-4fde-b32c-ce1b8a7bba6d/element/00000000-0000-0f3c-ffff-ffff000000b4/attribute/displayed
04-26 02:14:13.407  5087  5116 I appium  : GetElementAttribute command
04-26 02:14:13.410  5087  5116 I appium  : AppiumResponse: {"sessionId":"33f54f63-29a7-4fde-b32c-ce1b8a7bba6d","value":"true"}
04-26 02:14:13.417  5087  5116 I appium  : channel read: POST /session/33f54f63-29a7-4fde-b32c-ce1b8a7bba6d/element
04-26 02:14:13.418  5087  5116 I appium  : FindElement command
04-26 02:14:13.419  5087  5116 I appium  : method: 'id', selector: 'ru.otus.wishlist:id/save_button'
04-26 02:14:13.420  5087  5116 I appium  : Waiting up to 10000ms for the device to idle
04-26 02:14:13.426  5087  5116 I appium  : AppiumResponse: {"sessionId":"33f54f63-29a7-4fde-b32c-ce1b8a7bba6d","value":{"ELEMENT":"00000000-0000-0f3c-ffff-ffff000000b4","element-6066-11e4-a52e-4f735466cecf":"00000000-0000-0f3c-ffff-ffff000000b4"}}
04-26 02:14:13.431  5087  5116 I appium  : channel read: GET /session/33f54f63-29a7-4fde-b32c-ce1b8a7bba6d/element/00000000-0000-0f3c-ffff-ffff000000b4/attribute/displayed
04-26 02:14:13.432  5087  5116 I appium  : GetElementAttribute command
04-26 02:14:13.437  5087  5116 I appium  : AppiumResponse: {"sessionId":"33f54f63-29a7-4fde-b32c-ce1b8a7bba6d","value":"true"}
04-26 02:14:13.442  5087  5116 I appium  : channel read: POST /session/33f54f63-29a7-4fde-b32c-ce1b8a7bba6d/element/00000000-0000-0f3c-ffff-ffff000000b4/click
04-26 02:14:13.443  5087  5116 I appium  : Click command
04-26 02:14:13.492  5087  5116 W GestureController: Gestures took longer than expected (46ms >> 16ms), device might be in a busy state.
04-26 02:14:13.492  5087  5116 I appium  : Waiting up to 10000ms for the device to idle
04-26 02:14:13.512 12589 12645 D AudioFlinger: mixer(0x7a33667bfa70) throttle end: throttle time(1)
04-26 02:14:13.558  5128  5147 D OpenGLRenderer: endAllActiveAnimators on 0x7dab03ed1ff0 (RippleDrawable) with handle 0x7daa13eaf3f0
04-26 02:14:13.559 12660 16678 W InputManager-JNI: Input channel object '7d3f82d ru.otus.wishlist/ru.otus.wishlist.MainActivity (client)' was disposed without first being removed with the input manager!
04-26 02:14:13.575 12833 12833 W ziparchive: Unable to open '/data/app/~~E7HUVOVE1_qGCqO9F55iMw==/ru.otus.wishlist-KvzObjiROZidZodhEA4kDA==/base.apk': No such file or directory
04-26 02:14:13.576 12833 12833 E ndroid.systemu: Failed to open APK '/data/app/~~E7HUVOVE1_qGCqO9F55iMw==/ru.otus.wishlist-KvzObjiROZidZodhEA4kDA==/base.apk': I/O error
04-26 02:14:13.577 12833 12833 W ResourcesManager: failed to preload asset path '/data/app/~~E7HUVOVE1_qGCqO9F55iMw==/ru.otus.wishlist-KvzObjiROZidZodhEA4kDA==/base.apk'
04-26 02:14:13.577 12833 12833 W ResourcesManager: java.io.IOException: Failed to load asset path /data/app/~~E7HUVOVE1_qGCqO9F55iMw==/ru.otus.wishlist-KvzObjiROZidZodhEA4kDA==/base.apk
04-26 02:14:13.577 12833 12833 W ResourcesManager: 	at android.content.res.ApkAssets.nativeLoad(Native Method)
04-26 02:14:13.577 12833 12833 W ResourcesManager: 	at android.content.res.ApkAssets.<init>(ApkAssets.java:295)
04-26 02:14:13.577 12833 12833 W ResourcesManager: 	at android.content.res.ApkAssets.loadFromPath(ApkAssets.java:144)
04-26 02:14:13.577 12833 12833 W ResourcesManager: 	at android.app.ResourcesManager.loadApkAssets(ResourcesManager.java:454)
04-26 02:14:13.577 12833 12833 W ResourcesManager: 	at android.app.ResourcesManager.access$000(ResourcesManager.java:72)
04-26 02:14:13.577 12833 12833 W ResourcesManager: 	at android.app.ResourcesManager$ApkAssetsSupplier.load(ResourcesManager.java:168)
04-26 02:14:13.577 12833 12833 W ResourcesManager: 	at android.app.ResourcesManager.createApkAssetsSupplierNotLocked(ResourcesManager.java:980)
04-26 02:14:13.577 12833 12833 W ResourcesManager: 	at android.app.ResourcesManager.getResources(ResourcesManager.java:1101)
04-26 02:14:13.577 12833 12833 W ResourcesManager: 	at android.app.ActivityThread.getTopLevelResources(ActivityThread.java:2372)
04-26 02:14:13.577 12833 12833 W ResourcesManager: 	at android.app.ApplicationPackageManager.getResourcesForApplication(ApplicationPackageManager.java:1751)
04-26 02:14:13.577 12833 12833 W ResourcesManager: 	at android.app.ApplicationPackageManager.getResourcesForApplication(ApplicationPackageManager.java:1737)
04-26 02:14:13.577 12833 12833 W ResourcesManager: 	at android.app.ApplicationPackageManager.getDrawable(ApplicationPackageManager.java:1506)
04-26 02:14:13.577 12833 12833 W ResourcesManager: 	at android.app.ApplicationPackageManager.loadUnbadgedItemIcon(ApplicationPackageManager.java:3029)
04-26 02:14:13.577 12833 12833 W ResourcesManager: 	at android.content.pm.PackageItemInfo.loadUnbadgedIcon(PackageItemInfo.java:290)
04-26 02:14:13.577 12833 12833 W ResourcesManager: 	at com.android.systemui.toast.SystemUIToast.getBadgedIcon(SystemUIToast.java:284)
04-26 02:14:13.577 12833 12833 W ResourcesManager: 	at com.android.systemui.toast.SystemUIToast.inflateToastView(SystemUIToast.java:198)
04-26 02:14:13.577 12833 12833 W ResourcesManager: 	at com.android.systemui.toast.SystemUIToast.<init>(SystemUIToast.java:90)
04-26 02:14:13.577 12833 12833 W ResourcesManager: 	at com.android.systemui.toast.SystemUIToast.<init>(SystemUIToast.java:77)
04-26 02:14:13.577 12833 12833 W ResourcesManager: 	at com.android.systemui.toast.ToastFactory.createToast(ToastFactory.java:78)
04-26 02:14:13.577 12833 12833 W ResourcesManager: 	at com.android.systemui.toast.ToastUI.lambda$showToast$0(ToastUI.java:113)
04-26 02:14:13.577 12833 12833 W ResourcesManager: 	at com.android.systemui.toast.ToastUI.$r8$lambda$w_gPCh3F8Xxn1jN4lkQZoUci71c(Unknown Source:0)
04-26 02:14:13.577 12833 12833 W ResourcesManager: 	at com.android.systemui.toast.ToastUI$$ExternalSyntheticLambda0.run(Unknown Source:16)
04-26 02:14:13.577 12833 12833 W ResourcesManager: 	at com.android.systemui.toast.ToastUI.showToast(ToastUI.java:140)
04-26 02:14:13.577 12833 12833 W ResourcesManager: 	at com.android.systemui.statusbar.CommandQueue$H.handleMessage(CommandQueue.java:1431)
04-26 02:14:13.577 12833 12833 W ResourcesManager: 	at android.os.Handler.dispatchMessage(Handler.java:106)
04-26 02:14:13.577 12833 12833 W ResourcesManager: 	at android.os.Looper.loopOnce(Looper.java:201)
04-26 02:14:13.577 12833 12833 W ResourcesManager: 	at android.os.Looper.loop(Looper.java:288)
04-26 02:14:13.577 12833 12833 W ResourcesManager: 	at android.app.ActivityThread.main(ActivityThread.java:7839)
04-26 02:14:13.577 12833 12833 W ResourcesManager: 	at java.lang.reflect.Method.invoke(Native Method)
04-26 02:14:13.577 12833 12833 W ResourcesManager: 	at com.android.internal.os.RuntimeInit$MethodAndArgsCaller.run(RuntimeInit.java:548)
04-26 02:14:13.577 12833 12833 W ResourcesManager: 	at com.android.internal.os.ZygoteInit.main(ZygoteInit.java:1003)
04-26 02:14:13.578 12833 12833 W ziparchive: Unable to open '/data/app/~~E7HUVOVE1_qGCqO9F55iMw==/ru.otus.wishlist-KvzObjiROZidZodhEA4kDA==/base.apk': No such file or directory
04-26 02:14:13.578 12833 12833 E ndroid.systemu: Failed to open APK '/data/app/~~E7HUVOVE1_qGCqO9F55iMw==/ru.otus.wishlist-KvzObjiROZidZodhEA4kDA==/base.apk': I/O error
04-26 02:14:13.580 12833 12833 E ResourcesManager: failed to add asset path '/data/app/~~E7HUVOVE1_qGCqO9F55iMw==/ru.otus.wishlist-KvzObjiROZidZodhEA4kDA==/base.apk'
04-26 02:14:13.580 12833 12833 E ResourcesManager: java.io.IOException: Failed to load asset path /data/app/~~E7HUVOVE1_qGCqO9F55iMw==/ru.otus.wishlist-KvzObjiROZidZodhEA4kDA==/base.apk
04-26 02:14:13.580 12833 12833 E ResourcesManager: 	at android.content.res.ApkAssets.nativeLoad(Native Method)
04-26 02:14:13.580 12833 12833 E ResourcesManager: 	at android.content.res.ApkAssets.<init>(ApkAssets.java:295)
04-26 02:14:13.580 12833 12833 E ResourcesManager: 	at android.content.res.ApkAssets.loadFromPath(ApkAssets.java:144)
04-26 02:14:13.580 12833 12833 E ResourcesManager: 	at android.app.ResourcesManager.loadApkAssets(ResourcesManager.java:454)
04-26 02:14:13.580 12833 12833 E ResourcesManager: 	at android.app.ResourcesManager.access$000(ResourcesManager.java:72)
04-26 02:14:13.580 12833 12833 E ResourcesManager: 	at android.app.ResourcesManager$ApkAssetsSupplier.load(ResourcesManager.java:168)
04-26 02:14:13.580 12833 12833 E ResourcesManager: 	at android.app.ResourcesManager.createAssetManager(ResourcesManager.java:530)
04-26 02:14:13.580 12833 12833 E ResourcesManager: 	at android.app.ResourcesManager.createResourcesImpl(ResourcesManager.java:612)
04-26 02:14:13.580 12833 12833 E ResourcesManager: 	at android.app.ResourcesManager.findOrCreateResourcesImplForKeyLocked(ResourcesManager.java:664)
04-26 02:14:13.580 12833 12833 E ResourcesManager: 	at android.app.ResourcesManager.createResources(ResourcesManager.java:1011)
04-26 02:14:13.580 12833 12833 E ResourcesManager: 	at android.app.ResourcesManager.getResources(ResourcesManager.java:1114)
04-26 02:14:13.580 12833 12833 E ResourcesManager: 	at android.app.ActivityThread.getTopLevelResources(ActivityThread.java:2372)
04-26 02:14:13.580 12833 12833 E ResourcesManager: 	at android.app.ApplicationPackageManager.getResourcesForApplication(ApplicationPackageManager.java:1751)
04-26 02:14:13.580 12833 12833 E ResourcesManager: 	at android.app.ApplicationPackageManager.getResourcesForApplication(ApplicationPackageManager.java:1737)
04-26 02:14:13.580 12833 12833 E ResourcesManager: 	at android.app.ApplicationPackageManager.getDrawable(ApplicationPackageManager.java:1506)
04-26 02:14:13.580 12833 12833 E ResourcesManager: 	at android.app.ApplicationPackageManager.loadUnbadgedItemIcon(ApplicationPackageManager.java:3029)
04-26 02:14:13.580 12833 12833 E ResourcesManager: 	at android.content.pm.PackageItemInfo.loadUnbadgedIcon(PackageItemInfo.java:290)
04-26 02:14:13.580 12833 12833 E ResourcesManager: 	at com.android.systemui.toast.SystemUIToast.getBadgedIcon(SystemUIToast.java:284)
04-26 02:14:13.580 12833 12833 E ResourcesManager: 	at com.android.systemui.toast.SystemUIToast.inflateToastView(SystemUIToast.java:198)
04-26 02:14:13.580 12833 12833 E ResourcesManager: 	at com.android.systemui.toast.SystemUIToast.<init>(SystemUIToast.java:90)
04-26 02:14:13.580 12833 12833 E ResourcesManager: 	at com.android.systemui.toast.SystemUIToast.<init>(SystemUIToast.java:77)
04-26 02:14:13.580 12833 12833 E ResourcesManager: 	at com.android.systemui.toast.ToastFactory.createToast(ToastFactory.java:78)
04-26 02:14:13.580 12833 12833 E ResourcesManager: 	at com.android.systemui.toast.ToastUI.lambda$showToast$0(ToastUI.java:113)
04-26 02:14:13.580 12833 12833 E ResourcesManager: 	at com.android.systemui.toast.ToastUI.$r8$lambda$w_gPCh3F8Xxn1jN4lkQZoUci71c(Unknown Source:0)
04-26 02:14:13.580 12833 12833 E ResourcesManager: 	at com.android.systemui.toast.ToastUI$$ExternalSyntheticLambda0.run(Unknown Source:16)
04-26 02:14:13.580 12833 12833 E ResourcesManager: 	at com.android.systemui.toast.ToastUI.showToast(ToastUI.java:140)
04-26 02:14:13.580 12833 12833 E ResourcesManager: 	at com.android.systemui.statusbar.CommandQueue$H.handleMessage(CommandQueue.java:1431)
04-26 02:14:13.580 12833 12833 E ResourcesManager: 	at android.os.Handler.dispatchMessage(Handler.java:106)
04-26 02:14:13.580 12833 12833 E ResourcesManager: 	at android.os.Looper.loopOnce(Looper.java:201)
04-26 02:14:13.580 12833 12833 E ResourcesManager: 	at android.os.Looper.loop(Looper.java:288)
04-26 02:14:13.580 12833 12833 E ResourcesManager: 	at android.app.ActivityThread.main(ActivityThread.java:7839)
04-26 02:14:13.580 12833 12833 E ResourcesManager: 	at java.lang.reflect.Method.invoke(Native Method)
04-26 02:14:13.580 12833 12833 E ResourcesManager: 	at com.android.internal.os.RuntimeInit$MethodAndArgsCaller.run(RuntimeInit.java:548)
04-26 02:14:13.580 12833 12833 E ResourcesManager: 	at com.android.internal.os.ZygoteInit.main(ZygoteInit.java:1003)
04-26 02:14:13.580 12833 12833 W PackageManager: Failure retrieving resources for ru.otus.wishlist
04-26 02:14:13.603   371   411 D goldfish-address-space: claimShared: Ask to claim region [0x3f2690000 0x3f26f4000]
04-26 02:14:13.615  5128  5147 D EGL_emulation: app_time_stats: avg=45.50ms min=2.07ms max=1848.18ms count=49
04-26 02:14:13.618 13314 13314 I GoogleInputMethodService: GoogleInputMethodService.onFinishInput():3420 
04-26 02:14:13.618 13314 13314 I GoogleInputMethodService: GoogleInputMethodService.onStartInput():2002 
04-26 02:14:13.619 13314 13314 I DeviceUnlockedTag: DeviceUnlockedTag.notifyDeviceLockStatusChanged():31 Notify device unlocked.
04-26 02:14:13.619 13314 13314 I ShortcutsDataManager: AbstractContentDataManager.startImportContentTask():235 startImportContentTask()
04-26 02:14:13.620 13314 13602 I ShortcutsDataManager: AbstractContentDataManager$ImportContentTask.doInBackground():249 doInBackground()
04-26 02:14:13.621 13314 13602 I PersonalDictionaryDataHandler: PersonalDictionaryDataHandler.beginProcess():111 LanguageTags = [en-US]
04-26 02:14:13.641 13314 13602 I ShortcutsDataManager: AbstractContentDataManager.importRecords():339 importRecords() : Success : Count = 0
04-26 02:14:13.642 13314 13602 I ShortcutsDataManager: AbstractContentDataManager.importContentData():289 importContentData() : Ending import process
04-26 02:14:13.658 13314 15962 I Delight5Decoder: Delight5DecoderWrapper.unloadLanguageModel():820 unloadLanguageModel() : 4, version [n/a]
04-26 02:14:13.671 13314 13602 I PersonalLanguageModelUpdater: PersonalLanguageModelUpdater$UpdateOperation.performInternal():162 run() : Added 0 words and 0 shortcuts
04-26 02:14:13.671 13314 13602 I DynamicLanguageModelOperation: DynamicLanguageModelOperation.perform():38 perform() : 4 : cny : Completed
04-26 02:14:13.671 13314 15962 I Delight5Decoder: Delight5DecoderWrapper.loadLanguageModel():614 loadLanguageModel() : 4, version [n/a]
04-26 02:14:13.672 13314 15962 I Delight5Decoder: Delight5DecoderWrapper.loadLanguageModel():652 Loaded dynamic LM 4.en
04-26 02:14:13.673 13314 13314 I ShortcutsDataManager: AbstractContentDataManager$ImportContentTask.onPostExecute():260 onPostExecute() : Result = [2,0]
04-26 02:14:13.673 13314 13314 I ShortcutsDataManager: ShortcutsDataManager.onImportFinished():83 onImportFinished() : Result = 2 : Count = 0
04-26 02:14:14.120  5087  5116 I appium  : AppiumResponse: {"sessionId":"33f54f63-29a7-4fde-b32c-ce1b8a7bba6d","value":null}
04-26 02:14:14.685 12814 12814 I wpa_supplicant: wlan0: CTRL-EVENT-BEACON-LOSS 
04-26 02:14:15.278  5087  5116 I appium  : channel read: POST /session/33f54f63-29a7-4fde-b32c-ce1b8a7bba6d/element
04-26 02:14:15.279  5087  5116 I appium  : FindElement command
04-26 02:14:15.279  5087  5116 I appium  : method: 'id', selector: 'ru.otus.wishlist:id/wishlists'
04-26 02:14:15.280  5087  5116 I appium  : Waiting up to 10000ms for the device to idle
04-26 02:14:15.805   371   411 D goldfish-address-space: claimShared: Ask to claim region [0x3f26f4000 0x3f2758000]
04-26 02:14:15.816  5128  5147 D EGL_emulation: app_time_stats: avg=2201.29ms min=2201.29ms max=2201.29ms count=1
04-26 02:14:15.819  5128  5128 I Choreographer: Skipped 130 frames!  The application may be doing too much work on its main thread.
04-26 02:14:15.825   371   371 D goldfish-address-space: claimShared: Ask to claim region [0x3f2758000 0x3f27bc000]
04-26 02:14:15.826 12833 12833 I Choreographer: Skipped 132 frames!  The application may be doing too much work on its main thread.
04-26 02:14:15.852  5128  5142 I OpenGLRenderer: Davey! duration=2204ms; Flags=0, FrameTimelineVsyncId=357565, IntendedVsync=94223789144716, Vsync=94223789144716, InputEventId=0, HandleInputStart=94223795740800, AnimationStart=94223795752100, PerformTraversalsStart=94223795832100, DrawStart=94223796439200, FrameDeadline=94223822478048, FrameInterval=94223795733600, FrameStartTime=16666666, SyncQueued=94223796965800, SyncStart=94223797033900, IssueDrawCommandsStart=94223797132800, SwapBuffers=94223798073400, FrameCompleted=94225993849700, DequeueBufferDuration=125300, QueueBufferDuration=11344500, GpuCompleted=94225993583100, SwapBuffersCompleted=94225993849700, DisplayPresentTime=0, 
